data/processed/weekly_panel.csv
week_start,sku_id,units_sold,revenue,avg_price,promo_days,category,list_price,unit_cost
2009-11-30,16014,20.0,6.4,0.32,1.0,Other,0.42,0.25
2009-12-07,16014,1510.0,484.2,0.37,1.0,Other,0.42,0.25
2009-12-14,16014,3010.0,964.2,0.37,1.0,Other,0.42,0.25
2009-12-21,16014,0.0,0.0,0.37,0.0,Other,0.42,0.25
2010-01-04,16014,0.0,0.0,0.37,0.0,Other,0.42,0.25
2010-01-11,16014,10.0,4.2,0.42,0.0,Other,0.42,0.25
2010-01-18,16014,10.0,4.2,0.42,0.0,Other,0.42,0.25
2010-01-25,16014,0.0,0.0,0.42,0.0,Other,0.42,0.25
2010-02-01,16014,20.0,8.4,0.42,0.0,Other,0.42,0.25
2010-02-08,16014,10.0,4.2,0.42,0.0,Other,0.42,0.25
2010-02-15,16014,1.0,0.42,0.42,0.0,Other,0.42,0.25
2010-02-22,16014,3.0,1.26,0.42,0.0,Other,0.42,0.25
2010-03-01,16014,0.0,0.0,0.42,0.0,Other,0.42,0.25
2010-03-08,16014,0.0,0.0,0.42,0.0,Other,0.42,0.25
2010-03-15,16014,1010.0,324.2,0.37,1.0,Other,0.42,0.25
2010-03-22,16014,0.0,0.0,0.37,0.0,Other,0.42,0.25
2010-03-29,16014,60.0,25.2,0.42,0.0,Other,0.42,0.25
2010-04-05,16014,0.0,0.0,0.42,0.0,Other,0.42,0.25
2010-04-12,16014,10.0,4.2,0.42,0.0,Other,0.42,0.25
2010-04-19,16014,50.0,21.0,0.42,0.0,Other,0.42,0.25
2010-04-26,16014,0.0,0.0,0.42,0.0,Other,0.42,0.25
2010-05-03,16014,0.0,0.0,0.42,0.0,Other,0.42,0.25
2010-05-10,16014,0.0,0.0,0.42,0.0,Other,0.42,0.25
2010-05-17,16014,0.0,0.0,0.42,0.0,Other,0.42,0.25
2010-05-24,16014,0.0,0.0,0.42,0.0,Other,0.42,0.25
2010-05-31,16014,0.0,0.0,0.42,0.0,Other,0.42,0.25
2010-06-07,16014,1000.0,320.0,0.32,1.0,Other,0.42,0.25
2010-06-14,16014,2005.0,642.1,0.37,1.0,Other,0.42,0.25
2010-06-21,16014,1000.0,320.0,0.32,1.0,Other,0.42,0.25
2010-06-28,16014,0.0,0.0,0.32,0.0,Other,0.42,0.25
2010-07-05,16014,1.0,0.42,0.42,0.0,Other,0.42,0.25
2010-07-12,16014,0.0,0.0,0.42,0.0,Other,0.42,0.25
2010-07-19,16014,500.0,160.0,0.32,1.0,Other,0.42,0.25
2010-07-26,16014,61.0,25.62,0.42,0.0,Other,0.42,0.25
2010-08-02,16014,10.0,4.2,0.42,0.0,Other,0.42,0.25
2010-08-09,16014,20.0,8.4,0.42,0.0,Other,0.42,0.25
2010-08-16,16014,0.0,0.0,0.42,0.0,Other,0.42,0.25
2010-08-23,16014,1010.0,324.2,0.37,1.0,Other,0.42,0.25
2010-08-30,16014,0.0,0.0,0.37,0.0,Other,0.42,0.25
2010-09-06,16014,20.0,8.4,0.42,0.0,Other,0.42,0.25
2010-09-13,16014,500.0,160.0,0.32,1.0,Other,0.42,0.25
2010-09-20,16014,0.0,0.0,0.32,0.0,Other,0.42,0.25
2010-09-27,16014,0.0,0.0,0.32,0.0,Other,0.42,0.25
2010-10-04,16014,0.0,0.0,0.32,0.0,Other,0.42,0.25
2010-10-11,16014,20.0,6.4,0.32,1.0,Other,0.42,0.25
2010-10-18,16014,40.0,16.8,0.42,0.0,Other,0.42,0.25
2010-10-25,16014,4100.0,1322.0,0.37,1.0,Other,0.42,0.25
2010-11-01,16014,10.0,4.2,0.42,0.0,Other,0.42,0.25
2010-11-08,16014,6.0,2.52,0.42,0.0,Other,0.42,0.25
2010-11-15,16014,0.0,0.0,0.42,0.0,Other,0.42,0.25
2010-11-22,16014,0.0,0.0,0.42,0.0,Other,0.42,0.25
2010-11-29,16014,14.0,5.88,0.42,0.0,Other,0.42,0.25
2010-12-06,16014,1001.0,320.42,0.37,1.0,Other,0.42,0.25
2010-12-13,16014,14.0,5.88,0.42,0.0,Other,0.42,0.25
2010-12-20,16014,0.0,0.0,0.42,0.0,Other,0.42,0.25
2011-01-03,16014,0.0,0.0,0.42,0.0,Other,0.42,0.25
2011-01-10,16014,0.0,0.0,0.42,0.0,Other,0.42,0.25
2011-01-17,16014,0.0,0.0,0.42,0.0,Other,0.42,0.25
2011-01-24,16014,10.0,4.2,0.42,0.0,Other,0.42,0.25
2011-01-31,16014,0.0,0.0,0.42,0.0,Other,0.42,0.25
2011-02-07,16014,0.0,0.0,0.42,0.0,Other,0.42,0.25
2011-02-14,16014,1500.0,480.0,0.32,1.0,Other,0.42,0.25
2011-02-21,16014,1.0,0.42,0.42,0.0,Other,0.42,0.25
2011-02-28,16014,0.0,0.0,0.42,0.0,Other,0.42,0.25
2011-03-07,16014,0.0,0.0,0.42,0.0,Other,0.42,0.25
2011-03-14,16014,60.0,25.2,0.42,0.0,Other,0.42,0.25
2011-03-21,16014,1000.0,320.0,0.32,1.0,Other,0.42,0.25
2011-03-28,16014,0.0,0.0,0.32,0.0,Other,0.42,0.25
2011-04-04,16014,0.0,0.0,0.32,0.0,Other,0.42,0.25
2011-04-11,16014,10.0,4.2,0.42,0.0,Other,0.42,0.25
2011-04-18,16014,3.0,1.26,0.42,0.0,Other,0.42,0.25
2011-04-25,16014,10.0,4.2,0.42,0.0,Other,0.42,0.25
2011-05-02,16014,2621.0,840.8199999999999,0.36999999999999994,2.0,Other,0.42,0.25
2011-05-09,16014,130.0,54.6,0.42,0.0,Other,0.42,0.25
2011-05-16,16014,0.0,0.0,0.42,0.0,Other,0.42,0.25
2011-05-23,16014,20.0,8.4,0.42,0.0,Other,0.42,0.25
2011-05-30,16014,0.0,0.0,0.42,0.0,Other,0.42,0.25
2011-06-06,16014,20.0,6.4,0.32,1.0,Other,0.42,0.25
2011-06-13,16014,12.0,5.04,0.42,0.0,Other,0.42,0.25
2011-06-20,16014,0.0,0.0,0.42,0.0,Other,0.42,0.25
2011-06-27,16014,0.0,0.0,0.42,0.0,Other,0.42,0.25
2011-07-04,16014,20.0,8.4,0.42,0.0,Other,0.42,0.25
2011-07-11,16014,40.0,16.8,0.42,0.0,Other,0.42,0.25
2011-07-18,16014,0.0,0.0,0.42,0.0,Other,0.42,0.25
2011-07-25,16014,0.0,0.0,0.42,0.0,Other,0.42,0.25
2011-08-01,16014,0.0,0.0,0.42,0.0,Other,0.42,0.25
2011-08-08,16014,10.0,4.2,0.42,0.0,Other,0.42,0.25
2011-08-15,16014,1.0,0.42,0.42,0.0,Other,0.42,0.25
2011-08-22,16014,2054.0,662.68,0.4075,1.0,Other,0.42,0.25
2011-08-29,16014,0.0,0.0,0.4075,0.0,Other,0.42,0.25
2011-09-05,16014,1020.0,328.4,0.37,1.0,Other,0.42,0.25
2011-09-12,16014,0.0,0.0,0.37,0.0,Other,0.42,0.25
2011-09-19,16014,40.0,16.8,0.42,0.0,Other,0.42,0.25
2011-09-26,16014,1.0,0.42,0.42,0.0,Other,0.42,0.25
2011-10-03,16014,0.0,0.0,0.42,0.0,Other,0.42,0.25
2011-10-10,16014,20.0,8.4,0.42,0.0,Other,0.42,0.25
2011-10-17,16014,20.0,8.4,0.42,0.0,Other,0.42,0.25
2011-10-24,16014,0.0,0.0,0.42,0.0,Other,0.42,0.25
2011-10-31,16014,3021.0,968.8199999999999,0.395,1.0,Other,0.42,0.25
2011-11-07,16014,10.0,4.2,0.42,0.0,Other,0.42,0.25
2011-11-14,16014,0.0,0.0,0.42,0.0,Other,0.42,0.25
2011-11-21,16014,514.0,165.88,0.38666666666666666,1.0,Other,0.42,0.25
2011-11-28,16014,71.0,29.82,0.42,0.0,Other,0.42,0.25
2011-12-05,16014,60.0,25.2,0.42,0.0,Other,0.42,0.25
2009-12-07,16033,120.0,14.399999999999999,0.12,0.0,Lighting,0.12,0.07
2009-12-14,16033,120.0,14.399999999999999,0.12,0.0,Lighting,0.12,0.07
2009-12-21,16033,0.0,0.0,0.12,0.0,Lighting,0.12,0.07
2010-01-04,16033,1560.0,144.0,0.105,1.0,Lighting,0.12,0.07
2010-01-11,16033,120.0,14.399999999999999,0.12,0.0,Lighting,0.12,0.07
2010-01-18,16033,0.0,0.0,0.12,0.0,Lighting,0.12,0.07
2010-01-25,16033,120.0,14.399999999999999,0.12,0.0,Lighting,0.12,0.07
2010-02-01,16033,0.0,0.0,0.12,0.0,Lighting,0.12,0.07
2010-02-08,16033,0.0,0.0,0.12,0.0,Lighting,0.12,0.07
2010-02-15,16033,1800.0,162.0,0.09,1.0,Lighting,0.12,0.07
2010-02-22,16033,120.0,14.399999999999999,0.12,0.0,Lighting,0.12,0.07
2010-03-01,16033,0.0,0.0,0.12,0.0,Lighting,0.12,0.07
2010-03-08,16033,0.0,0.0,0.12,0.0,Lighting,0.12,0.07
2010-03-15,16033,0.0,0.0,0.12,0.0,Lighting,0.12,0.07
2010-03-22,16033,120.0,14.399999999999999,0.12,0.0,Lighting,0.12,0.07
2010-03-29,16033,0.0,0.0,0.12,0.0,Lighting,0.12,0.07
2010-04-05,16033,0.0,0.0,0.12,0.0,Lighting,0.12,0.07
2010-04-12,16033,1560.0,144.0,0.105,1.0,Lighting,0.12,0.07
2010-04-19,16033,1440.0,129.6,0.09,1.0,Lighting,0.12,0.07
2010-04-26,16033,0.0,0.0,0.09,0.0,Lighting,0.12,0.07
2010-05-03,16033,0.0,0.0,0.09,0.0,Lighting,0.12,0.07
2010-05-10,16033,2880.0,259.2,0.09,1.0,Lighting,0.12,0.07
2010-05-17,16033,240.0,28.799999999999997,0.12,0.0,Lighting,0.12,0.07
2010-05-24,16033,360.0,43.199999999999996,0.12,0.0,Lighting,0.12,0.07
2010-05-31,16033,0.0,0.0,0.12,0.0,Lighting,0.12,0.07
2010-06-07,16033,480.0,57.599999999999994,0.12,0.0,Lighting,0.12,0.07
2010-06-14,16033,120.0,14.399999999999999,0.12,0.0,Lighting,0.12,0.07
2010-06-21,16033,0.0,0.0,0.12,0.0,Lighting,0.12,0.07
2010-06-28,16033,120.0,14.399999999999999,0.12,0.0,Lighting,0.12,0.07
2010-07-05,16033,120.0,14.399999999999999,0.12,0.0,Lighting,0.12,0.07
2010-07-12,16033,120.0,14.399999999999999,0.12,0.0,Lighting,0.12,0.07
2010-07-19,16033,1.0,0.12,0.12,0.0,Lighting,0.12,0.07
2010-07-26,16033,0.0,0.0,0.12,0.0,Lighting,0.12,0.07
2010-08-02,16033,720.0,86.39999999999999,0.12,0.0,Lighting,0.12,0.07
2010-08-09,16033,0.0,0.0,0.12,0.0,Lighting,0.12,0.07
2010-08-16,16033,120.0,14.399999999999999,0.12,0.0,Lighting,0.12,0.07
2010-08-23,16033,0.0,0.0,0.12,0.0,Lighting,0.12,0.07
2010-08-30,16033,120.0,14.399999999999999,0.12,0.0,Lighting,0.12,0.07
2010-09-06,16033,120.0,14.399999999999999,0.12,0.0,Lighting,0.12,0.07
2010-09-13,16033,120.0,14.399999999999999,0.12,0.0,Lighting,0.12,0.07
2010-09-20,16033,120.0,14.399999999999999,0.12,0.0,Lighting,0.12,0.07
2010-09-27,16033,120.0,14.399999999999999,0.12,0.0,Lighting,0.12,0.07
2010-10-04,16033,120.0,14.399999999999999,0.12,0.0,Lighting,0.12,0.07
2010-10-11,16033,360.0,43.199999999999996,0.12,0.0,Lighting,0.12,0.07
2010-10-18,16033,120.0,14.399999999999999,0.12,0.0,Lighting,0.12,0.07
2010-10-25,16033,0.0,0.0,0.12,0.0,Lighting,0.12,0.07
2010-11-01,16033,240.0,28.799999999999997,0.12,0.0,Lighting,0.12,0.07
2010-11-08,16033,120.0,14.399999999999999,0.12,0.0,Lighting,0.12,0.07
2010-11-15,16033,360.0,43.199999999999996,0.12,0.0,Lighting,0.12,0.07
2010-11-22,16033,0.0,0.0,0.12,0.0,Lighting,0.12,0.07
2010-11-29,16033,0.0,0.0,0.12,0.0,Lighting,0.12,0.07
2010-12-06,16033,120.0,14.399999999999999,0.12,0.0,Lighting,0.12,0.07
2010-12-13,16033,0.0,0.0,0.12,0.0,Lighting,0.12,0.07
2010-12-20,16033,120.0,14.399999999999999,0.12,0.0,Lighting,0.12,0.07
2011-01-03,16033,0.0,0.0,0.12,0.0,Lighting,0.12,0.07
2011-01-10,16033,0.0,0.0,0.12,0.0,Lighting,0.12,0.07
2011-01-17,16033,120.0,14.399999999999999,0.12,0.0,Lighting,0.12,0.07
2011-01-24,16033,0.0,0.0,0.12,0.0,Lighting,0.12,0.07
2011-01-31,16033,0.0,0.0,0.12,0.0,Lighting,0.12,0.07
2011-02-07,16033,0.0,0.0,0.12,0.0,Lighting,0.12,0.07
2011-02-14,16033,480.0,57.599999999999994,0.12,0.0,Lighting,0.12,0.07
2011-02-21,16033,0.0,0.0,0.12,0.0,Lighting,0.12,0.07
2011-02-28,16033,0.0,0.0,0.12,0.0,Lighting,0.12,0.07
2011-03-07,16033,0.0,0.0,0.12,0.0,Lighting,0.12,0.07
2011-03-14,16033,0.0,0.0,0.12,0.0,Lighting,0.12,0.07
2011-03-21,16033,0.0,0.0,0.12,0.0,Lighting,0.12,0.07
2011-03-28,16033,0.0,0.0,0.12,0.0,Lighting,0.12,0.07
2011-04-04,16033,0.0,0.0,0.12,0.0,Lighting,0.12,0.07
2011-04-11,16033,0.0,0.0,0.12,0.0,Lighting,0.12,0.07
2011-04-18,16033,0.0,0.0,0.12,0.0,Lighting,0.12,0.07
2011-04-25,16033,0.0,0.0,0.12,0.0,Lighting,0.12,0.07
2011-05-02,16033,0.0,0.0,0.12,0.0,Lighting,0.12,0.07
2011-05-09,16033,0.0,0.0,0.12,0.0,Lighting,0.12,0.07
2011-05-16,16033,0.0,0.0,0.12,0.0,Lighting,0.12,0.07
2011-05-23,16033,0.0,0.0,0.12,0.0,Lighting,0.12,0.07
2011-05-30,16033,0.0,0.0,0.12,0.0,Lighting,0.12,0.07
2011-06-06,16033,0.0,0.0,0.12,0.0,Lighting,0.12,0.07
2011-06-13,16033,0.0,0.0,0.12,0.0,Lighting,0.12,0.07
2011-06-20,16033,0.0,0.0,0.12,0.0,Lighting,0.12,0.07
2011-06-27,16033,0.0,0.0,0.12,0.0,Lighting,0.12,0.07
2011-07-04,16033,0.0,0.0,0.12,0.0,Lighting,0.12,0.07
2011-07-11,16033,0.0,0.0,0.12,0.0,Lighting,0.12,0.07
2011-07-18,16033,0.0,0.0,0.12,0.0,Lighting,0.12,0.07
2011-07-25,16033,0.0,0.0,0.12,0.0,Lighting,0.12,0.07
2011-08-01,16033,0.0,0.0,0.12,0.0,Lighting,0.12,0.07
2011-08-08,16033,0.0,0.0,0.12,0.0,Lighting,0.12,0.07
2011-08-15,16033,0.0,0.0,0.12,0.0,Lighting,0.12,0.07
2011-08-22,16033,0.0,0.0,0.12,0.0,Lighting,0.12,0.07
2011-08-29,16033,0.0,0.0,0.12,0.0,Lighting,0.12,0.07
2011-09-05,16033,0.0,0.0,0.12,0.0,Lighting,0.12,0.07
2011-09-12,16033,0.0,0.0,0.12,0.0,Lighting,0.12,0.07
2011-09-19,16033,0.0,0.0,0.12,0.0,Lighting,0.12,0.07
2011-09-26,16033,0.0,0.0,0.12,0.0,Lighting,0.12,0.07
2011-10-03,16033,0.0,0.0,0.12,0.0,Lighting,0.12,0.07
2011-10-10,16033,0.0,0.0,0.12,0.0,Lighting,0.12,0.07
2011-10-17,16033,0.0,0.0,0.12,0.0,Lighting,0.12,0.07
2011-10-24,16033,0.0,0.0,0.12,0.0,Lighting,0.12,0.07
2011-10-31,16033,0.0,0.0,0.12,0.0,Lighting,0.12,0.07
2011-11-07,16033,0.0,0.0,0.12,0.0,Lighting,0.12,0.07
2011-11-14,16033,0.0,0.0,0.12,0.0,Lighting,0.12,0.07
2011-11-21,16033,0.0,0.0,0.12,0.0,Lighting,0.12,0.07
2011-11-28,16033,0.0,0.0,0.12,0.0,Lighting,0.12,0.07
2011-12-05,16033,0.0,0.0,0.12,0.0,Lighting,0.12,0.07
