data/processed/weekly_panel.csv
week_start,sku_id,units_sold,revenue,avg_price,promo_days,category,list_price,unit_cost
2009-11-30,16156S,75.0,31.5,0.42,0.0,Kitchen & Dining,0.42,0.25
2009-12-07,16156S,200.0,68.0,0.34,1.0,Kitchen & Dining,0.42,0.25
2009-12-14,16156S,75.0,31.5,0.42,0.0,Kitchen & Dining,0.42,0.25
2009-12-21,16156S,0.0,0.0,0.42,0.0,Kitchen & Dining,0.42,0.25
2010-01-04,16156S,250.0,105.0,0.42,0.0,Kitchen & Dining,0.42,0.25
2010-01-11,16156S,125.0,52.5,0.42,0.0,Kitchen & Dining,0.42,0.25
2010-01-18,16156S,650.0,225.00000000000003,0.3933333333333333,1.0,Kitchen & Dining,0.42,0.25
2010-01-25,16156S,200.0,84.0,0.42000000000000004,0.0,Kitchen & Dining,0.42,0.25
2010-02-01,16156S,244.0,102.47999999999999,0.42,0.0,Kitchen & Dining,0.42,0.25
2010-02-08,16156S,0.0,0.0,0.42,0.0,Kitchen & Dining,0.42,0.25
2010-02-15,16156S,567.0,222.14,0.41200000000000003,0.0,Kitchen & Dining,0.42,0.25
2010-02-22,16156S,225.0,78.5,0.38,1.0,Kitchen & Dining,0.42,0.25
2010-03-01,16156S,375.0,149.5,0.41600000000000004,0.0,Kitchen & Dining,0.42,0.25
2010-03-08,16156S,275.0,115.5,0.42,0.0,Kitchen & Dining,0.42,0.25
2010-03-15,16156S,100.0,42.0,0.42,0.0,Kitchen & Dining,0.42,0.25
2010-03-22,16156S,275.0,115.5,0.42,0.0,Kitchen & Dining,0.42,0.25
2010-03-29,16156S,100.0,40.0,0.4066666666666667,0.0,Kitchen & Dining,0.42,0.25
2010-04-05,16156S,450.0,173.0,0.4,1.0,Kitchen & Dining,0.42,0.25
2010-04-12,16156S,150.0,63.0,0.42,0.0,Kitchen & Dining,0.42,0.25
2010-04-19,16156S,250.0,105.0,0.42,0.0,Kitchen & Dining,0.42,0.25
2010-04-26,16156S,200.0,84.0,0.42,0.0,Kitchen & Dining,0.42,0.25
2010-05-03,16156S,175.0,73.5,0.42,0.0,Kitchen & Dining,0.42,0.25
2010-05-10,16156S,100.0,42.0,0.42,0.0,Kitchen & Dining,0.42,0.25
2010-05-17,16156S,50.0,21.0,0.42,0.0,Kitchen & Dining,0.42,0.25
2010-05-24,16156S,50.0,21.0,0.42,0.0,Kitchen & Dining,0.42,0.25
2010-05-31,16156S,50.0,21.0,0.42,0.0,Kitchen & Dining,0.42,0.25
2010-06-07,16156S,200.0,84.0,0.42,0.0,Kitchen & Dining,0.42,0.25
2010-06-14,16156S,225.0,78.5,0.38,1.0,Kitchen & Dining,0.42,0.25
2010-06-21,16156S,350.0,131.0,0.41,0.0,Kitchen & Dining,0.42,0.25
2010-06-28,16156S,250.0,105.0,0.42,0.0,Kitchen & Dining,0.42,0.25
2010-07-05,16156S,300.0,110.0,0.3933333333333333,1.0,Kitchen & Dining,0.42,0.25
2010-07-12,16156S,125.0,52.5,0.42,0.0,Kitchen & Dining,0.42,0.25
2010-07-19,16156S,375.0,133.5,0.4,1.0,Kitchen & Dining,0.42,0.25
2010-07-26,16156S,50.0,21.0,0.42,0.0,Kitchen & Dining,0.42,0.25
2010-08-02,16156S,100.0,42.0,0.42,0.0,Kitchen & Dining,0.42,0.25
2010-08-09,16156S,100.0,42.0,0.42,0.0,Kitchen & Dining,0.42,0.25
2010-08-16,16156S,725.0,256.5,0.4,1.0,Kitchen & Dining,0.42,0.25
2010-08-23,16156S,300.0,110.0,0.4066666666666667,0.0,Kitchen & Dining,0.42,0.25
2010-08-30,16156S,100.0,42.0,0.42,0.0,Kitchen & Dining,0.42,0.25
2010-09-06,16156S,50.0,21.0,0.42,0.0,Kitchen & Dining,0.42,0.25
2010-09-13,16156S,300.0,110.0,0.41,0.0,Kitchen & Dining,0.42,0.25
2010-09-20,16156S,50.0,21.0,0.42,0.0,Kitchen & Dining,0.42,0.25
2010-09-27,16156S,100.0,42.0,0.42,0.0,Kitchen & Dining,0.42,0.25
2010-10-04,16156S,200.0,84.0,0.42,0.0,Kitchen & Dining,0.42,0.25
2010-10-11,16156S,200.0,84.0,0.42,0.0,Kitchen & Dining,0.42,0.25
2010-10-18,16156S,700.0,254.0,0.4066666666666666,0.0,Kitchen & Dining,0.42,0.25
2010-10-25,16156S,100.0,42.0,0.42,0.0,Kitchen & Dining,0.42,0.25
2010-11-01,16156S,0.0,0.0,0.42,0.0,Kitchen & Dining,0.42,0.25
2010-11-08,16156S,425.0,158.5,0.4066666666666667,1.0,Kitchen & Dining,0.42,0.25
2010-11-15,16156S,150.0,63.0,0.42,0.0,Kitchen & Dining,0.42,0.25
2010-11-22,16156S,150.0,63.0,0.42,0.0,Kitchen & Dining,0.42,0.25
2010-11-29,16156S,75.0,31.5,0.42,0.0,Kitchen & Dining,0.42,0.25
2010-12-06,16156S,50.0,21.0,0.42,0.0,Kitchen & Dining,0.42,0.25
2010-12-13,16156S,100.0,42.0,0.42,0.0,Kitchen & Dining,0.42,0.25
2010-12-20,16156S,25.0,10.5,0.42,0.0,Kitchen & Dining,0.42,0.25
2011-01-03,16156S,175.0,73.5,0.42,0.0,Kitchen & Dining,0.42,0.25
2011-01-10,16156S,25.0,10.5,0.42,0.0,Kitchen & Dining,0.42,0.25
2011-01-17,16156S,25.0,10.5,0.42,0.0,Kitchen & Dining,0.42,0.25
2011-01-24,16156S,100.0,42.0,0.42,0.0,Kitchen & Dining,0.42,0.25
2011-01-31,16156S,125.0,52.5,0.42,0.0,Kitchen & Dining,0.42,0.25
2011-02-07,16156S,75.0,31.5,0.42,0.0,Kitchen & Dining,0.42,0.25
2011-02-14,16156S,0.0,0.0,0.42,0.0,Kitchen & Dining,0.42,0.25
2011-02-21,16156S,75.0,31.5,0.42,0.0,Kitchen & Dining,0.42,0.25
2011-02-28,16156S,275.0,115.5,0.42,0.0,Kitchen & Dining,0.42,0.25
2011-03-07,16156S,25.0,10.5,0.42,0.0,Kitchen & Dining,0.42,0.25
2011-03-14,16156S,150.0,55.0,0.3933333333333333,1.0,Kitchen & Dining,0.42,0.25
2011-03-21,16156S,150.0,59.0,0.4,1.0,Kitchen & Dining,0.42,0.25
2011-03-28,16156S,150.0,57.0,0.3933333333333333,1.0,Kitchen & Dining,0.42,0.25
2011-04-04,16156S,75.0,31.5,0.42,0.0,Kitchen & Dining,0.42,0.25
2011-04-11,16156S,625.0,230.5,0.41600000000000004,0.0,Kitchen & Dining,0.42,0.25
2011-04-18,16156S,0.0,0.0,0.41600000000000004,0.0,Kitchen & Dining,0.42,0.25
2011-04-25,16156S,75.0,31.5,0.42,0.0,Kitchen & Dining,0.42,0.25
2011-05-02,16156S,100.0,42.0,0.42,0.0,Kitchen & Dining,0.42,0.25
2011-05-09,16156S,275.0,99.5,0.4,0.0,Kitchen & Dining,0.42,0.25
2011-05-16,16156S,125.0,52.5,0.42,0.0,Kitchen & Dining,0.42,0.25
2011-05-23,16156S,150.0,63.0,0.42,0.0,Kitchen & Dining,0.42,0.25
2011-05-30,16156S,25.0,10.5,0.42,0.0,Kitchen & Dining,0.42,0.25
2011-06-06,16156S,150.0,63.0,0.42,0.0,Kitchen & Dining,0.42,0.25
2011-06-13,16156S,100.0,42.0,0.42,0.0,Kitchen & Dining,0.42,0.25
2011-06-20,16156S,0.0,0.0,0.42,0.0,Kitchen & Dining,0.42,0.25
2011-06-27,16156S,25.0,10.5,0.42,0.0,Kitchen & Dining,0.42,0.25
2011-07-04,16156S,250.0,105.0,0.42,0.0,Kitchen & Dining,0.42,0.25
2011-07-11,16156S,25.0,10.5,0.42,0.0,Kitchen & Dining,0.42,0.25
2011-07-18,16156S,50.0,21.0,0.42,0.0,Kitchen & Dining,0.42,0.25
2011-07-25,16156S,25.0,10.5,0.42,0.0,Kitchen & Dining,0.42,0.25
2011-08-01,16156S,25.0,10.5,0.42,0.0,Kitchen & Dining,0.42,0.25
2011-08-08,16156S,75.0,31.5,0.42,0.0,Kitchen & Dining,0.42,0.25
2011-08-15,16156S,0.0,0.0,0.42,0.0,Kitchen & Dining,0.42,0.25
2011-08-22,16156S,100.0,42.0,0.42,0.0,Kitchen & Dining,0.42,0.25
2011-08-29,16156S,25.0,10.5,0.42,0.0,Kitchen & Dining,0.42,0.25
2011-09-05,16156S,75.0,31.5,0.42,0.0,Kitchen & Dining,0.42,0.25
2011-09-12,16156S,75.0,31.5,0.42,0.0,Kitchen & Dining,0.42,0.25
2011-09-19,16156S,175.0,73.5,0.42,0.0,Kitchen & Dining,0.42,0.25
2011-09-26,16156S,125.0,52.5,0.42,0.0,Kitchen & Dining,0.42,0.25
2011-10-03,16156S,725.0,268.5,0.41,0.0,Kitchen & Dining,0.42,0.25
2011-10-10,16156S,75.0,31.5,0.42,0.0,Kitchen & Dining,0.42,0.25
2011-10-17,16156S,50.0,21.0,0.42,0.0,Kitchen & Dining,0.42,0.25
2011-10-24,16156S,50.0,21.0,0.42,0.0,Kitchen & Dining,0.42,0.25
2011-10-31,16156S,125.0,49.5,0.405,0.0,Kitchen & Dining,0.42,0.25
2011-11-07,16156S,125.0,52.5,0.42,0.0,Kitchen & Dining,0.42,0.25
2011-11-14,16156S,50.0,21.0,0.42,0.0,Kitchen & Dining,0.42,0.25
2011-11-21,16156S,100.0,42.0,0.42,0.0,Kitchen & Dining,0.42,0.25
2011-11-28,16156S,125.0,52.5,0.42,0.0,Kitchen & Dining,0.42,0.25
2011-12-05,16156S,50.0,21.0,0.42,0.0,Kitchen & Dining,0.42,0.25
2009-11-30,16161P,100.0,42.0,0.42,0.0,Stationery & Gift,0.42,0.25
2009-12-07,16161P,100.0,42.0,0.42,0.0,Stationery & Gift,0.42,0.25
2009-12-14,16161P,75.0,31.5,0.42,0.0,Stationery & Gift,0.42,0.25
2009-12-21,16161P,0.0,0.0,0.42,0.0,Stationery & Gift,0.42,0.25
2010-01-04,16161P,100.0,42.0,0.42,0.0,Stationery & Gift,0.42,0.25
2010-01-11,16161P,250.0,105.0,0.42,0.0,Stationery & Gift,0.42,0.25
2010-01-18,16161P,150.0,63.0,0.42000000000000004,0.0,Stationery & Gift,0.42,0.25
2010-01-25,16161P,25.0,10.5,0.42,0.0,Stationery & Gift,0.42,0.25
2010-02-01,16161P,0.0,0.0,0.42,0.0,Stationery & Gift,0.42,0.25
2010-02-08,16161P,75.0,31.5,0.42,0.0,Stationery & Gift,0.42,0.25
2010-02-15,16161P,100.0,42.0,0.42,0.0,Stationery & Gift,0.42,0.25
2010-02-22,16161P,125.0,52.5,0.42,0.0,Stationery & Gift,0.42,0.25
2010-03-01,16161P,225.0,94.5,0.42000000000000004,0.0,Stationery & Gift,0.42,0.25
2010-03-08,16161P,0.0,0.0,0.42000000000000004,0.0,Stationery & Gift,0.42,0.25
2010-03-15,16161P,372.0,126.48,0.34,1.0,Stationery & Gift,0.42,0.25
2010-03-22,16161P,0.0,0.0,0.34,0.0,Stationery & Gift,0.42,0.25
2010-03-29,16161P,0.0,0.0,0.34,0.0,Stationery & Gift,0.42,0.25
2010-04-05,16161P,0.0,0.0,0.34,0.0,Stationery & Gift,0.42,0.25
2010-04-12,16161P,0.0,0.0,0.34,0.0,Stationery & Gift,0.42,0.25
2010-04-19,16161P,0.0,0.0,0.34,0.0,Stationery & Gift,0.42,0.25
2010-04-26,16161P,0.0,0.0,0.34,0.0,Stationery & Gift,0.42,0.25
2010-05-03,16161P,0.0,0.0,0.34,0.0,Stationery & Gift,0.42,0.25
2010-05-10,16161P,0.0,0.0,0.34,0.0,Stationery & Gift,0.42,0.25
2010-05-17,16161P,0.0,0.0,0.34,0.0,Stationery & Gift,0.42,0.25
2010-05-24,16161P,100.0,42.0,0.42,0.0,Stationery & Gift,0.42,0.25
2010-05-31,16161P,125.0,52.5,0.42,0.0,Stationery & Gift,0.42,0.25
2010-06-07,16161P,200.0,84.0,0.42000000000000004,0.0,Stationery & Gift,0.42,0.25
2010-06-14,16161P,400.0,166.0,0.41600000000000004,0.0,Stationery & Gift,0.42,0.25
2010-06-21,16161P,175.0,73.5,0.42,0.0,Stationery & Gift,0.42,0.25
2010-06-28,16161P,175.0,73.5,0.42,0.0,Stationery & Gift,0.42,0.25
2010-07-05,16161P,125.0,52.5,0.42,0.0,Stationery & Gift,0.42,0.25
2010-07-12,16161P,25.0,10.5,0.42,0.0,Stationery & Gift,0.42,0.25
2010-07-19,16161P,175.0,73.5,0.42,0.0,Stationery & Gift,0.42,0.25
2010-07-26,16161P,75.0,31.5,0.42,0.0,Stationery & Gift,0.42,0.25
2010-08-02,16161P,125.0,52.5,0.42,0.0,Stationery & Gift,0.42,0.25
2010-08-09,16161P,125.0,52.5,0.42,0.0,Stationery & Gift,0.42,0.25
2010-08-16,16161P,100.0,42.0,0.42,0.0,Stationery & Gift,0.42,0.25
2010-08-23,16161P,75.0,31.5,0.42,0.0,Stationery & Gift,0.42,0.25
2010-08-30,16161P,75.0,31.5,0.42,0.0,Stationery & Gift,0.42,0.25
2010-09-06,16161P,250.0,105.0,0.42,0.0,Stationery & Gift,0.42,0.25
2010-09-13,16161P,175.0,73.5,0.42,0.0,Stationery & Gift,0.42,0.25
2010-09-20,16161P,50.0,21.0,0.42,0.0,Stationery & Gift,0.42,0.25
2010-09-27,16161P,275.0,99.5,0.4066666666666667,0.0,Stationery & Gift,0.42,0.25
2010-10-04,16161P,225.0,94.5,0.42000000000000004,0.0,Stationery & Gift,0.42,0.25
2010-10-11,16161P,350.0,147.0,0.42000000000000004,0.0,Stationery & Gift,0.42,0.25
2010-10-18,16161P,125.0,52.5,0.42,0.0,Stationery & Gift,0.42,0.25
2010-10-25,16161P,125.0,52.5,0.42,0.0,Stationery & Gift,0.42,0.25
2010-11-01,16161P,100.0,42.0,0.42,0.0,Stationery & Gift,0.42,0.25
2010-11-08,16161P,50.0,21.0,0.42,0.0,Stationery & Gift,0.42,0.25
2010-11-15,16161P,175.0,73.5,0.42000000000000004,0.0,Stationery & Gift,0.42,0.25
2010-11-22,16161P,125.0,52.5,0.42,0.0,Stationery & Gift,0.42,0.25
2010-11-29,16161P,225.0,78.5,0.38,1.0,Stationery & Gift,0.42,0.25
2010-12-06,16161P,0.0,0.0,0.38,0.0,Stationery & Gift,0.42,0.25
2010-12-13,16161P,25.0,10.5,0.42,0.0,Stationery & Gift,0.42,0.25
2010-12-20,16161P,0.0,0.0,0.42,0.0,Stationery & Gift,0.42,0.25
2011-01-03,16161P,176.0,73.92,0.42,0.0,Stationery & Gift,0.42,0.25
2011-01-10,16161P,125.0,52.5,0.42,0.0,Stationery & Gift,0.42,0.25
2011-01-17,16161P,25.0,10.5,0.42,0.0,Stationery & Gift,0.42,0.25
2011-01-24,16161P,100.0,42.0,0.42,0.0,Stationery & Gift,0.42,0.25
2011-01-31,16161P,125.0,52.5,0.42,0.0,Stationery & Gift,0.42,0.25
2011-02-07,16161P,100.0,42.0,0.42,0.0,Stationery & Gift,0.42,0.25
2011-02-14,16161P,75.0,31.5,0.42,0.0,Stationery & Gift,0.42,0.25
2011-02-21,16161P,75.0,31.5,0.42,0.0,Stationery & Gift,0.42,0.25
2011-02-28,16161P,200.0,84.0,0.42000000000000004,0.0,Stationery & Gift,0.42,0.25
2011-03-07,16161P,50.0,21.0,0.42,0.0,Stationery & Gift,0.42,0.25
2011-03-14,16161P,125.0,52.5,0.42,0.0,Stationery & Gift,0.42,0.25
2011-03-21,16161P,150.0,63.0,0.42,0.0,Stationery & Gift,0.42,0.25
2011-03-28,16161P,75.0,31.5,0.42,0.0,Stationery & Gift,0.42,0.25
2011-04-04,16161P,250.0,105.0,0.42,0.0,Stationery & Gift,0.42,0.25
2011-04-11,16161P,250.0,105.0,0.42000000000000004,0.0,Stationery & Gift,0.42,0.25
2011-04-18,16161P,125.0,52.5,0.42,0.0,Stationery & Gift,0.42,0.25
2011-04-25,16161P,50.0,21.0,0.42,0.0,Stationery & Gift,0.42,0.25
2011-05-02,16161P,25.0,10.5,0.42,0.0,Stationery & Gift,0.42,0.25
2011-05-09,16161P,75.0,31.5,0.42,0.0,Stationery & Gift,0.42,0.25
2011-05-16,16161P,150.0,63.0,0.42,0.0,Stationery & Gift,0.42,0.25
2011-05-23,16161P,100.0,42.0,0.42,0.0,Stationery & Gift,0.42,0.25
2011-05-30,16161P,150.0,63.0,0.42,0.0,Stationery & Gift,0.42,0.25
2011-06-06,16161P,350.0,147.0,0.42,0.0,Stationery & Gift,0.42,0.25
2011-06-13,16161P,475.0,167.5,0.4066666666666666,0.0,Stationery & Gift,0.42,0.25
2011-06-20,16161P,150.0,63.0,0.42,0.0,Stationery & Gift,0.42,0.25
2011-06-27,16161P,75.0,31.5,0.42,0.0,Stationery & Gift,0.42,0.25
2011-07-04,16161P,225.0,94.5,0.42,0.0,Stationery & Gift,0.42,0.25
2011-07-11,16161P,225.0,94.5,0.42,0.0,Stationery & Gift,0.42,0.25
2011-07-18,16161P,175.0,73.5,0.42,0.0,Stationery & Gift,0.42,0.25
2011-07-25,16161P,125.0,52.5,0.42,0.0,Stationery & Gift,0.42,0.25
2011-08-01,16161P,200.0,84.0,0.42,0.0,Stationery & Gift,0.42,0.25
2011-08-08,16161P,150.0,63.0,0.42,0.0,Stationery & Gift,0.42,0.25
2011-08-15,16161P,175.0,73.5,0.42,0.0,Stationery & Gift,0.42,0.25
2011-08-22,16161P,100.0,42.0,0.42,0.0,Stationery & Gift,0.42,0.25
2011-08-29,16161P,0.0,0.0,0.42,0.0,Stationery & Gift,0.42,0.25
2011-09-05,16161P,25.0,10.5,0.42,0.0,Stationery & Gift,0.42,0.25
2011-09-12,16161P,100.0,42.0,0.42,0.0,Stationery & Gift,0.42,0.25
2011-09-19,16161P,225.0,94.5,0.42,0.0,Stationery & Gift,0.42,0.25
2011-09-26,16161P,150.0,63.0,0.42000000000000004,0.0,Stationery & Gift,0.42,0.25
2011-10-03,16161P,300.0,126.0,0.42,0.0,Stationery & Gift,0.42,0.25
2011-10-10,16161P,275.0,115.5,0.42,0.0,Stationery & Gift,0.42,0.25
2011-10-17,16161P,125.0,52.5,0.42,0.0,Stationery & Gift,0.42,0.25
2011-10-24,16161P,275.0,115.5,0.42000000000000004,0.0,Stationery & Gift,0.42,0.25
2011-10-31,16161P,300.0,114.0,0.41333333333333333,0.0,Stationery & Gift,0.42,0.25
2011-11-07,16161P,25.0,10.5,0.42,0.0,Stationery & Gift,0.42,0.25
2011-11-14,16161P,75.0,31.5,0.42,0.0,Stationery & Gift,0.42,0.25
2011-11-21,16161P,100.0,42.0,0.42,0.0,Stationery & Gift,0.42,0.25
2011-11-28,16161P,25.0,10.5,0.42,0.0,Stationery & Gift,0.42,0.25
2011-12-05,16161P,150.0,63.0,0.42,0.0,Stationery & Gift,0.42,0.25
