data/processed/weekly_panel.csv
week_start,sku_id,units_sold,revenue,avg_price,promo_days,category,list_price,unit_cost
2009-11-30,17003,183.0,38.65,0.2833333333333333,2.0,Other,0.43,0.26
2009-12-07,17003,192.0,40.76,0.24666666666666667,5.0,Other,0.43,0.26
2009-12-14,17003,425.0,90.57,0.254,4.0,Other,0.43,0.26
2009-12-21,17003,1.0,0.43,0.43,0.0,Other,0.43,0.26
2010-01-04,17003,2.0,0.42,0.21,1.0,Other,0.43,0.26
2010-01-11,17003,758.0,159.17999999999998,0.21,2.0,Other,0.43,0.26
2010-01-18,17003,51.0,10.71,0.21,2.0,Other,0.43,0.26
2010-01-25,17003,150.0,31.5,0.21,4.0,Other,0.43,0.26
2010-02-01,17003,806.0,133.26,0.1975,2.0,Other,0.43,0.26
2010-02-08,17003,151.0,31.71,0.21,2.0,Other,0.43,0.26
2010-02-15,17003,829.0,138.09,0.20166666666666666,3.0,Other,0.43,0.26
2010-02-22,17003,109.0,23.11,0.24666666666666665,2.0,Other,0.43,0.26
2010-03-01,17003,184.0,39.519999999999996,0.32,2.0,Other,0.43,0.26
2010-03-08,17003,21.0,4.85,0.2833333333333333,2.0,Other,0.43,0.26
2010-03-15,17003,792.0,128.52,0.17666666666666667,3.0,Other,0.43,0.26
2010-03-22,17003,0.0,0.0,0.17666666666666667,0.0,Other,0.43,0.26
2010-03-29,17003,0.0,0.0,0.17666666666666667,0.0,Other,0.43,0.26
2010-04-05,17003,61.0,12.809999999999999,0.21,1.0,Other,0.43,0.26
2010-04-12,17003,0.0,0.0,0.21,0.0,Other,0.43,0.26
2010-04-19,17003,119.0,25.61,0.3075,2.0,Other,0.43,0.26
2010-04-26,17003,721.0,115.63000000000001,0.295,1.0,Other,0.43,0.26
2010-05-03,17003,828.0,137.88,0.185,1.0,Other,0.43,0.26
2010-05-10,17003,2342.0,383.82000000000005,0.19125,4.0,Other,0.43,0.26
2010-05-17,17003,62.0,13.9,0.265,3.0,Other,0.43,0.26
2010-05-24,17003,738.0,118.98,0.185,2.0,Other,0.43,0.26
2010-05-31,17003,43.0,10.57,0.375,1.0,Other,0.43,0.26
2010-06-07,17003,1289.0,234.69,0.20750000000000002,4.0,Other,0.43,0.26
2010-06-14,17003,309.0,66.21,0.254,5.0,Other,0.43,0.26
2010-06-21,17003,987.0,171.27,0.20444444444444443,3.0,Other,0.43,0.26
2010-06-28,17003,758.0,109.22000000000001,0.26,2.0,Other,0.43,0.26
2010-07-05,17003,194.0,40.739999999999995,0.21,3.0,Other,0.43,0.26
2010-07-12,17003,6.0,2.58,0.43,0.0,Other,0.43,0.26
2010-07-19,17003,775.0,130.49,0.31583333333333335,2.0,Other,0.43,0.26
2010-07-26,17003,180.0,37.8,0.21,1.0,Other,0.43,0.26
2010-08-02,17003,216.0,45.36,0.21,2.0,Other,0.43,0.26
2010-08-09,17003,36.0,7.56,0.21,1.0,Other,0.43,0.26
2010-08-16,17003,828.0,137.88,0.19333333333333333,3.0,Other,0.43,0.26
2010-08-23,17003,864.0,145.44,0.19333333333333333,3.0,Other,0.43,0.26
2010-08-30,17003,11210.0,2135.4199999999996,0.2422222222222222,3.0,Other,0.43,0.26
2010-09-06,17003,1590.0,261.9,0.1975,4.0,Other,0.43,0.26
2010-09-13,17003,74.0,15.54,0.21,2.0,Other,0.43,0.26
2010-09-20,17003,922.0,196.92,0.2925,3.0,Other,0.43,0.26
2010-09-27,17003,149.0,33.27,0.22833333333333333,4.0,Other,0.43,0.26
2010-10-04,17003,5632.0,1052.56,0.22,4.0,Other,0.43,0.26
2010-10-11,17003,925.0,158.91000000000003,0.227,5.0,Other,0.43,0.26
2010-10-18,17003,158.0,34.5,0.2833333333333333,4.0,Other,0.43,0.26
2010-10-25,17003,36.0,7.56,0.21,1.0,Other,0.43,0.26
2010-11-01,17003,6816.0,1305.3,0.253,4.0,Other,0.43,0.26
2010-11-08,17003,548.0,115.08,0.21000000000000002,5.0,Other,0.43,0.26
2010-11-15,17003,1522.0,265.62,0.2058333333333333,6.0,Other,0.43,0.26
2010-11-22,17003,1757.0,338.16999999999996,0.23249999999999998,4.0,Other,0.43,0.26
2010-11-29,17003,798.0,132.24,0.2383333333333333,3.0,Other,0.43,0.26
2010-12-06,17003,263.0,57.650000000000006,0.3255,3.0,Other,0.43,0.26
2010-12-13,17003,90.0,22.86,0.32,2.0,Other,0.43,0.26
2010-12-20,17003,0.0,0.0,0.32,0.0,Other,0.43,0.26
2011-01-03,17003,864.0,145.44,0.1975,2.0,Other,0.43,0.26
2011-01-10,17003,8.0,2.12,0.32,1.0,Other,0.43,0.26
2011-01-17,17003,831.0,139.14000000000001,0.25,3.0,Other,0.43,0.26
2011-01-24,17003,1440.0,230.4,0.16,1.0,Other,0.43,0.26
2011-01-31,17003,146.0,31.08,0.245,3.0,Other,0.43,0.26
2011-02-07,17003,0.0,0.0,0.245,0.0,Other,0.43,0.26
2011-02-14,17003,290.0,84.44,0.31266666666666665,4.0,Other,0.43,0.26
2011-02-21,17003,0.0,0.0,0.31266666666666665,0.0,Other,0.43,0.26
2011-02-28,17003,144.0,41.76,0.29,2.0,Other,0.43,0.26
2011-03-07,17003,252.0,73.08,0.29,2.0,Other,0.43,0.26
2011-03-14,17003,2196.0,550.44,0.26,4.0,Other,0.43,0.26
2011-03-21,17003,48.0,13.92,0.29,2.0,Other,0.43,0.26
2011-03-28,17003,769.0,194.21,0.28,2.0,Other,0.43,0.26
2011-04-04,17003,146.0,43.019999999999996,0.375,1.0,Other,0.43,0.26
2011-04-11,17003,73.0,21.169999999999998,0.29,3.0,Other,0.43,0.26
2011-04-18,17003,11.0,6.93,0.63,0.0,Other,0.43,0.26
2011-04-25,17003,267.0,72.00999999999999,0.3333333333333333,2.0,Other,0.43,0.26
2011-05-02,17003,78.0,22.619999999999997,0.29,3.0,Other,0.43,0.26
2011-05-09,17003,510.0,147.89999999999998,0.29,3.0,Other,0.43,0.26
2011-05-16,17003,792.0,200.88,0.28,2.0,Other,0.43,0.26
2011-05-23,17003,793.0,201.17,0.27666666666666667,3.0,Other,0.43,0.26
2011-05-30,17003,360.0,104.39999999999999,0.29,2.0,Other,0.43,0.26
2011-06-06,17003,913.0,235.97,0.285,4.0,Other,0.43,0.26
2011-06-13,17003,837.0,185.13,0.25,2.0,Other,0.43,0.26
2011-06-20,17003,864.0,221.76,0.27,2.0,Other,0.43,0.26
2011-06-27,17003,88.0,26.199999999999996,0.3466666666666667,2.0,Other,0.43,0.26
2011-07-04,17003,318.0,92.22,0.29,4.0,Other,0.43,0.26
2011-07-11,17003,1012.0,264.68,0.285,4.0,Other,0.43,0.26
2011-07-18,17003,289.0,83.81,0.29,4.0,Other,0.43,0.26
2011-07-25,17003,149.0,44.91,0.45999999999999996,0.0,Other,0.43,0.26
2011-08-01,17003,110.0,32.58,0.426,3.0,Other,0.43,0.26
2011-08-08,17003,144.0,41.76,0.29,3.0,Other,0.43,0.26
2011-08-15,17003,78.0,22.619999999999997,0.29,2.0,Other,0.43,0.26
2011-08-22,17003,940.0,243.79999999999998,0.2875,4.0,Other,0.43,0.26
2011-08-29,17003,291.0,81.28999999999999,0.5,2.0,Other,0.43,0.26
2011-09-05,17003,180.0,70.2,0.39,0.0,Other,0.43,0.26
2011-09-12,17003,109.0,42.95,0.5366666666666666,0.0,Other,0.43,0.26
2011-09-19,17003,857.0,283.83,0.3666666666666667,1.0,Other,0.43,0.26
2011-09-26,17003,931.0,199.25,0.4075,0.0,Other,0.43,0.26
2011-10-03,17003,376.0,146.64000000000001,0.39,0.0,Other,0.43,0.26
2011-10-10,17003,72.0,28.080000000000002,0.39,0.0,Other,0.43,0.26
2011-10-17,17003,204.0,74.52,0.37833333333333335,1.0,Other,0.43,0.26
2011-10-24,17003,1684.0,505.56,0.3666666666666667,1.0,Other,0.43,0.26
2011-10-31,17003,100.0,39.440000000000005,0.4633333333333334,0.0,Other,0.43,0.26
2011-11-07,17003,109.0,42.510000000000005,0.38999999999999996,0.0,Other,0.43,0.26
2011-11-14,17003,315.0,126.85000000000001,0.41833333333333333,0.0,Other,0.43,0.26
2011-11-21,17003,474.0,188.02,0.4483333333333333,0.0,Other,0.43,0.26
2011-11-28,17003,130.0,52.46000000000001,0.5660000000000001,0.0,Other,0.43,0.26
2011-12-05,17003,277.0,110.03,0.4833333333333333,0.0,Other,0.43,0.26
2009-11-30,20668,937.0,106.68,0.11866666666666666,5.0,Home Decor,0.42,0.25
2009-12-07,20668,1176.0,129.14,0.18333333333333332,4.0,Home Decor,0.42,0.25
2009-12-14,20668,37.0,7.54,0.275,2.0,Home Decor,0.42,0.25
2009-12-21,20668,0.0,0.0,0.275,0.0,Home Decor,0.42,0.25
2010-01-04,20668,0.0,0.0,0.275,0.0,Home Decor,0.42,0.25
2010-01-11,20668,1.0,0.12,0.12,1.0,Home Decor,0.42,0.25
2010-01-18,20668,0.0,0.0,0.12,0.0,Home Decor,0.42,0.25
2010-01-25,20668,0.0,0.0,0.12,0.0,Home Decor,0.42,0.25
2010-02-01,20668,1.0,0.12,0.12,1.0,Home Decor,0.42,0.25
2010-02-08,20668,0.0,0.0,0.12,0.0,Home Decor,0.42,0.25
2010-02-15,20668,0.0,0.0,0.12,0.0,Home Decor,0.42,0.25
2010-02-22,20668,2.0,0.24,0.12,1.0,Home Decor,0.42,0.25
2010-03-01,20668,0.0,0.0,0.12,0.0,Home Decor,0.42,0.25
2010-03-08,20668,1.0,0.12,0.12,1.0,Home Decor,0.42,0.25
2010-03-15,20668,0.0,0.0,0.12,0.0,Home Decor,0.42,0.25
2010-03-22,20668,2.0,0.24,0.12,1.0,Home Decor,0.42,0.25
2010-03-29,20668,0.0,0.0,0.12,0.0,Home Decor,0.42,0.25
2010-04-05,20668,8.0,0.96,0.12,1.0,Home Decor,0.42,0.25
2010-04-12,20668,0.0,0.0,0.12,0.0,Home Decor,0.42,0.25
2010-04-19,20668,0.0,0.0,0.12,0.0,Home Decor,0.42,0.25
2010-04-26,20668,0.0,0.0,0.12,0.0,Home Decor,0.42,0.25
2010-05-03,20668,0.0,0.0,0.12,0.0,Home Decor,0.42,0.25
2010-05-10,20668,0.0,0.0,0.12,0.0,Home Decor,0.42,0.25
2010-05-17,20668,0.0,0.0,0.12,0.0,Home Decor,0.42,0.25
2010-05-24,20668,3.0,0.36,0.12,1.0,Home Decor,0.42,0.25
2010-05-31,20668,0.0,0.0,0.12,0.0,Home Decor,0.42,0.25
2010-06-07,20668,24.0,2.88,0.12,1.0,Home Decor,0.42,0.25
2010-06-14,20668,96.0,11.52,0.12,1.0,Home Decor,0.42,0.25
2010-06-21,20668,96.0,11.52,0.12,1.0,Home Decor,0.42,0.25
2010-06-28,20668,12.0,1.44,0.12,1.0,Home Decor,0.42,0.25
2010-07-05,20668,0.0,0.0,0.12,0.0,Home Decor,0.42,0.25
2010-07-12,20668,0.0,0.0,0.12,0.0,Home Decor,0.42,0.25
2010-07-19,20668,0.0,0.0,0.12,0.0,Home Decor,0.42,0.25
2010-07-26,20668,60.0,7.199999999999999,0.12,1.0,Home Decor,0.42,0.25
2010-08-02,20668,0.0,0.0,0.12,0.0,Home Decor,0.42,0.25
2010-08-09,20668,0.0,0.0,0.12,0.0,Home Decor,0.42,0.25
2010-08-16,20668,24.0,2.88,0.12,1.0,Home Decor,0.42,0.25
2010-08-23,20668,0.0,0.0,0.12,0.0,Home Decor,0.42,0.25
2010-08-30,20668,276.0,36.839999999999996,0.1975,2.0,Home Decor,0.42,0.25
2010-09-06,20668,0.0,0.0,0.1975,0.0,Home Decor,0.42,0.25
2010-09-13,20668,432.0,46.08,0.11499999999999999,4.0,Home Decor,0.42,0.25
2010-09-20,20668,303.0,32.15,0.21666666666666667,2.0,Home Decor,0.42,0.25
2010-09-27,20668,397.0,48.57,0.182,4.0,Home Decor,0.42,0.25
2010-10-04,20668,597.0,65.19,0.15708333333333335,4.0,Home Decor,0.42,0.25
2010-10-11,20668,198.0,25.62,0.182,4.0,Home Decor,0.42,0.25
2010-10-18,20668,685.0,84.37,0.16305555555555554,6.0,Home Decor,0.42,0.25
2010-10-25,20668,202.0,27.34,0.182,4.0,Home Decor,0.42,0.25
2010-11-01,20668,651.0,79.17999999999999,0.18125,6.0,Home Decor,0.42,0.25
2010-11-08,20668,700.0,79.47999999999999,0.16194444444444445,6.0,Home Decor,0.42,0.25
2010-11-15,20668,367.0,45.9,0.13722222222222222,6.0,Home Decor,0.42,0.25
2010-11-22,20668,655.0,83.25,0.2564,3.0,Home Decor,0.42,0.25
2010-11-29,20668,608.0,74.02,0.17706666666666665,5.0,Home Decor,0.42,0.25
2010-12-06,20668,602.0,67.1,0.17958333333333332,4.0,Home Decor,0.42,0.25
2010-12-13,20668,774.0,83.22,0.195,3.0,Home Decor,0.42,0.25
2010-12-20,20668,24.0,2.88,0.12,1.0,Home Decor,0.42,0.25
2011-01-03,20668,24.0,2.88,0.12,1.0,Home Decor,0.42,0.25
2011-01-10,20668,49.0,6.1899999999999995,0.1975,2.0,Home Decor,0.42,0.25
2011-01-17,20668,5.0,2.1,0.42,0.0,Home Decor,0.42,0.25
2011-01-24,20668,0.0,0.0,0.42,0.0,Home Decor,0.42,0.25
2011-01-31,20668,0.0,0.0,0.42,0.0,Home Decor,0.42,0.25
2011-02-07,20668,4.0,1.68,0.42,0.0,Home Decor,0.42,0.25
2011-02-14,20668,25.0,3.3,0.27,1.0,Home Decor,0.42,0.25
2011-02-21,20668,24.0,2.88,0.12,1.0,Home Decor,0.42,0.25
2011-02-28,20668,0.0,0.0,0.12,0.0,Home Decor,0.42,0.25
2011-03-07,20668,144.0,17.279999999999998,0.12,1.0,Home Decor,0.42,0.25
2011-03-14,20668,28.0,4.56,0.27,1.0,Home Decor,0.42,0.25
2011-03-21,20668,39.0,16.38,0.42,0.0,Home Decor,0.42,0.25
2011-03-28,20668,24.0,2.88,0.12,1.0,Home Decor,0.42,0.25
2011-04-04,20668,6.0,2.52,0.42,0.0,Home Decor,0.42,0.25
2011-04-11,20668,1.0,0.12,0.12,1.0,Home Decor,0.42,0.25
2011-04-18,20668,0.0,0.0,0.12,0.0,Home Decor,0.42,0.25
2011-04-25,20668,48.0,5.76,0.12,1.0,Home Decor,0.42,0.25
2011-05-02,20668,24.0,2.88,0.12,1.0,Home Decor,0.42,0.25
2011-05-09,20668,36.0,5.52,0.21999999999999997,2.0,Home Decor,0.42,0.25
2011-05-16,20668,24.0,2.88,0.12,1.0,Home Decor,0.42,0.25
2011-05-23,20668,48.0,5.76,0.12,1.0,Home Decor,0.42,0.25
2011-05-30,20668,168.0,20.16,0.12,2.0,Home Decor,0.42,0.25
2011-06-06,20668,175.0,28.5,0.21999999999999997,2.0,Home Decor,0.42,0.25
2011-06-13,20668,0.0,0.0,0.21999999999999997,0.0,Home Decor,0.42,0.25
2011-06-20,20668,48.0,5.76,0.12,1.0,Home Decor,0.42,0.25
2011-06-27,20668,76.0,10.32,0.195,2.0,Home Decor,0.42,0.25
2011-07-04,20668,98.0,12.36,0.21999999999999997,2.0,Home Decor,0.42,0.25
2011-07-11,20668,0.0,0.0,0.21999999999999997,0.0,Home Decor,0.42,0.25
2011-07-18,20668,78.0,9.36,0.12,2.0,Home Decor,0.42,0.25
2011-07-25,20668,150.0,27.0,0.17,3.0,Home Decor,0.42,0.25
2011-08-01,20668,746.0,78.6,0.14666666666666664,3.0,Home Decor,0.42,0.25
2011-08-08,20668,12.0,5.04,0.42,0.0,Home Decor,0.42,0.25
2011-08-15,20668,144.0,17.28,0.12,2.0,Home Decor,0.42,0.25
2011-08-22,20668,264.0,31.68,0.12,2.0,Home Decor,0.42,0.25
2011-08-29,20668,0.0,0.0,0.12,0.0,Home Decor,0.42,0.25
2011-09-05,20668,97.0,11.639999999999999,0.12,2.0,Home Decor,0.42,0.25
2011-09-12,20668,96.0,11.52,0.12,3.0,Home Decor,0.42,0.25
2011-09-19,20668,30.0,5.4,0.27,1.0,Home Decor,0.42,0.25
2011-09-26,20668,145.0,17.7,0.18,4.0,Home Decor,0.42,0.25
2011-10-03,20668,55.0,6.8999999999999995,0.17,3.0,Home Decor,0.42,0.25
2011-10-10,20668,348.0,41.76,0.12,3.0,Home Decor,0.42,0.25
2011-10-17,20668,1337.0,147.0,0.11666666666666665,5.0,Home Decor,0.42,0.25
2011-10-24,20668,474.0,51.12,0.118,5.0,Home Decor,0.42,0.25
2011-10-31,20668,328.0,41.46,0.13666666666666666,6.0,Home Decor,0.42,0.25
2011-11-07,20668,1422.0,147.6,0.11533333333333333,5.0,Home Decor,0.42,0.25
2011-11-14,20668,718.0,86.16,0.12,6.0,Home Decor,0.42,0.25
2011-11-21,20668,950.0,109.44,0.1313888888888889,6.0,Home Decor,0.42,0.25
2011-11-28,20668,1656.0,182.88,0.18866666666666665,5.0,Home Decor,0.42,0.25
2011-12-05,20668,832.0,98.52000000000001,0.22800000000000004,5.0,Home Decor,0.42,0.25
