data/processed/weekly_panel.csv
week_start,sku_id,units_sold,revenue,avg_price,promo_days,category,list_price,unit_cost
2009-11-30,20711,131.0,216.45,1.9066666666666665,3.0,Bags & Storage,4.21,2.53
2009-12-07,20711,124.0,216.5,2.83,3.0,Bags & Storage,4.21,2.53
2009-12-14,20711,225.0,391.6,2.075833333333333,4.0,Bags & Storage,4.21,2.53
2009-12-21,20711,2.0,8.6,4.3,0.0,Bags & Storage,4.21,2.53
2010-01-04,20711,23.0,44.85,1.95,2.0,Bags & Storage,4.21,2.53
2010-01-11,20711,116.0,205.24,2.6033333333333335,3.0,Bags & Storage,4.21,2.53
2010-01-18,20711,69.0,136.81,2.3266666666666667,5.0,Bags & Storage,4.21,2.53
2010-01-25,20711,30.0,60.760000000000005,2.3266666666666667,3.0,Bags & Storage,4.21,2.53
2010-02-01,20711,181.0,305.71,1.9705,5.0,Bags & Storage,4.21,2.53
2010-02-08,20711,17.0,35.41,2.703333333333333,2.0,Bags & Storage,4.21,2.53
2010-02-15,20711,140.0,243.0,1.9124999999999999,4.0,Bags & Storage,4.21,2.53
2010-02-22,20711,166.0,287.7,1.9000000000000001,6.0,Bags & Storage,4.21,2.53
2010-03-01,20711,272.0,446.65999999999997,2.4358333333333335,3.0,Bags & Storage,4.21,2.53
2010-03-08,20711,35.0,72.77000000000001,2.4522222222222223,3.0,Bags & Storage,4.21,2.53
2010-03-15,20711,82.0,164.42000000000002,2.703333333333333,4.0,Bags & Storage,4.21,2.53
2010-03-22,20711,74.0,146.56,2.402,4.0,Bags & Storage,4.21,2.53
2010-03-29,20711,121.0,215.11,2.178125,4.0,Bags & Storage,4.21,2.53
2010-04-05,20711,55.0,107.25,1.95,3.0,Bags & Storage,4.21,2.53
2010-04-12,20711,139.0,241.04999999999998,1.9166666666666667,3.0,Bags & Storage,4.21,2.53
2010-04-19,20711,54.0,114.34,2.402,4.0,Bags & Storage,4.21,2.53
2010-04-26,20711,334.0,595.82,2.104365079365079,6.0,Bags & Storage,4.21,2.53
2010-05-03,20711,192.0,337.66,2.1559999999999997,5.0,Bags & Storage,4.21,2.53
2010-05-10,20711,347.0,591.17,2.167777777777778,6.0,Bags & Storage,4.21,2.53
2010-05-17,20711,68.0,137.12,2.3266666666666667,5.0,Bags & Storage,4.21,2.53
2010-05-24,20711,80.0,160.52,2.138333333333333,6.0,Bags & Storage,4.21,2.53
2010-05-31,20711,63.0,127.37,2.251333333333333,5.0,Bags & Storage,4.21,2.53
2010-06-07,20711,95.0,201.10999999999999,2.3016666666666667,6.0,Bags & Storage,4.21,2.53
2010-06-14,20711,44.0,90.32000000000001,2.138333333333333,3.0,Bags & Storage,4.21,2.53
2010-06-21,20711,84.0,228.21999999999997,2.9741071428571426,3.0,Bags & Storage,4.21,2.53
2010-06-28,20711,265.0,461.27,2.6375,3.0,Bags & Storage,4.21,2.53
2010-07-05,20711,57.0,111.15,1.95,6.0,Bags & Storage,4.21,2.53
2010-07-12,20711,56.0,113.72,2.402,4.0,Bags & Storage,4.21,2.53
2010-07-19,20711,298.0,525.62,2.131,5.0,Bags & Storage,4.21,2.53
2010-07-26,20711,95.0,189.76999999999998,2.2136666666666667,6.0,Bags & Storage,4.21,2.53
2010-08-02,20711,69.0,128.55,1.875,4.0,Bags & Storage,4.21,2.53
2010-08-09,20711,373.0,953.13,2.4703333333333335,4.0,Bags & Storage,4.21,2.53
2010-08-16,20711,54.0,114.34,2.515,4.0,Bags & Storage,4.21,2.53
2010-08-23,20711,304.0,537.3199999999999,2.1266666666666665,5.0,Bags & Storage,4.21,2.53
2010-08-30,20711,442.0,787.72,2.159066666666667,5.0,Bags & Storage,4.21,2.53
2010-09-06,20711,36.0,81.5,2.5526666666666666,4.0,Bags & Storage,4.21,2.53
2010-09-13,20711,113.0,227.13,2.251333333333333,5.0,Bags & Storage,4.21,2.53
2010-09-20,20711,180.0,321.0,1.9375,6.0,Bags & Storage,4.21,2.53
2010-09-27,20711,97.0,193.67000000000002,2.37375,4.0,Bags & Storage,4.21,2.53
2010-10-04,20711,93.0,222.03,2.1006666666666662,5.0,Bags & Storage,4.21,2.53
2010-10-11,20711,180.0,375.24,2.063333333333333,4.0,Bags & Storage,4.21,2.53
2010-10-18,20711,79.0,208.29,2.402,4.0,Bags & Storage,4.21,2.53
2010-10-25,20711,143.0,324.04999999999995,2.1759999999999997,5.0,Bags & Storage,4.21,2.53
2010-11-01,20711,39.0,76.05,1.95,5.0,Bags & Storage,4.21,2.53
2010-11-08,20711,820.0,1531.38,2.5166666666666666,4.0,Bags & Storage,4.21,2.53
2010-11-15,20711,276.0,548.26,2.894222222222222,5.0,Bags & Storage,4.21,2.53
2010-11-22,20711,123.0,350.59000000000003,3.332904761904762,3.0,Bags & Storage,4.21,2.53
2010-11-29,20711,121.0,313.57,2.5326666666666666,4.0,Bags & Storage,4.21,2.53
2010-12-06,20711,172.0,422.92,3.325,2.0,Bags & Storage,4.21,2.53
2010-12-13,20711,63.0,129.63,2.7975000000000003,3.0,Bags & Storage,4.21,2.53
2010-12-20,20711,18.0,55.44,3.08,1.0,Bags & Storage,4.21,2.53
2011-01-03,20711,351.0,596.71,2.05375,4.0,Bags & Storage,4.21,2.53
2011-01-10,20711,63.0,140.29,2.2614285714285716,4.0,Bags & Storage,4.21,2.53
2011-01-17,20711,47.0,122.17,3.1853333333333333,3.0,Bags & Storage,4.21,2.53
2011-01-24,20711,102.0,219.06,2.8978333333333333,4.0,Bags & Storage,4.21,2.53
2011-01-31,20711,48.0,143.74,3.0835999999999997,3.0,Bags & Storage,4.21,2.53
2011-02-07,20711,74.0,262.02,3.4033333333333333,1.0,Bags & Storage,4.21,2.53
2011-02-14,20711,352.0,642.18,2.4575,3.0,Bags & Storage,4.21,2.53
2011-02-21,20711,15.0,40.15,3.585,1.0,Bags & Storage,4.21,2.53
2011-02-28,20711,81.0,175.39000000000001,2.289111111111111,6.0,Bags & Storage,4.21,2.53
2011-03-07,20711,53.0,127.33,2.4441333333333333,5.0,Bags & Storage,4.21,2.53
2011-03-14,20711,663.0,1132.19,2.99,2.0,Bags & Storage,4.21,2.53
2011-03-21,20711,50.0,134.56,2.7675,3.0,Bags & Storage,4.21,2.53
2011-03-28,20711,290.0,543.1,2.719555555555556,4.0,Bags & Storage,4.21,2.53
2011-04-04,20711,129.0,225.32000000000002,1.9725000000000001,4.0,Bags & Storage,4.21,2.53
2011-04-11,20711,37.0,91.31,2.5925000000000002,3.0,Bags & Storage,4.21,2.53
2011-04-18,20711,18.0,49.74,3.2758333333333334,2.0,Bags & Storage,4.21,2.53
2011-04-25,20711,25.0,70.45,3.15625,2.0,Bags & Storage,4.21,2.53
2011-05-02,20711,77.0,162.21,2.1825,5.0,Bags & Storage,4.21,2.53
2011-05-09,20711,182.0,435.66,2.9830208333333332,3.0,Bags & Storage,4.21,2.53
2011-05-16,20711,68.0,194.74,2.9683333333333333,4.0,Bags & Storage,4.21,2.53
2011-05-23,20711,161.0,342.78,2.9017222222222223,5.0,Bags & Storage,4.21,2.53
2011-05-30,20711,60.0,145.3,3.0317857142857143,2.0,Bags & Storage,4.21,2.53
2011-06-06,20711,150.0,356.8,2.9945454545454546,4.0,Bags & Storage,4.21,2.53
2011-06-13,20711,34.0,99.41999999999999,2.991111111111111,2.0,Bags & Storage,4.21,2.53
2011-06-20,20711,33.0,115.79,3.9591666666666665,1.0,Bags & Storage,4.21,2.53
2011-06-27,20711,33.0,115.78999999999999,3.72,1.0,Bags & Storage,4.21,2.53
2011-07-04,20711,49.0,173.67000000000002,3.805416666666667,1.0,Bags & Storage,4.21,2.53
2011-07-11,20711,15.0,39.4,3.105,2.0,Bags & Storage,4.21,2.53
2011-07-18,20711,38.0,103.64,2.9,3.0,Bags & Storage,4.21,2.53
2011-07-25,20711,81.0,178.73000000000002,2.4672222222222224,6.0,Bags & Storage,4.21,2.53
2011-08-01,20711,6.0,16.58,2.5925000000000002,2.0,Bags & Storage,4.21,2.53
2011-08-08,20711,54.0,182.02,3.36125,2.0,Bags & Storage,4.21,2.53
2011-08-15,20711,90.0,220.0,2.421666666666667,5.0,Bags & Storage,4.21,2.53
2011-08-22,20711,87.0,207.61,2.307777777777778,6.0,Bags & Storage,4.21,2.53
2011-08-29,20711,16.0,61.980000000000004,3.6174999999999997,1.0,Bags & Storage,4.21,2.53
2011-09-05,20711,37.0,97.46000000000001,3.4466666666666668,1.0,Bags & Storage,4.21,2.53
2011-09-12,20711,23.0,66.28999999999999,3.2758333333333334,2.0,Bags & Storage,4.21,2.53
2011-09-19,20711,210.0,434.8,2.447138888888889,6.0,Bags & Storage,4.21,2.53
2011-09-26,20711,157.0,322.51,2.998,4.0,Bags & Storage,4.21,2.53
2011-10-03,20711,141.0,299.13,2.432,4.0,Bags & Storage,4.21,2.53
2011-10-10,20711,36.0,101.53,2.763333333333333,4.0,Bags & Storage,4.21,2.53
2011-10-17,20711,12.0,43.41,3.9022222222222225,1.0,Bags & Storage,4.21,2.53
2011-10-24,20711,59.0,151.42000000000002,2.6779166666666665,4.0,Bags & Storage,4.21,2.53
2011-10-31,20711,21.0,62.13,3.489375,2.0,Bags & Storage,4.21,2.53
2011-11-07,20711,160.0,344.8,3.0888888888888886,4.0,Bags & Storage,4.21,2.53
2011-11-14,20711,66.0,155.73000000000002,2.982,3.0,Bags & Storage,4.21,2.53
2011-11-21,20711,142.0,284.81,3.085666666666667,3.0,Bags & Storage,4.21,2.53
2011-11-28,20711,18.0,53.839999999999996,3.6174999999999997,1.0,Bags & Storage,4.21,2.53
2011-12-05,20711,0.0,0.0,3.6174999999999997,0.0,Bags & Storage,4.21,2.53
2009-11-30,20712,97.0,210.29999999999998,2.5140000000000002,4.0,Bags & Storage,4.21,2.53
2009-12-07,20712,34.0,73.35,2.185,5.0,Bags & Storage,4.21,2.53
2009-12-14,20712,129.0,260.95,2.406944444444444,6.0,Bags & Storage,4.21,2.53
2009-12-21,20712,0.0,0.0,2.406944444444444,0.0,Bags & Storage,4.21,2.53
2010-01-04,20712,45.0,87.75,1.95,3.0,Bags & Storage,4.21,2.53
2010-01-11,20712,306.0,543.6600000000001,2.4579999999999997,4.0,Bags & Storage,4.21,2.53
2010-01-18,20712,174.0,318.34000000000003,2.3066666666666666,5.0,Bags & Storage,4.21,2.53
2010-01-25,20712,548.0,929.9,2.699444444444444,5.0,Bags & Storage,4.21,2.53
2010-02-01,20712,104.0,202.06,2.0883333333333334,6.0,Bags & Storage,4.21,2.53
2010-02-08,20712,67.0,135.17000000000002,2.3266666666666667,5.0,Bags & Storage,4.21,2.53
2010-02-15,20712,129.0,226.07,2.824,3.0,Bags & Storage,4.21,2.53
2010-02-22,20712,107.0,196.65,1.9249999999999998,6.0,Bags & Storage,4.21,2.53
2010-03-01,20712,120.0,247.56,2.3894444444444445,6.0,Bags & Storage,4.21,2.53
2010-03-08,20712,186.0,346.26,2.229,5.0,Bags & Storage,4.21,2.53
2010-03-15,20712,232.0,433.7,2.388472222222222,6.0,Bags & Storage,4.21,2.53
2010-03-22,20712,44.0,85.8,1.95,3.0,Bags & Storage,4.21,2.53
2010-03-29,20712,127.0,237.91,2.0725,4.0,Bags & Storage,4.21,2.53
2010-04-05,20712,218.0,374.14,2.568,4.0,Bags & Storage,4.21,2.53
2010-04-12,20712,46.0,89.7,1.95,6.0,Bags & Storage,4.21,2.53
2010-04-19,20712,114.0,272.02,2.828888888888889,4.0,Bags & Storage,4.21,2.53
2010-04-26,20712,345.0,654.05,2.282777777777778,6.0,Bags & Storage,4.21,2.53
2010-05-03,20712,177.0,359.53,2.5941666666666667,4.0,Bags & Storage,4.21,2.53
2010-05-10,20712,104.0,209.57999999999998,2.37375,4.0,Bags & Storage,4.21,2.53
2010-05-17,20712,64.0,127.06,2.515,3.0,Bags & Storage,4.21,2.53
2010-05-24,20712,88.0,191.94,3.150625,2.0,Bags & Storage,4.21,2.53
2010-05-31,20712,343.0,601.45,2.677166666666667,4.0,Bags & Storage,4.21,2.53
2010-06-07,20712,258.0,530.22,2.2325,6.0,Bags & Storage,4.21,2.53
2010-06-14,20712,271.0,475.22999999999996,2.372,5.0,Bags & Storage,4.21,2.53
2010-06-21,20712,77.0,188.57000000000002,3.3625,3.0,Bags & Storage,4.21,2.53
2010-06-28,20712,220.0,405.78000000000003,2.344333333333333,5.0,Bags & Storage,4.21,2.53
2010-07-05,20712,13.0,27.61,2.703333333333333,1.0,Bags & Storage,4.21,2.53
2010-07-12,20712,0.0,0.0,2.703333333333333,0.0,Bags & Storage,4.21,2.53
2010-07-19,20712,0.0,0.0,2.703333333333333,0.0,Bags & Storage,4.21,2.53
2010-07-26,20712,0.0,0.0,2.703333333333333,0.0,Bags & Storage,4.21,2.53
2010-08-02,20712,0.0,0.0,2.703333333333333,0.0,Bags & Storage,4.21,2.53
2010-08-09,20712,0.0,0.0,2.703333333333333,0.0,Bags & Storage,4.21,2.53
2010-08-16,20712,100.0,506.0,5.06,0.0,Bags & Storage,4.21,2.53
2010-08-23,20712,0.0,0.0,5.06,0.0,Bags & Storage,4.21,2.53
2010-08-30,20712,434.0,756.3000000000001,1.92,2.0,Bags & Storage,4.21,2.53
2010-09-06,20712,113.0,229.39,2.3266666666666667,5.0,Bags & Storage,4.21,2.53
2010-09-13,20712,675.0,1173.03,2.089285714285714,6.0,Bags & Storage,4.21,2.53
2010-09-20,20712,426.0,749.74,2.5591666666666666,4.0,Bags & Storage,4.21,2.53
2010-09-27,20712,250.0,480.1,2.381111111111111,6.0,Bags & Storage,4.21,2.53
2010-10-04,20712,77.0,163.71,2.477333333333333,5.0,Bags & Storage,4.21,2.53
2010-10-11,20712,196.0,354.46,2.0191666666666666,6.0,Bags & Storage,4.21,2.53
2010-10-18,20712,184.0,335.58000000000004,2.3016666666666667,6.0,Bags & Storage,4.21,2.53
2010-10-25,20712,63.0,136.07,2.858,4.0,Bags & Storage,4.21,2.53
2010-11-01,20712,148.0,293.12,2.263888888888889,6.0,Bags & Storage,4.21,2.53
2010-11-08,20712,130.0,317.11,2.4517499999999997,5.0,Bags & Storage,4.21,2.53
2010-11-15,20712,124.0,270.35,2.3040833333333333,6.0,Bags & Storage,4.21,2.53
2010-11-22,20712,168.0,448.30999999999995,2.711388888888889,6.0,Bags & Storage,4.21,2.53
2010-11-29,20712,139.0,334.88,2.646,5.0,Bags & Storage,4.21,2.53
2010-12-06,20712,165.0,376.84,2.8243055555555556,4.0,Bags & Storage,4.21,2.53
2010-12-13,20712,94.0,221.73999999999998,2.548166666666667,4.0,Bags & Storage,4.21,2.53
2010-12-20,20712,36.0,150.20999999999998,4.258333333333333,1.0,Bags & Storage,4.21,2.53
2011-01-03,20712,108.0,279.02,2.2955555555555556,3.0,Bags & Storage,4.21,2.53
2011-01-10,20712,120.0,342.29,2.9376666666666664,4.0,Bags & Storage,4.21,2.53
2011-01-17,20712,118.0,275.88,2.943111111111111,5.0,Bags & Storage,4.21,2.53
2011-01-24,20712,95.0,201.04999999999998,2.8390666666666666,4.0,Bags & Storage,4.21,2.53
2011-01-31,20712,91.0,231.95,3.149,3.0,Bags & Storage,4.21,2.53
2011-02-07,20712,46.0,122.39999999999999,3.17625,3.0,Bags & Storage,4.21,2.53
2011-02-14,20712,179.0,377.90999999999997,2.66,4.0,Bags & Storage,4.21,2.53
2011-02-21,20712,94.0,233.44,2.8280555555555553,4.0,Bags & Storage,4.21,2.53
2011-02-28,20712,52.0,118.83999999999999,2.616111111111111,5.0,Bags & Storage,4.21,2.53
2011-03-07,20712,405.0,839.89,2.2614285714285716,4.0,Bags & Storage,4.21,2.53
2011-03-14,20712,107.0,256.33,2.7550000000000003,5.0,Bags & Storage,4.21,2.53
2011-03-21,20712,297.0,584.55,2.4831349206349205,6.0,Bags & Storage,4.21,2.53
2011-03-28,20712,548.0,999.24,3.086222222222222,5.0,Bags & Storage,4.21,2.53
2011-04-04,20712,159.0,285.12,1.968,5.0,Bags & Storage,4.21,2.53
2011-04-11,20712,85.0,230.1,2.535555555555556,3.0,Bags & Storage,4.21,2.53
2011-04-18,20712,67.0,168.06,2.8060416666666663,4.0,Bags & Storage,4.21,2.53
2011-04-25,20712,73.0,201.79,2.9103703703703707,2.0,Bags & Storage,4.21,2.53
2011-05-02,20712,91.0,207.73,2.6950000000000003,4.0,Bags & Storage,4.21,2.53
2011-05-09,20712,398.0,806.44,2.5623047619047616,4.0,Bags & Storage,4.21,2.53
2011-05-16,20712,196.0,483.97999999999996,3.3166666666666664,3.0,Bags & Storage,4.21,2.53
2011-05-23,20712,204.0,448.62,2.9318055555555556,6.0,Bags & Storage,4.21,2.53
2011-05-30,20712,375.0,734.0,2.779861111111111,4.0,Bags & Storage,4.21,2.53
2011-06-06,20712,161.0,472.23,2.9441319444444445,6.0,Bags & Storage,4.21,2.53
2011-06-13,20712,189.0,417.42,2.7439999999999998,5.0,Bags & Storage,4.21,2.53
2011-06-20,20712,96.0,259.13,3.0879166666666666,4.0,Bags & Storage,4.21,2.53
2011-06-27,20712,97.0,212.01000000000002,2.364722222222222,6.0,Bags & Storage,4.21,2.53
2011-07-04,20712,113.0,370.34,3.2416666666666667,4.0,Bags & Storage,4.21,2.53
2011-07-11,20712,166.0,338.83000000000004,2.5194444444444444,6.0,Bags & Storage,4.21,2.53
2011-07-18,20712,161.0,395.03,2.9536327561327567,5.0,Bags & Storage,4.21,2.53
2011-07-25,20712,183.0,359.84,2.3778333333333332,6.0,Bags & Storage,4.21,2.53
2011-08-01,20712,58.0,128.84,2.6494444444444443,6.0,Bags & Storage,4.21,2.53
2011-08-08,20712,457.0,1066.51,2.9180555555555556,5.0,Bags & Storage,4.21,2.53
2011-08-15,20712,184.0,446.27,2.1483333333333334,6.0,Bags & Storage,4.21,2.53
2011-08-22,20712,258.0,608.1899999999999,2.2308,5.0,Bags & Storage,4.21,2.53
2011-08-29,20712,76.0,254.43,2.9683333333333333,4.0,Bags & Storage,4.21,2.53
2011-09-05,20712,192.0,458.51,2.4829166666666667,6.0,Bags & Storage,4.21,2.53
2011-09-12,20712,208.0,473.34,2.470555555555556,6.0,Bags & Storage,4.21,2.53
2011-09-19,20712,513.0,1059.14,2.4603055555555557,6.0,Bags & Storage,4.21,2.53
2011-09-26,20712,257.0,589.96,2.5325555555555557,6.0,Bags & Storage,4.21,2.53
2011-10-03,20712,289.0,614.0699999999999,2.759,5.0,Bags & Storage,4.21,2.53
2011-10-10,20712,400.0,812.9000000000001,2.7945,5.0,Bags & Storage,4.21,2.53
2011-10-17,20712,216.0,485.88000000000005,2.4829166666666667,6.0,Bags & Storage,4.21,2.53
2011-10-24,20712,250.0,556.6,2.4380555555555556,6.0,Bags & Storage,4.21,2.53
2011-10-31,20712,175.0,410.0,2.8409722222222222,5.0,Bags & Storage,4.21,2.53
2011-11-07,20712,250.0,609.9,2.7968055555555558,6.0,Bags & Storage,4.21,2.53
2011-11-14,20712,84.0,195.22,2.7633333333333336,5.0,Bags & Storage,4.21,2.53
2011-11-21,20712,220.0,475.75,2.7971031746031745,6.0,Bags & Storage,4.21,2.53
2011-11-28,20712,133.0,331.99,2.95531746031746,5.0,Bags & Storage,4.21,2.53
2011-12-05,20712,107.0,329.15999999999997,3.433,3.0,Bags & Storage,4.21,2.53
