data/processed/weekly_panel.csv
week_start,sku_id,units_sold,revenue,avg_price,promo_days,category,list_price,unit_cost
2009-11-30,20713,83.0,173.60000000000002,2.214375,4.0,Bags & Storage,4.21,2.53
2009-12-07,20713,279.0,498.15,2.557638888888889,6.0,Bags & Storage,4.21,2.53
2009-12-14,20713,159.0,317.1,2.276388888888889,6.0,Bags & Storage,4.21,2.53
2009-12-21,20713,12.0,28.1,3.125,1.0,Bags & Storage,4.21,2.53
2010-01-04,20713,46.0,89.7,1.95,5.0,Bags & Storage,4.21,2.53
2010-01-11,20713,275.0,489.99,2.9184,4.0,Bags & Storage,4.21,2.53
2010-01-18,20713,164.0,301.1,2.2966666666666664,5.0,Bags & Storage,4.21,2.53
2010-01-25,20713,181.0,336.51,2.264,6.0,Bags & Storage,4.21,2.53
2010-02-01,20713,74.0,143.56,2.048,5.0,Bags & Storage,4.21,2.53
2010-02-08,20713,154.0,272.56,2.276666666666667,3.0,Bags & Storage,4.21,2.53
2010-02-15,20713,261.0,455.73,2.251733333333333,5.0,Bags & Storage,4.21,2.53
2010-02-22,20713,106.0,199.96,2.0406666666666666,5.0,Bags & Storage,4.21,2.53
2010-03-01,20713,255.0,444.03,2.308,4.0,Bags & Storage,4.21,2.53
2010-03-08,20713,49.0,104.58999999999999,2.628,4.0,Bags & Storage,4.21,2.53
2010-03-15,20713,152.0,303.18,2.2405714285714287,5.0,Bags & Storage,4.21,2.53
2010-03-22,20713,271.0,468.45,1.9300000000000002,5.0,Bags & Storage,4.21,2.53
2010-03-29,20713,129.0,250.71,2.6250833333333334,4.0,Bags & Storage,4.21,2.53
2010-04-05,20713,34.0,68.56,2.2325,4.0,Bags & Storage,4.21,2.53
2010-04-12,20713,157.0,276.15,1.9000000000000001,6.0,Bags & Storage,4.21,2.53
2010-04-19,20713,101.0,235.37,2.6957999999999998,4.0,Bags & Storage,4.21,2.53
2010-04-26,20713,432.0,759.1800000000001,2.237222222222222,6.0,Bags & Storage,4.21,2.53
2010-05-03,20713,209.0,403.85,2.4804,5.0,Bags & Storage,4.21,2.53
2010-05-10,20713,269.0,469.07000000000005,2.2363333333333335,5.0,Bags & Storage,4.21,2.53
2010-05-17,20713,67.0,144.20999999999998,2.7975,4.0,Bags & Storage,4.21,2.53
2010-05-24,20713,207.0,387.21000000000004,2.3895555555555554,6.0,Bags & Storage,4.21,2.53
2010-05-31,20713,170.0,312.8,2.6933333333333334,4.0,Bags & Storage,4.21,2.53
2010-06-07,20713,183.0,347.19,2.2075,6.0,Bags & Storage,4.21,2.53
2010-06-14,20713,53.0,114.65,2.7786666666666666,4.0,Bags & Storage,4.21,2.53
2010-06-21,20713,64.0,149.66,3.381333333333333,2.0,Bags & Storage,4.21,2.53
2010-06-28,20713,549.0,977.67,2.5140000000000002,5.0,Bags & Storage,4.21,2.53
2010-07-05,20713,107.0,210.91,2.138333333333333,6.0,Bags & Storage,4.21,2.53
2010-07-12,20713,55.0,107.25,1.95,3.0,Bags & Storage,4.21,2.53
2010-07-19,20713,12.0,23.4,1.95,2.0,Bags & Storage,4.21,2.53
2010-07-26,20713,0.0,0.0,1.95,0.0,Bags & Storage,4.21,2.53
2010-08-02,20713,0.0,0.0,1.95,0.0,Bags & Storage,4.21,2.53
2010-08-09,20713,0.0,0.0,1.95,0.0,Bags & Storage,4.21,2.53
2010-08-16,20713,100.0,505.99999999999994,5.06,0.0,Bags & Storage,4.21,2.53
2010-08-23,20713,30.0,58.5,1.95,1.0,Bags & Storage,4.21,2.53
2010-08-30,20713,528.0,879.6,1.7833333333333332,3.0,Bags & Storage,4.21,2.53
2010-09-06,20713,178.0,362.92,2.3894444444444445,6.0,Bags & Storage,4.21,2.53
2010-09-13,20713,494.0,900.42,2.411206349206349,6.0,Bags & Storage,4.21,2.53
2010-09-20,20713,336.0,635.88,2.551833333333333,6.0,Bags & Storage,4.21,2.53
2010-09-27,20713,421.0,746.77,2.242063492063492,6.0,Bags & Storage,4.21,2.53
2010-10-04,20713,87.0,183.20999999999998,2.5827999999999998,4.0,Bags & Storage,4.21,2.53
2010-10-11,20713,342.0,609.16,2.048,5.0,Bags & Storage,4.21,2.53
2010-10-18,20713,222.0,427.76,2.8000555555555553,5.0,Bags & Storage,4.21,2.53
2010-10-25,20713,58.0,124.4,2.854,4.0,Bags & Storage,4.21,2.53
2010-11-01,20713,208.0,386.9,2.6155555555555554,5.0,Bags & Storage,4.21,2.53
2010-11-08,20713,326.0,613.26,2.4941666666666666,6.0,Bags & Storage,4.21,2.53
2010-11-15,20713,386.0,715.3,2.292452380952381,6.0,Bags & Storage,4.21,2.53
2010-11-22,20713,290.0,535.5,1.9249999999999998,6.0,Bags & Storage,4.21,2.53
2010-11-29,20713,129.0,250.81,2.0153333333333334,5.0,Bags & Storage,4.21,2.53
2010-12-06,20713,292.0,541.0400000000001,2.4827809523809523,5.0,Bags & Storage,4.21,2.53
2010-12-13,20713,107.0,219.95,2.628,4.0,Bags & Storage,4.21,2.53
2010-12-20,20713,27.0,68.47,3.645,1.0,Bags & Storage,4.21,2.53
2011-01-03,20713,349.0,599.5899999999999,2.195,4.0,Bags & Storage,4.21,2.53
2011-01-10,20713,46.0,136.51999999999998,3.1393333333333335,3.0,Bags & Storage,4.21,2.53
2011-01-17,20713,194.0,367.92,2.8383333333333334,4.0,Bags & Storage,4.21,2.53
2011-01-24,20713,109.0,223.98999999999998,2.533866666666667,5.0,Bags & Storage,4.21,2.53
2011-01-31,20713,116.0,282.88,2.9794444444444443,4.0,Bags & Storage,4.21,2.53
2011-02-07,20713,159.0,319.28999999999996,3.2743333333333333,3.0,Bags & Storage,4.21,2.53
2011-02-14,20713,288.0,536.48,2.4706349206349203,6.0,Bags & Storage,4.21,2.53
2011-02-21,20713,273.0,526.85,3.017111111111111,5.0,Bags & Storage,4.21,2.53
2011-02-28,20713,71.0,153.71,3.04,3.0,Bags & Storage,4.21,2.53
2011-03-07,20713,282.0,511.7,2.2881428571428573,5.0,Bags & Storage,4.21,2.53
2011-03-14,20713,844.0,1492.2,2.872261904761905,4.0,Bags & Storage,4.21,2.53
2011-03-21,20713,223.0,446.27000000000004,2.3881111111111113,6.0,Bags & Storage,4.21,2.53
2011-03-28,20713,158.0,328.24,3.170714285714286,2.0,Bags & Storage,4.21,2.53
2011-04-04,20713,0.0,0.0,3.170714285714286,0.0,Bags & Storage,4.21,2.53
2011-04-11,20713,0.0,0.0,3.170714285714286,0.0,Bags & Storage,4.21,2.53
2011-04-18,20713,0.0,0.0,3.170714285714286,0.0,Bags & Storage,4.21,2.53
2011-04-25,20713,0.0,0.0,3.170714285714286,0.0,Bags & Storage,4.21,2.53
2011-05-02,20713,0.0,0.0,3.170714285714286,0.0,Bags & Storage,4.21,2.53
2011-05-09,20713,0.0,0.0,3.170714285714286,0.0,Bags & Storage,4.21,2.53
2011-05-16,20713,0.0,0.0,3.170714285714286,0.0,Bags & Storage,4.21,2.53
2011-05-23,20713,0.0,0.0,3.170714285714286,0.0,Bags & Storage,4.21,2.53
2011-05-30,20713,0.0,0.0,3.170714285714286,0.0,Bags & Storage,4.21,2.53
2011-06-06,20713,24.0,49.92,2.08,2.0,Bags & Storage,4.21,2.53
2011-06-13,20713,135.0,260.0,2.5780000000000003,5.0,Bags & Storage,4.21,2.53
2011-06-20,20713,270.0,515.9,2.771333333333333,4.0,Bags & Storage,4.21,2.53
2011-06-27,20713,492.0,911.7099999999999,2.2158333333333333,6.0,Bags & Storage,4.21,2.53
2011-07-04,20713,589.0,1106.77,2.49125,6.0,Bags & Storage,4.21,2.53
2011-07-11,20713,53.0,138.94,3.0366666666666666,4.0,Bags & Storage,4.21,2.53
2011-07-18,20713,250.0,534.9,2.7374,4.0,Bags & Storage,4.21,2.53
2011-07-25,20713,190.0,388.75,2.517777777777778,6.0,Bags & Storage,4.21,2.53
2011-08-01,20713,129.0,242.51999999999998,3.31875,2.0,Bags & Storage,4.21,2.53
2011-08-08,20713,348.0,790.89,2.549638888888889,6.0,Bags & Storage,4.21,2.53
2011-08-15,20713,249.0,483.92,2.0686666666666667,6.0,Bags & Storage,4.21,2.53
2011-08-22,20713,858.0,1652.99,2.1571296296296296,6.0,Bags & Storage,4.21,2.53
2011-08-29,20713,170.0,435.3,3.1966964285714283,3.0,Bags & Storage,4.21,2.53
2011-09-05,20713,288.0,705.34,2.5194444444444444,6.0,Bags & Storage,4.21,2.53
2011-09-12,20713,601.0,1259.1299999999999,2.6861210317460316,6.0,Bags & Storage,4.21,2.53
2011-09-19,20713,762.0,1482.96,2.4337222222222223,6.0,Bags & Storage,4.21,2.53
2011-09-26,20713,218.0,498.24,2.742,5.0,Bags & Storage,4.21,2.53
2011-10-03,20713,506.0,977.48,2.93127380952381,4.0,Bags & Storage,4.21,2.53
2011-10-10,20713,232.0,490.15999999999997,3.545,1.0,Bags & Storage,4.21,2.53
2011-10-17,20713,0.0,0.0,3.545,0.0,Bags & Storage,4.21,2.53
2011-10-24,20713,238.0,475.99,2.646666666666667,4.0,Bags & Storage,4.21,2.53
2011-10-31,20713,84.0,197.62,2.4023333333333334,5.0,Bags & Storage,4.21,2.53
2011-11-07,20713,287.0,627.1099999999999,2.6373611111111113,6.0,Bags & Storage,4.21,2.53
2011-11-14,20713,144.0,342.27,2.9831666666666665,4.0,Bags & Storage,4.21,2.53
2011-11-21,20713,50.0,173.7,3.5149999999999997,2.0,Bags & Storage,4.21,2.53
2011-11-28,20713,427.0,848.6600000000001,2.7219,4.0,Bags & Storage,4.21,2.53
2011-12-05,20713,228.0,520.24,2.8832738095238097,5.0,Bags & Storage,4.21,2.53
2009-11-30,20718,165.0,216.81,1.36,6.0,Bags & Storage,2.57,1.54
2009-12-07,20718,66.0,104.94,1.8219999999999998,4.0,Bags & Storage,2.57,1.54
2009-12-14,20718,167.0,200.31,1.8745833333333333,3.0,Bags & Storage,2.57,1.54
2009-12-21,20718,37.0,51.53,1.6533333333333333,3.0,Bags & Storage,2.57,1.54
2010-01-04,20718,454.0,491.5,1.2373333333333334,5.0,Bags & Storage,2.57,1.54
2010-01-11,20718,60.0,80.1,1.785,4.0,Bags & Storage,2.57,1.54
2010-01-18,20718,78.0,98.75999999999999,1.502,4.0,Bags & Storage,2.57,1.54
2010-01-25,20718,300.0,340.78000000000003,1.4137333333333335,5.0,Bags & Storage,2.57,1.54
2010-02-01,20718,189.0,223.53,1.7591666666666665,4.0,Bags & Storage,2.57,1.54
2010-02-08,20718,194.0,223.5,1.2436666666666667,6.0,Bags & Storage,2.57,1.54
2010-02-15,20718,27.0,35.01,1.313,5.0,Bags & Storage,2.57,1.54
2010-02-22,20718,190.0,221.01999999999998,1.3245,5.0,Bags & Storage,2.57,1.54
2010-03-01,20718,166.0,194.79999999999998,1.5554999999999999,4.0,Bags & Storage,2.57,1.54
2010-03-08,20718,50.0,71.32,1.964,3.0,Bags & Storage,2.57,1.54
2010-03-15,20718,197.0,229.76999999999998,1.5459999999999998,4.0,Bags & Storage,2.57,1.54
2010-03-22,20718,544.0,606.52,1.3355555555555556,6.0,Bags & Storage,2.57,1.54
2010-03-29,20718,174.0,203.51999999999998,1.4204166666666667,4.0,Bags & Storage,2.57,1.54
2010-04-05,20718,230.0,271.02,1.2945833333333334,4.0,Bags & Storage,2.57,1.54
2010-04-12,20718,43.0,53.75,1.25,4.0,Bags & Storage,2.57,1.54
2010-04-19,20718,90.0,120.06,1.705,5.0,Bags & Storage,2.57,1.54
2010-04-26,20718,238.0,308.84000000000003,1.4284999999999999,6.0,Bags & Storage,2.57,1.54
2010-05-03,20718,129.0,159.32999999999998,1.5765,5.0,Bags & Storage,2.57,1.54
2010-05-10,20718,151.0,173.53,1.395625,4.0,Bags & Storage,2.57,1.54
2010-05-17,20718,82.0,96.78,1.3391666666666666,6.0,Bags & Storage,2.57,1.54
2010-05-24,20718,94.0,125.06,1.6280000000000001,4.0,Bags & Storage,2.57,1.54
2010-05-31,20718,174.0,201.02,1.4053333333333335,5.0,Bags & Storage,2.57,1.54
2010-06-07,20718,207.0,244.79,1.448125,4.0,Bags & Storage,2.57,1.54
2010-06-14,20718,165.0,193.54999999999998,1.611,4.0,Bags & Storage,2.57,1.54
2010-06-21,20718,70.0,96.32,1.74,5.0,Bags & Storage,2.57,1.54
2010-06-28,20718,114.0,143.76,1.285,6.0,Bags & Storage,2.57,1.54
2010-07-05,20718,101.0,128.77,1.5524,4.0,Bags & Storage,2.57,1.54
2010-07-12,20718,280.0,540.26,1.439,5.0,Bags & Storage,2.57,1.54
2010-07-19,20718,274.0,309.53999999999996,1.4336111111111112,6.0,Bags & Storage,2.57,1.54
2010-07-26,20718,84.0,108.78,1.3969999999999998,5.0,Bags & Storage,2.57,1.54
2010-08-02,20718,116.0,147.51999999999998,1.39,6.0,Bags & Storage,2.57,1.54
2010-08-09,20718,271.0,424.37,1.7839166666666666,5.0,Bags & Storage,2.57,1.54
2010-08-16,20718,113.0,143.77,1.39,6.0,Bags & Storage,2.57,1.54
2010-08-23,20718,50.0,66.28,1.502,5.0,Bags & Storage,2.57,1.54
2010-08-30,20718,251.0,313.28999999999996,1.7941666666666667,3.0,Bags & Storage,2.57,1.54
2010-09-06,20718,67.0,87.53,1.565,5.0,Bags & Storage,2.57,1.54
2010-09-13,20718,218.0,253.5,1.2341666666666666,6.0,Bags & Storage,2.57,1.54
2010-09-20,20718,241.0,293.2,1.7013333333333331,3.0,Bags & Storage,2.57,1.54
2010-09-27,20718,211.0,272.59,1.4445,6.0,Bags & Storage,2.57,1.54
2010-10-04,20718,172.0,202.3,1.4494444444444445,6.0,Bags & Storage,2.57,1.54
2010-10-11,20718,116.0,147.51999999999998,1.334,5.0,Bags & Storage,2.57,1.54
2010-10-18,20718,65.0,89.25,1.935,3.0,Bags & Storage,2.57,1.54
2010-10-25,20718,83.0,130.32999999999998,1.8116666666666665,3.0,Bags & Storage,2.57,1.54
2010-11-01,20718,497.0,547.77,1.3926666666666665,5.0,Bags & Storage,2.57,1.54
2010-11-08,20718,84.0,169.52999999999997,1.9161666666666666,3.0,Bags & Storage,2.57,1.54
2010-11-15,20718,173.0,255.89,2.0509999999999997,4.0,Bags & Storage,2.57,1.54
2010-11-22,20718,104.0,191.15999999999997,1.8562999999999998,5.0,Bags & Storage,2.57,1.54
2010-11-29,20718,210.0,346.45000000000005,1.9616666666666667,4.0,Bags & Storage,2.57,1.54
2010-12-06,20718,133.0,274.68,1.6830555555555555,5.0,Bags & Storage,2.57,1.54
2010-12-13,20718,76.0,146.46,1.966,4.0,Bags & Storage,2.57,1.54
2010-12-20,20718,31.0,101.61,2.935,0.0,Bags & Storage,2.57,1.54
2011-01-03,20718,60.0,97.36,1.4184999999999999,5.0,Bags & Storage,2.57,1.54
2011-01-10,20718,148.0,204.16,1.8293333333333333,4.0,Bags & Storage,2.57,1.54
2011-01-17,20718,178.0,230.39999999999998,2.0913333333333335,4.0,Bags & Storage,2.57,1.54
2011-01-24,20718,74.0,100.66,1.76,4.0,Bags & Storage,2.57,1.54
2011-01-31,20718,101.0,128.29,1.454,5.0,Bags & Storage,2.57,1.54
2011-02-07,20718,164.0,188.42000000000002,1.6058333333333334,3.0,Bags & Storage,2.57,1.54
2011-02-14,20718,60.0,77.42,1.4516666666666669,3.0,Bags & Storage,2.57,1.54
2011-02-21,20718,41.0,52.46,1.3844444444444444,3.0,Bags & Storage,2.57,1.54
2011-02-28,20718,25.0,32.46,1.40125,4.0,Bags & Storage,2.57,1.54
2011-03-07,20718,38.0,50.75,1.68,3.0,Bags & Storage,2.57,1.54
2011-03-14,20718,21.0,33.58,1.7916666666666665,2.0,Bags & Storage,2.57,1.54
2011-03-21,20718,255.0,283.17,1.31375,4.0,Bags & Storage,2.57,1.54
2011-03-28,20718,57.0,71.25,1.25,5.0,Bags & Storage,2.57,1.54
2011-04-04,20718,37.0,47.46,1.3844444444444444,3.0,Bags & Storage,2.57,1.54
2011-04-11,20718,80.0,100.0,1.25,6.0,Bags & Storage,2.57,1.54
2011-04-18,20718,55.0,76.00999999999999,1.492,4.0,Bags & Storage,2.57,1.54
2011-04-25,20718,31.0,40.79,1.76,2.0,Bags & Storage,2.57,1.54
2011-05-02,20718,100.0,127.42000000000002,1.386125,4.0,Bags & Storage,2.57,1.54
2011-05-09,20718,92.0,143.11,1.7236666666666667,5.0,Bags & Storage,2.57,1.54
2011-05-16,20718,91.0,124.33,1.7866,4.0,Bags & Storage,2.57,1.54
2011-05-23,20718,147.0,174.12,1.8079999999999998,4.0,Bags & Storage,2.57,1.54
2011-05-30,20718,40.0,63.0,2.195,2.0,Bags & Storage,2.57,1.54
2011-06-06,20718,166.0,199.91,1.624,4.0,Bags & Storage,2.57,1.54
2011-06-13,20718,205.0,241.71,1.5018333333333334,5.0,Bags & Storage,2.57,1.54
2011-06-20,20718,161.0,196.07999999999998,1.8683333333333334,3.0,Bags & Storage,2.57,1.54
2011-06-27,20718,86.0,116.87,1.9405555555555554,5.0,Bags & Storage,2.57,1.54
2011-07-04,20718,45.0,79.83,2.21375,2.0,Bags & Storage,2.57,1.54
2011-07-11,20718,27.0,39.04,1.8925,2.0,Bags & Storage,2.57,1.54
2011-07-18,20718,86.0,120.5,1.8819444444444444,5.0,Bags & Storage,2.57,1.54
2011-07-25,20718,27.0,34.96,1.40125,4.0,Bags & Storage,2.57,1.54
2011-08-01,20718,98.0,127.34,1.4516666666666667,4.0,Bags & Storage,2.57,1.54
2011-08-08,20718,66.0,116.73,1.6960000000000002,5.0,Bags & Storage,2.57,1.54
2011-08-15,20718,147.0,187.82999999999998,1.505,4.0,Bags & Storage,2.57,1.54
2011-08-22,20718,61.0,84.41,1.7033333333333334,5.0,Bags & Storage,2.57,1.54
2011-08-29,20718,72.0,111.85,1.8913333333333333,3.0,Bags & Storage,2.57,1.54
2011-09-05,20718,73.0,112.03,1.5880555555555553,5.0,Bags & Storage,2.57,1.54
2011-09-12,20718,26.0,56.91,2.4925,1.0,Bags & Storage,2.57,1.54
2011-09-19,20718,78.0,107.25,1.7916666666666667,5.0,Bags & Storage,2.57,1.54
2011-09-26,20718,43.0,54.96,1.371,5.0,Bags & Storage,2.57,1.54
2011-10-03,20718,46.0,58.71,1.40125,4.0,Bags & Storage,2.57,1.54
2011-10-10,20718,34.0,42.5,1.25,4.0,Bags & Storage,2.57,1.54
2011-10-17,20718,149.0,215.05,1.5765277777777778,6.0,Bags & Storage,2.57,1.54
2011-10-24,20718,60.0,88.0,1.555,6.0,Bags & Storage,2.57,1.54
2011-10-31,20718,165.0,210.31,1.7225000000000001,4.0,Bags & Storage,2.57,1.54
2011-11-07,20718,125.0,186.70999999999998,2.0623055555555556,4.0,Bags & Storage,2.57,1.54
2011-11-14,20718,103.0,139.71,1.5813333333333333,5.0,Bags & Storage,2.57,1.54
2011-11-21,20718,68.0,105.33,1.8934523809523809,4.0,Bags & Storage,2.57,1.54
2011-11-28,20718,111.0,175.71,1.8641666666666667,4.0,Bags & Storage,2.57,1.54
2011-12-05,20718,264.0,326.61,2.071066666666667,3.0,Bags & Storage,2.57,1.54
