data/processed/weekly_panel.csv
week_start,sku_id,units_sold,revenue,avg_price,promo_days,category,list_price,unit_cost
2009-11-30,20719,78.0,95.2,1.3175,3.0,Bags & Storage,1.66,1.0
2009-12-07,20719,265.0,214.65,1.0716666666666665,6.0,Bags & Storage,1.66,1.0
2009-12-14,20719,250.0,215.64999999999998,1.0139583333333333,6.0,Bags & Storage,1.66,1.0
2009-12-21,20719,27.0,28.9,1.275,1.0,Bags & Storage,1.66,1.0
2010-01-04,20719,0.0,0.0,1.275,0.0,Bags & Storage,1.66,1.0
2010-01-11,20719,82.0,77.88,1.1908333333333332,4.0,Bags & Storage,1.66,1.0
2010-01-18,20719,303.0,239.65,1.0790277777777777,6.0,Bags & Storage,1.66,1.0
2010-01-25,20719,417.0,325.98,1.1613888888888888,5.0,Bags & Storage,1.66,1.0
2010-02-01,20719,197.0,153.47,0.9455,5.0,Bags & Storage,1.66,1.0
2010-02-08,20719,236.0,189.22,0.8958333333333334,6.0,Bags & Storage,1.66,1.0
2010-02-15,20719,145.0,112.67999999999999,0.999,5.0,Bags & Storage,1.66,1.0
2010-02-22,20719,97.0,79.67999999999999,1.0902777777777777,5.0,Bags & Storage,1.66,1.0
2010-03-01,20719,74.0,66.14,1.093,4.0,Bags & Storage,1.66,1.0
2010-03-08,20719,268.0,207.47,1.1175,4.0,Bags & Storage,1.66,1.0
2010-03-15,20719,151.0,130.78,0.94,6.0,Bags & Storage,1.66,1.0
2010-03-22,20719,188.0,150.04,0.9914,5.0,Bags & Storage,1.66,1.0
2010-03-29,20719,253.0,203.82,0.9795416666666666,4.0,Bags & Storage,1.66,1.0
2010-04-05,20719,407.0,312.62,0.9795,5.0,Bags & Storage,1.66,1.0
2010-04-12,20719,89.0,69.15,0.8283333333333333,3.0,Bags & Storage,1.66,1.0
2010-04-19,20719,148.0,142.32,1.1859027777777778,4.0,Bags & Storage,1.66,1.0
2010-04-26,20719,203.0,175.79,0.9737499999999999,6.0,Bags & Storage,1.66,1.0
2010-05-03,20719,355.0,277.84,1.060125,4.0,Bags & Storage,1.66,1.0
2010-05-10,20719,155.0,133.37,0.985,4.0,Bags & Storage,1.66,1.0
2010-05-17,20719,144.0,125.64,1.0975,5.0,Bags & Storage,1.66,1.0
2010-05-24,20719,106.0,98.2,1.22125,3.0,Bags & Storage,1.66,1.0
2010-05-31,20719,295.0,247.42999999999998,1.1026666666666667,4.0,Bags & Storage,1.66,1.0
2010-06-07,20719,216.0,199.46,1.0970277777777777,5.0,Bags & Storage,1.66,1.0
2010-06-14,20719,125.0,116.78,1.0849,4.0,Bags & Storage,1.66,1.0
2010-06-21,20719,122.0,148.73,1.3129166666666665,4.0,Bags & Storage,1.66,1.0
2010-06-28,20719,195.0,167.69,0.8683333333333334,5.0,Bags & Storage,1.66,1.0
2010-07-05,20719,204.0,163.64,1.0033333333333334,5.0,Bags & Storage,1.66,1.0
2010-07-12,20719,161.0,131.95,1.134,5.0,Bags & Storage,1.66,1.0
2010-07-19,20719,174.0,137.33,1.0025,4.0,Bags & Storage,1.66,1.0
2010-07-26,20719,73.0,65.29,1.103125,4.0,Bags & Storage,1.66,1.0
2010-08-02,20719,158.0,135.75,0.9179999999999999,5.0,Bags & Storage,1.66,1.0
2010-08-09,20719,661.0,1043.06,1.205111111111111,5.0,Bags & Storage,1.66,1.0
2010-08-16,20719,406.0,329.63,0.9408333333333333,6.0,Bags & Storage,1.66,1.0
2010-08-23,20719,133.0,115.47999999999999,1.039,5.0,Bags & Storage,1.66,1.0
2010-08-30,20719,295.0,418.24999999999994,1.0545,5.0,Bags & Storage,1.66,1.0
2010-09-06,20719,237.0,193.31,1.0068,5.0,Bags & Storage,1.66,1.0
2010-09-13,20719,483.0,369.76,0.8922222222222222,6.0,Bags & Storage,1.66,1.0
2010-09-20,20719,397.0,437.13,1.115,6.0,Bags & Storage,1.66,1.0
2010-09-27,20719,251.0,304.89,1.0192,5.0,Bags & Storage,1.66,1.0
2010-10-04,20719,284.0,313.84,1.1259166666666667,5.0,Bags & Storage,1.66,1.0
2010-10-11,20719,268.0,320.19,0.9460000000000001,6.0,Bags & Storage,1.66,1.0
2010-10-18,20719,104.0,164.42,1.3675000000000002,3.0,Bags & Storage,1.66,1.0
2010-10-25,20719,203.0,244.96999999999997,1.0978285714285714,4.0,Bags & Storage,1.66,1.0
2010-11-01,20719,234.0,189.95,1.0055,4.0,Bags & Storage,1.66,1.0
2010-11-08,20719,366.0,382.78999999999996,1.0616190476190475,6.0,Bags & Storage,1.66,1.0
2010-11-15,20719,222.0,202.63,1.1368333333333334,5.0,Bags & Storage,1.66,1.0
2010-11-22,20719,175.0,259.69,1.4290666666666667,3.0,Bags & Storage,1.66,1.0
2010-11-29,20719,363.0,543.85,1.2,4.0,Bags & Storage,1.66,1.0
2010-12-06,20719,255.0,543.86,1.4833666666666665,3.0,Bags & Storage,1.66,1.0
2010-12-13,20719,161.0,266.68999999999994,1.3043333333333333,2.0,Bags & Storage,1.66,1.0
2010-12-20,20719,374.0,489.13999999999993,1.5841666666666665,2.0,Bags & Storage,1.66,1.0
2011-01-03,20719,202.0,244.65999999999997,1.2441666666666666,4.0,Bags & Storage,1.66,1.0
2011-01-10,20719,268.0,355.53,1.279,4.0,Bags & Storage,1.66,1.0
2011-01-17,20719,193.0,267.9,1.2231999999999998,4.0,Bags & Storage,1.66,1.0
2011-01-24,20719,228.0,236.75,1.04375,6.0,Bags & Storage,1.66,1.0
2011-01-31,20719,141.0,185.03,1.533,3.0,Bags & Storage,1.66,1.0
2011-02-07,20719,73.0,156.83999999999997,1.7738888888888888,0.0,Bags & Storage,1.66,1.0
2011-02-14,20719,256.0,258.46,1.115,5.0,Bags & Storage,1.66,1.0
2011-02-21,20719,398.0,394.14,1.4200833333333334,4.0,Bags & Storage,1.66,1.0
2011-02-28,20719,158.0,120.26,0.98,5.0,Bags & Storage,1.66,1.0
2011-03-07,20719,353.0,583.97,1.5198333333333331,2.0,Bags & Storage,1.66,1.0
2011-03-14,20719,289.0,331.74,1.2375666666666667,4.0,Bags & Storage,1.66,1.0
2011-03-21,20719,253.0,254.04,1.0843333333333334,4.0,Bags & Storage,1.66,1.0
2011-03-28,20719,612.0,835.12,1.1960714285714285,3.0,Bags & Storage,1.66,1.0
2011-04-04,20719,211.0,290.27000000000004,1.2844444444444443,4.0,Bags & Storage,1.66,1.0
2011-04-11,20719,162.0,274.55,1.073611111111111,5.0,Bags & Storage,1.66,1.0
2011-04-18,20719,106.0,162.2,1.48,3.0,Bags & Storage,1.66,1.0
2011-04-25,20719,105.0,139.20999999999998,1.0925,2.0,Bags & Storage,1.66,1.0
2011-05-02,20719,243.0,260.87,1.1804666666666666,4.0,Bags & Storage,1.66,1.0
2011-05-09,20719,396.0,444.13,1.2198333333333333,3.0,Bags & Storage,1.66,1.0
2011-05-16,20719,126.0,150.36999999999998,1.2529166666666667,5.0,Bags & Storage,1.66,1.0
2011-05-23,20719,332.0,333.23,1.0513333333333332,4.0,Bags & Storage,1.66,1.0
2011-05-30,20719,95.0,89.47999999999999,1.1644999999999999,4.0,Bags & Storage,1.66,1.0
2011-06-06,20719,335.0,353.53999999999996,1.1054,5.0,Bags & Storage,1.66,1.0
2011-06-13,20719,333.0,313.35,1.1223611111111111,5.0,Bags & Storage,1.66,1.0
2011-06-20,20719,251.0,258.01,1.0864285714285715,6.0,Bags & Storage,1.66,1.0
2011-06-27,20719,522.0,501.93000000000006,1.0383333333333333,5.0,Bags & Storage,1.66,1.0
2011-07-04,20719,152.0,227.89000000000001,1.4182539682539683,4.0,Bags & Storage,1.66,1.0
2011-07-11,20719,113.0,144.3,1.0491666666666666,3.0,Bags & Storage,1.66,1.0
2011-07-18,20719,283.0,336.97999999999996,1.1530333333333334,4.0,Bags & Storage,1.66,1.0
2011-07-25,20719,174.0,168.68,1.0709,4.0,Bags & Storage,1.66,1.0
2011-08-01,20719,217.0,274.36,1.1777380952380951,5.0,Bags & Storage,1.66,1.0
2011-08-08,20719,567.0,506.4,1.023611111111111,5.0,Bags & Storage,1.66,1.0
2011-08-15,20719,275.0,285.15,0.9452083333333333,4.0,Bags & Storage,1.66,1.0
2011-08-22,20719,190.0,291.91,1.0646666666666667,5.0,Bags & Storage,1.66,1.0
2011-08-29,20719,129.0,209.6,1.2944375,3.0,Bags & Storage,1.66,1.0
2011-09-05,20719,157.0,244.29000000000002,1.3637777777777778,4.0,Bags & Storage,1.66,1.0
2011-09-12,20719,250.0,287.17,1.1927777777777777,5.0,Bags & Storage,1.66,1.0
2011-09-19,20719,466.0,427.59000000000003,1.3873,4.0,Bags & Storage,1.66,1.0
2011-09-26,20719,116.0,138.07,1.2515,3.0,Bags & Storage,1.66,1.0
2011-10-03,20719,179.0,279.14,1.2328333333333334,5.0,Bags & Storage,1.66,1.0
2011-10-10,20719,199.0,276.77,1.2986666666666666,3.0,Bags & Storage,1.66,1.0
2011-10-17,20719,311.0,388.72999999999996,1.2728333333333333,5.0,Bags & Storage,1.66,1.0
2011-10-24,20719,244.0,281.87,1.1841111111111111,4.0,Bags & Storage,1.66,1.0
2011-10-31,20719,145.0,233.94,1.342361111111111,3.0,Bags & Storage,1.66,1.0
2011-11-07,20719,213.0,311.10999999999996,1.1554380952380954,4.0,Bags & Storage,1.66,1.0
2011-11-14,20719,299.0,435.18,1.2654166666666666,5.0,Bags & Storage,1.66,1.0
2011-11-21,20719,241.0,421.75,1.4294761904761906,5.0,Bags & Storage,1.66,1.0
2011-11-28,20719,327.0,635.5,1.4637222222222224,4.0,Bags & Storage,1.66,1.0
2011-12-05,20719,358.0,522.74,1.3575714285714284,4.0,Bags & Storage,1.66,1.0
2009-11-30,20723,106.0,100.3,1.02,5.0,Bags & Storage,1.66,1.0
2009-12-07,20723,251.0,199.25,1.365,2.0,Bags & Storage,1.66,1.0
2009-12-14,20723,89.0,84.15,1.105,5.0,Bags & Storage,1.66,1.0
2009-12-21,20723,25.0,24.65,1.16875,2.0,Bags & Storage,1.66,1.0
2010-01-04,20723,41.0,34.85,0.85,3.0,Bags & Storage,1.66,1.0
2010-01-11,20723,157.0,125.35000000000001,1.1655,4.0,Bags & Storage,1.66,1.0
2010-01-18,20723,42.0,37.32,1.1199999999999999,3.0,Bags & Storage,1.66,1.0
2010-01-25,20723,201.0,161.08999999999997,1.0168333333333333,5.0,Bags & Storage,1.66,1.0
2010-02-01,20723,46.0,36.5,0.83375,4.0,Bags & Storage,1.66,1.0
2010-02-08,20723,51.0,43.35,0.85,3.0,Bags & Storage,1.66,1.0
2010-02-15,20723,136.0,107.46,1.1037499999999998,3.0,Bags & Storage,1.66,1.0
2010-02-22,20723,111.0,90.77,0.9582,5.0,Bags & Storage,1.66,1.0
2010-03-01,20723,77.0,66.26,1.012,4.0,Bags & Storage,1.66,1.0
2010-03-08,20723,89.0,77.59,1.0125,5.0,Bags & Storage,1.66,1.0
2010-03-15,20723,218.0,174.73,0.938,5.0,Bags & Storage,1.66,1.0
2010-03-22,20723,168.0,131.42000000000002,0.8925,4.0,Bags & Storage,1.66,1.0
2010-03-29,20723,220.0,174.15,1.0038333333333334,3.0,Bags & Storage,1.66,1.0
2010-04-05,20723,194.0,153.52,0.9581999999999999,5.0,Bags & Storage,1.66,1.0
2010-04-12,20723,102.0,86.7,0.85,5.0,Bags & Storage,1.66,1.0
2010-04-19,20723,103.0,93.22,1.08625,5.0,Bags & Storage,1.66,1.0
2010-04-26,20723,260.0,214.48000000000002,0.8726666666666666,6.0,Bags & Storage,1.66,1.0
2010-05-03,20723,516.0,391.14,0.9356666666666665,5.0,Bags & Storage,1.66,1.0
2010-05-10,20723,95.0,82.37,1.1199999999999999,4.0,Bags & Storage,1.66,1.0
2010-05-17,20723,346.0,269.72,0.8801,5.0,Bags & Storage,1.66,1.0
2010-05-24,20723,187.0,170.12,1.0331142857142859,4.0,Bags & Storage,1.66,1.0
2010-05-31,20723,81.0,84.24,1.1335,4.0,Bags & Storage,1.66,1.0
2010-06-07,20723,174.0,151.60999999999999,0.9120833333333334,6.0,Bags & Storage,1.66,1.0
2010-06-14,20723,150.0,136.54,0.9209666666666667,5.0,Bags & Storage,1.66,1.0
2010-06-21,20723,68.0,62.660000000000004,1.0984,4.0,Bags & Storage,1.66,1.0
2010-06-28,20723,214.0,183.84,0.9326857142857143,5.0,Bags & Storage,1.66,1.0
2010-07-05,20723,104.0,95.69,1.1649999999999998,4.0,Bags & Storage,1.66,1.0
2010-07-12,20723,263.0,199.0,1.2063333333333333,4.0,Bags & Storage,1.66,1.0
2010-07-19,20723,201.0,170.85,0.85,6.0,Bags & Storage,1.66,1.0
2010-07-26,20723,332.0,257.82,0.8841666666666667,6.0,Bags & Storage,1.66,1.0
2010-08-02,20723,284.0,238.12,0.8775000000000001,5.0,Bags & Storage,1.66,1.0
2010-08-09,20723,279.0,511.01,1.2163690476190476,4.0,Bags & Storage,1.66,1.0
2010-08-16,20723,65.0,56.06,0.9512499999999999,4.0,Bags & Storage,1.66,1.0
2010-08-23,20723,56.0,48.41,0.9512499999999999,4.0,Bags & Storage,1.66,1.0
2010-08-30,20723,142.0,191.02999999999997,1.1404666666666665,5.0,Bags & Storage,1.66,1.0
2010-09-06,20723,73.0,68.53,1.255,4.0,Bags & Storage,1.66,1.0
2010-09-13,20723,89.0,78.08,0.9715,5.0,Bags & Storage,1.66,1.0
2010-09-20,20723,199.0,201.78,0.9705555555555555,6.0,Bags & Storage,1.66,1.0
2010-09-27,20723,152.0,177.3,1.1716666666666666,5.0,Bags & Storage,1.66,1.0
2010-10-04,20723,94.0,112.92999999999999,1.2176666666666667,3.0,Bags & Storage,1.66,1.0
2010-10-11,20723,402.0,340.03,0.9588333333333333,5.0,Bags & Storage,1.66,1.0
2010-10-18,20723,62.0,81.72999999999999,1.263,4.0,Bags & Storage,1.66,1.0
2010-10-25,20723,119.0,135.39,1.1263333333333332,3.0,Bags & Storage,1.66,1.0
2010-11-01,20723,146.0,128.95999999999998,0.92875,6.0,Bags & Storage,1.66,1.0
2010-11-08,20723,277.0,330.18999999999994,1.3040555555555555,4.0,Bags & Storage,1.66,1.0
2010-11-15,20723,242.0,246.51,1.1516666666666666,6.0,Bags & Storage,1.66,1.0
2010-11-22,20723,242.0,289.51,1.4015,3.0,Bags & Storage,1.66,1.0
2010-11-29,20723,186.0,173.28,1.2555555555555555,4.0,Bags & Storage,1.66,1.0
2010-12-06,20723,172.0,334.31,1.5006388888888889,2.0,Bags & Storage,1.66,1.0
2010-12-13,20723,129.0,239.85999999999999,1.2570000000000001,3.0,Bags & Storage,1.66,1.0
2010-12-20,20723,105.0,209.45,1.8455555555555554,1.0,Bags & Storage,1.66,1.0
2011-01-03,20723,155.0,145.26999999999998,1.1684999999999999,3.0,Bags & Storage,1.66,1.0
2011-01-10,20723,108.0,158.64999999999998,1.388,3.0,Bags & Storage,1.66,1.0
2011-01-17,20723,45.0,91.28,1.6425,1.0,Bags & Storage,1.66,1.0
2011-01-24,20723,139.0,160.10999999999999,1.134,5.0,Bags & Storage,1.66,1.0
2011-01-31,20723,24.0,55.81999999999999,1.9233333333333331,1.0,Bags & Storage,1.66,1.0
2011-02-07,20723,117.0,163.7,1.2748888888888887,2.0,Bags & Storage,1.66,1.0
2011-02-14,20723,71.0,107.82,1.167,3.0,Bags & Storage,1.66,1.0
2011-02-21,20723,272.0,253.39999999999998,1.3805555555555555,4.0,Bags & Storage,1.66,1.0
2011-02-28,20723,123.0,105.33,0.8716666666666666,6.0,Bags & Storage,1.66,1.0
2011-03-07,20723,265.0,338.61,1.4045,3.0,Bags & Storage,1.66,1.0
2011-03-14,20723,140.0,175.29,1.1075,4.0,Bags & Storage,1.66,1.0
2011-03-21,20723,138.0,159.89000000000001,1.0085000000000002,4.0,Bags & Storage,1.66,1.0
2011-03-28,20723,353.0,413.29,1.174,3.0,Bags & Storage,1.66,1.0
2011-04-04,20723,173.0,221.01,1.2008333333333334,4.0,Bags & Storage,1.66,1.0
2011-04-11,20723,229.0,249.26999999999998,1.12525,3.0,Bags & Storage,1.66,1.0
2011-04-18,20723,131.0,116.08000000000001,1.1466666666666667,4.0,Bags & Storage,1.66,1.0
2011-04-25,20723,125.0,107.95999999999998,0.9984999999999999,3.0,Bags & Storage,1.66,1.0
2011-05-02,20723,121.0,142.17000000000002,1.0865,5.0,Bags & Storage,1.66,1.0
2011-05-09,20723,379.0,382.21,1.2917333333333332,3.0,Bags & Storage,1.66,1.0
2011-05-16,20723,120.0,137.32,1.3783333333333332,4.0,Bags & Storage,1.66,1.0
2011-05-23,20723,147.0,206.18,1.0345,5.0,Bags & Storage,1.66,1.0
2011-05-30,20723,80.0,103.37,1.167,3.0,Bags & Storage,1.66,1.0
2011-06-06,20723,278.0,318.14,1.2044642857142858,5.0,Bags & Storage,1.66,1.0
2011-06-13,20723,108.0,138.49,1.0847916666666666,4.0,Bags & Storage,1.66,1.0
2011-06-20,20723,246.0,215.42,1.0058,4.0,Bags & Storage,1.66,1.0
2011-06-27,20723,353.0,349.73999999999995,1.0297222222222222,6.0,Bags & Storage,1.66,1.0
2011-07-04,20723,194.0,270.96,1.1581944444444445,5.0,Bags & Storage,1.66,1.0
2011-07-11,20723,102.0,134.9,1.284,3.0,Bags & Storage,1.66,1.0
2011-07-18,20723,272.0,324.99,1.0643055555555556,6.0,Bags & Storage,1.66,1.0
2011-07-25,20723,118.0,117.13,1.0085,5.0,Bags & Storage,1.66,1.0
2011-08-01,20723,307.0,332.4,0.95675,6.0,Bags & Storage,1.66,1.0
2011-08-08,20723,472.0,448.04999999999995,0.9856944444444444,5.0,Bags & Storage,1.66,1.0
2011-08-15,20723,142.0,188.32,1.011,4.0,Bags & Storage,1.66,1.0
2011-08-22,20723,192.0,292.0,1.05125,5.0,Bags & Storage,1.66,1.0
2011-08-29,20723,172.0,232.82,1.4714999999999998,1.0,Bags & Storage,1.66,1.0
2011-09-05,20723,334.0,361.67,1.308888888888889,4.0,Bags & Storage,1.66,1.0
2011-09-12,20723,355.0,371.59,1.113361111111111,5.0,Bags & Storage,1.66,1.0
2011-09-19,20723,216.0,246.07,1.3995000000000002,2.0,Bags & Storage,1.66,1.0
2011-09-26,20723,94.0,121.81,1.393,3.0,Bags & Storage,1.66,1.0
2011-10-03,20723,160.0,286.40999999999997,1.2734999999999999,4.0,Bags & Storage,1.66,1.0
2011-10-10,20723,167.0,229.47,1.2700666666666667,5.0,Bags & Storage,1.66,1.0
2011-10-17,20723,137.0,256.37,1.3106666666666666,5.0,Bags & Storage,1.66,1.0
2011-10-24,20723,155.0,207.37,1.2586666666666666,5.0,Bags & Storage,1.66,1.0
2011-10-31,20723,179.0,259.72,1.342361111111111,3.0,Bags & Storage,1.66,1.0
2011-11-07,20723,143.0,242.98,1.2068333333333334,3.0,Bags & Storage,1.66,1.0
2011-11-14,20723,169.0,254.86999999999998,1.2766666666666666,5.0,Bags & Storage,1.66,1.0
2011-11-21,20723,343.0,502.91999999999996,1.2841269841269842,4.0,Bags & Storage,1.66,1.0
2011-11-28,20723,270.0,550.52,1.6350555555555555,2.0,Bags & Storage,1.66,1.0
2011-12-05,20723,230.0,486.71,1.4848333333333332,3.0,Bags & Storage,1.66,1.0
