data/processed/weekly_panel.csv
week_start,sku_id,units_sold,revenue,avg_price,promo_days,category,list_price,unit_cost
2009-11-30,20726,109.0,182.5,1.7825,5.0,Bags & Storage,4.21,2.53
2009-12-07,20726,124.0,217.85,2.0916666666666663,6.0,Bags & Storage,4.21,2.53
2009-12-14,20726,410.0,663.0,2.3186111111111107,6.0,Bags & Storage,4.21,2.53
2009-12-21,20726,2.0,8.6,4.3,0.0,Bags & Storage,4.21,2.53
2010-01-04,20726,467.0,690.55,1.6166666666666665,5.0,Bags & Storage,4.21,2.53
2010-01-11,20726,96.0,166.07999999999998,2.236666666666667,4.0,Bags & Storage,4.21,2.53
2010-01-18,20726,101.0,174.32999999999998,2.0766666666666667,5.0,Bags & Storage,4.21,2.53
2010-01-25,20726,368.0,592.3199999999999,1.9366666666666665,6.0,Bags & Storage,4.21,2.53
2010-02-01,20726,186.0,289.46,2.1486666666666663,4.0,Bags & Storage,4.21,2.53
2010-02-08,20726,238.0,375.26,1.7455555555555555,6.0,Bags & Storage,4.21,2.53
2010-02-15,20726,50.0,87.62,2.162,5.0,Bags & Storage,4.21,2.53
2010-02-22,20726,80.0,134.56,1.7922222222222224,6.0,Bags & Storage,4.21,2.53
2010-03-01,20726,129.0,215.41,1.792222222222222,6.0,Bags & Storage,4.21,2.53
2010-03-08,20726,267.0,430.78999999999996,1.926111111111111,6.0,Bags & Storage,4.21,2.53
2010-03-15,20726,122.0,208.98,1.9242857142857142,6.0,Bags & Storage,4.21,2.53
2010-03-22,20726,92.0,151.8,1.65,5.0,Bags & Storage,4.21,2.53
2010-03-29,20726,211.0,338.95,2.0926666666666667,4.0,Bags & Storage,4.21,2.53
2010-04-05,20726,113.0,189.01,1.7524000000000002,5.0,Bags & Storage,4.21,2.53
2010-04-12,20726,233.0,364.45,1.64,5.0,Bags & Storage,4.21,2.53
2010-04-19,20726,145.0,254.60999999999999,2.133555555555555,6.0,Bags & Storage,4.21,2.53
2010-04-26,20726,254.0,421.66,1.7353333333333332,6.0,Bags & Storage,4.21,2.53
2010-05-03,20726,402.0,626.9799999999999,2.113111111111111,5.0,Bags & Storage,4.21,2.53
2010-05-10,20726,220.0,350.68,2.0256666666666665,6.0,Bags & Storage,4.21,2.53
2010-05-17,20726,111.0,183.15,1.65,4.0,Bags & Storage,4.21,2.53
2010-05-24,20726,177.0,302.29,2.27984126984127,5.0,Bags & Storage,4.21,2.53
2010-05-31,20726,264.0,418.64,2.7603999999999997,4.0,Bags & Storage,4.21,2.53
2010-06-07,20726,2556.0,3752.2000000000003,1.8863888888888887,6.0,Bags & Storage,4.21,2.53
2010-06-14,20726,164.0,278.28,1.9344444444444442,6.0,Bags & Storage,4.21,2.53
2010-06-21,20726,202.0,340.98,1.9486666666666663,6.0,Bags & Storage,4.21,2.53
2010-06-28,20726,274.0,437.22,1.8719999999999999,6.0,Bags & Storage,4.21,2.53
2010-07-05,20726,157.0,269.29,2.105111111111111,6.0,Bags & Storage,4.21,2.53
2010-07-12,20726,225.0,356.37,1.8194444444444444,6.0,Bags & Storage,4.21,2.53
2010-07-19,20726,185.0,310.37,1.8633333333333333,6.0,Bags & Storage,4.21,2.53
2010-07-26,20726,226.0,385.7,1.8988888888888888,6.0,Bags & Storage,4.21,2.53
2010-08-02,20726,198.0,329.26,1.8206666666666664,5.0,Bags & Storage,4.21,2.53
2010-08-09,20726,413.0,876.75,2.2291666666666665,6.0,Bags & Storage,4.21,2.53
2010-08-16,20726,196.0,336.2,2.0482222222222224,6.0,Bags & Storage,4.21,2.53
2010-08-23,20726,138.0,232.82,1.9344444444444442,6.0,Bags & Storage,4.21,2.53
2010-08-30,20726,276.0,575.22,2.1950499999999997,5.0,Bags & Storage,4.21,2.53
2010-09-06,20726,213.0,354.01,1.7139999999999997,5.0,Bags & Storage,4.21,2.53
2010-09-13,20726,71.0,119.71,1.778,5.0,Bags & Storage,4.21,2.53
2010-09-20,20726,256.0,449.29,1.9749999999999999,6.0,Bags & Storage,4.21,2.53
2010-09-27,20726,206.0,382.14,2.2053333333333334,5.0,Bags & Storage,4.21,2.53
2010-10-04,20726,101.0,205.87,2.0663690476190477,6.0,Bags & Storage,4.21,2.53
2010-10-11,20726,280.0,475.25,1.7838095238095235,6.0,Bags & Storage,4.21,2.53
2010-10-18,20726,58.0,117.02,2.858333333333333,4.0,Bags & Storage,4.21,2.53
2010-10-25,20726,98.0,188.98,1.9341666666666664,6.0,Bags & Storage,4.21,2.53
2010-11-01,20726,200.0,347.91999999999996,2.0885185185185184,6.0,Bags & Storage,4.21,2.53
2010-11-08,20726,120.0,244.04,2.064583333333333,6.0,Bags & Storage,4.21,2.53
2010-11-15,20726,154.0,310.39,2.4421626984126985,6.0,Bags & Storage,4.21,2.53
2010-11-22,20726,138.0,273.74,2.2184999999999997,6.0,Bags & Storage,4.21,2.53
2010-11-29,20726,231.0,425.95,2.098444444444444,6.0,Bags & Storage,4.21,2.53
2010-12-06,20726,104.0,278.18,2.787111111111111,5.0,Bags & Storage,4.21,2.53
2010-12-13,20726,137.0,288.29,2.3325,4.0,Bags & Storage,4.21,2.53
2010-12-20,20726,232.0,417.82,3.3216666666666668,2.0,Bags & Storage,4.21,2.53
2011-01-03,20726,182.0,334.4,1.8631249999999997,4.0,Bags & Storage,4.21,2.53
2011-01-10,20726,138.0,308.79,2.2704999999999997,5.0,Bags & Storage,4.21,2.53
2011-01-17,20726,88.0,214.70999999999998,2.7533333333333334,3.0,Bags & Storage,4.21,2.53
2011-01-24,20726,177.0,317.70000000000005,1.8816,5.0,Bags & Storage,4.21,2.53
2011-01-31,20726,103.0,172.43,1.7739999999999998,5.0,Bags & Storage,4.21,2.53
2011-02-07,20726,35.0,65.19,2.146,4.0,Bags & Storage,4.21,2.53
2011-02-14,20726,219.0,346.31,1.9088888888888889,6.0,Bags & Storage,4.21,2.53
2011-02-21,20726,67.0,110.55,1.65,4.0,Bags & Storage,4.21,2.53
2011-02-28,20726,61.0,108.09,2.013733333333333,5.0,Bags & Storage,4.21,2.53
2011-03-07,20726,93.0,158.41,1.836,6.0,Bags & Storage,4.21,2.53
2011-03-14,20726,220.0,362.84,2.0297142857142854,5.0,Bags & Storage,4.21,2.53
2011-03-21,20726,132.0,255.02999999999997,2.5736666666666665,4.0,Bags & Storage,4.21,2.53
2011-03-28,20726,528.0,820.1600000000001,2.183266666666667,5.0,Bags & Storage,4.21,2.53
2011-04-04,20726,137.0,228.52999999999997,1.7326666666666666,6.0,Bags & Storage,4.21,2.53
2011-04-11,20726,127.0,305.54,2.4774999999999996,5.0,Bags & Storage,4.21,2.53
2011-04-18,20726,94.0,193.98000000000002,2.5804166666666664,4.0,Bags & Storage,4.21,2.53
2011-04-25,20726,234.0,408.29999999999995,1.9502083333333333,4.0,Bags & Storage,4.21,2.53
2011-05-02,20726,163.0,315.28000000000003,1.9571428571428569,5.0,Bags & Storage,4.21,2.53
2011-05-09,20726,652.0,1098.4099999999999,1.9233888888888888,6.0,Bags & Storage,4.21,2.53
2011-05-16,20726,159.0,284.69,1.9027777777777777,6.0,Bags & Storage,4.21,2.53
2011-05-23,20726,352.0,621.8900000000001,1.9185198412698412,6.0,Bags & Storage,4.21,2.53
2011-05-30,20726,83.0,155.98000000000002,1.9395,5.0,Bags & Storage,4.21,2.53
2011-06-06,20726,325.0,599.82,2.059833333333333,6.0,Bags & Storage,4.21,2.53
2011-06-13,20726,169.0,301.04999999999995,2.2141666666666664,6.0,Bags & Storage,4.21,2.53
2011-06-20,20726,183.0,340.84,1.793611111111111,6.0,Bags & Storage,4.21,2.53
2011-06-27,20726,189.0,334.88,1.9091666666666667,6.0,Bags & Storage,4.21,2.53
2011-07-04,20726,140.0,320.34999999999997,2.4443253968253966,5.0,Bags & Storage,4.21,2.53
2011-07-11,20726,250.0,421.46000000000004,1.9605555555555554,6.0,Bags & Storage,4.21,2.53
2011-07-18,20726,239.0,486.2,1.9349444444444444,6.0,Bags & Storage,4.21,2.53
2011-07-25,20726,370.0,618.63,1.9915079365079364,6.0,Bags & Storage,4.21,2.53
2011-08-01,20726,122.0,257.56,2.20125,6.0,Bags & Storage,4.21,2.53
2011-08-08,20726,335.0,587.35,1.9878571428571428,6.0,Bags & Storage,4.21,2.53
2011-08-15,20726,341.0,608.85,1.7106249999999996,6.0,Bags & Storage,4.21,2.53
2011-08-22,20726,213.0,454.06,2.109722222222222,6.0,Bags & Storage,4.21,2.53
2011-08-29,20726,227.0,491.09999999999997,2.5004999999999997,3.0,Bags & Storage,4.21,2.53
2011-09-05,20726,135.0,258.32,2.4769444444444444,5.0,Bags & Storage,4.21,2.53
2011-09-12,20726,152.0,264.04,1.8207539682539682,6.0,Bags & Storage,4.21,2.53
2011-09-19,20726,347.0,573.91,2.2734722222222223,6.0,Bags & Storage,4.21,2.53
2011-09-26,20726,153.0,285.54,2.649375,4.0,Bags & Storage,4.21,2.53
2011-10-03,20726,183.0,320.15,1.832142857142857,6.0,Bags & Storage,4.21,2.53
2011-10-10,20726,115.0,210.42999999999998,2.2014444444444443,6.0,Bags & Storage,4.21,2.53
2011-10-17,20726,103.0,201.37,2.3502666666666667,5.0,Bags & Storage,4.21,2.53
2011-10-24,20726,104.0,198.9,2.054333333333333,6.0,Bags & Storage,4.21,2.53
2011-10-31,20726,191.0,317.48,2.466111111111111,5.0,Bags & Storage,4.21,2.53
2011-11-07,20726,149.0,316.99,2.605722222222222,6.0,Bags & Storage,4.21,2.53
2011-11-14,20726,209.0,411.87,2.2933333333333334,6.0,Bags & Storage,4.21,2.53
2011-11-21,20726,109.0,262.58,2.3047222222222223,6.0,Bags & Storage,4.21,2.53
2011-11-28,20726,77.0,149.37,2.3664444444444444,6.0,Bags & Storage,4.21,2.53
2011-12-05,20726,164.0,327.64,2.5357142857142856,4.0,Bags & Storage,4.21,2.53
2009-11-30,20727,218.0,373.54999999999995,1.8358333333333332,6.0,Bags & Storage,4.13,2.48
2009-12-07,20727,143.0,243.9,1.9486507936507935,6.0,Bags & Storage,4.13,2.48
2009-12-14,20727,267.0,454.4,2.180079365079365,6.0,Bags & Storage,4.13,2.48
2009-12-21,20727,21.0,37.3,2.9749999999999996,1.0,Bags & Storage,4.13,2.48
2010-01-04,20727,155.0,235.75,1.633333333333333,6.0,Bags & Storage,4.13,2.48
2010-01-11,20727,156.0,242.52,1.886,5.0,Bags & Storage,4.13,2.48
2010-01-18,20727,170.0,270.73999999999995,2.408,5.0,Bags & Storage,4.13,2.48
2010-01-25,20727,214.0,338.22,2.020666666666666,5.0,Bags & Storage,4.13,2.48
2010-02-01,20727,101.0,170.32999999999998,2.0633333333333335,5.0,Bags & Storage,4.13,2.48
2010-02-08,20727,179.0,297.91,2.0766666666666667,5.0,Bags & Storage,4.13,2.48
2010-02-15,20727,243.0,383.51,1.748333333333333,6.0,Bags & Storage,4.13,2.48
2010-02-22,20727,300.0,457.56,1.7372222222222222,6.0,Bags & Storage,4.13,2.48
2010-03-01,20727,77.0,129.60999999999999,1.792222222222222,6.0,Bags & Storage,4.13,2.48
2010-03-08,20727,177.0,292.05,1.6499999999999997,6.0,Bags & Storage,4.13,2.48
2010-03-15,20727,303.0,459.95000000000005,1.623333333333333,5.0,Bags & Storage,4.13,2.48
2010-03-22,20727,132.0,220.36,1.7566666666666666,6.0,Bags & Storage,4.13,2.48
2010-03-29,20727,169.0,276.85,1.6374999999999997,4.0,Bags & Storage,4.13,2.48
2010-04-05,20727,344.0,537.84,2.0948,5.0,Bags & Storage,4.13,2.48
2010-04-12,20727,774.0,1152.3,1.6227272727272728,6.0,Bags & Storage,4.13,2.48
2010-04-19,20727,210.0,337.7,1.804111111111111,6.0,Bags & Storage,4.13,2.48
2010-04-26,20727,337.0,546.29,1.9944444444444445,6.0,Bags & Storage,4.13,2.48
2010-05-03,20727,501.0,762.65,1.614,5.0,Bags & Storage,4.13,2.48
2010-05-10,20727,348.0,539.32,1.886388888888889,6.0,Bags & Storage,4.13,2.48
2010-05-17,20727,276.0,468.2,2.055333333333333,6.0,Bags & Storage,4.13,2.48
2010-05-24,20727,173.0,285.45,1.6499999999999997,6.0,Bags & Storage,4.13,2.48
2010-05-31,20727,86.0,144.45999999999998,1.9344444444444442,3.0,Bags & Storage,4.13,2.48
2010-06-07,20727,2762.0,4042.58,2.139333333333333,5.0,Bags & Storage,4.13,2.48
2010-06-14,20727,151.0,254.26999999999998,1.792222222222222,6.0,Bags & Storage,4.13,2.48
2010-06-21,20727,123.0,208.07,1.9699999999999998,6.0,Bags & Storage,4.13,2.48
2010-06-28,20727,254.0,409.34000000000003,1.8692222222222223,6.0,Bags & Storage,4.13,2.48
2010-07-05,20727,68.0,125.0,2.3966666666666665,5.0,Bags & Storage,4.13,2.48
2010-07-12,20727,152.0,255.92000000000002,1.792222222222222,6.0,Bags & Storage,4.13,2.48
2010-07-19,20727,379.0,587.9100000000001,1.6933333333333334,6.0,Bags & Storage,4.13,2.48
2010-07-26,20727,306.0,487.46,1.6744444444444444,6.0,Bags & Storage,4.13,2.48
2010-08-02,20727,324.0,524.8399999999999,1.7269999999999996,6.0,Bags & Storage,4.13,2.48
2010-08-09,20727,461.0,680.21,1.9912857142857143,6.0,Bags & Storage,4.13,2.48
2010-08-16,20727,279.0,462.90999999999997,1.7566666666666666,6.0,Bags & Storage,4.13,2.48
2010-08-23,20727,258.0,416.5,1.9549999999999998,6.0,Bags & Storage,4.13,2.48
2010-08-30,20727,246.0,552.54,2.3130454545454544,5.0,Bags & Storage,4.13,2.48
2010-09-06,20727,162.0,272.42,1.7962857142857143,6.0,Bags & Storage,4.13,2.48
2010-09-13,20727,177.0,292.21,1.7519047619047619,6.0,Bags & Storage,4.13,2.48
2010-09-20,20727,243.0,390.33,1.925972222222222,6.0,Bags & Storage,4.13,2.48
2010-09-27,20727,160.0,287.87,1.8773333333333333,5.0,Bags & Storage,4.13,2.48
2010-10-04,20727,232.0,416.85,2.2892619047619047,5.0,Bags & Storage,4.13,2.48
2010-10-11,20727,261.0,433.67,1.863733333333333,5.0,Bags & Storage,4.13,2.48
2010-10-18,20727,143.0,276.02,2.431666666666666,5.0,Bags & Storage,4.13,2.48
2010-10-25,20727,129.0,239.27999999999997,1.8987499999999997,6.0,Bags & Storage,4.13,2.48
2010-11-01,20727,236.0,379.64,2.4397777777777776,5.0,Bags & Storage,4.13,2.48
2010-11-08,20727,302.0,533.72,2.136435185185185,6.0,Bags & Storage,4.13,2.48
2010-11-15,20727,141.0,280.4,2.4747083333333335,5.0,Bags & Storage,4.13,2.48
2010-11-22,20727,278.0,497.91999999999996,2.121759259259259,6.0,Bags & Storage,4.13,2.48
2010-11-29,20727,439.0,763.0799999999999,2.155972222222222,6.0,Bags & Storage,4.13,2.48
2010-12-06,20727,154.0,348.74,2.2725119047619047,6.0,Bags & Storage,4.13,2.48
2010-12-13,20727,88.0,187.84,2.617,4.0,Bags & Storage,4.13,2.48
2010-12-20,20727,25.0,90.7,3.64,1.0,Bags & Storage,4.13,2.48
2011-01-03,20727,167.0,295.16,1.9165625,4.0,Bags & Storage,4.13,2.48
2011-01-10,20727,181.0,332.59,2.6356944444444443,5.0,Bags & Storage,4.13,2.48
2011-01-17,20727,187.0,346.45,2.8112222222222223,5.0,Bags & Storage,4.13,2.48
2011-01-24,20727,178.0,350.78999999999996,2.3989166666666666,6.0,Bags & Storage,4.13,2.48
2011-01-31,20727,103.0,188.14999999999998,2.2703333333333333,5.0,Bags & Storage,4.13,2.48
2011-02-07,20727,77.0,164.28,2.7527083333333335,3.0,Bags & Storage,4.13,2.48
2011-02-14,20727,116.0,220.36,1.9945833333333332,6.0,Bags & Storage,4.13,2.48
2011-02-21,20727,180.0,285.27,2.0709999999999997,5.0,Bags & Storage,4.13,2.48
2011-02-28,20727,168.0,262.15999999999997,1.7924999999999998,4.0,Bags & Storage,4.13,2.48
2011-03-07,20727,180.0,284.44,1.782,6.0,Bags & Storage,4.13,2.48
2011-03-14,20727,113.0,202.17000000000002,2.436,4.0,Bags & Storage,4.13,2.48
2011-03-21,20727,175.0,308.6,2.183111111111111,5.0,Bags & Storage,4.13,2.48
2011-03-28,20727,447.0,722.51,1.9270370370370369,6.0,Bags & Storage,4.13,2.48
2011-04-04,20727,82.0,135.3,1.6499999999999997,6.0,Bags & Storage,4.13,2.48
2011-04-11,20727,147.0,275.65,2.1228571428571428,5.0,Bags & Storage,4.13,2.48
2011-04-18,20727,87.0,185.74,2.7179166666666665,3.0,Bags & Storage,4.13,2.48
2011-04-25,20727,144.0,247.53,1.8568749999999998,4.0,Bags & Storage,4.13,2.48
2011-05-02,20727,282.0,493.29,1.8298611111111112,5.0,Bags & Storage,4.13,2.48
2011-05-09,20727,368.0,666.63,1.9569126984126983,6.0,Bags & Storage,4.13,2.48
2011-05-16,20727,242.0,424.12,1.8452777777777776,6.0,Bags & Storage,4.13,2.48
2011-05-23,20727,127.0,264.99,2.305,5.0,Bags & Storage,4.13,2.48
2011-05-30,20727,208.0,348.84999999999997,2.0435,5.0,Bags & Storage,4.13,2.48
2011-06-06,20727,180.0,363.19,2.3453518518518517,6.0,Bags & Storage,4.13,2.48
2011-06-13,20727,239.0,420.69,1.9980666666666669,5.0,Bags & Storage,4.13,2.48
2011-06-20,20727,405.0,648.93,1.8629444444444443,6.0,Bags & Storage,4.13,2.48
2011-06-27,20727,171.0,336.76,2.3391666666666664,5.0,Bags & Storage,4.13,2.48
2011-07-04,20727,447.0,779.45,2.1261507936507935,6.0,Bags & Storage,4.13,2.48
2011-07-11,20727,234.0,400.64,1.974111111111111,6.0,Bags & Storage,4.13,2.48
2011-07-18,20727,305.0,518.14,2.018281746031746,6.0,Bags & Storage,4.13,2.48
2011-07-25,20727,316.0,527.0500000000001,1.8363333333333332,6.0,Bags & Storage,4.13,2.48
2011-08-01,20727,369.0,626.77,2.1956944444444444,5.0,Bags & Storage,4.13,2.48
2011-08-08,20727,416.0,759.0699999999999,2.136963636363636,5.0,Bags & Storage,4.13,2.48
2011-08-15,20727,275.0,496.64,1.7308333333333332,6.0,Bags & Storage,4.13,2.48
2011-08-22,20727,417.0,820.3100000000001,2.0295,6.0,Bags & Storage,4.13,2.48
2011-08-29,20727,187.0,523.68,3.055290909090909,3.0,Bags & Storage,4.13,2.48
2011-09-05,20727,277.0,644.87,2.1635,6.0,Bags & Storage,4.13,2.48
2011-09-12,20727,302.0,581.05,1.7664629629629627,6.0,Bags & Storage,4.13,2.48
2011-09-19,20727,422.0,682.57,1.870968253968254,6.0,Bags & Storage,4.13,2.48
2011-09-26,20727,235.0,410.09,1.812,6.0,Bags & Storage,4.13,2.48
2011-10-03,20727,331.0,634.61,2.3487103174603177,5.0,Bags & Storage,4.13,2.48
2011-10-10,20727,346.0,584.54,1.9653769841269841,6.0,Bags & Storage,4.13,2.48
2011-10-17,20727,148.0,282.26,1.8395238095238093,6.0,Bags & Storage,4.13,2.48
2011-10-24,20727,132.0,222.76,1.7188888888888887,6.0,Bags & Storage,4.13,2.48
2011-10-31,20727,108.0,214.57999999999998,1.9945833333333332,6.0,Bags & Storage,4.13,2.48
2011-11-07,20727,266.0,517.5,2.0328703703703703,6.0,Bags & Storage,4.13,2.48
2011-11-14,20727,384.0,689.03,2.0041011904761903,6.0,Bags & Storage,4.13,2.48
2011-11-21,20727,348.0,637.76,2.223531746031746,6.0,Bags & Storage,4.13,2.48
2011-11-28,20727,281.0,588.09,2.342040404040404,6.0,Bags & Storage,4.13,2.48
2011-12-05,20727,171.0,382.25,2.4954166666666664,5.0,Bags & Storage,4.13,2.48
