data/processed/weekly_panel.csv
week_start,sku_id,units_sold,revenue,avg_price,promo_days,category,list_price,unit_cost
2009-11-30,20728,153.0,255.10000000000002,1.7825,5.0,Bags & Storage,4.13,2.48
2009-12-07,20728,34.0,69.35,2.533333333333333,4.0,Bags & Storage,4.13,2.48
2009-12-14,20728,171.0,300.7,2.5509999999999997,4.0,Bags & Storage,4.13,2.48
2009-12-21,20728,122.0,186.6,2.466666666666667,2.0,Bags & Storage,4.13,2.48
2010-01-04,20728,465.0,687.25,1.6166666666666665,4.0,Bags & Storage,4.13,2.48
2010-01-11,20728,76.0,125.4,1.65,5.0,Bags & Storage,4.13,2.48
2010-01-18,20728,299.0,445.90999999999997,1.8949999999999998,4.0,Bags & Storage,4.13,2.48
2010-01-25,20728,90.0,153.62,1.9344444444444442,6.0,Bags & Storage,4.13,2.48
2010-02-01,20728,310.0,476.62,1.8766666666666667,6.0,Bags & Storage,4.13,2.48
2010-02-08,20728,126.0,210.45999999999998,1.7524000000000002,5.0,Bags & Storage,4.13,2.48
2010-02-15,20728,80.0,139.68,2.418,4.0,Bags & Storage,4.13,2.48
2010-02-22,20728,361.0,558.21,1.7175555555555553,6.0,Bags & Storage,4.13,2.48
2010-03-01,20728,234.0,368.65999999999997,1.8577777777777778,6.0,Bags & Storage,4.13,2.48
2010-03-08,20728,118.0,194.7,1.6499999999999997,6.0,Bags & Storage,4.13,2.48
2010-03-15,20728,220.0,345.56,2.06,5.0,Bags & Storage,4.13,2.48
2010-03-22,20728,129.0,215.41,1.8633333333333333,6.0,Bags & Storage,4.13,2.48
2010-03-29,20728,134.0,328.0,1.811111111111111,3.0,Bags & Storage,4.13,2.48
2010-04-05,20728,85.0,140.25,1.65,5.0,Bags & Storage,4.13,2.48
2010-04-12,20728,234.0,366.09999999999997,1.6444444444444442,6.0,Bags & Storage,4.13,2.48
2010-04-19,20728,181.0,299.21,1.71,6.0,Bags & Storage,4.13,2.48
2010-04-26,20728,273.0,440.69,2.1394444444444445,6.0,Bags & Storage,4.13,2.48
2010-05-03,20728,504.0,767.6,1.6149523809523807,5.0,Bags & Storage,4.13,2.48
2010-05-10,20728,84.0,141.16,1.8633333333333333,6.0,Bags & Storage,4.13,2.48
2010-05-17,20728,191.0,313.15,1.633333333333333,6.0,Bags & Storage,4.13,2.48
2010-05-24,20728,207.0,341.55,1.6499999999999997,6.0,Bags & Storage,4.13,2.48
2010-05-31,20728,229.0,373.21000000000004,2.013333333333333,4.0,Bags & Storage,4.13,2.48
2010-06-07,20728,2552.0,3737.9199999999996,1.896,6.0,Bags & Storage,4.13,2.48
2010-06-14,20728,30.0,49.5,1.65,4.0,Bags & Storage,4.13,2.48
2010-06-21,20728,165.0,277.37,1.8064444444444445,6.0,Bags & Storage,4.13,2.48
2010-06-28,20728,211.0,348.15,1.6499999999999997,6.0,Bags & Storage,4.13,2.48
2010-07-05,20728,83.0,142.07,1.906,5.0,Bags & Storage,4.13,2.48
2010-07-12,20728,251.0,396.71000000000004,1.7880555555555555,6.0,Bags & Storage,4.13,2.48
2010-07-19,20728,321.0,509.65000000000003,1.6433333333333333,6.0,Bags & Storage,4.13,2.48
2010-07-26,20728,225.0,378.93,1.8057671957671957,6.0,Bags & Storage,4.13,2.48
2010-08-02,20728,417.0,650.61,1.7297777777777776,6.0,Bags & Storage,4.13,2.48
2010-08-09,20728,499.0,825.59,1.9880555555555555,6.0,Bags & Storage,4.13,2.48
2010-08-16,20728,552.0,863.36,1.7222380952380953,6.0,Bags & Storage,4.13,2.48
2010-08-23,20728,152.0,255.92,1.8803999999999998,5.0,Bags & Storage,4.13,2.48
2010-08-30,20728,126.0,258.2,2.047904761904762,5.0,Bags & Storage,4.13,2.48
2010-09-06,20728,364.0,568.28,1.865333333333333,6.0,Bags & Storage,4.13,2.48
2010-09-13,20728,101.0,166.65,1.6499999999999997,5.0,Bags & Storage,4.13,2.48
2010-09-20,20728,224.0,393.93,1.7837499999999997,6.0,Bags & Storage,4.13,2.48
2010-09-27,20728,272.0,442.44,1.7837500000000002,6.0,Bags & Storage,4.13,2.48
2010-10-04,20728,188.0,302.99,2.0563333333333333,5.0,Bags & Storage,4.13,2.48
2010-10-11,20728,170.0,313.75,1.9769999999999996,6.0,Bags & Storage,4.13,2.48
2010-10-18,20728,34.0,69.74,2.332,4.0,Bags & Storage,4.13,2.48
2010-10-25,20728,169.0,306.13,1.8394444444444442,6.0,Bags & Storage,4.13,2.48
2010-11-01,20728,111.0,190.82999999999998,1.778,5.0,Bags & Storage,4.13,2.48
2010-11-08,20728,83.0,174.45999999999998,1.90575,6.0,Bags & Storage,4.13,2.48
2010-11-15,20728,145.0,245.22,1.8869444444444443,6.0,Bags & Storage,4.13,2.48
2010-11-22,20728,194.0,351.65,2.095444444444444,6.0,Bags & Storage,4.13,2.48
2010-11-29,20728,236.0,395.83,1.9495833333333332,6.0,Bags & Storage,4.13,2.48
2010-12-06,20728,90.0,194.55,2.3607222222222224,6.0,Bags & Storage,4.13,2.48
2010-12-13,20728,218.0,363.57,2.0637499999999998,4.0,Bags & Storage,4.13,2.48
2010-12-20,20728,23.0,77.17999999999999,3.640833333333333,1.0,Bags & Storage,4.13,2.48
2011-01-03,20728,149.0,268.89,2.2757777777777775,4.0,Bags & Storage,4.13,2.48
2011-01-10,20728,245.0,434.01,2.1798888888888888,6.0,Bags & Storage,4.13,2.48
2011-01-17,20728,96.0,188.16,2.4353333333333333,4.0,Bags & Storage,4.13,2.48
2011-01-24,20728,140.0,278.12,2.6006666666666667,4.0,Bags & Storage,4.13,2.48
2011-01-31,20728,204.0,346.36,2.098333333333333,4.0,Bags & Storage,4.13,2.48
2011-02-07,20728,69.0,146.09,2.2286666666666664,5.0,Bags & Storage,4.13,2.48
2011-02-14,20728,129.0,252.53,1.7877777777777777,6.0,Bags & Storage,4.13,2.48
2011-02-21,20728,114.0,237.7,2.022,5.0,Bags & Storage,4.13,2.48
2011-02-28,20728,79.0,132.82999999999998,1.7533333333333332,6.0,Bags & Storage,4.13,2.48
2011-03-07,20728,160.0,328.47999999999996,2.063333333333333,6.0,Bags & Storage,4.13,2.48
2011-03-14,20728,94.0,179.92,2.339444444444444,5.0,Bags & Storage,4.13,2.48
2011-03-21,20728,353.0,564.79,1.9177777777777776,6.0,Bags & Storage,4.13,2.48
2011-03-28,20728,424.0,735.66,1.9830666666666665,5.0,Bags & Storage,4.13,2.48
2011-04-04,20728,216.0,372.81,1.77125,6.0,Bags & Storage,4.13,2.48
2011-04-11,20728,185.0,401.24,1.8798611111111112,6.0,Bags & Storage,4.13,2.48
2011-04-18,20728,141.0,269.05,2.0812142857142857,4.0,Bags & Storage,4.13,2.48
2011-04-25,20728,112.0,210.45,2.011875,4.0,Bags & Storage,4.13,2.48
2011-05-02,20728,240.0,427.29999999999995,1.8738571428571427,5.0,Bags & Storage,4.13,2.48
2011-05-09,20728,321.0,652.11,2.0136613756613753,6.0,Bags & Storage,4.13,2.48
2011-05-16,20728,276.0,494.28999999999996,1.8292222222222219,6.0,Bags & Storage,4.13,2.48
2011-05-23,20728,168.0,407.11,1.9716666666666667,6.0,Bags & Storage,4.13,2.48
2011-05-30,20728,208.0,348.72,1.8087619047619046,5.0,Bags & Storage,4.13,2.48
2011-06-06,20728,302.0,639.8000000000001,1.8793737373737371,6.0,Bags & Storage,4.13,2.48
2011-06-13,20728,125.0,285.69,2.339583333333333,5.0,Bags & Storage,4.13,2.48
2011-06-20,20728,324.0,513.63,1.817,6.0,Bags & Storage,4.13,2.48
2011-06-27,20728,378.0,619.28,1.8622500000000002,6.0,Bags & Storage,4.13,2.48
2011-07-04,20728,590.0,1030.09,2.0591203703703704,6.0,Bags & Storage,4.13,2.48
2011-07-11,20728,210.0,362.22,2.1325,6.0,Bags & Storage,4.13,2.48
2011-07-18,20728,510.0,828.52,1.8957407407407407,6.0,Bags & Storage,4.13,2.48
2011-07-25,20728,246.0,443.95,2.125472222222222,6.0,Bags & Storage,4.13,2.48
2011-08-01,20728,411.0,700.2099999999999,2.2398148148148147,5.0,Bags & Storage,4.13,2.48
2011-08-08,20728,414.0,734.26,1.908611111111111,6.0,Bags & Storage,4.13,2.48
2011-08-15,20728,238.0,432.41999999999996,1.711296296296296,6.0,Bags & Storage,4.13,2.48
2011-08-22,20728,343.0,652.01,1.8798611111111112,6.0,Bags & Storage,4.13,2.48
2011-08-29,20728,190.0,382.02,2.567485714285714,4.0,Bags & Storage,4.13,2.48
2011-09-05,20728,238.0,471.17,2.0668055555555553,6.0,Bags & Storage,4.13,2.48
2011-09-12,20728,248.0,480.36,1.9027777777777777,6.0,Bags & Storage,4.13,2.48
2011-09-19,20728,263.0,469.39,2.1628333333333334,6.0,Bags & Storage,4.13,2.48
2011-09-26,20728,235.0,407.59999999999997,2.05531746031746,6.0,Bags & Storage,4.13,2.48
2011-10-03,20728,167.0,377.33,1.8981904761904762,6.0,Bags & Storage,4.13,2.48
2011-10-10,20728,141.0,288.09,1.9525571428571429,5.0,Bags & Storage,4.13,2.48
2011-10-17,20728,238.0,428.96999999999997,2.0557499999999997,5.0,Bags & Storage,4.13,2.48
2011-10-24,20728,275.0,479.26,2.027625,6.0,Bags & Storage,4.13,2.48
2011-10-31,20728,101.0,218.76999999999998,2.0580666666666665,5.0,Bags & Storage,4.13,2.48
2011-11-07,20728,162.0,349.21,2.230069444444444,5.0,Bags & Storage,4.13,2.48
2011-11-14,20728,190.0,387.96000000000004,2.259392857142857,6.0,Bags & Storage,4.13,2.48
2011-11-21,20728,386.0,606.83,1.8926944444444442,6.0,Bags & Storage,4.13,2.48
2011-11-28,20728,146.0,302.93,2.302388888888889,6.0,Bags & Storage,4.13,2.48
2011-12-05,20728,86.0,206.38,3.0718666666666663,4.0,Bags & Storage,4.13,2.48
2009-11-30,20914,194.0,581.1300000000001,3.230700757575758,6.0,Kitchen & Dining,5.79,3.47
2009-12-07,20914,239.0,701.08,3.3511746031746035,6.0,Kitchen & Dining,5.79,3.47
2009-12-14,20914,265.0,767.63,3.2897916666666673,6.0,Kitchen & Dining,5.79,3.47
2009-12-21,20914,103.0,281.34000000000003,3.9133333333333336,2.0,Kitchen & Dining,5.79,3.47
2010-01-04,20914,735.0,1899.45,2.8888888888888893,6.0,Kitchen & Dining,5.79,3.47
2010-01-11,20914,122.0,349.49,3.553777777777778,6.0,Kitchen & Dining,5.79,3.47
2010-01-18,20914,133.0,378.59000000000003,3.515333333333334,5.0,Kitchen & Dining,5.79,3.47
2010-01-25,20914,204.0,566.36,3.1444444444444444,6.0,Kitchen & Dining,5.79,3.47
2010-02-01,20914,186.0,516.22,3.261111111111111,6.0,Kitchen & Dining,5.79,3.47
2010-02-08,20914,113.0,323.51000000000005,3.0400000000000005,6.0,Kitchen & Dining,5.79,3.47
2010-02-15,20914,155.0,450.37,3.0524,5.0,Kitchen & Dining,5.79,3.47
2010-02-22,20914,134.0,394.34000000000003,3.2211111111111115,6.0,Kitchen & Dining,5.79,3.47
2010-03-01,20914,275.0,762.0500000000001,3.147555555555556,6.0,Kitchen & Dining,5.79,3.47
2010-03-08,20914,518.0,1348.42,3.0113333333333334,5.0,Kitchen & Dining,5.79,3.47
2010-03-15,20914,257.0,712.8700000000001,3.047777777777778,6.0,Kitchen & Dining,5.79,3.47
2010-03-22,20914,100.0,300.92,3.1144444444444446,6.0,Kitchen & Dining,5.79,3.47
2010-03-29,20914,77.0,223.23,3.212222222222222,3.0,Kitchen & Dining,5.79,3.47
2010-04-05,20914,249.0,672.31,2.965,4.0,Kitchen & Dining,5.79,3.47
2010-04-12,20914,158.0,427.70000000000005,2.9033333333333338,6.0,Kitchen & Dining,5.79,3.47
2010-04-19,20914,207.0,628.4100000000001,3.0733333333333337,6.0,Kitchen & Dining,5.79,3.47
2010-04-26,20914,280.0,767.92,2.9964444444444447,6.0,Kitchen & Dining,5.79,3.47
2010-05-03,20914,245.0,656.91,2.9684,5.0,Kitchen & Dining,5.79,3.47
2010-05-10,20914,287.0,753.77,3.1226666666666665,4.0,Kitchen & Dining,5.79,3.47
2010-05-17,20914,146.0,439.58000000000004,3.1966666666666668,6.0,Kitchen & Dining,5.79,3.47
2010-05-24,20914,115.0,342.21000000000004,3.0486666666666666,5.0,Kitchen & Dining,5.79,3.47
2010-05-31,20914,134.0,441.70000000000005,3.7126666666666663,5.0,Kitchen & Dining,5.79,3.47
2010-06-07,20914,264.0,737.6,3.1483636363636367,6.0,Kitchen & Dining,5.79,3.47
2010-06-14,20914,447.0,1194.65,2.8555555555555556,6.0,Kitchen & Dining,5.79,3.47
2010-06-21,20914,77.0,232.11,3.0780000000000003,5.0,Kitchen & Dining,5.79,3.47
2010-06-28,20914,342.0,928.1800000000001,3.1561777777777777,5.0,Kitchen & Dining,5.79,3.47
2010-07-05,20914,686.0,1776.58,3.253333333333334,6.0,Kitchen & Dining,5.79,3.47
2010-07-12,20914,212.0,618.5200000000001,3.236111111111111,6.0,Kitchen & Dining,5.79,3.47
2010-07-19,20914,304.0,813.12,2.971904761904762,6.0,Kitchen & Dining,5.79,3.47
2010-07-26,20914,149.0,419.07000000000005,3.1833333333333336,6.0,Kitchen & Dining,5.79,3.47
2010-08-02,20914,286.0,762.98,3.4033333333333333,5.0,Kitchen & Dining,5.79,3.47
2010-08-09,20914,168.0,521.2800000000001,3.658333333333333,6.0,Kitchen & Dining,5.79,3.47
2010-08-16,20914,354.0,970.46,3.0020000000000002,6.0,Kitchen & Dining,5.79,3.47
2010-08-23,20914,195.0,524.05,2.8873333333333333,5.0,Kitchen & Dining,5.79,3.47
2010-08-30,20914,341.0,938.03,3.2568444444444444,5.0,Kitchen & Dining,5.79,3.47
2010-09-06,20914,236.0,638.12,3.069206349206349,6.0,Kitchen & Dining,5.79,3.47
2010-09-13,20914,241.0,669.11,3.1611111111111114,6.0,Kitchen & Dining,5.79,3.47
2010-09-20,20914,167.0,467.05,2.9300000000000006,5.0,Kitchen & Dining,5.79,3.47
2010-09-27,20914,374.0,1032.9,3.1944761904761907,5.0,Kitchen & Dining,5.79,3.47
2010-10-04,20914,198.0,587.0600000000001,3.048666666666667,6.0,Kitchen & Dining,5.79,3.47
2010-10-11,20914,185.0,526.07,3.1666666666666665,6.0,Kitchen & Dining,5.79,3.47
2010-10-18,20914,330.0,877.02,3.1055555555555556,6.0,Kitchen & Dining,5.79,3.47
2010-10-25,20914,128.0,404.24000000000007,3.422777777777778,6.0,Kitchen & Dining,5.79,3.47
2010-11-01,20914,136.0,407.12000000000006,3.1438095238095243,6.0,Kitchen & Dining,5.79,3.47
2010-11-08,20914,150.0,450.42,3.414920634920635,6.0,Kitchen & Dining,5.79,3.47
2010-11-15,20914,188.0,525.08,3.3009523809523813,6.0,Kitchen & Dining,5.79,3.47
2010-11-22,20914,195.0,570.37,3.088,5.0,Kitchen & Dining,5.79,3.47
2010-11-29,20914,515.0,1393.25,3.189485314685315,5.0,Kitchen & Dining,5.79,3.47
2010-12-06,20914,130.0,414.14,4.032666666666667,5.0,Kitchen & Dining,5.79,3.47
2010-12-13,20914,155.0,464.69,3.3938888888888887,6.0,Kitchen & Dining,5.79,3.47
2010-12-20,20914,25.0,85.59,3.6735555555555557,3.0,Kitchen & Dining,5.79,3.47
2011-01-03,20914,137.0,365.75,2.91,5.0,Kitchen & Dining,5.79,3.47
2011-01-10,20914,384.0,1013.6800000000001,3.1860000000000004,5.0,Kitchen & Dining,5.79,3.47
2011-01-17,20914,51.0,146.17,3.3733333333333335,4.0,Kitchen & Dining,5.79,3.47
2011-01-24,20914,37.0,117.67000000000002,3.3760000000000003,5.0,Kitchen & Dining,5.79,3.47
2011-01-31,20914,75.0,211.29000000000002,3.2550000000000003,4.0,Kitchen & Dining,5.79,3.47
2011-02-07,20914,66.0,184.74,3.072,5.0,Kitchen & Dining,5.79,3.47
2011-02-14,20914,109.0,308.03000000000003,3.2433333333333336,6.0,Kitchen & Dining,5.79,3.47
2011-02-21,20914,100.0,290.72,3.2916666666666665,6.0,Kitchen & Dining,5.79,3.47
2011-02-28,20914,75.0,211.29000000000002,3.0520000000000005,5.0,Kitchen & Dining,5.79,3.47
2011-03-07,20914,43.0,132.53,3.0636,5.0,Kitchen & Dining,5.79,3.47
2011-03-14,20914,60.0,182.68,3.4233333333333333,5.0,Kitchen & Dining,5.79,3.47
2011-03-21,20914,112.0,330.40000000000003,2.9500000000000006,5.0,Kitchen & Dining,5.79,3.47
2011-03-28,20914,74.0,216.86,3.484666666666667,6.0,Kitchen & Dining,5.79,3.47
2011-04-04,20914,82.0,240.46000000000004,3.5083333333333333,5.0,Kitchen & Dining,5.79,3.47
2011-04-11,20914,165.0,461.15000000000003,2.8944444444444444,6.0,Kitchen & Dining,5.79,3.47
2011-04-18,20914,56.0,187.92000000000002,4.015000000000001,3.0,Kitchen & Dining,5.79,3.47
2011-04-25,20914,52.0,159.08,3.321904761904762,3.0,Kitchen & Dining,5.79,3.47
2011-05-02,20914,84.0,262.00000000000006,3.541666666666667,4.0,Kitchen & Dining,5.79,3.47
2011-05-09,20914,140.0,393.08000000000004,3.1401428571428576,6.0,Kitchen & Dining,5.79,3.47
2011-05-16,20914,122.0,347.1,2.9333333333333336,6.0,Kitchen & Dining,5.79,3.47
2011-05-23,20914,107.0,292.89,3.0453333333333332,5.0,Kitchen & Dining,5.79,3.47
2011-05-30,20914,84.0,259.16,3.4612000000000003,5.0,Kitchen & Dining,5.79,3.47
2011-06-06,20914,72.0,218.08000000000004,3.305,6.0,Kitchen & Dining,5.79,3.47
2011-06-13,20914,176.0,486.48,3.1896,5.0,Kitchen & Dining,5.79,3.47
2011-06-20,20914,57.0,173.83,3.541666666666667,4.0,Kitchen & Dining,5.79,3.47
2011-06-27,20914,68.0,193.48000000000002,3.0520000000000005,5.0,Kitchen & Dining,5.79,3.47
2011-07-04,20914,116.0,352.12,3.4437777777777776,6.0,Kitchen & Dining,5.79,3.47
2011-07-11,20914,137.0,384.23,3.2433333333333336,6.0,Kitchen & Dining,5.79,3.47
2011-07-18,20914,121.0,333.47,3.1366666666666667,6.0,Kitchen & Dining,5.79,3.47
2011-07-25,20914,515.0,1486.17,3.8150476190476192,4.0,Kitchen & Dining,5.79,3.47
2011-08-01,20914,148.0,449.36,3.559285714285714,5.0,Kitchen & Dining,5.79,3.47
2011-08-08,20914,133.0,372.43,3.2322222222222226,6.0,Kitchen & Dining,5.79,3.47
2011-08-15,20914,73.0,212.15000000000003,2.9277777777777776,6.0,Kitchen & Dining,5.79,3.47
2011-08-22,20914,190.0,506.1,2.8722222222222222,6.0,Kitchen & Dining,5.79,3.47
2011-08-29,20914,44.0,141.16000000000003,3.6126666666666667,5.0,Kitchen & Dining,5.79,3.47
2011-09-05,20914,178.0,511.58000000000004,3.164444444444445,6.0,Kitchen & Dining,5.79,3.47
2011-09-12,20914,86.0,249.42000000000002,3.327777777777778,6.0,Kitchen & Dining,5.79,3.47
2011-09-19,20914,176.0,492.16,3.2583333333333333,6.0,Kitchen & Dining,5.79,3.47
2011-09-26,20914,61.0,182.79000000000002,3.186666666666667,6.0,Kitchen & Dining,5.79,3.47
2011-10-03,20914,101.0,303.63000000000005,3.186666666666667,6.0,Kitchen & Dining,5.79,3.47
2011-10-10,20914,21.0,70.47,3.541666666666667,4.0,Kitchen & Dining,5.79,3.47
2011-10-17,20914,93.0,267.23,3.0113333333333334,6.0,Kitchen & Dining,5.79,3.47
2011-10-24,20914,160.0,454.20000000000005,3.146666666666667,6.0,Kitchen & Dining,5.79,3.47
2011-10-31,20914,138.0,392.86,3.3144444444444443,6.0,Kitchen & Dining,5.79,3.47
2011-11-07,20914,116.0,340.76,3.126,6.0,Kitchen & Dining,5.79,3.47
2011-11-14,20914,193.0,561.15,3.1171111111111114,6.0,Kitchen & Dining,5.79,3.47
2011-11-21,20914,156.0,464.44000000000005,3.2691269841269843,6.0,Kitchen & Dining,5.79,3.47
2011-11-28,20914,234.0,653.3000000000001,3.0614814814814815,6.0,Kitchen & Dining,5.79,3.47
2011-12-05,20914,83.0,304.49,3.9203333333333332,4.0,Kitchen & Dining,5.79,3.47
