data/processed/weekly_panel.csv
week_start,sku_id,units_sold,revenue,avg_price,promo_days,category,list_price,unit_cost
2009-11-30,20971,1022.0,1125.82,1.4289999999999998,5.0,Bags & Storage,2.46,1.48
2009-12-07,20971,134.0,184.66,1.4993333333333334,6.0,Bags & Storage,2.46,1.48
2009-12-14,20971,178.0,247.57999999999998,1.5976,5.0,Bags & Storage,2.46,1.48
2009-12-21,20971,23.0,35.35,1.6900000000000002,2.0,Bags & Storage,2.46,1.48
2010-01-04,20971,349.0,379.25,1.228888888888889,3.0,Bags & Storage,2.46,1.48
2010-01-11,20971,12.0,21.299999999999997,1.565,2.0,Bags & Storage,2.46,1.48
2010-01-18,20971,75.0,93.75,1.25,4.0,Bags & Storage,2.46,1.48
2010-01-25,20971,80.0,100.0,1.25,3.0,Bags & Storage,2.46,1.48
2010-02-01,20971,657.0,712.29,1.567,4.0,Bags & Storage,2.46,1.48
2010-02-08,20971,74.0,93.75999999999999,1.502,4.0,Bags & Storage,2.46,1.48
2010-02-15,20971,306.0,358.92,1.3147222222222223,6.0,Bags & Storage,2.46,1.48
2010-02-22,20971,982.0,1064.6000000000001,1.265611111111111,6.0,Bags & Storage,2.46,1.48
2010-03-01,20971,147.0,196.35,1.3724999999999998,6.0,Bags & Storage,2.46,1.48
2010-03-08,20971,247.0,286.43,1.6184999999999998,4.0,Bags & Storage,2.46,1.48
2010-03-15,20971,72.0,91.25999999999999,1.376,5.0,Bags & Storage,2.46,1.48
2010-03-22,20971,68.0,92.56,1.88,3.0,Bags & Storage,2.46,1.48
2010-03-29,20971,206.0,535.86,1.7774999999999999,3.0,Bags & Storage,2.46,1.48
2010-04-05,20971,343.0,371.75,1.2183333333333335,3.0,Bags & Storage,2.46,1.48
2010-04-12,20971,116.0,145.0,1.25,5.0,Bags & Storage,2.46,1.48
2010-04-19,20971,269.0,310.15,1.3003333333333333,5.0,Bags & Storage,2.46,1.48
2010-04-26,20971,115.0,143.75,1.25,5.0,Bags & Storage,2.46,1.48
2010-05-03,20971,69.0,90.03,1.5125,4.0,Bags & Storage,2.46,1.48
2010-05-10,20971,39.0,48.75,1.25,4.0,Bags & Storage,2.46,1.48
2010-05-17,20971,56.0,70.0,1.25,3.0,Bags & Storage,2.46,1.48
2010-05-24,20971,39.0,48.75,1.25,4.0,Bags & Storage,2.46,1.48
2010-05-31,20971,24.0,32.519999999999996,1.565,2.0,Bags & Storage,2.46,1.48
2010-06-07,20971,57.0,71.25,1.25,6.0,Bags & Storage,2.46,1.48
2010-06-14,20971,186.0,233.76,1.376,5.0,Bags & Storage,2.46,1.48
2010-06-21,20971,25.0,33.769999999999996,1.7225,3.0,Bags & Storage,2.46,1.48
2010-06-28,20971,100.0,126.25999999999999,1.502,4.0,Bags & Storage,2.46,1.48
2010-07-05,20971,82.0,101.47999999999999,1.3213333333333332,5.0,Bags & Storage,2.46,1.48
2010-07-12,20971,44.0,56.26,1.355,4.0,Bags & Storage,2.46,1.48
2010-07-19,20971,52.0,60.44,1.228888888888889,3.0,Bags & Storage,2.46,1.48
2010-07-26,20971,185.0,231.25,1.25,5.0,Bags & Storage,2.46,1.48
2010-08-02,20971,83.0,105.00999999999999,1.4075,4.0,Bags & Storage,2.46,1.48
2010-08-09,20971,257.0,295.15,1.2945833333333334,4.0,Bags & Storage,2.46,1.48
2010-08-16,20971,184.0,230.0,1.25,3.0,Bags & Storage,2.46,1.48
2010-08-23,20971,159.0,198.75,1.25,4.0,Bags & Storage,2.46,1.48
2010-08-30,20971,48.0,68.82,1.8275,3.0,Bags & Storage,2.46,1.48
2010-09-06,20971,135.0,172.53,1.46,5.0,Bags & Storage,2.46,1.48
2010-09-13,20971,136.0,171.26,1.3025,6.0,Bags & Storage,2.46,1.48
2010-09-20,20971,159.0,196.70999999999998,1.4314,5.0,Bags & Storage,2.46,1.48
2010-09-27,20971,173.0,217.51,1.3025,6.0,Bags & Storage,2.46,1.48
2010-10-04,20971,711.0,807.9300000000001,1.266527777777778,6.0,Bags & Storage,2.46,1.48
2010-10-11,20971,373.0,438.89,1.2183333333333335,6.0,Bags & Storage,2.46,1.48
2010-10-18,20971,136.0,173.78,1.3549999999999998,6.0,Bags & Storage,2.46,1.48
2010-10-25,20971,87.0,111.27,1.502,5.0,Bags & Storage,2.46,1.48
2010-11-01,20971,124.0,156.26,1.376,5.0,Bags & Storage,2.46,1.48
2010-11-08,20971,728.0,1494.52,1.4639444444444445,6.0,Bags & Storage,2.46,1.48
2010-11-15,20971,616.0,1286.5800000000002,1.4319444444444445,6.0,Bags & Storage,2.46,1.48
2010-11-22,20971,410.0,490.18,1.3945833333333333,6.0,Bags & Storage,2.46,1.48
2010-11-29,20971,545.0,605.47,1.5280555555555555,6.0,Bags & Storage,2.46,1.48
2010-12-06,20971,93.0,130.10999999999999,1.8169999999999997,4.0,Bags & Storage,2.46,1.48
2010-12-13,20971,44.0,58.78,1.46,4.0,Bags & Storage,2.46,1.48
2010-12-20,20971,12.0,15.0,1.25,1.0,Bags & Storage,2.46,1.48
2011-01-03,20971,31.0,38.75,1.25,4.0,Bags & Storage,2.46,1.48
2011-01-10,20971,94.0,117.83,1.4608333333333334,4.0,Bags & Storage,2.46,1.48
2011-01-17,20971,315.0,345.08000000000004,1.764,4.0,Bags & Storage,2.46,1.48
2011-01-24,20971,95.0,118.75,1.25,5.0,Bags & Storage,2.46,1.48
2011-01-31,20971,108.0,135.0,1.25,2.0,Bags & Storage,2.46,1.48
2011-02-07,20971,27.0,33.75,1.25,5.0,Bags & Storage,2.46,1.48
2011-02-14,20971,21.0,26.25,1.25,2.0,Bags & Storage,2.46,1.48
2011-02-21,20971,89.0,111.25,1.25,4.0,Bags & Storage,2.46,1.48
2011-02-28,20971,106.0,133.71,1.3172222222222223,6.0,Bags & Storage,2.46,1.48
2011-03-07,20971,71.0,94.8,1.3105,5.0,Bags & Storage,2.46,1.48
2011-03-14,20971,51.0,63.75,1.25,5.0,Bags & Storage,2.46,1.48
2011-03-21,20971,50.0,62.5,1.25,2.0,Bags & Storage,2.46,1.48
2011-03-28,20971,184.0,437.40000000000003,1.3916666666666666,4.0,Bags & Storage,2.46,1.48
2011-04-04,20971,60.0,76.21000000000001,1.492,4.0,Bags & Storage,2.46,1.48
2011-04-11,20971,85.0,106.25,1.25,4.0,Bags & Storage,2.46,1.48
2011-04-18,20971,39.0,48.75,1.25,3.0,Bags & Storage,2.46,1.48
2011-04-25,20971,78.0,97.5,1.25,4.0,Bags & Storage,2.46,1.48
2011-05-02,20971,55.0,68.75,1.25,2.0,Bags & Storage,2.46,1.48
2011-05-09,20971,60.0,75.0,1.25,4.0,Bags & Storage,2.46,1.48
2011-05-16,20971,93.0,116.25,1.25,5.0,Bags & Storage,2.46,1.48
2011-05-23,20971,53.0,66.25,1.25,5.0,Bags & Storage,2.46,1.48
2011-05-30,20971,25.0,31.25,1.25,2.0,Bags & Storage,2.46,1.48
2011-06-06,20971,93.0,111.69,1.2373333333333334,5.0,Bags & Storage,2.46,1.48
2011-06-13,20971,35.0,67.95,1.5525,3.0,Bags & Storage,2.46,1.48
2011-06-20,20971,25.0,32.46,1.4516666666666669,3.0,Bags & Storage,2.46,1.48
2011-06-27,20971,33.0,42.46,1.492,4.0,Bags & Storage,2.46,1.48
2011-07-04,20971,51.0,91.58,1.855,2.0,Bags & Storage,2.46,1.48
2011-07-11,20971,42.0,57.34,1.734,4.0,Bags & Storage,2.46,1.48
2011-07-18,20971,49.0,62.46,1.3844444444444444,3.0,Bags & Storage,2.46,1.48
2011-07-25,20971,74.0,93.71000000000001,1.40125,2.0,Bags & Storage,2.46,1.48
2011-08-01,20971,95.0,118.75,1.25,6.0,Bags & Storage,2.46,1.48
2011-08-08,20971,345.0,377.74,1.4666666666666666,4.0,Bags & Storage,2.46,1.48
2011-08-15,20971,636.0,685.5600000000001,1.231,5.0,Bags & Storage,2.46,1.48
2011-08-22,20971,61.0,76.25,1.25,4.0,Bags & Storage,2.46,1.48
2011-08-29,20971,41.0,51.25,1.25,2.0,Bags & Storage,2.46,1.48
2011-09-05,20971,143.0,179.96,1.3105,5.0,Bags & Storage,2.46,1.48
2011-09-12,20971,87.0,117.22,1.3911666666666667,5.0,Bags & Storage,2.46,1.48
2011-09-19,20971,99.0,125.24000000000001,1.3527777777777779,6.0,Bags & Storage,2.46,1.48
2011-09-26,20971,279.0,327.44000000000005,1.3415079365079363,6.0,Bags & Storage,2.46,1.48
2011-10-03,20971,3011.0,3245.12,1.4421666666666668,5.0,Bags & Storage,2.46,1.48
2011-10-10,20971,1515.0,1621.3600000000001,1.3076666666666668,5.0,Bags & Storage,2.46,1.48
2011-10-17,20971,246.0,281.35,1.3455555555555556,6.0,Bags & Storage,2.46,1.48
2011-10-24,20971,90.0,112.5,1.25,6.0,Bags & Storage,2.46,1.48
2011-10-31,20971,103.0,137.22,1.6197222222222223,5.0,Bags & Storage,2.46,1.48
2011-11-07,20971,453.0,986.1200000000001,1.5965277777777775,6.0,Bags & Storage,2.46,1.48
2011-11-14,20971,666.0,1247.96,1.483125,6.0,Bags & Storage,2.46,1.48
2011-11-21,20971,94.0,132.02,1.492,6.0,Bags & Storage,2.46,1.48
2011-11-28,20971,256.0,330.52000000000004,1.4766388888888888,6.0,Bags & Storage,2.46,1.48
2011-12-05,20971,202.0,243.29,1.7374666666666667,4.0,Bags & Storage,2.46,1.48
2009-11-30,20972,154.0,205.7,1.5213333333333334,6.0,Bags & Storage,2.46,1.48
2009-12-07,20972,193.0,257.09,1.5616666666666668,6.0,Bags & Storage,2.46,1.48
2009-12-14,20972,181.0,253.97,1.5404,5.0,Bags & Storage,2.46,1.48
2009-12-21,20972,21.0,30.21,1.6900000000000002,2.0,Bags & Storage,2.46,1.48
2010-01-04,20972,54.0,67.5,1.25,3.0,Bags & Storage,2.46,1.48
2010-01-11,20972,32.0,45.099999999999994,1.7466666666666668,3.0,Bags & Storage,2.46,1.48
2010-01-18,20972,250.0,288.92,1.5554999999999999,4.0,Bags & Storage,2.46,1.48
2010-01-25,20972,243.0,276.39,1.2120000000000002,5.0,Bags & Storage,2.46,1.48
2010-02-01,20972,141.0,180.03,1.502,4.0,Bags & Storage,2.46,1.48
2010-02-08,20972,103.0,128.75,1.25,4.0,Bags & Storage,2.46,1.48
2010-02-15,20972,271.0,315.17,1.3147222222222223,6.0,Bags & Storage,2.46,1.48
2010-02-22,20972,313.0,367.67,1.3391666666666666,6.0,Bags & Storage,2.46,1.48
2010-03-01,20972,123.0,161.31,1.4264,5.0,Bags & Storage,2.46,1.48
2010-03-08,20972,249.0,287.67,1.4187999999999998,5.0,Bags & Storage,2.46,1.48
2010-03-15,20972,145.0,181.97,1.474375,4.0,Bags & Storage,2.46,1.48
2010-03-22,20972,144.0,186.3,1.6349999999999998,5.0,Bags & Storage,2.46,1.48
2010-03-29,20972,161.0,188.55,1.6279166666666667,4.0,Bags & Storage,2.46,1.48
2010-04-05,20972,258.0,294.0,1.2104166666666667,4.0,Bags & Storage,2.46,1.48
2010-04-12,20972,147.0,183.75,1.25,6.0,Bags & Storage,2.46,1.48
2010-04-19,20972,97.0,125.03,1.376,5.0,Bags & Storage,2.46,1.48
2010-04-26,20972,230.0,287.5,1.25,6.0,Bags & Storage,2.46,1.48
2010-05-03,20972,111.0,141.26999999999998,1.3287499999999999,4.0,Bags & Storage,2.46,1.48
2010-05-10,20972,1671.0,1785.89,1.176111111111111,6.0,Bags & Storage,2.46,1.48
2010-05-17,20972,80.0,100.0,1.25,5.0,Bags & Storage,2.46,1.48
2010-05-24,20972,61.0,76.25,1.25,3.0,Bags & Storage,2.46,1.48
2010-05-31,20972,59.0,81.31,1.565,4.0,Bags & Storage,2.46,1.48
2010-06-07,20972,55.0,68.75,1.25,5.0,Bags & Storage,2.46,1.48
2010-06-14,20972,197.0,250.03,1.39,6.0,Bags & Storage,2.46,1.48
2010-06-21,20972,232.0,265.15999999999997,1.4091666666666667,6.0,Bags & Storage,2.46,1.48
2010-06-28,20972,124.0,155.0,1.25,6.0,Bags & Storage,2.46,1.48
2010-07-05,20972,161.0,203.77,1.46,5.0,Bags & Storage,2.46,1.48
2010-07-12,20972,58.0,72.5,1.25,3.0,Bags & Storage,2.46,1.48
2010-07-19,20972,69.0,87.51,1.46,5.0,Bags & Storage,2.46,1.48
2010-07-26,20972,154.0,193.76,1.334,5.0,Bags & Storage,2.46,1.48
2010-08-02,20972,308.0,358.9,1.3147222222222223,6.0,Bags & Storage,2.46,1.48
2010-08-09,20972,271.0,311.39,1.2394444444444443,6.0,Bags & Storage,2.46,1.48
2010-08-16,20972,304.0,328.15999999999997,1.214,5.0,Bags & Storage,2.46,1.48
2010-08-23,20972,497.0,575.01,1.2856666666666667,5.0,Bags & Storage,2.46,1.48
2010-08-30,20972,27.0,41.31,1.754,3.0,Bags & Storage,2.46,1.48
2010-09-06,20972,108.0,140.04,1.502,5.0,Bags & Storage,2.46,1.48
2010-09-13,20972,156.0,195.0,1.25,6.0,Bags & Storage,2.46,1.48
2010-09-20,20972,342.0,406.44,1.4494444444444445,6.0,Bags & Storage,2.46,1.48
2010-09-27,20972,785.0,888.77,1.3234444444444444,6.0,Bags & Storage,2.46,1.48
2010-10-04,20972,526.0,663.8,1.3666666666666665,6.0,Bags & Storage,2.46,1.48
2010-10-11,20972,768.0,868.78,1.3154761904761905,6.0,Bags & Storage,2.46,1.48
2010-10-18,20972,313.0,396.28999999999996,1.369,6.0,Bags & Storage,2.46,1.48
2010-10-25,20972,186.0,238.8,1.327,6.0,Bags & Storage,2.46,1.48
2010-11-01,20972,155.0,196.26999999999998,1.3499999999999999,6.0,Bags & Storage,2.46,1.48
2010-11-08,20972,614.0,743.92,1.394121212121212,6.0,Bags & Storage,2.46,1.48
2010-11-15,20972,397.0,477.71000000000004,1.4294761904761906,6.0,Bags & Storage,2.46,1.48
2010-11-22,20972,561.0,680.19,1.3348611111111113,6.0,Bags & Storage,2.46,1.48
2010-11-29,20972,397.0,480.23,1.4350416666666668,6.0,Bags & Storage,2.46,1.48
2010-12-06,20972,126.0,191.51999999999998,1.6524999999999999,6.0,Bags & Storage,2.46,1.48
2010-12-13,20972,98.0,127.53999999999999,1.6280000000000001,4.0,Bags & Storage,2.46,1.48
2010-12-20,20972,1.0,2.51,2.51,0.0,Bags & Storage,2.46,1.48
2011-01-03,20972,38.0,48.76,1.334,5.0,Bags & Storage,2.46,1.48
2011-01-10,20972,51.0,67.38,1.4113333333333333,5.0,Bags & Storage,2.46,1.48
2011-01-17,20972,171.0,198.49,2.0408333333333335,3.0,Bags & Storage,2.46,1.48
2011-01-24,20972,114.0,143.71,1.3508333333333333,4.0,Bags & Storage,2.46,1.48
2011-01-31,20972,231.0,291.17,1.371,5.0,Bags & Storage,2.46,1.48
2011-02-07,20972,15.0,18.75,1.25,2.0,Bags & Storage,2.46,1.48
2011-02-14,20972,81.0,103.67,1.4516666666666667,5.0,Bags & Storage,2.46,1.48
2011-02-21,20972,78.0,97.5,1.25,4.0,Bags & Storage,2.46,1.48
2011-02-28,20972,182.0,228.71,1.3172222222222223,6.0,Bags & Storage,2.46,1.48
2011-03-07,20972,137.0,178.51,1.3676388888888888,6.0,Bags & Storage,2.46,1.48
2011-03-14,20972,70.0,89.92,1.3508333333333333,6.0,Bags & Storage,2.46,1.48
2011-03-21,20972,38.0,48.71,1.4516666666666669,3.0,Bags & Storage,2.46,1.48
2011-03-28,20972,214.0,241.35000000000002,1.3066666666666666,3.0,Bags & Storage,2.46,1.48
2011-04-04,20972,28.0,36.21,1.492,4.0,Bags & Storage,2.46,1.48
2011-04-11,20972,104.0,130.0,1.25,4.0,Bags & Storage,2.46,1.48
2011-04-18,20972,60.0,75.0,1.25,2.0,Bags & Storage,2.46,1.48
2011-04-25,20972,72.0,90.0,1.25,4.0,Bags & Storage,2.46,1.48
2011-05-02,20972,75.0,93.75,1.25,4.0,Bags & Storage,2.46,1.48
2011-05-09,20972,56.0,70.0,1.25,4.0,Bags & Storage,2.46,1.48
2011-05-16,20972,106.0,132.5,1.25,4.0,Bags & Storage,2.46,1.48
2011-05-23,20972,245.0,280.1,1.3615,5.0,Bags & Storage,2.46,1.48
2011-05-30,20972,89.0,112.46000000000001,1.3508333333333333,3.0,Bags & Storage,2.46,1.48
2011-06-06,20972,87.0,108.75,1.25,4.0,Bags & Storage,2.46,1.48
2011-06-13,20972,80.0,124.2,1.371,5.0,Bags & Storage,2.46,1.48
2011-06-20,20972,41.0,53.67,1.855,1.0,Bags & Storage,2.46,1.48
2011-06-27,20972,251.0,286.39,1.2120000000000002,5.0,Bags & Storage,2.46,1.48
2011-07-04,20972,109.0,141.09,1.492,5.0,Bags & Storage,2.46,1.48
2011-07-11,20972,55.0,71.17,1.628125,3.0,Bags & Storage,2.46,1.48
2011-07-18,20972,72.0,90.0,1.25,4.0,Bags & Storage,2.46,1.48
2011-07-25,20972,230.0,275.87,1.4793333333333334,4.0,Bags & Storage,2.46,1.48
2011-08-01,20972,422.0,478.83000000000004,1.341722222222222,6.0,Bags & Storage,2.46,1.48
2011-08-08,20972,465.0,526.53,1.2341666666666666,4.0,Bags & Storage,2.46,1.48
2011-08-15,20972,110.0,137.5,1.25,5.0,Bags & Storage,2.46,1.48
2011-08-22,20972,51.0,63.75,1.25,5.0,Bags & Storage,2.46,1.48
2011-08-29,20972,63.0,82.38,1.6533333333333333,2.0,Bags & Storage,2.46,1.48
2011-09-05,20972,173.0,217.46,1.3508333333333333,6.0,Bags & Storage,2.46,1.48
2011-09-12,20972,290.0,343.61,1.4099,5.0,Bags & Storage,2.46,1.48
2011-09-19,20972,94.0,122.34,1.3172222222222223,6.0,Bags & Storage,2.46,1.48
2011-09-26,20972,286.0,336.19,1.552888888888889,5.0,Bags & Storage,2.46,1.48
2011-10-03,20972,231.0,294.8,1.476875,5.0,Bags & Storage,2.46,1.48
2011-10-10,20972,167.0,211.31,1.3634,5.0,Bags & Storage,2.46,1.48
2011-10-17,20972,121.0,156.09,1.4516666666666667,5.0,Bags & Storage,2.46,1.48
2011-10-24,20972,128.0,175.73,1.4516666666666667,5.0,Bags & Storage,2.46,1.48
2011-10-31,20972,229.0,269.78,1.3527777777777779,6.0,Bags & Storage,2.46,1.48
2011-11-07,20972,247.0,319.64,1.381563492063492,6.0,Bags & Storage,2.46,1.48
2011-11-14,20972,321.0,409.72,1.3508333333333333,6.0,Bags & Storage,2.46,1.48
2011-11-21,20972,151.0,208.11,1.5260912698412696,6.0,Bags & Storage,2.46,1.48
2011-11-28,20972,159.0,226.58,1.6163611111111111,6.0,Bags & Storage,2.46,1.48
2011-12-05,20972,126.0,170.81,1.6331666666666667,4.0,Bags & Storage,2.46,1.48
