data/processed/weekly_panel.csv
week_start,sku_id,units_sold,revenue,avg_price,promo_days,category,list_price,unit_cost
2009-11-30,20974,114.0,79.30000000000001,0.7951666666666667,5.0,Stationery & Gift,1.28,0.77
2009-12-07,20974,61.0,45.5,0.8710000000000001,4.0,Stationery & Gift,1.28,0.77
2009-12-14,20974,117.0,81.9,0.9316666666666666,4.0,Stationery & Gift,1.28,0.77
2009-12-21,20974,6.0,5.2,0.8666666666666667,2.0,Stationery & Gift,1.28,0.77
2010-01-04,20974,0.0,0.0,0.8666666666666667,0.0,Stationery & Gift,1.28,0.77
2010-01-11,20974,94.0,61.730000000000004,0.776,4.0,Stationery & Gift,1.28,0.77
2010-01-18,20974,74.0,49.36000000000001,0.965,2.0,Stationery & Gift,1.28,0.77
2010-01-25,20974,150.0,98.13,0.7130000000000001,5.0,Stationery & Gift,1.28,0.77
2010-02-01,20974,154.0,100.10000000000001,0.65,5.0,Stationery & Gift,1.28,0.77
2010-02-08,20974,452.0,258.55,0.8025,3.0,Stationery & Gift,1.28,0.77
2010-02-15,20974,28.0,18.200000000000003,0.65,3.0,Stationery & Gift,1.28,0.77
2010-02-22,20974,86.0,55.900000000000006,0.65,4.0,Stationery & Gift,1.28,0.77
2010-03-01,20974,29.0,18.85,0.65,4.0,Stationery & Gift,1.28,0.77
2010-03-08,20974,179.0,116.98000000000002,0.7025,4.0,Stationery & Gift,1.28,0.77
2010-03-15,20974,248.0,172.54,0.7025,6.0,Stationery & Gift,1.28,0.77
2010-03-22,20974,35.0,27.16,0.9019999999999999,4.0,Stationery & Gift,1.28,0.77
2010-03-29,20974,114.0,69.93,0.7383333333333334,3.0,Stationery & Gift,1.28,0.77
2010-04-05,20974,52.0,33.800000000000004,0.65,4.0,Stationery & Gift,1.28,0.77
2010-04-12,20974,28.0,18.2,0.65,3.0,Stationery & Gift,1.28,0.77
2010-04-19,20974,113.0,80.38,0.86,3.0,Stationery & Gift,1.28,0.77
2010-04-26,20974,84.0,67.2,0.7634000000000001,5.0,Stationery & Gift,1.28,0.77
2010-05-03,20974,32.0,20.8,0.65,2.0,Stationery & Gift,1.28,0.77
2010-05-10,20974,65.0,46.03000000000001,0.86,2.0,Stationery & Gift,1.28,0.77
2010-05-17,20974,143.0,92.95,0.65,5.0,Stationery & Gift,1.28,0.77
2010-05-24,20974,179.0,134.62,0.88625,3.0,Stationery & Gift,1.28,0.77
2010-05-31,20974,16.0,10.4,0.65,1.0,Stationery & Gift,1.28,0.77
2010-06-07,20974,204.0,140.16,0.6815,5.0,Stationery & Gift,1.28,0.77
2010-06-14,20974,112.0,73.43,0.6752,5.0,Stationery & Gift,1.28,0.77
2010-06-21,20974,122.0,79.93,0.8075000000000001,2.0,Stationery & Gift,1.28,0.77
2010-06-28,20974,91.0,60.410000000000004,0.692,5.0,Stationery & Gift,1.28,0.77
2010-07-05,20974,89.0,67.30000000000001,0.776,5.0,Stationery & Gift,1.28,0.77
2010-07-12,20974,58.0,37.7,0.65,4.0,Stationery & Gift,1.28,0.77
2010-07-19,20974,65.0,42.25,0.65,6.0,Stationery & Gift,1.28,0.77
2010-07-26,20974,91.0,62.93000000000001,0.6893750000000001,4.0,Stationery & Gift,1.28,0.77
2010-08-02,20974,18.0,11.7,0.65,2.0,Stationery & Gift,1.28,0.77
2010-08-09,20974,20.0,19.3,1.07,1.0,Stationery & Gift,1.28,0.77
2010-08-16,20974,96.0,62.400000000000006,0.65,3.0,Stationery & Gift,1.28,0.77
2010-08-23,20974,127.0,82.55000000000001,0.65,4.0,Stationery & Gift,1.28,0.77
2010-08-30,20974,76.0,49.400000000000006,0.65,2.0,Stationery & Gift,1.28,0.77
2010-09-06,20974,46.0,31.79,0.72875,4.0,Stationery & Gift,1.28,0.77
2010-09-13,20974,181.0,117.65,0.65,5.0,Stationery & Gift,1.28,0.77
2010-09-20,20974,104.0,68.86,0.7130000000000001,5.0,Stationery & Gift,1.28,0.77
2010-09-27,20974,200.0,130.0,0.65,5.0,Stationery & Gift,1.28,0.77
2010-10-04,20974,58.0,52.190000000000005,0.94925,3.0,Stationery & Gift,1.28,0.77
2010-10-11,20974,166.0,109.16000000000001,0.67625,6.0,Stationery & Gift,1.28,0.77
2010-10-18,20974,91.0,59.150000000000006,0.65,4.0,Stationery & Gift,1.28,0.77
2010-10-25,20974,204.0,135.75,0.7525000000000001,6.0,Stationery & Gift,1.28,0.77
2010-11-01,20974,345.0,218.11,0.6841666666666667,6.0,Stationery & Gift,1.28,0.77
2010-11-08,20974,189.0,125.37,0.7760000000000001,5.0,Stationery & Gift,1.28,0.77
2010-11-15,20974,495.0,326.79,0.7205833333333334,6.0,Stationery & Gift,1.28,0.77
2010-11-22,20974,313.0,211.01000000000002,0.8417500000000001,6.0,Stationery & Gift,1.28,0.77
2010-11-29,20974,215.0,149.20000000000002,0.8285,5.0,Stationery & Gift,1.28,0.77
2010-12-06,20974,100.0,78.86000000000001,0.9965,4.0,Stationery & Gift,1.28,0.77
2010-12-13,20974,49.0,33.74,0.818,4.0,Stationery & Gift,1.28,0.77
2010-12-20,20974,27.0,19.44,1.07,1.0,Stationery & Gift,1.28,0.77
2011-01-03,20974,152.0,98.80000000000001,0.65,3.0,Stationery & Gift,1.28,0.77
2011-01-10,20974,24.0,15.600000000000001,0.65,1.0,Stationery & Gift,1.28,0.77
2011-01-17,20974,48.0,32.400000000000006,0.725,4.0,Stationery & Gift,1.28,0.77
2011-01-24,20974,80.0,58.6,0.9200000000000002,3.0,Stationery & Gift,1.28,0.77
2011-01-31,20974,42.0,28.5,0.75,2.0,Stationery & Gift,1.28,0.77
2011-02-07,20974,19.0,23.75,1.25,0.0,Stationery & Gift,1.28,0.77
2011-02-14,20974,74.0,48.7,0.8,3.0,Stationery & Gift,1.28,0.77
2011-02-21,20974,60.0,39.0,0.65,3.0,Stationery & Gift,1.28,0.77
2011-02-28,20974,59.0,38.95,0.75,2.0,Stationery & Gift,1.28,0.77
2011-03-07,20974,113.0,67.45,0.625,2.0,Stationery & Gift,1.28,0.77
2011-03-14,20974,546.0,355.50000000000006,0.7000000000000001,6.0,Stationery & Gift,1.28,0.77
2011-03-21,20974,162.0,106.5,0.6900000000000001,5.0,Stationery & Gift,1.28,0.77
2011-03-28,20974,83.0,68.95,0.8099999999999999,4.0,Stationery & Gift,1.28,0.77
2011-04-04,20974,226.0,148.10000000000002,0.77,4.0,Stationery & Gift,1.28,0.77
2011-04-11,20974,96.0,62.400000000000006,0.65,4.0,Stationery & Gift,1.28,0.77
2011-04-18,20974,107.0,73.75,0.85,3.0,Stationery & Gift,1.28,0.77
2011-04-25,20974,53.0,34.45,0.65,3.0,Stationery & Gift,1.28,0.77
2011-05-02,20974,73.0,53.45,0.95,2.0,Stationery & Gift,1.28,0.77
2011-05-09,20974,219.0,144.15,0.7833333333333333,5.0,Stationery & Gift,1.28,0.77
2011-05-16,20974,142.0,92.30000000000001,0.65,5.0,Stationery & Gift,1.28,0.77
2011-05-23,20974,95.0,61.75000000000001,0.65,4.0,Stationery & Gift,1.28,0.77
2011-05-30,20974,123.0,88.95,0.8099999999999999,5.0,Stationery & Gift,1.28,0.77
2011-06-06,20974,206.0,134.5,0.85,2.0,Stationery & Gift,1.28,0.77
2011-06-13,20974,220.0,158.0,0.6900000000000001,5.0,Stationery & Gift,1.28,0.77
2011-06-20,20974,115.0,81.95,0.9,4.0,Stationery & Gift,1.28,0.77
2011-06-27,20974,175.0,113.75,0.65,4.0,Stationery & Gift,1.28,0.77
2011-07-04,20974,75.0,50.550000000000004,1.025,2.0,Stationery & Gift,1.28,0.77
2011-07-11,20974,99.0,64.35,0.65,4.0,Stationery & Gift,1.28,0.77
2011-07-18,20974,51.0,34.95,0.8,2.0,Stationery & Gift,1.28,0.77
2011-07-25,20974,112.0,72.8,0.65,4.0,Stationery & Gift,1.28,0.77
2011-08-01,20974,496.0,275.0,0.75,4.0,Stationery & Gift,1.28,0.77
2011-08-08,20974,511.0,284.75,0.775,3.0,Stationery & Gift,1.28,0.77
2011-08-15,20974,24.0,15.600000000000001,0.65,1.0,Stationery & Gift,1.28,0.77
2011-08-22,20974,54.0,35.10000000000001,0.65,2.0,Stationery & Gift,1.28,0.77
2011-08-29,20974,43.0,30.35,0.9,3.0,Stationery & Gift,1.28,0.77
2011-09-05,20974,102.0,66.30000000000001,0.65,3.0,Stationery & Gift,1.28,0.77
2011-09-12,20974,77.0,50.050000000000004,0.65,5.0,Stationery & Gift,1.28,0.77
2011-09-19,20974,61.0,42.050000000000004,0.7999999999999999,5.0,Stationery & Gift,1.28,0.77
2011-09-26,20974,133.0,86.45,0.65,3.0,Stationery & Gift,1.28,0.77
2011-10-03,20974,231.0,149.15,0.645,5.0,Stationery & Gift,1.28,0.77
2011-10-10,20974,255.0,166.95000000000002,0.7833333333333333,5.0,Stationery & Gift,1.28,0.77
2011-10-17,20974,196.0,137.6,0.8,4.0,Stationery & Gift,1.28,0.77
2011-10-24,20974,160.0,108.2,0.74,5.0,Stationery & Gift,1.28,0.77
2011-10-31,20974,9.0,5.8500000000000005,0.65,2.0,Stationery & Gift,1.28,0.77
2011-11-07,20974,600.0,351.6,0.6444444444444445,6.0,Stationery & Gift,1.28,0.77
2011-11-14,20974,0.0,0.0,0.6444444444444445,0.0,Stationery & Gift,1.28,0.77
2011-11-21,20974,1.0,0.65,0.65,1.0,Stationery & Gift,1.28,0.77
2011-11-28,20974,0.0,0.0,0.65,0.0,Stationery & Gift,1.28,0.77
2011-12-05,20974,12.0,7.800000000000001,0.65,3.0,Stationery & Gift,1.28,0.77
2009-11-30,20975,299.0,202.15000000000003,0.7281547619047619,5.0,Stationery & Gift,1.28,0.77
2009-12-07,20975,175.0,122.20000000000002,0.7929999999999999,5.0,Stationery & Gift,1.28,0.77
2009-12-14,20975,163.0,112.45000000000002,0.8883333333333333,3.0,Stationery & Gift,1.28,0.77
2009-12-21,20975,6.0,7.800000000000001,1.3,0.0,Stationery & Gift,1.28,0.77
2010-01-04,20975,48.0,31.200000000000003,0.65,2.0,Stationery & Gift,1.28,0.77
2010-01-11,20975,177.0,116.98,0.841,4.0,Stationery & Gift,1.28,0.77
2010-01-18,20975,55.0,36.38000000000001,0.8075000000000001,2.0,Stationery & Gift,1.28,0.77
2010-01-25,20975,164.0,119.20000000000002,0.944,3.0,Stationery & Gift,1.28,0.77
2010-02-01,20975,40.0,26.630000000000003,0.755,3.0,Stationery & Gift,1.28,0.77
2010-02-08,20975,91.0,59.150000000000006,0.65,4.0,Stationery & Gift,1.28,0.77
2010-02-15,20975,90.0,61.650000000000006,0.776,4.0,Stationery & Gift,1.28,0.77
2010-02-22,20975,85.0,57.14000000000001,0.8075,3.0,Stationery & Gift,1.28,0.77
2010-03-01,20975,73.0,47.45,0.65,3.0,Stationery & Gift,1.28,0.77
2010-03-08,20975,106.0,68.9,0.65,5.0,Stationery & Gift,1.28,0.77
2010-03-15,20975,218.0,153.67000000000002,0.7067,5.0,Stationery & Gift,1.28,0.77
2010-03-22,20975,68.0,44.830000000000005,0.7130000000000001,5.0,Stationery & Gift,1.28,0.77
2010-03-29,20975,44.0,28.6,0.65,3.0,Stationery & Gift,1.28,0.77
2010-04-05,20975,35.0,25.900000000000002,0.965,2.0,Stationery & Gift,1.28,0.77
2010-04-12,20975,10.0,6.500000000000001,0.65,2.0,Stationery & Gift,1.28,0.77
2010-04-19,20975,146.0,103.09,0.8074999999999999,4.0,Stationery & Gift,1.28,0.77
2010-04-26,20975,96.0,66.81,0.8074999999999999,4.0,Stationery & Gift,1.28,0.77
2010-05-03,20975,25.0,16.880000000000003,0.9650000000000001,1.0,Stationery & Gift,1.28,0.77
2010-05-10,20975,1396.0,813.07,0.71625,4.0,Stationery & Gift,1.28,0.77
2010-05-17,20975,77.0,50.05,0.65,4.0,Stationery & Gift,1.28,0.77
2010-05-24,20975,165.0,127.41000000000001,0.88625,3.0,Stationery & Gift,1.28,0.77
2010-05-31,20975,4.0,3.23,0.86,2.0,Stationery & Gift,1.28,0.77
2010-06-07,20975,202.0,135.08,0.685,6.0,Stationery & Gift,1.28,0.77
2010-06-14,20975,142.0,92.30000000000001,0.65,5.0,Stationery & Gift,1.28,0.77
2010-06-21,20975,218.0,142.96,0.776,4.0,Stationery & Gift,1.28,0.77
2010-06-28,20975,175.0,130.76000000000002,0.749,5.0,Stationery & Gift,1.28,0.77
2010-07-05,20975,132.0,87.06,0.7200000000000001,6.0,Stationery & Gift,1.28,0.77
2010-07-12,20975,92.0,59.800000000000004,0.65,3.0,Stationery & Gift,1.28,0.77
2010-07-19,20975,538.0,350.33000000000004,0.685,6.0,Stationery & Gift,1.28,0.77
2010-07-26,20975,48.0,32.46,0.7418750000000001,4.0,Stationery & Gift,1.28,0.77
2010-08-02,20975,68.0,44.2,0.65,3.0,Stationery & Gift,1.28,0.77
2010-08-09,20975,157.0,103.94,0.776,4.0,Stationery & Gift,1.28,0.77
2010-08-16,20975,139.0,91.61000000000001,0.9019999999999999,3.0,Stationery & Gift,1.28,0.77
2010-08-23,20975,499.0,324.98,0.776,4.0,Stationery & Gift,1.28,0.77
2010-08-30,20975,97.0,63.68000000000001,0.8075000000000001,2.0,Stationery & Gift,1.28,0.77
2010-09-06,20975,128.0,85.72000000000001,0.755,5.0,Stationery & Gift,1.28,0.77
2010-09-13,20975,205.0,133.88000000000002,0.755,5.0,Stationery & Gift,1.28,0.77
2010-09-20,20975,437.0,284.05000000000007,0.65,6.0,Stationery & Gift,1.28,0.77
2010-09-27,20975,754.0,451.44,0.66325,5.0,Stationery & Gift,1.28,0.77
2010-10-04,20975,1052.0,703.33,0.71125,6.0,Stationery & Gift,1.28,0.77
2010-10-11,20975,748.0,436.2,0.6472222222222223,6.0,Stationery & Gift,1.28,0.77
2010-10-18,20975,245.0,159.88,0.755,5.0,Stationery & Gift,1.28,0.77
2010-10-25,20975,166.0,107.9,0.65,5.0,Stationery & Gift,1.28,0.77
2010-11-01,20975,300.0,196.89000000000001,0.6995,5.0,Stationery & Gift,1.28,0.77
2010-11-08,20975,279.0,183.24,0.7374999999999999,6.0,Stationery & Gift,1.28,0.77
2010-11-15,20975,427.0,283.22,0.7385,6.0,Stationery & Gift,1.28,0.77
2010-11-22,20975,283.0,187.73000000000002,0.797,5.0,Stationery & Gift,1.28,0.77
2010-11-29,20975,399.0,307.23,0.8915000000000001,4.0,Stationery & Gift,1.28,0.77
2010-12-06,20975,256.0,189.71,0.90375,6.0,Stationery & Gift,1.28,0.77
2010-12-13,20975,89.0,62.260000000000005,0.8390000000000001,4.0,Stationery & Gift,1.28,0.77
2010-12-20,20975,53.0,37.6,0.965,2.0,Stationery & Gift,1.28,0.77
2011-01-03,20975,76.0,49.400000000000006,0.65,3.0,Stationery & Gift,1.28,0.77
2011-01-10,20975,51.0,34.95,0.95,1.0,Stationery & Gift,1.28,0.77
2011-01-17,20975,122.0,80.5,0.71,4.0,Stationery & Gift,1.28,0.77
2011-01-24,20975,103.0,81.95,0.89,3.0,Stationery & Gift,1.28,0.77
2011-01-31,20975,67.0,52.55,0.9166666666666666,2.0,Stationery & Gift,1.28,0.77
2011-02-07,20975,25.0,16.25,0.65,2.0,Stationery & Gift,1.28,0.77
2011-02-14,20975,56.0,46.6,0.875,3.0,Stationery & Gift,1.28,0.77
2011-02-21,20975,133.0,86.45000000000002,0.65,6.0,Stationery & Gift,1.28,0.77
2011-02-28,20975,83.0,55.75,0.925,3.0,Stationery & Gift,1.28,0.77
2011-03-07,20975,140.0,86.80000000000001,0.7875000000000001,3.0,Stationery & Gift,1.28,0.77
2011-03-14,20975,890.0,579.1,0.71,5.0,Stationery & Gift,1.28,0.77
2011-03-21,20975,111.0,73.35000000000001,0.71,5.0,Stationery & Gift,1.28,0.77
2011-03-28,20975,30.0,23.7,0.8,3.0,Stationery & Gift,1.28,0.77
2011-04-04,20975,93.0,60.45,0.65,4.0,Stationery & Gift,1.28,0.77
2011-04-11,20975,125.0,81.25,0.65,5.0,Stationery & Gift,1.28,0.77
2011-04-18,20975,135.0,92.55000000000001,0.8300000000000001,3.0,Stationery & Gift,1.28,0.77
2011-04-25,20975,90.0,59.7,0.8,3.0,Stationery & Gift,1.28,0.77
2011-05-02,20975,202.0,149.3,0.89,4.0,Stationery & Gift,1.28,0.77
2011-05-09,20975,348.0,239.4,0.794,5.0,Stationery & Gift,1.28,0.77
2011-05-16,20975,45.0,29.25,0.65,3.0,Stationery & Gift,1.28,0.77
2011-05-23,20975,15.0,9.75,0.65,2.0,Stationery & Gift,1.28,0.77
2011-05-30,20975,2.0,1.3,0.65,1.0,Stationery & Gift,1.28,0.77
2011-06-06,20975,0.0,0.0,0.65,0.0,Stationery & Gift,1.28,0.77
2011-06-13,20975,0.0,0.0,0.65,0.0,Stationery & Gift,1.28,0.77
2011-06-20,20975,0.0,0.0,0.65,0.0,Stationery & Gift,1.28,0.77
2011-06-27,20975,0.0,0.0,0.65,0.0,Stationery & Gift,1.28,0.77
2011-07-04,20975,0.0,0.0,0.65,0.0,Stationery & Gift,1.28,0.77
2011-07-11,20975,0.0,0.0,0.65,0.0,Stationery & Gift,1.28,0.77
2011-07-18,20975,0.0,0.0,0.65,0.0,Stationery & Gift,1.28,0.77
2011-07-25,20975,0.0,0.0,0.65,0.0,Stationery & Gift,1.28,0.77
2011-08-01,20975,0.0,0.0,0.65,0.0,Stationery & Gift,1.28,0.77
2011-08-08,20975,0.0,0.0,0.65,0.0,Stationery & Gift,1.28,0.77
2011-08-15,20975,0.0,0.0,0.65,0.0,Stationery & Gift,1.28,0.77
2011-08-22,20975,0.0,0.0,0.65,0.0,Stationery & Gift,1.28,0.77
2011-08-29,20975,0.0,0.0,0.65,0.0,Stationery & Gift,1.28,0.77
2011-09-05,20975,0.0,0.0,0.65,0.0,Stationery & Gift,1.28,0.77
2011-09-12,20975,0.0,0.0,0.65,0.0,Stationery & Gift,1.28,0.77
2011-09-19,20975,29.0,18.85,0.65,2.0,Stationery & Gift,1.28,0.77
2011-09-26,20975,295.0,191.75,0.65,5.0,Stationery & Gift,1.28,0.77
2011-10-03,20975,759.0,440.55,0.6333333333333334,6.0,Stationery & Gift,1.28,0.77
2011-10-10,20975,294.0,191.10000000000002,0.65,6.0,Stationery & Gift,1.28,0.77
2011-10-17,20975,225.0,146.25,0.65,5.0,Stationery & Gift,1.28,0.77
2011-10-24,20975,128.0,83.20000000000002,0.65,6.0,Stationery & Gift,1.28,0.77
2011-10-31,20975,96.0,62.400000000000006,0.65,5.0,Stationery & Gift,1.28,0.77
2011-11-07,20975,295.0,191.75000000000003,0.65,6.0,Stationery & Gift,1.28,0.77
2011-11-14,20975,257.0,167.05,0.65,6.0,Stationery & Gift,1.28,0.77
2011-11-21,20975,248.0,161.20000000000002,0.65,6.0,Stationery & Gift,1.28,0.77
2011-11-28,20975,183.0,118.95,0.65,6.0,Stationery & Gift,1.28,0.77
2011-12-05,20975,164.0,106.60000000000001,0.65,4.0,Stationery & Gift,1.28,0.77
