data/processed/weekly_panel.csv
week_start,sku_id,units_sold,revenue,avg_price,promo_days,category,list_price,unit_cost
2009-11-30,21080,326.0,286.45,0.9436574074074073,6.0,Stationery & Gift,1.66,1.0
2009-12-07,21080,231.0,206.54999999999998,0.9528769841269842,6.0,Stationery & Gift,1.66,1.0
2009-12-14,21080,243.0,192.34,0.9341666666666667,6.0,Stationery & Gift,1.66,1.0
2009-12-21,21080,6.0,5.95,1.0625,2.0,Stationery & Gift,1.66,1.0
2010-01-04,21080,420.0,296.52,0.8009999999999999,5.0,Stationery & Gift,1.66,1.0
2010-01-11,21080,628.0,440.53,1.0738690476190476,5.0,Stationery & Gift,1.66,1.0
2010-01-18,21080,131.0,117.83,1.03225,6.0,Stationery & Gift,1.66,1.0
2010-01-25,21080,153.0,131.67,0.94,6.0,Stationery & Gift,1.66,1.0
2010-02-01,21080,70.0,63.55,1.03,6.0,Stationery & Gift,1.66,1.0
2010-02-08,21080,171.0,151.01999999999998,0.88375,6.0,Stationery & Gift,1.66,1.0
2010-02-15,21080,259.0,202.42,1.04375,5.0,Stationery & Gift,1.66,1.0
2010-02-22,21080,219.0,174.09,1.0752499999999998,5.0,Stationery & Gift,1.66,1.0
2010-03-01,21080,415.0,293.08,0.8680999999999999,5.0,Stationery & Gift,1.66,1.0
2010-03-08,21080,829.0,591.79,0.9423214285714286,6.0,Stationery & Gift,1.66,1.0
2010-03-15,21080,567.0,429.56999999999994,0.9336666666666665,6.0,Stationery & Gift,1.66,1.0
2010-03-22,21080,425.0,324.16999999999996,0.9308333333333333,6.0,Stationery & Gift,1.66,1.0
2010-03-29,21080,114.0,108.19999999999999,1.04375,4.0,Stationery & Gift,1.66,1.0
2010-04-05,21080,131.0,112.16,0.8731428571428571,5.0,Stationery & Gift,1.66,1.0
2010-04-12,21080,153.0,130.04999999999998,0.85,6.0,Stationery & Gift,1.66,1.0
2010-04-19,21080,297.0,250.10999999999999,1.07075,6.0,Stationery & Gift,1.66,1.0
2010-04-26,21080,1361.0,923.03,0.9249242424242424,6.0,Stationery & Gift,1.66,1.0
2010-05-03,21080,666.0,502.92,0.9685499999999999,5.0,Stationery & Gift,1.66,1.0
2010-05-10,21080,243.0,189.63,0.9554999999999999,6.0,Stationery & Gift,1.66,1.0
2010-05-17,21080,291.0,230.42999999999998,1.0085,5.0,Stationery & Gift,1.66,1.0
2010-05-24,21080,797.0,573.5,0.9740428571428572,5.0,Stationery & Gift,1.66,1.0
2010-05-31,21080,313.0,256.42,1.0130714285714286,5.0,Stationery & Gift,1.66,1.0
2010-06-07,21080,470.0,385.01,0.9174682539682539,6.0,Stationery & Gift,1.66,1.0
2010-06-14,21080,555.0,402.45,1.091,5.0,Stationery & Gift,1.66,1.0
2010-06-21,21080,210.0,179.96999999999997,0.8866666666666667,6.0,Stationery & Gift,1.66,1.0
2010-06-28,21080,1167.0,831.81,0.8827579365079364,6.0,Stationery & Gift,1.66,1.0
2010-07-05,21080,356.0,305.21,1.0408333333333333,6.0,Stationery & Gift,1.66,1.0
2010-07-12,21080,512.0,377.15,0.9409166666666665,6.0,Stationery & Gift,1.66,1.0
2010-07-19,21080,352.0,260.5,0.9420833333333333,6.0,Stationery & Gift,1.66,1.0
2010-07-26,21080,129.0,115.32,0.94,6.0,Stationery & Gift,1.66,1.0
2010-08-02,21080,102.0,89.93999999999998,0.9175,4.0,Stationery & Gift,1.66,1.0
2010-08-09,21080,338.0,344.96,1.0290833333333333,6.0,Stationery & Gift,1.66,1.0
2010-08-16,21080,281.0,228.41,0.9665833333333333,6.0,Stationery & Gift,1.66,1.0
2010-08-23,21080,282.0,224.4,0.9778333333333333,6.0,Stationery & Gift,1.66,1.0
2010-08-30,21080,269.0,278.33,1.1042222222222222,5.0,Stationery & Gift,1.66,1.0
2010-09-06,21080,188.0,169.51999999999998,0.94,6.0,Stationery & Gift,1.66,1.0
2010-09-13,21080,225.0,173.51999999999998,0.91125,6.0,Stationery & Gift,1.66,1.0
2010-09-20,21080,300.0,256.98999999999995,0.9604166666666667,6.0,Stationery & Gift,1.66,1.0
2010-09-27,21080,401.0,323.15999999999997,0.9071190476190476,6.0,Stationery & Gift,1.66,1.0
2010-10-04,21080,207.0,189.15,0.9998333333333332,6.0,Stationery & Gift,1.66,1.0
2010-10-11,21080,383.0,318.67,0.8802083333333334,6.0,Stationery & Gift,1.66,1.0
2010-10-18,21080,166.0,154.38,0.9606666666666666,5.0,Stationery & Gift,1.66,1.0
2010-10-25,21080,145.0,150.5,1.1548611111111111,5.0,Stationery & Gift,1.66,1.0
2010-11-01,21080,484.0,353.34999999999997,0.9467500000000001,6.0,Stationery & Gift,1.66,1.0
2010-11-08,21080,108.0,129.94,1.1525555555555556,5.0,Stationery & Gift,1.66,1.0
2010-11-15,21080,399.0,322.76,1.03975,6.0,Stationery & Gift,1.66,1.0
2010-11-22,21080,226.0,221.73999999999998,1.0286111111111111,6.0,Stationery & Gift,1.66,1.0
2010-11-29,21080,575.0,466.40999999999997,1.052638888888889,6.0,Stationery & Gift,1.66,1.0
2010-12-06,21080,334.0,310.14,1.1242857142857143,5.0,Stationery & Gift,1.66,1.0
2010-12-13,21080,52.0,56.63,1.0895833333333333,4.0,Stationery & Gift,1.66,1.0
2010-12-20,21080,55.0,69.91,1.2599999999999998,3.0,Stationery & Gift,1.66,1.0
2011-01-03,21080,276.0,231.04000000000002,0.9471875000000001,4.0,Stationery & Gift,1.66,1.0
2011-01-10,21080,218.0,188.49,1.1480555555555556,5.0,Stationery & Gift,1.66,1.0
2011-01-17,21080,264.0,207.41,1.0266666666666666,6.0,Stationery & Gift,1.66,1.0
2011-01-24,21080,151.0,136.35,1.049,4.0,Stationery & Gift,1.66,1.0
2011-01-31,21080,317.0,242.01,1.0635,4.0,Stationery & Gift,1.66,1.0
2011-02-07,21080,319.0,289.15,1.2746111111111111,5.0,Stationery & Gift,1.66,1.0
2011-02-14,21080,386.0,316.59999999999997,1.0286666666666666,6.0,Stationery & Gift,1.66,1.0
2011-02-21,21080,266.0,212.21,1.3440277777777778,3.0,Stationery & Gift,1.66,1.0
2011-02-28,21080,408.0,321.84000000000003,0.9980555555555556,6.0,Stationery & Gift,1.66,1.0
2011-03-07,21080,136.0,120.42999999999999,1.1183333333333334,5.0,Stationery & Gift,1.66,1.0
2011-03-14,21080,644.0,498.61,0.9536342592592592,6.0,Stationery & Gift,1.66,1.0
2011-03-21,21080,233.0,201.26999999999998,1.0378333333333334,5.0,Stationery & Gift,1.66,1.0
2011-03-28,21080,586.0,500.38,1.1545833333333333,6.0,Stationery & Gift,1.66,1.0
2011-04-04,21080,185.0,150.28,1.0599999999999998,5.0,Stationery & Gift,1.66,1.0
2011-04-11,21080,460.0,353.56,0.8355555555555556,6.0,Stationery & Gift,1.66,1.0
2011-04-18,21080,177.0,169.17,1.1582857142857141,4.0,Stationery & Gift,1.66,1.0
2011-04-25,21080,161.0,139.97,1.118125,4.0,Stationery & Gift,1.66,1.0
2011-05-02,21080,212.0,188.0,1.0297714285714286,5.0,Stationery & Gift,1.66,1.0
2011-05-09,21080,349.0,275.59000000000003,0.9509047619047619,6.0,Stationery & Gift,1.66,1.0
2011-05-16,21080,303.0,282.53,1.2785714285714287,5.0,Stationery & Gift,1.66,1.0
2011-05-23,21080,390.0,358.52,1.07325,4.0,Stationery & Gift,1.66,1.0
2011-05-30,21080,105.0,102.71,1.2888571428571427,3.0,Stationery & Gift,1.66,1.0
2011-06-06,21080,323.0,261.54,1.14,4.0,Stationery & Gift,1.66,1.0
2011-06-13,21080,468.0,371.53,1.0670039682539683,6.0,Stationery & Gift,1.66,1.0
2011-06-20,21080,338.0,303.4,1.1076666666666666,5.0,Stationery & Gift,1.66,1.0
2011-06-27,21080,99.0,105.07999999999998,1.1630555555555555,4.0,Stationery & Gift,1.66,1.0
2011-07-04,21080,270.0,263.31,1.2875363756613756,3.0,Stationery & Gift,1.66,1.0
2011-07-11,21080,92.0,90.97999999999999,1.1703333333333332,3.0,Stationery & Gift,1.66,1.0
2011-07-18,21080,98.0,90.52,1.106111111111111,5.0,Stationery & Gift,1.66,1.0
2011-07-25,21080,169.0,139.75,1.0991666666666666,5.0,Stationery & Gift,1.66,1.0
2011-08-01,21080,360.0,291.96,1.0597333333333334,5.0,Stationery & Gift,1.66,1.0
2011-08-08,21080,113.0,165.57,1.2433333333333334,5.0,Stationery & Gift,1.66,1.0
2011-08-15,21080,162.0,157.01999999999998,0.9036666666666666,6.0,Stationery & Gift,1.66,1.0
2011-08-22,21080,294.0,253.52,0.9897,5.0,Stationery & Gift,1.66,1.0
2011-08-29,21080,194.0,192.79999999999998,1.0968333333333333,5.0,Stationery & Gift,1.66,1.0
2011-09-05,21080,246.0,202.86,0.9540000000000001,5.0,Stationery & Gift,1.66,1.0
2011-09-12,21080,204.0,169.5,0.9511111111111111,6.0,Stationery & Gift,1.66,1.0
2011-09-19,21080,294.0,251.52999999999997,0.9831547619047618,6.0,Stationery & Gift,1.66,1.0
2011-09-26,21080,175.0,150.60999999999999,1.053,5.0,Stationery & Gift,1.66,1.0
2011-10-03,21080,140.0,129.2,1.109404761904762,5.0,Stationery & Gift,1.66,1.0
2011-10-10,21080,79.0,77.49,1.0711111111111111,6.0,Stationery & Gift,1.66,1.0
2011-10-17,21080,288.0,229.37,1.0332666666666666,5.0,Stationery & Gift,1.66,1.0
2011-10-24,21080,232.0,185.56,0.895595238095238,6.0,Stationery & Gift,1.66,1.0
2011-10-31,21080,134.0,138.82,1.0116666666666667,5.0,Stationery & Gift,1.66,1.0
2011-11-07,21080,255.0,211.23,1.0412380952380953,5.0,Stationery & Gift,1.66,1.0
2011-11-14,21080,204.0,166.34,0.9468333333333334,5.0,Stationery & Gift,1.66,1.0
2011-11-21,21080,294.0,225.68,0.8883333333333333,6.0,Stationery & Gift,1.66,1.0
2011-11-28,21080,118.0,108.89999999999999,1.1116666666666666,5.0,Stationery & Gift,1.66,1.0
2011-12-05,21080,157.0,122.53,0.9637499999999999,4.0,Stationery & Gift,1.66,1.0
2009-11-30,21085,27.0,18.6,1.0,2.0,Kitchen & Dining,1.66,1.0
2009-12-07,21085,1.0,0.65,0.65,1.0,Kitchen & Dining,1.66,1.0
2009-12-14,21085,24.0,15.600000000000001,0.65,1.0,Kitchen & Dining,1.66,1.0
2009-12-21,21085,0.0,0.0,0.65,0.0,Kitchen & Dining,1.66,1.0
2010-01-04,21085,12.0,7.800000000000001,0.65,1.0,Kitchen & Dining,1.66,1.0
2010-01-11,21085,24.0,15.600000000000001,0.65,2.0,Kitchen & Dining,1.66,1.0
2010-01-18,21085,36.0,23.400000000000002,0.65,3.0,Kitchen & Dining,1.66,1.0
2010-01-25,21085,331.0,184.63,1.01375,3.0,Kitchen & Dining,1.66,1.0
2010-02-01,21085,18.0,11.700000000000001,0.65,2.0,Kitchen & Dining,1.66,1.0
2010-02-08,21085,63.0,41.96,0.9866666666666667,2.0,Kitchen & Dining,1.66,1.0
2010-02-15,21085,23.0,18.990000000000002,0.9866666666666667,2.0,Kitchen & Dining,1.66,1.0
2010-02-22,21085,27.0,17.55,0.65,3.0,Kitchen & Dining,1.66,1.0
2010-03-01,21085,276.0,158.53,0.7133333333333334,6.0,Kitchen & Dining,1.66,1.0
2010-03-08,21085,2.0,3.32,1.66,0.0,Kitchen & Dining,1.66,1.0
2010-03-15,21085,12786.0,1301.7,0.5125,4.0,Kitchen & Dining,1.66,1.0
2010-03-22,21085,0.0,0.0,0.5125,0.0,Kitchen & Dining,1.66,1.0
2010-03-29,21085,7.0,4.55,0.65,1.0,Kitchen & Dining,1.66,1.0
2010-04-05,21085,0.0,0.0,0.65,0.0,Kitchen & Dining,1.66,1.0
2010-04-12,21085,0.0,0.0,0.65,0.0,Kitchen & Dining,1.66,1.0
2010-04-19,21085,14.0,9.100000000000001,0.65,2.0,Kitchen & Dining,1.66,1.0
2010-04-26,21085,0.0,0.0,0.65,0.0,Kitchen & Dining,1.66,1.0
2010-05-03,21085,4.0,2.6,0.65,2.0,Kitchen & Dining,1.66,1.0
2010-05-10,21085,0.0,0.0,0.65,0.0,Kitchen & Dining,1.66,1.0
2010-05-17,21085,0.0,0.0,0.65,0.0,Kitchen & Dining,1.66,1.0
2010-05-24,21085,12.0,7.800000000000001,0.65,3.0,Kitchen & Dining,1.66,1.0
2010-05-31,21085,6.0,3.9000000000000004,0.65,1.0,Kitchen & Dining,1.66,1.0
2010-06-07,21085,2.0,1.3,0.65,1.0,Kitchen & Dining,1.66,1.0
2010-06-14,21085,11.0,7.15,0.65,3.0,Kitchen & Dining,1.66,1.0
2010-06-21,21085,0.0,0.0,0.65,0.0,Kitchen & Dining,1.66,1.0
2010-06-28,21085,0.0,0.0,0.65,0.0,Kitchen & Dining,1.66,1.0
2010-07-05,21085,19.0,12.350000000000001,0.65,2.0,Kitchen & Dining,1.66,1.0
2010-07-12,21085,6.0,3.9,0.65,1.0,Kitchen & Dining,1.66,1.0
2010-07-19,21085,0.0,0.0,0.65,0.0,Kitchen & Dining,1.66,1.0
2010-07-26,21085,0.0,0.0,0.65,0.0,Kitchen & Dining,1.66,1.0
2010-08-02,21085,0.0,0.0,0.65,0.0,Kitchen & Dining,1.66,1.0
2010-08-09,21085,0.0,0.0,0.65,0.0,Kitchen & Dining,1.66,1.0
2010-08-16,21085,0.0,0.0,0.65,0.0,Kitchen & Dining,1.66,1.0
2010-08-23,21085,0.0,0.0,0.65,0.0,Kitchen & Dining,1.66,1.0
2010-08-30,21085,0.0,0.0,0.65,0.0,Kitchen & Dining,1.66,1.0
2010-09-06,21085,0.0,0.0,0.65,0.0,Kitchen & Dining,1.66,1.0
2010-09-13,21085,0.0,0.0,0.65,0.0,Kitchen & Dining,1.66,1.0
2010-09-20,21085,0.0,0.0,0.65,0.0,Kitchen & Dining,1.66,1.0
2010-09-27,21085,0.0,0.0,0.65,0.0,Kitchen & Dining,1.66,1.0
2010-10-04,21085,0.0,0.0,0.65,0.0,Kitchen & Dining,1.66,1.0
2010-10-11,21085,0.0,0.0,0.65,0.0,Kitchen & Dining,1.66,1.0
2010-10-18,21085,0.0,0.0,0.65,0.0,Kitchen & Dining,1.66,1.0
2010-10-25,21085,0.0,0.0,0.65,0.0,Kitchen & Dining,1.66,1.0
2010-11-01,21085,0.0,0.0,0.65,0.0,Kitchen & Dining,1.66,1.0
2010-11-08,21085,0.0,0.0,0.65,0.0,Kitchen & Dining,1.66,1.0
2010-11-15,21085,0.0,0.0,0.65,0.0,Kitchen & Dining,1.66,1.0
2010-11-22,21085,0.0,0.0,0.65,0.0,Kitchen & Dining,1.66,1.0
2010-11-29,21085,0.0,0.0,0.65,0.0,Kitchen & Dining,1.66,1.0
2010-12-06,21085,0.0,0.0,0.65,0.0,Kitchen & Dining,1.66,1.0
2010-12-13,21085,0.0,0.0,0.65,0.0,Kitchen & Dining,1.66,1.0
2010-12-20,21085,0.0,0.0,0.65,0.0,Kitchen & Dining,1.66,1.0
2011-01-03,21085,0.0,0.0,0.65,0.0,Kitchen & Dining,1.66,1.0
2011-01-10,21085,0.0,0.0,0.65,0.0,Kitchen & Dining,1.66,1.0
2011-01-17,21085,0.0,0.0,0.65,0.0,Kitchen & Dining,1.66,1.0
2011-01-24,21085,0.0,0.0,0.65,0.0,Kitchen & Dining,1.66,1.0
2011-01-31,21085,0.0,0.0,0.65,0.0,Kitchen & Dining,1.66,1.0
2011-02-07,21085,0.0,0.0,0.65,0.0,Kitchen & Dining,1.66,1.0
2011-02-14,21085,0.0,0.0,0.65,0.0,Kitchen & Dining,1.66,1.0
2011-02-21,21085,0.0,0.0,0.65,0.0,Kitchen & Dining,1.66,1.0
2011-02-28,21085,0.0,0.0,0.65,0.0,Kitchen & Dining,1.66,1.0
2011-03-07,21085,0.0,0.0,0.65,0.0,Kitchen & Dining,1.66,1.0
2011-03-14,21085,0.0,0.0,0.65,0.0,Kitchen & Dining,1.66,1.0
2011-03-21,21085,0.0,0.0,0.65,0.0,Kitchen & Dining,1.66,1.0
2011-03-28,21085,0.0,0.0,0.65,0.0,Kitchen & Dining,1.66,1.0
2011-04-04,21085,0.0,0.0,0.65,0.0,Kitchen & Dining,1.66,1.0
2011-04-11,21085,0.0,0.0,0.65,0.0,Kitchen & Dining,1.66,1.0
2011-04-18,21085,0.0,0.0,0.65,0.0,Kitchen & Dining,1.66,1.0
2011-04-25,21085,0.0,0.0,0.65,0.0,Kitchen & Dining,1.66,1.0
2011-05-02,21085,0.0,0.0,0.65,0.0,Kitchen & Dining,1.66,1.0
2011-05-09,21085,0.0,0.0,0.65,0.0,Kitchen & Dining,1.66,1.0
2011-05-16,21085,0.0,0.0,0.65,0.0,Kitchen & Dining,1.66,1.0
2011-05-23,21085,0.0,0.0,0.65,0.0,Kitchen & Dining,1.66,1.0
2011-05-30,21085,0.0,0.0,0.65,0.0,Kitchen & Dining,1.66,1.0
2011-06-06,21085,0.0,0.0,0.65,0.0,Kitchen & Dining,1.66,1.0
2011-06-13,21085,0.0,0.0,0.65,0.0,Kitchen & Dining,1.66,1.0
2011-06-20,21085,0.0,0.0,0.65,0.0,Kitchen & Dining,1.66,1.0
2011-06-27,21085,0.0,0.0,0.65,0.0,Kitchen & Dining,1.66,1.0
2011-07-04,21085,0.0,0.0,0.65,0.0,Kitchen & Dining,1.66,1.0
2011-07-11,21085,0.0,0.0,0.65,0.0,Kitchen & Dining,1.66,1.0
2011-07-18,21085,0.0,0.0,0.65,0.0,Kitchen & Dining,1.66,1.0
2011-07-25,21085,0.0,0.0,0.65,0.0,Kitchen & Dining,1.66,1.0
2011-08-01,21085,0.0,0.0,0.65,0.0,Kitchen & Dining,1.66,1.0
2011-08-08,21085,0.0,0.0,0.65,0.0,Kitchen & Dining,1.66,1.0
2011-08-15,21085,0.0,0.0,0.65,0.0,Kitchen & Dining,1.66,1.0
2011-08-22,21085,0.0,0.0,0.65,0.0,Kitchen & Dining,1.66,1.0
2011-08-29,21085,0.0,0.0,0.65,0.0,Kitchen & Dining,1.66,1.0
2011-09-05,21085,0.0,0.0,0.65,0.0,Kitchen & Dining,1.66,1.0
2011-09-12,21085,0.0,0.0,0.65,0.0,Kitchen & Dining,1.66,1.0
2011-09-19,21085,0.0,0.0,0.65,0.0,Kitchen & Dining,1.66,1.0
2011-09-26,21085,0.0,0.0,0.65,0.0,Kitchen & Dining,1.66,1.0
2011-10-03,21085,0.0,0.0,0.65,0.0,Kitchen & Dining,1.66,1.0
2011-10-10,21085,0.0,0.0,0.65,0.0,Kitchen & Dining,1.66,1.0
2011-10-17,21085,0.0,0.0,0.65,0.0,Kitchen & Dining,1.66,1.0
2011-10-24,21085,0.0,0.0,0.65,0.0,Kitchen & Dining,1.66,1.0
2011-10-31,21085,0.0,0.0,0.65,0.0,Kitchen & Dining,1.66,1.0
2011-11-07,21085,0.0,0.0,0.65,0.0,Kitchen & Dining,1.66,1.0
2011-11-14,21085,0.0,0.0,0.65,0.0,Kitchen & Dining,1.66,1.0
2011-11-21,21085,0.0,0.0,0.65,0.0,Kitchen & Dining,1.66,1.0
2011-11-28,21085,0.0,0.0,0.65,0.0,Kitchen & Dining,1.66,1.0
2011-12-05,21085,0.0,0.0,0.65,0.0,Kitchen & Dining,1.66,1.0
