data/processed/weekly_panel.csv
week_start,sku_id,units_sold,revenue,avg_price,promo_days,category,list_price,unit_cost
2009-11-30,21086,140.0,91.0,0.65,4.0,Kitchen & Dining,1.63,0.98
2009-12-07,21086,60.0,39.0,0.65,3.0,Kitchen & Dining,1.63,0.98
2009-12-14,21086,39.0,29.550000000000004,1.04375,3.0,Kitchen & Dining,1.63,0.98
2009-12-21,21086,0.0,0.0,1.04375,0.0,Kitchen & Dining,1.63,0.98
2010-01-04,21086,130.0,84.50000000000001,0.65,2.0,Kitchen & Dining,1.63,0.98
2010-01-11,21086,101.0,70.9,0.79,5.0,Kitchen & Dining,1.63,0.98
2010-01-18,21086,264.0,146.69,0.828,4.0,Kitchen & Dining,1.63,0.98
2010-01-25,21086,25.0,15.82,0.9466666666666667,2.0,Kitchen & Dining,1.63,0.98
2010-02-01,21086,0.0,0.0,0.9466666666666667,0.0,Kitchen & Dining,1.63,0.98
2010-02-08,21086,0.0,0.0,0.9466666666666667,0.0,Kitchen & Dining,1.63,0.98
2010-02-15,21086,0.0,0.0,0.9466666666666667,0.0,Kitchen & Dining,1.63,0.98
2010-02-22,21086,0.0,0.0,0.9466666666666667,0.0,Kitchen & Dining,1.63,0.98
2010-03-01,21086,0.0,0.0,0.9466666666666667,0.0,Kitchen & Dining,1.63,0.98
2010-03-08,21086,32.0,20.8,0.65,2.0,Kitchen & Dining,1.63,0.98
2010-03-15,21086,394.0,263.17,0.7005,4.0,Kitchen & Dining,1.63,0.98
2010-03-22,21086,111.0,72.15,0.65,6.0,Kitchen & Dining,1.63,0.98
2010-03-29,21086,244.0,135.71,0.958125,3.0,Kitchen & Dining,1.63,0.98
2010-04-05,21086,39.0,25.35,0.65,2.0,Kitchen & Dining,1.63,0.98
2010-04-12,21086,209.0,135.85,0.65,5.0,Kitchen & Dining,1.63,0.98
2010-04-19,21086,72.0,57.910000000000004,1.0203333333333333,4.0,Kitchen & Dining,1.63,0.98
2010-04-26,21086,993.0,550.4100000000001,0.625,6.0,Kitchen & Dining,1.63,0.98
2010-05-03,21086,336.0,214.66,0.7056250000000001,4.0,Kitchen & Dining,1.63,0.98
2010-05-10,21086,295.0,165.83,0.635,4.0,Kitchen & Dining,1.63,0.98
2010-05-17,21086,93.0,63.480000000000004,0.8183333333333334,5.0,Kitchen & Dining,1.63,0.98
2010-05-24,21086,606.0,370.00000000000006,0.6824,5.0,Kitchen & Dining,1.63,0.98
2010-05-31,21086,123.0,94.09,1.155,3.0,Kitchen & Dining,1.63,0.98
2010-06-07,21086,202.0,139.38,0.9025000000000001,4.0,Kitchen & Dining,1.63,0.98
2010-06-14,21086,334.0,206.33,1.1093214285714286,3.0,Kitchen & Dining,1.63,0.98
2010-06-21,21086,124.0,88.68,0.953,4.0,Kitchen & Dining,1.63,0.98
2010-06-28,21086,940.0,522.88,0.7518333333333334,5.0,Kitchen & Dining,1.63,0.98
2010-07-05,21086,125.0,94.38,0.8015000000000001,5.0,Kitchen & Dining,1.63,0.98
2010-07-12,21086,354.0,209.23000000000002,0.6885,5.0,Kitchen & Dining,1.63,0.98
2010-07-19,21086,96.0,86.64,0.8709374999999999,3.0,Kitchen & Dining,1.63,0.98
2010-07-26,21086,99.0,71.42,1.0203333333333333,4.0,Kitchen & Dining,1.63,0.98
2010-08-02,21086,16.0,11.41,0.9866666666666667,2.0,Kitchen & Dining,1.63,0.98
2010-08-09,21086,244.0,148.84,1.3033333333333332,1.0,Kitchen & Dining,1.63,0.98
2010-08-16,21086,73.0,53.510000000000005,0.8604166666666667,4.0,Kitchen & Dining,1.63,0.98
2010-08-23,21086,121.0,79.66,0.9866666666666667,2.0,Kitchen & Dining,1.63,0.98
2010-08-30,21086,176.0,122.48,0.8183333333333334,5.0,Kitchen & Dining,1.63,0.98
2010-09-06,21086,36.0,23.400000000000002,0.65,3.0,Kitchen & Dining,1.63,0.98
2010-09-13,21086,243.0,132.03,0.62,4.0,Kitchen & Dining,1.63,0.98
2010-09-20,21086,196.0,128.41000000000003,0.9025,3.0,Kitchen & Dining,1.63,0.98
2010-09-27,21086,146.0,100.96000000000001,0.706111111111111,6.0,Kitchen & Dining,1.63,0.98
2010-10-04,21086,54.0,41.160000000000004,1.155,2.0,Kitchen & Dining,1.63,0.98
2010-10-11,21086,386.0,227.00000000000003,0.7011111111111111,6.0,Kitchen & Dining,1.63,0.98
2010-10-18,21086,24.0,15.600000000000001,0.65,2.0,Kitchen & Dining,1.63,0.98
2010-10-25,21086,60.0,57.17999999999999,0.852,4.0,Kitchen & Dining,1.63,0.98
2010-11-01,21086,74.0,51.129999999999995,1.098888888888889,2.0,Kitchen & Dining,1.63,0.98
2010-11-08,21086,279.0,164.51999999999998,0.8945000000000001,5.0,Kitchen & Dining,1.63,0.98
2010-11-15,21086,251.0,167.19000000000003,0.706111111111111,6.0,Kitchen & Dining,1.63,0.98
2010-11-22,21086,337.0,209.29000000000002,0.8263888888888888,6.0,Kitchen & Dining,1.63,0.98
2010-11-29,21086,403.0,238.05,0.6636666666666667,6.0,Kitchen & Dining,1.63,0.98
2010-12-06,21086,67.0,50.620000000000005,1.02875,3.0,Kitchen & Dining,1.63,0.98
2010-12-13,21086,26.0,16.900000000000002,0.65,2.0,Kitchen & Dining,1.63,0.98
2010-12-20,21086,32.0,22.82,0.77625,4.0,Kitchen & Dining,1.63,0.98
2011-01-03,21086,276.0,153.48,0.63,3.0,Kitchen & Dining,1.63,0.98
2011-01-10,21086,23.0,21.81,1.14,2.0,Kitchen & Dining,1.63,0.98
2011-01-17,21086,121.0,79.63000000000001,0.7316666666666667,4.0,Kitchen & Dining,1.63,0.98
2011-01-24,21086,60.0,39.0,0.65,3.0,Kitchen & Dining,1.63,0.98
2011-01-31,21086,114.0,85.86000000000001,0.8133333333333334,3.0,Kitchen & Dining,1.63,0.98
2011-02-07,21086,118.0,89.44,1.0991666666666666,4.0,Kitchen & Dining,1.63,0.98
2011-02-14,21086,270.0,156.44,0.938,4.0,Kitchen & Dining,1.63,0.98
2011-02-21,21086,90.0,61.440000000000005,0.8459999999999999,4.0,Kitchen & Dining,1.63,0.98
2011-02-28,21086,533.0,303.43,0.6916666666666667,4.0,Kitchen & Dining,1.63,0.98
2011-03-07,21086,48.0,31.200000000000003,0.65,2.0,Kitchen & Dining,1.63,0.98
2011-03-14,21086,151.0,106.97000000000001,0.7316666666666667,4.0,Kitchen & Dining,1.63,0.98
2011-03-21,21086,217.0,144.97000000000003,0.748,5.0,Kitchen & Dining,1.63,0.98
2011-03-28,21086,215.0,156.41,1.0615999999999999,4.0,Kitchen & Dining,1.63,0.98
2011-04-04,21086,269.0,157.75,0.834,5.0,Kitchen & Dining,1.63,0.98
2011-04-11,21086,248.0,137.24,0.834,4.0,Kitchen & Dining,1.63,0.98
2011-04-18,21086,70.0,61.18,1.14,3.0,Kitchen & Dining,1.63,0.98
2011-04-25,21086,93.0,73.19,0.895,3.0,Kitchen & Dining,1.63,0.98
2011-05-02,21086,112.0,80.64,0.8786666666666667,5.0,Kitchen & Dining,1.63,0.98
2011-05-09,21086,144.0,128.88,0.9834722222222222,5.0,Kitchen & Dining,1.63,0.98
2011-05-16,21086,260.0,163.66,1.1572222222222222,4.0,Kitchen & Dining,1.63,0.98
2011-05-23,21086,131.0,99.85000000000001,0.8786666666666667,6.0,Kitchen & Dining,1.63,0.98
2011-05-30,21086,88.0,73.86,1.216222222222222,2.0,Kitchen & Dining,1.63,0.98
2011-06-06,21086,115.0,80.63000000000001,0.8852,4.0,Kitchen & Dining,1.63,0.98
2011-06-13,21086,183.0,121.89,0.8786666666666666,3.0,Kitchen & Dining,1.63,0.98
2011-06-20,21086,324.0,207.22,0.8913333333333333,6.0,Kitchen & Dining,1.63,0.98
2011-06-27,21086,73.0,51.370000000000005,0.8459999999999999,5.0,Kitchen & Dining,1.63,0.98
2011-07-04,21086,151.0,135.39,1.2757999999999998,4.0,Kitchen & Dining,1.63,0.98
2011-07-11,21086,68.0,53.019999999999996,0.9766666666666666,2.0,Kitchen & Dining,1.63,0.98
2011-07-18,21086,38.0,27.64,0.9766666666666666,2.0,Kitchen & Dining,1.63,0.98
2011-07-25,21086,82.0,65.06,1.2216666666666667,2.0,Kitchen & Dining,1.63,0.98
2011-08-01,21086,211.0,150.87,0.9358333333333333,4.0,Kitchen & Dining,1.63,0.98
2011-08-08,21086,59.0,84.41,1.5074999999999998,1.0,Kitchen & Dining,1.63,0.98
2011-08-15,21086,24.0,15.600000000000001,0.65,2.0,Kitchen & Dining,1.63,0.98
2011-08-22,21086,128.0,91.04,0.748,5.0,Kitchen & Dining,1.63,0.98
2011-08-29,21086,292.0,203.08,1.018,4.0,Kitchen & Dining,1.63,0.98
2011-09-05,21086,102.0,73.16,0.8541666666666666,4.0,Kitchen & Dining,1.63,0.98
2011-09-12,21086,61.0,42.59,0.8460000000000001,4.0,Kitchen & Dining,1.63,0.98
2011-09-19,21086,108.0,91.76,1.1889999999999998,3.0,Kitchen & Dining,1.63,0.98
2011-09-26,21086,265.0,149.27,0.8013333333333333,5.0,Kitchen & Dining,1.63,0.98
2011-10-03,21086,64.0,48.46000000000001,0.8949999999999999,4.0,Kitchen & Dining,1.63,0.98
2011-10-10,21086,49.0,31.85,0.65,3.0,Kitchen & Dining,1.63,0.98
2011-10-17,21086,45.0,31.21,0.8133333333333334,3.0,Kitchen & Dining,1.63,0.98
2011-10-24,21086,146.0,96.86,0.895,3.0,Kitchen & Dining,1.63,0.98
2011-10-31,21086,63.0,43.89,0.8133333333333334,3.0,Kitchen & Dining,1.63,0.98
2011-11-07,21086,303.0,184.75,0.8666666666666666,5.0,Kitchen & Dining,1.63,0.98
2011-11-14,21086,39.0,33.19,0.8541666666666666,4.0,Kitchen & Dining,1.63,0.98
2011-11-21,21086,127.0,84.51,0.8460000000000001,4.0,Kitchen & Dining,1.63,0.98
2011-11-28,21086,39.0,33.19,1.0175,3.0,Kitchen & Dining,1.63,0.98
2011-12-05,21086,24.0,15.600000000000001,0.65,2.0,Kitchen & Dining,1.63,0.98
2009-12-14,21088,6.0,3.9000000000000004,0.65,1.0,Kitchen & Dining,0.83,0.5
2009-12-21,21088,0.0,0.0,0.65,0.0,Kitchen & Dining,0.83,0.5
2010-01-04,21088,0.0,0.0,0.65,0.0,Kitchen & Dining,0.83,0.5
2010-01-11,21088,0.0,0.0,0.65,0.0,Kitchen & Dining,0.83,0.5
2010-01-18,21088,24.0,15.600000000000001,0.65,2.0,Kitchen & Dining,0.83,0.5
2010-01-25,21088,0.0,0.0,0.65,0.0,Kitchen & Dining,0.83,0.5
2010-02-01,21088,11.0,7.15,0.65,1.0,Kitchen & Dining,0.83,0.5
2010-02-08,21088,24.0,15.600000000000001,0.65,1.0,Kitchen & Dining,0.83,0.5
2010-02-15,21088,0.0,0.0,0.65,0.0,Kitchen & Dining,0.83,0.5
2010-02-22,21088,12.0,7.800000000000001,0.65,1.0,Kitchen & Dining,0.83,0.5
2010-03-01,21088,0.0,0.0,0.65,0.0,Kitchen & Dining,0.83,0.5
2010-03-08,21088,0.0,0.0,0.65,0.0,Kitchen & Dining,0.83,0.5
2010-03-15,21088,0.0,0.0,0.65,0.0,Kitchen & Dining,0.83,0.5
2010-03-22,21088,0.0,0.0,0.65,0.0,Kitchen & Dining,0.83,0.5
2010-03-29,21088,0.0,0.0,0.65,0.0,Kitchen & Dining,0.83,0.5
2010-04-05,21088,1.0,0.65,0.65,1.0,Kitchen & Dining,0.83,0.5
2010-04-12,21088,5.0,3.25,0.65,2.0,Kitchen & Dining,0.83,0.5
2010-04-19,21088,0.0,0.0,0.65,0.0,Kitchen & Dining,0.83,0.5
2010-04-26,21088,0.0,0.0,0.65,0.0,Kitchen & Dining,0.83,0.5
2010-05-03,21088,36.0,23.400000000000002,0.65,2.0,Kitchen & Dining,0.83,0.5
2010-05-10,21088,450.0,93.78,0.42,3.0,Kitchen & Dining,0.83,0.5
2010-05-17,21088,22.0,14.3,0.65,3.0,Kitchen & Dining,0.83,0.5
2010-05-24,21088,0.0,0.0,0.65,0.0,Kitchen & Dining,0.83,0.5
2010-05-31,21088,0.0,0.0,0.65,0.0,Kitchen & Dining,0.83,0.5
2010-06-07,21088,4.0,2.6,0.65,2.0,Kitchen & Dining,0.83,0.5
2010-06-14,21088,42.0,27.300000000000004,0.65,3.0,Kitchen & Dining,0.83,0.5
2010-06-21,21088,0.0,0.0,0.65,0.0,Kitchen & Dining,0.83,0.5
2010-06-28,21088,14.0,11.120000000000001,1.155,1.0,Kitchen & Dining,0.83,0.5
2010-07-05,21088,10.0,6.5,0.65,1.0,Kitchen & Dining,0.83,0.5
2010-07-12,21088,0.0,0.0,0.65,0.0,Kitchen & Dining,0.83,0.5
2010-07-19,21088,12.0,7.800000000000001,0.65,1.0,Kitchen & Dining,0.83,0.5
2010-07-26,21088,0.0,0.0,0.65,0.0,Kitchen & Dining,0.83,0.5
2010-08-02,21088,3.0,1.9500000000000002,0.65,1.0,Kitchen & Dining,0.83,0.5
2010-08-09,21088,7128.0,570.24,0.08,1.0,Kitchen & Dining,0.83,0.5
2010-08-16,21088,0.0,0.0,0.08,0.0,Kitchen & Dining,0.83,0.5
2010-08-23,21088,0.0,0.0,0.08,0.0,Kitchen & Dining,0.83,0.5
2010-08-30,21088,3.0,1.9500000000000002,0.65,1.0,Kitchen & Dining,0.83,0.5
2010-09-06,21088,0.0,0.0,0.65,0.0,Kitchen & Dining,0.83,0.5
2010-09-13,21088,0.0,0.0,0.65,0.0,Kitchen & Dining,0.83,0.5
2010-09-20,21088,0.0,0.0,0.65,0.0,Kitchen & Dining,0.83,0.5
2010-09-27,21088,7128.0,570.24,0.08,1.0,Kitchen & Dining,0.83,0.5
2010-10-04,21088,2.0,3.32,1.66,0.0,Kitchen & Dining,0.83,0.5
2010-10-11,21088,0.0,0.0,1.66,0.0,Kitchen & Dining,0.83,0.5
2010-10-18,21088,0.0,0.0,1.66,0.0,Kitchen & Dining,0.83,0.5
2010-10-25,21088,0.0,0.0,1.66,0.0,Kitchen & Dining,0.83,0.5
2010-11-01,21088,0.0,0.0,1.66,0.0,Kitchen & Dining,0.83,0.5
2010-11-08,21088,0.0,0.0,1.66,0.0,Kitchen & Dining,0.83,0.5
2010-11-15,21088,0.0,0.0,1.66,0.0,Kitchen & Dining,0.83,0.5
2010-11-22,21088,0.0,0.0,1.66,0.0,Kitchen & Dining,0.83,0.5
2010-11-29,21088,0.0,0.0,1.66,0.0,Kitchen & Dining,0.83,0.5
2010-12-06,21088,0.0,0.0,1.66,0.0,Kitchen & Dining,0.83,0.5
2010-12-13,21088,0.0,0.0,1.66,0.0,Kitchen & Dining,0.83,0.5
2010-12-20,21088,0.0,0.0,1.66,0.0,Kitchen & Dining,0.83,0.5
2011-01-03,21088,12.0,7.800000000000001,0.65,1.0,Kitchen & Dining,0.83,0.5
2011-01-10,21088,4.0,6.64,1.66,0.0,Kitchen & Dining,0.83,0.5
2011-01-17,21088,12.0,7.800000000000001,0.65,1.0,Kitchen & Dining,0.83,0.5
2011-01-24,21088,0.0,0.0,0.65,0.0,Kitchen & Dining,0.83,0.5
2011-01-31,21088,0.0,0.0,0.65,0.0,Kitchen & Dining,0.83,0.5
2011-02-07,21088,0.0,0.0,0.65,0.0,Kitchen & Dining,0.83,0.5
2011-02-14,21088,0.0,0.0,0.65,0.0,Kitchen & Dining,0.83,0.5
2011-02-21,21088,24.0,15.600000000000001,0.65,1.0,Kitchen & Dining,0.83,0.5
2011-02-28,21088,24.0,16.68,0.7399999999999999,2.0,Kitchen & Dining,0.83,0.5
2011-03-07,21088,0.0,0.0,0.7399999999999999,0.0,Kitchen & Dining,0.83,0.5
2011-03-14,21088,24.0,15.600000000000001,0.65,1.0,Kitchen & Dining,0.83,0.5
2011-03-21,21088,1.0,0.83,0.83,0.0,Kitchen & Dining,0.83,0.5
2011-03-28,21088,10.0,4.5600000000000005,0.5566666666666666,2.0,Kitchen & Dining,0.83,0.5
2011-04-04,21088,39.0,7.41,0.19000000000000003,3.0,Kitchen & Dining,0.83,0.5
2011-04-11,21088,56.0,10.64,0.19,2.0,Kitchen & Dining,0.83,0.5
2011-04-18,21088,300.0,57.64,0.29666666666666663,3.0,Kitchen & Dining,0.83,0.5
2011-04-25,21088,78.0,14.820000000000002,0.19000000000000003,3.0,Kitchen & Dining,0.83,0.5
2011-05-02,21088,27.0,5.130000000000001,0.19,2.0,Kitchen & Dining,0.83,0.5
2011-05-09,21088,311.0,59.09,0.19000000000000003,3.0,Kitchen & Dining,0.83,0.5
2011-05-16,21088,56.0,17.68,0.43,3.0,Kitchen & Dining,0.83,0.5
2011-05-23,21088,31.0,10.370000000000001,0.6699999999999999,1.0,Kitchen & Dining,0.83,0.5
2011-05-30,21088,4.0,3.32,0.83,0.0,Kitchen & Dining,0.83,0.5
2011-06-06,21088,26.0,4.94,0.19,2.0,Kitchen & Dining,0.83,0.5
2011-06-13,21088,4.0,2.04,0.51,1.0,Kitchen & Dining,0.83,0.5
2011-06-20,21088,5.0,1.5899999999999999,0.51,1.0,Kitchen & Dining,0.83,0.5
2011-06-27,21088,2.0,0.38,0.19,1.0,Kitchen & Dining,0.83,0.5
2011-07-04,21088,61.0,12.23,0.2966666666666667,3.0,Kitchen & Dining,0.83,0.5
2011-07-11,21088,5.0,1.5899999999999999,0.51,1.0,Kitchen & Dining,0.83,0.5
2011-07-18,21088,7.0,2.61,0.51,1.0,Kitchen & Dining,0.83,0.5
2011-07-25,21088,140.0,33.64,0.46199999999999997,3.0,Kitchen & Dining,0.83,0.5
2011-08-01,21088,1.0,0.83,0.83,0.0,Kitchen & Dining,0.83,0.5
2011-08-08,21088,36.0,14.52,0.51,1.0,Kitchen & Dining,0.83,0.5
2011-08-15,21088,72.0,13.680000000000001,0.19,2.0,Kitchen & Dining,0.83,0.5
2011-08-22,21088,74.0,14.060000000000002,0.19000000000000003,3.0,Kitchen & Dining,0.83,0.5
2011-08-29,21088,67.0,19.13,0.4033333333333333,2.0,Kitchen & Dining,0.83,0.5
2011-09-05,21088,24.0,4.5600000000000005,0.19,1.0,Kitchen & Dining,0.83,0.5
2011-09-12,21088,12.0,2.2800000000000002,0.19,1.0,Kitchen & Dining,0.83,0.5
2011-09-19,21088,33.0,12.03,0.51,1.0,Kitchen & Dining,0.83,0.5
2011-09-26,21088,9.0,1.71,0.19,2.0,Kitchen & Dining,0.83,0.5
2011-10-03,21088,0.0,0.0,0.19,0.0,Kitchen & Dining,0.83,0.5
2011-10-10,21088,0.0,0.0,0.19,0.0,Kitchen & Dining,0.83,0.5
2011-10-17,21088,2.0,0.38,0.19,1.0,Kitchen & Dining,0.83,0.5
2011-10-24,21088,0.0,0.0,0.19,0.0,Kitchen & Dining,0.83,0.5
2011-10-31,21088,2.0,1.66,0.83,0.0,Kitchen & Dining,0.83,0.5
2011-11-07,21088,0.0,0.0,0.83,0.0,Kitchen & Dining,0.83,0.5
2011-11-14,21088,34.0,12.86,0.51,1.0,Kitchen & Dining,0.83,0.5
2011-11-21,21088,0.0,0.0,0.51,0.0,Kitchen & Dining,0.83,0.5
2011-11-28,21088,24.0,4.5600000000000005,0.19,1.0,Kitchen & Dining,0.83,0.5
2011-12-05,21088,25.0,5.390000000000001,0.51,1.0,Kitchen & Dining,0.83,0.5
