data/processed/weekly_panel.csv
week_start,sku_id,units_sold,revenue,avg_price,promo_days,category,list_price,unit_cost
2009-11-30,21091,14.0,12.75,1.1333333333333333,2.0,Kitchen & Dining,1.66,1.0
2009-12-07,21091,1.0,0.85,0.85,1.0,Kitchen & Dining,1.66,1.0
2009-12-14,21091,24.0,20.4,0.85,1.0,Kitchen & Dining,1.66,1.0
2009-12-21,21091,0.0,0.0,0.85,0.0,Kitchen & Dining,1.66,1.0
2010-01-04,21091,24.0,20.4,0.85,1.0,Kitchen & Dining,1.66,1.0
2010-01-11,21091,24.0,20.4,0.85,2.0,Kitchen & Dining,1.66,1.0
2010-01-18,21091,24.0,20.4,0.85,2.0,Kitchen & Dining,1.66,1.0
2010-01-25,21091,332.0,224.14999999999998,1.1275,3.0,Kitchen & Dining,1.66,1.0
2010-02-01,21091,22.0,19.509999999999998,1.0525,2.0,Kitchen & Dining,1.66,1.0
2010-02-08,21091,66.0,59.339999999999996,1.255,2.0,Kitchen & Dining,1.66,1.0
2010-02-15,21091,23.0,21.98,1.0525,3.0,Kitchen & Dining,1.66,1.0
2010-02-22,21091,27.0,22.95,0.85,3.0,Kitchen & Dining,1.66,1.0
2010-03-01,21091,140.0,102.89,0.9205,5.0,Kitchen & Dining,1.66,1.0
2010-03-08,21091,3.0,4.9799999999999995,1.66,0.0,Kitchen & Dining,1.66,1.0
2010-03-15,21091,12976.0,1317.7,0.865,3.0,Kitchen & Dining,1.66,1.0
2010-03-22,21091,0.0,0.0,0.865,0.0,Kitchen & Dining,1.66,1.0
2010-03-29,21091,0.0,0.0,0.865,0.0,Kitchen & Dining,1.66,1.0
2010-04-05,21091,0.0,0.0,0.865,0.0,Kitchen & Dining,1.66,1.0
2010-04-12,21091,0.0,0.0,0.865,0.0,Kitchen & Dining,1.66,1.0
2010-04-19,21091,0.0,0.0,0.865,0.0,Kitchen & Dining,1.66,1.0
2010-04-26,21091,0.0,0.0,0.865,0.0,Kitchen & Dining,1.66,1.0
2010-05-03,21091,0.0,0.0,0.865,0.0,Kitchen & Dining,1.66,1.0
2010-05-10,21091,0.0,0.0,0.865,0.0,Kitchen & Dining,1.66,1.0
2010-05-17,21091,0.0,0.0,0.865,0.0,Kitchen & Dining,1.66,1.0
2010-05-24,21091,0.0,0.0,0.865,0.0,Kitchen & Dining,1.66,1.0
2010-05-31,21091,0.0,0.0,0.865,0.0,Kitchen & Dining,1.66,1.0
2010-06-07,21091,0.0,0.0,0.865,0.0,Kitchen & Dining,1.66,1.0
2010-06-14,21091,0.0,0.0,0.865,0.0,Kitchen & Dining,1.66,1.0
2010-06-21,21091,0.0,0.0,0.865,0.0,Kitchen & Dining,1.66,1.0
2010-06-28,21091,0.0,0.0,0.865,0.0,Kitchen & Dining,1.66,1.0
2010-07-05,21091,0.0,0.0,0.865,0.0,Kitchen & Dining,1.66,1.0
2010-07-12,21091,0.0,0.0,0.865,0.0,Kitchen & Dining,1.66,1.0
2010-07-19,21091,0.0,0.0,0.865,0.0,Kitchen & Dining,1.66,1.0
2010-07-26,21091,0.0,0.0,0.865,0.0,Kitchen & Dining,1.66,1.0
2010-08-02,21091,0.0,0.0,0.865,0.0,Kitchen & Dining,1.66,1.0
2010-08-09,21091,0.0,0.0,0.865,0.0,Kitchen & Dining,1.66,1.0
2010-08-16,21091,0.0,0.0,0.865,0.0,Kitchen & Dining,1.66,1.0
2010-08-23,21091,0.0,0.0,0.865,0.0,Kitchen & Dining,1.66,1.0
2010-08-30,21091,0.0,0.0,0.865,0.0,Kitchen & Dining,1.66,1.0
2010-09-06,21091,0.0,0.0,0.865,0.0,Kitchen & Dining,1.66,1.0
2010-09-13,21091,0.0,0.0,0.865,0.0,Kitchen & Dining,1.66,1.0
2010-09-20,21091,0.0,0.0,0.865,0.0,Kitchen & Dining,1.66,1.0
2010-09-27,21091,0.0,0.0,0.865,0.0,Kitchen & Dining,1.66,1.0
2010-10-04,21091,0.0,0.0,0.865,0.0,Kitchen & Dining,1.66,1.0
2010-10-11,21091,0.0,0.0,0.865,0.0,Kitchen & Dining,1.66,1.0
2010-10-18,21091,0.0,0.0,0.865,0.0,Kitchen & Dining,1.66,1.0
2010-10-25,21091,0.0,0.0,0.865,0.0,Kitchen & Dining,1.66,1.0
2010-11-01,21091,0.0,0.0,0.865,0.0,Kitchen & Dining,1.66,1.0
2010-11-08,21091,0.0,0.0,0.865,0.0,Kitchen & Dining,1.66,1.0
2010-11-15,21091,0.0,0.0,0.865,0.0,Kitchen & Dining,1.66,1.0
2010-11-22,21091,0.0,0.0,0.865,0.0,Kitchen & Dining,1.66,1.0
2010-11-29,21091,0.0,0.0,0.865,0.0,Kitchen & Dining,1.66,1.0
2010-12-06,21091,0.0,0.0,0.865,0.0,Kitchen & Dining,1.66,1.0
2010-12-13,21091,0.0,0.0,0.865,0.0,Kitchen & Dining,1.66,1.0
2010-12-20,21091,0.0,0.0,0.865,0.0,Kitchen & Dining,1.66,1.0
2011-01-03,21091,0.0,0.0,0.865,0.0,Kitchen & Dining,1.66,1.0
2011-01-10,21091,0.0,0.0,0.865,0.0,Kitchen & Dining,1.66,1.0
2011-01-17,21091,0.0,0.0,0.865,0.0,Kitchen & Dining,1.66,1.0
2011-01-24,21091,0.0,0.0,0.865,0.0,Kitchen & Dining,1.66,1.0
2011-01-31,21091,0.0,0.0,0.865,0.0,Kitchen & Dining,1.66,1.0
2011-02-07,21091,0.0,0.0,0.865,0.0,Kitchen & Dining,1.66,1.0
2011-02-14,21091,0.0,0.0,0.865,0.0,Kitchen & Dining,1.66,1.0
2011-02-21,21091,0.0,0.0,0.865,0.0,Kitchen & Dining,1.66,1.0
2011-02-28,21091,0.0,0.0,0.865,0.0,Kitchen & Dining,1.66,1.0
2011-03-07,21091,0.0,0.0,0.865,0.0,Kitchen & Dining,1.66,1.0
2011-03-14,21091,0.0,0.0,0.865,0.0,Kitchen & Dining,1.66,1.0
2011-03-21,21091,0.0,0.0,0.865,0.0,Kitchen & Dining,1.66,1.0
2011-03-28,21091,0.0,0.0,0.865,0.0,Kitchen & Dining,1.66,1.0
2011-04-04,21091,0.0,0.0,0.865,0.0,Kitchen & Dining,1.66,1.0
2011-04-11,21091,0.0,0.0,0.865,0.0,Kitchen & Dining,1.66,1.0
2011-04-18,21091,0.0,0.0,0.865,0.0,Kitchen & Dining,1.66,1.0
2011-04-25,21091,0.0,0.0,0.865,0.0,Kitchen & Dining,1.66,1.0
2011-05-02,21091,0.0,0.0,0.865,0.0,Kitchen & Dining,1.66,1.0
2011-05-09,21091,0.0,0.0,0.865,0.0,Kitchen & Dining,1.66,1.0
2011-05-16,21091,0.0,0.0,0.865,0.0,Kitchen & Dining,1.66,1.0
2011-05-23,21091,0.0,0.0,0.865,0.0,Kitchen & Dining,1.66,1.0
2011-05-30,21091,0.0,0.0,0.865,0.0,Kitchen & Dining,1.66,1.0
2011-06-06,21091,0.0,0.0,0.865,0.0,Kitchen & Dining,1.66,1.0
2011-06-13,21091,0.0,0.0,0.865,0.0,Kitchen & Dining,1.66,1.0
2011-06-20,21091,0.0,0.0,0.865,0.0,Kitchen & Dining,1.66,1.0
2011-06-27,21091,0.0,0.0,0.865,0.0,Kitchen & Dining,1.66,1.0
2011-07-04,21091,0.0,0.0,0.865,0.0,Kitchen & Dining,1.66,1.0
2011-07-11,21091,0.0,0.0,0.865,0.0,Kitchen & Dining,1.66,1.0
2011-07-18,21091,0.0,0.0,0.865,0.0,Kitchen & Dining,1.66,1.0
2011-07-25,21091,0.0,0.0,0.865,0.0,Kitchen & Dining,1.66,1.0
2011-08-01,21091,0.0,0.0,0.865,0.0,Kitchen & Dining,1.66,1.0
2011-08-08,21091,0.0,0.0,0.865,0.0,Kitchen & Dining,1.66,1.0
2011-08-15,21091,0.0,0.0,0.865,0.0,Kitchen & Dining,1.66,1.0
2011-08-22,21091,0.0,0.0,0.865,0.0,Kitchen & Dining,1.66,1.0
2011-08-29,21091,0.0,0.0,0.865,0.0,Kitchen & Dining,1.66,1.0
2011-09-05,21091,0.0,0.0,0.865,0.0,Kitchen & Dining,1.66,1.0
2011-09-12,21091,0.0,0.0,0.865,0.0,Kitchen & Dining,1.66,1.0
2011-09-19,21091,0.0,0.0,0.865,0.0,Kitchen & Dining,1.66,1.0
2011-09-26,21091,0.0,0.0,0.865,0.0,Kitchen & Dining,1.66,1.0
2011-10-03,21091,0.0,0.0,0.865,0.0,Kitchen & Dining,1.66,1.0
2011-10-10,21091,0.0,0.0,0.865,0.0,Kitchen & Dining,1.66,1.0
2011-10-17,21091,0.0,0.0,0.865,0.0,Kitchen & Dining,1.66,1.0
2011-10-24,21091,0.0,0.0,0.865,0.0,Kitchen & Dining,1.66,1.0
2011-10-31,21091,0.0,0.0,0.865,0.0,Kitchen & Dining,1.66,1.0
2011-11-07,21091,0.0,0.0,0.865,0.0,Kitchen & Dining,1.66,1.0
2011-11-14,21091,0.0,0.0,0.865,0.0,Kitchen & Dining,1.66,1.0
2011-11-21,21091,0.0,0.0,0.865,0.0,Kitchen & Dining,1.66,1.0
2011-11-28,21091,0.0,0.0,0.865,0.0,Kitchen & Dining,1.66,1.0
2011-12-05,21091,0.0,0.0,0.865,0.0,Kitchen & Dining,1.66,1.0
2009-12-07,21092,3.0,5.1,1.7,0.0,Kitchen & Dining,1.672,1.0
2009-12-14,21092,1.0,1.7,1.7,0.0,Kitchen & Dining,1.672,1.0
2009-12-21,21092,0.0,0.0,1.7,0.0,Kitchen & Dining,1.672,1.0
2010-01-04,21092,73.0,62.05,0.85,2.0,Kitchen & Dining,1.672,1.0
2010-01-11,21092,1.0,0.85,0.85,1.0,Kitchen & Dining,1.672,1.0
2010-01-18,21092,49.0,46.51,1.066,4.0,Kitchen & Dining,1.672,1.0
2010-01-25,21092,8.0,10.849999999999998,1.255,1.0,Kitchen & Dining,1.672,1.0
2010-02-01,21092,2.0,1.7,0.85,1.0,Kitchen & Dining,1.672,1.0
2010-02-08,21092,57.0,65.46,1.1199999999999999,2.0,Kitchen & Dining,1.672,1.0
2010-02-15,21092,108.0,71.64,0.745,2.0,Kitchen & Dining,1.672,1.0
2010-02-22,21092,38.0,33.919999999999995,1.255,1.0,Kitchen & Dining,1.672,1.0
2010-03-01,21092,12.0,10.2,0.85,1.0,Kitchen & Dining,1.672,1.0
2010-03-08,21092,13.0,11.86,1.255,1.0,Kitchen & Dining,1.672,1.0
2010-03-15,21092,12481.0,1249.66,0.88,1.0,Kitchen & Dining,1.672,1.0
2010-03-22,21092,0.0,0.0,0.88,0.0,Kitchen & Dining,1.672,1.0
2010-03-29,21092,0.0,0.0,0.88,0.0,Kitchen & Dining,1.672,1.0
2010-04-05,21092,0.0,0.0,0.88,0.0,Kitchen & Dining,1.672,1.0
2010-04-12,21092,0.0,0.0,0.88,0.0,Kitchen & Dining,1.672,1.0
2010-04-19,21092,0.0,0.0,0.88,0.0,Kitchen & Dining,1.672,1.0
2010-04-26,21092,0.0,0.0,0.88,0.0,Kitchen & Dining,1.672,1.0
2010-05-03,21092,0.0,0.0,0.88,0.0,Kitchen & Dining,1.672,1.0
2010-05-10,21092,0.0,0.0,0.88,0.0,Kitchen & Dining,1.672,1.0
2010-05-17,21092,0.0,0.0,0.88,0.0,Kitchen & Dining,1.672,1.0
2010-05-24,21092,0.0,0.0,0.88,0.0,Kitchen & Dining,1.672,1.0
2010-05-31,21092,0.0,0.0,0.88,0.0,Kitchen & Dining,1.672,1.0
2010-06-07,21092,0.0,0.0,0.88,0.0,Kitchen & Dining,1.672,1.0
2010-06-14,21092,0.0,0.0,0.88,0.0,Kitchen & Dining,1.672,1.0
2010-06-21,21092,0.0,0.0,0.88,0.0,Kitchen & Dining,1.672,1.0
2010-06-28,21092,0.0,0.0,0.88,0.0,Kitchen & Dining,1.672,1.0
2010-07-05,21092,0.0,0.0,0.88,0.0,Kitchen & Dining,1.672,1.0
2010-07-12,21092,0.0,0.0,0.88,0.0,Kitchen & Dining,1.672,1.0
2010-07-19,21092,0.0,0.0,0.88,0.0,Kitchen & Dining,1.672,1.0
2010-07-26,21092,0.0,0.0,0.88,0.0,Kitchen & Dining,1.672,1.0
2010-08-02,21092,0.0,0.0,0.88,0.0,Kitchen & Dining,1.672,1.0
2010-08-09,21092,0.0,0.0,0.88,0.0,Kitchen & Dining,1.672,1.0
2010-08-16,21092,0.0,0.0,0.88,0.0,Kitchen & Dining,1.672,1.0
2010-08-23,21092,0.0,0.0,0.88,0.0,Kitchen & Dining,1.672,1.0
2010-08-30,21092,0.0,0.0,0.88,0.0,Kitchen & Dining,1.672,1.0
2010-09-06,21092,0.0,0.0,0.88,0.0,Kitchen & Dining,1.672,1.0
2010-09-13,21092,0.0,0.0,0.88,0.0,Kitchen & Dining,1.672,1.0
2010-09-20,21092,0.0,0.0,0.88,0.0,Kitchen & Dining,1.672,1.0
2010-09-27,21092,0.0,0.0,0.88,0.0,Kitchen & Dining,1.672,1.0
2010-10-04,21092,0.0,0.0,0.88,0.0,Kitchen & Dining,1.672,1.0
2010-10-11,21092,0.0,0.0,0.88,0.0,Kitchen & Dining,1.672,1.0
2010-10-18,21092,0.0,0.0,0.88,0.0,Kitchen & Dining,1.672,1.0
2010-10-25,21092,0.0,0.0,0.88,0.0,Kitchen & Dining,1.672,1.0
2010-11-01,21092,0.0,0.0,0.88,0.0,Kitchen & Dining,1.672,1.0
2010-11-08,21092,0.0,0.0,0.88,0.0,Kitchen & Dining,1.672,1.0
2010-11-15,21092,0.0,0.0,0.88,0.0,Kitchen & Dining,1.672,1.0
2010-11-22,21092,0.0,0.0,0.88,0.0,Kitchen & Dining,1.672,1.0
2010-11-29,21092,0.0,0.0,0.88,0.0,Kitchen & Dining,1.672,1.0
2010-12-06,21092,0.0,0.0,0.88,0.0,Kitchen & Dining,1.672,1.0
2010-12-13,21092,0.0,0.0,0.88,0.0,Kitchen & Dining,1.672,1.0
2010-12-20,21092,0.0,0.0,0.88,0.0,Kitchen & Dining,1.672,1.0
2011-01-03,21092,0.0,0.0,0.88,0.0,Kitchen & Dining,1.672,1.0
2011-01-10,21092,0.0,0.0,0.88,0.0,Kitchen & Dining,1.672,1.0
2011-01-17,21092,0.0,0.0,0.88,0.0,Kitchen & Dining,1.672,1.0
2011-01-24,21092,0.0,0.0,0.88,0.0,Kitchen & Dining,1.672,1.0
2011-01-31,21092,0.0,0.0,0.88,0.0,Kitchen & Dining,1.672,1.0
2011-02-07,21092,0.0,0.0,0.88,0.0,Kitchen & Dining,1.672,1.0
2011-02-14,21092,0.0,0.0,0.88,0.0,Kitchen & Dining,1.672,1.0
2011-02-21,21092,0.0,0.0,0.88,0.0,Kitchen & Dining,1.672,1.0
2011-02-28,21092,0.0,0.0,0.88,0.0,Kitchen & Dining,1.672,1.0
2011-03-07,21092,0.0,0.0,0.88,0.0,Kitchen & Dining,1.672,1.0
2011-03-14,21092,0.0,0.0,0.88,0.0,Kitchen & Dining,1.672,1.0
2011-03-21,21092,0.0,0.0,0.88,0.0,Kitchen & Dining,1.672,1.0
2011-03-28,21092,0.0,0.0,0.88,0.0,Kitchen & Dining,1.672,1.0
2011-04-04,21092,0.0,0.0,0.88,0.0,Kitchen & Dining,1.672,1.0
2011-04-11,21092,0.0,0.0,0.88,0.0,Kitchen & Dining,1.672,1.0
2011-04-18,21092,0.0,0.0,0.88,0.0,Kitchen & Dining,1.672,1.0
2011-04-25,21092,0.0,0.0,0.88,0.0,Kitchen & Dining,1.672,1.0
2011-05-02,21092,0.0,0.0,0.88,0.0,Kitchen & Dining,1.672,1.0
2011-05-09,21092,0.0,0.0,0.88,0.0,Kitchen & Dining,1.672,1.0
2011-05-16,21092,0.0,0.0,0.88,0.0,Kitchen & Dining,1.672,1.0
2011-05-23,21092,0.0,0.0,0.88,0.0,Kitchen & Dining,1.672,1.0
2011-05-30,21092,0.0,0.0,0.88,0.0,Kitchen & Dining,1.672,1.0
2011-06-06,21092,0.0,0.0,0.88,0.0,Kitchen & Dining,1.672,1.0
2011-06-13,21092,0.0,0.0,0.88,0.0,Kitchen & Dining,1.672,1.0
2011-06-20,21092,0.0,0.0,0.88,0.0,Kitchen & Dining,1.672,1.0
2011-06-27,21092,0.0,0.0,0.88,0.0,Kitchen & Dining,1.672,1.0
2011-07-04,21092,0.0,0.0,0.88,0.0,Kitchen & Dining,1.672,1.0
2011-07-11,21092,0.0,0.0,0.88,0.0,Kitchen & Dining,1.672,1.0
2011-07-18,21092,0.0,0.0,0.88,0.0,Kitchen & Dining,1.672,1.0
2011-07-25,21092,0.0,0.0,0.88,0.0,Kitchen & Dining,1.672,1.0
2011-08-01,21092,0.0,0.0,0.88,0.0,Kitchen & Dining,1.672,1.0
2011-08-08,21092,0.0,0.0,0.88,0.0,Kitchen & Dining,1.672,1.0
2011-08-15,21092,0.0,0.0,0.88,0.0,Kitchen & Dining,1.672,1.0
2011-08-22,21092,0.0,0.0,0.88,0.0,Kitchen & Dining,1.672,1.0
2011-08-29,21092,0.0,0.0,0.88,0.0,Kitchen & Dining,1.672,1.0
2011-09-05,21092,0.0,0.0,0.88,0.0,Kitchen & Dining,1.672,1.0
2011-09-12,21092,0.0,0.0,0.88,0.0,Kitchen & Dining,1.672,1.0
2011-09-19,21092,0.0,0.0,0.88,0.0,Kitchen & Dining,1.672,1.0
2011-09-26,21092,0.0,0.0,0.88,0.0,Kitchen & Dining,1.672,1.0
2011-10-03,21092,0.0,0.0,0.88,0.0,Kitchen & Dining,1.672,1.0
2011-10-10,21092,0.0,0.0,0.88,0.0,Kitchen & Dining,1.672,1.0
2011-10-17,21092,0.0,0.0,0.88,0.0,Kitchen & Dining,1.672,1.0
2011-10-24,21092,0.0,0.0,0.88,0.0,Kitchen & Dining,1.672,1.0
2011-10-31,21092,0.0,0.0,0.88,0.0,Kitchen & Dining,1.672,1.0
2011-11-07,21092,0.0,0.0,0.88,0.0,Kitchen & Dining,1.672,1.0
2011-11-14,21092,0.0,0.0,0.88,0.0,Kitchen & Dining,1.672,1.0
2011-11-21,21092,0.0,0.0,0.88,0.0,Kitchen & Dining,1.672,1.0
2011-11-28,21092,0.0,0.0,0.88,0.0,Kitchen & Dining,1.672,1.0
2011-12-05,21092,0.0,0.0,0.88,0.0,Kitchen & Dining,1.672,1.0
