data/processed/weekly_panel.csv
week_start,sku_id,units_sold,revenue,avg_price,promo_days,category,list_price,unit_cost
2009-11-30,21094,164.0,119.23999999999998,0.8266666666666667,3.0,Kitchen & Dining,1.66,1.0
2009-12-07,21094,82.0,70.55,0.9444444444444443,3.0,Kitchen & Dining,1.66,1.0
2009-12-14,21094,141.0,103.09,1.0983333333333334,4.0,Kitchen & Dining,1.66,1.0
2009-12-21,21094,5.0,4.25,0.85,1.0,Kitchen & Dining,1.66,1.0
2010-01-04,21094,129.0,109.64999999999999,0.85,2.0,Kitchen & Dining,1.66,1.0
2010-01-11,21094,85.0,77.35,1.038888888888889,3.0,Kitchen & Dining,1.66,1.0
2010-01-18,21094,396.0,278.55,0.9616666666666666,5.0,Kitchen & Dining,1.66,1.0
2010-01-25,21094,428.0,304.94,0.86125,4.0,Kitchen & Dining,1.66,1.0
2010-02-01,21094,49.0,41.65,0.85,2.0,Kitchen & Dining,1.66,1.0
2010-02-08,21094,145.0,143.5,0.9512499999999999,4.0,Kitchen & Dining,1.66,1.0
2010-02-15,21094,24.0,20.4,0.85,2.0,Kitchen & Dining,1.66,1.0
2010-02-22,21094,163.0,122.44,1.0174999999999998,5.0,Kitchen & Dining,1.66,1.0
2010-03-01,21094,16.0,14.41,1.1199999999999999,2.0,Kitchen & Dining,1.66,1.0
2010-03-08,21094,110.0,95.92999999999999,0.985,5.0,Kitchen & Dining,1.66,1.0
2010-03-15,21094,256.0,177.1,0.95,5.0,Kitchen & Dining,1.66,1.0
2010-03-22,21094,77.0,67.88,0.9309999999999998,5.0,Kitchen & Dining,1.66,1.0
2010-03-29,21094,20.0,18.619999999999997,1.15375,3.0,Kitchen & Dining,1.66,1.0
2010-04-05,21094,38.0,32.3,0.85,2.0,Kitchen & Dining,1.66,1.0
2010-04-12,21094,376.0,259.12,0.8150000000000001,5.0,Kitchen & Dining,1.66,1.0
2010-04-19,21094,115.0,115.57,1.228,4.0,Kitchen & Dining,1.66,1.0
2010-04-26,21094,1185.0,787.1099999999999,0.8195833333333332,6.0,Kitchen & Dining,1.66,1.0
2010-05-03,21094,386.0,281.84000000000003,0.8524999999999999,4.0,Kitchen & Dining,1.66,1.0
2010-05-10,21094,162.0,119.16,0.8484999999999999,5.0,Kitchen & Dining,1.66,1.0
2010-05-17,21094,86.0,80.39,1.1469999999999998,4.0,Kitchen & Dining,1.66,1.0
2010-05-24,21094,433.0,310.80999999999995,0.9164999999999999,5.0,Kitchen & Dining,1.66,1.0
2010-05-31,21094,183.0,150.78,1.0,4.0,Kitchen & Dining,1.66,1.0
2010-06-07,21094,165.0,149.15999999999997,1.1649999999999998,4.0,Kitchen & Dining,1.66,1.0
2010-06-14,21094,417.0,313.77,0.975,4.0,Kitchen & Dining,1.66,1.0
2010-06-21,21094,186.0,173.49,1.1254,4.0,Kitchen & Dining,1.66,1.0
2010-06-28,21094,1151.0,795.3799999999999,0.9982,5.0,Kitchen & Dining,1.66,1.0
2010-07-05,21094,360.0,294.84,1.0,4.0,Kitchen & Dining,1.66,1.0
2010-07-12,21094,403.0,290.98,0.991,5.0,Kitchen & Dining,1.66,1.0
2010-07-19,21094,77.0,68.69,1.1199999999999999,3.0,Kitchen & Dining,1.66,1.0
2010-07-26,21094,65.0,56.87,0.9309999999999998,5.0,Kitchen & Dining,1.66,1.0
2010-08-02,21094,36.0,30.599999999999998,0.85,3.0,Kitchen & Dining,1.66,1.0
2010-08-09,21094,181.0,230.21999999999997,1.6668749999999999,1.0,Kitchen & Dining,1.66,1.0
2010-08-16,21094,153.0,111.51,0.93375,4.0,Kitchen & Dining,1.66,1.0
2010-08-23,21094,165.0,114.6,1.085,2.0,Kitchen & Dining,1.66,1.0
2010-08-30,21094,236.0,227.60999999999999,1.1324999999999998,3.0,Kitchen & Dining,1.66,1.0
2010-09-06,21094,47.0,48.05,0.9175,4.0,Kitchen & Dining,1.66,1.0
2010-09-13,21094,17.0,14.45,0.85,4.0,Kitchen & Dining,1.66,1.0
2010-09-20,21094,424.0,347.45,1.1698333333333333,3.0,Kitchen & Dining,1.66,1.0
2010-09-27,21094,163.0,156.81,0.9422222222222222,6.0,Kitchen & Dining,1.66,1.0
2010-10-04,21094,111.0,99.21,1.0525,3.0,Kitchen & Dining,1.66,1.0
2010-10-11,21094,219.0,186.15,0.85,6.0,Kitchen & Dining,1.66,1.0
2010-10-18,21094,50.0,42.5,0.85,4.0,Kitchen & Dining,1.66,1.0
2010-10-25,21094,41.0,36.47,1.012,4.0,Kitchen & Dining,1.66,1.0
2010-11-01,21094,137.0,97.91,0.8475,3.0,Kitchen & Dining,1.66,1.0
2010-11-08,21094,176.0,136.73000000000002,0.965,6.0,Kitchen & Dining,1.66,1.0
2010-11-15,21094,338.0,251.84,0.917,5.0,Kitchen & Dining,1.66,1.0
2010-11-22,21094,182.0,136.16,0.848125,4.0,Kitchen & Dining,1.66,1.0
2010-11-29,21094,581.0,413.21,0.7799999999999999,6.0,Kitchen & Dining,1.66,1.0
2010-12-06,21094,73.0,63.669999999999995,0.9175,4.0,Kitchen & Dining,1.66,1.0
2010-12-13,21094,26.0,22.099999999999998,0.85,2.0,Kitchen & Dining,1.66,1.0
2010-12-20,21094,24.0,26.069999999999997,1.15375,3.0,Kitchen & Dining,1.66,1.0
2011-01-03,21094,150.0,107.34,0.7975,2.0,Kitchen & Dining,1.66,1.0
2011-01-10,21094,121.0,90.63999999999999,1.4816666666666667,2.0,Kitchen & Dining,1.66,1.0
2011-01-17,21094,217.0,164.29,0.808,5.0,Kitchen & Dining,1.66,1.0
2011-01-24,21094,113.0,97.66,1.028888888888889,3.0,Kitchen & Dining,1.66,1.0
2011-01-31,21094,97.0,86.44999999999999,1.0491666666666666,3.0,Kitchen & Dining,1.66,1.0
2011-02-07,21094,85.0,76.1,1.066111111111111,5.0,Kitchen & Dining,1.66,1.0
2011-02-14,21094,368.0,252.1,0.8345833333333333,6.0,Kitchen & Dining,1.66,1.0
2011-02-21,21094,180.0,132.42,0.821,5.0,Kitchen & Dining,1.66,1.0
2011-02-28,21094,280.0,200.51999999999998,0.9550000000000001,4.0,Kitchen & Dining,1.66,1.0
2011-03-07,21094,128.0,108.8,0.85,4.0,Kitchen & Dining,1.66,1.0
2011-03-14,21094,296.0,215.96999999999997,0.9127777777777778,6.0,Kitchen & Dining,1.66,1.0
2011-03-21,21094,247.0,209.73,0.8476666666666667,5.0,Kitchen & Dining,1.66,1.0
2011-03-28,21094,311.0,231.66,0.983,5.0,Kitchen & Dining,1.66,1.0
2011-04-04,21094,162.0,117.24,0.831111111111111,6.0,Kitchen & Dining,1.66,1.0
2011-04-11,21094,27.0,32.61,1.2525,3.0,Kitchen & Dining,1.66,1.0
2011-04-18,21094,117.0,98.33,0.8425,4.0,Kitchen & Dining,1.66,1.0
2011-04-25,21094,40.0,41.75,1.04375,3.0,Kitchen & Dining,1.66,1.0
2011-05-02,21094,201.0,150.29,0.8334999999999999,5.0,Kitchen & Dining,1.66,1.0
2011-05-09,21094,215.0,179.78,1.0035555555555555,5.0,Kitchen & Dining,1.66,1.0
2011-05-16,21094,288.0,208.57,0.9575,5.0,Kitchen & Dining,1.66,1.0
2011-05-23,21094,314.0,234.08999999999997,0.9092857142857144,5.0,Kitchen & Dining,1.66,1.0
2011-05-30,21094,66.0,68.5,1.1083333333333334,2.0,Kitchen & Dining,1.66,1.0
2011-06-06,21094,208.0,164.09,1.1566666666666667,4.0,Kitchen & Dining,1.66,1.0
2011-06-13,21094,199.0,150.34,0.9,5.0,Kitchen & Dining,1.66,1.0
2011-06-20,21094,330.0,265.63,1.0116666666666665,5.0,Kitchen & Dining,1.66,1.0
2011-06-27,21094,242.0,191.91,0.9393333333333332,5.0,Kitchen & Dining,1.66,1.0
2011-07-04,21094,311.0,262.21,1.1311574074074073,5.0,Kitchen & Dining,1.66,1.0
2011-07-11,21094,203.0,155.41,0.986,4.0,Kitchen & Dining,1.66,1.0
2011-07-18,21094,87.0,80.03,1.2016666666666664,5.0,Kitchen & Dining,1.66,1.0
2011-07-25,21094,121.0,102.13,0.8386666666666667,5.0,Kitchen & Dining,1.66,1.0
2011-08-01,21094,349.0,255.68999999999997,0.807,5.0,Kitchen & Dining,1.66,1.0
2011-08-08,21094,56.0,80.94999999999999,1.158,4.0,Kitchen & Dining,1.66,1.0
2011-08-15,21094,20.0,23.439999999999998,1.3866666666666667,2.0,Kitchen & Dining,1.66,1.0
2011-08-22,21094,138.0,126.96,1.011,4.0,Kitchen & Dining,1.66,1.0
2011-08-29,21094,139.0,138.93,0.97375,4.0,Kitchen & Dining,1.66,1.0
2011-09-05,21094,299.0,241.54999999999998,0.8576666666666666,5.0,Kitchen & Dining,1.66,1.0
2011-09-12,21094,46.0,47.07,1.1116666666666666,2.0,Kitchen & Dining,1.66,1.0
2011-09-19,21094,225.0,173.96999999999997,1.1481428571428571,4.0,Kitchen & Dining,1.66,1.0
2011-09-26,21094,295.0,212.97,0.96,5.0,Kitchen & Dining,1.66,1.0
2011-10-03,21094,97.0,81.88999999999999,0.8424999999999999,6.0,Kitchen & Dining,1.66,1.0
2011-10-10,21094,55.0,54.699999999999996,1.17,3.0,Kitchen & Dining,1.66,1.0
2011-10-17,21094,144.0,102.07999999999998,0.8083333333333332,3.0,Kitchen & Dining,1.66,1.0
2011-10-24,21094,161.0,113.19999999999999,0.914,5.0,Kitchen & Dining,1.66,1.0
2011-10-31,21094,81.0,68.58999999999999,0.8416666666666666,4.0,Kitchen & Dining,1.66,1.0
2011-11-07,21094,104.0,87.88,0.8413333333333333,5.0,Kitchen & Dining,1.66,1.0
2011-11-14,21094,32.0,26.999999999999996,0.8458333333333333,4.0,Kitchen & Dining,1.66,1.0
2011-11-21,21094,103.0,87.50999999999999,0.8459999999999999,5.0,Kitchen & Dining,1.66,1.0
2011-11-28,21094,56.0,47.12,0.84,3.0,Kitchen & Dining,1.66,1.0
2011-12-05,21094,51.0,42.809999999999995,0.84,3.0,Kitchen & Dining,1.66,1.0
2009-12-07,21096,1.0,0.85,0.85,0.0,Kitchen & Dining,0.85,0.51
2009-12-14,21096,6.0,5.1,0.85,0.0,Kitchen & Dining,0.85,0.51
2009-12-21,21096,0.0,0.0,0.85,0.0,Kitchen & Dining,0.85,0.51
2010-01-04,21096,0.0,0.0,0.85,0.0,Kitchen & Dining,0.85,0.51
2010-01-11,21096,0.0,0.0,0.85,0.0,Kitchen & Dining,0.85,0.51
2010-01-18,21096,28.0,23.799999999999997,0.85,0.0,Kitchen & Dining,0.85,0.51
2010-01-25,21096,0.0,0.0,0.85,0.0,Kitchen & Dining,0.85,0.51
2010-02-01,21096,8.0,6.8,0.85,0.0,Kitchen & Dining,0.85,0.51
2010-02-08,21096,24.0,20.4,0.85,0.0,Kitchen & Dining,0.85,0.51
2010-02-15,21096,0.0,0.0,0.85,0.0,Kitchen & Dining,0.85,0.51
2010-02-22,21096,12.0,10.2,0.85,0.0,Kitchen & Dining,0.85,0.51
2010-03-01,21096,0.0,0.0,0.85,0.0,Kitchen & Dining,0.85,0.51
2010-03-08,21096,0.0,0.0,0.85,0.0,Kitchen & Dining,0.85,0.51
2010-03-15,21096,0.0,0.0,0.85,0.0,Kitchen & Dining,0.85,0.51
2010-03-22,21096,0.0,0.0,0.85,0.0,Kitchen & Dining,0.85,0.51
2010-03-29,21096,0.0,0.0,0.85,0.0,Kitchen & Dining,0.85,0.51
2010-04-05,21096,0.0,0.0,0.85,0.0,Kitchen & Dining,0.85,0.51
2010-04-12,21096,5.0,4.25,0.85,0.0,Kitchen & Dining,0.85,0.51
2010-04-19,21096,0.0,0.0,0.85,0.0,Kitchen & Dining,0.85,0.51
2010-04-26,21096,0.0,0.0,0.85,0.0,Kitchen & Dining,0.85,0.51
2010-05-03,21096,36.0,30.599999999999998,0.85,0.0,Kitchen & Dining,0.85,0.51
2010-05-10,21096,396.0,83.16000000000001,0.355,2.0,Kitchen & Dining,0.85,0.51
2010-05-17,21096,23.0,19.55,0.85,0.0,Kitchen & Dining,0.85,0.51
2010-05-24,21096,0.0,0.0,0.85,0.0,Kitchen & Dining,0.85,0.51
2010-05-31,21096,0.0,0.0,0.85,0.0,Kitchen & Dining,0.85,0.51
2010-06-07,21096,2.0,1.7,0.85,0.0,Kitchen & Dining,0.85,0.51
2010-06-14,21096,54.0,45.9,0.85,0.0,Kitchen & Dining,0.85,0.51
2010-06-21,21096,7.0,11.62,1.66,0.0,Kitchen & Dining,0.85,0.51
2010-06-28,21096,7.0,11.62,1.66,0.0,Kitchen & Dining,0.85,0.51
2010-07-05,21096,8.0,6.8,0.85,0.0,Kitchen & Dining,0.85,0.51
2010-07-12,21096,0.0,0.0,0.85,0.0,Kitchen & Dining,0.85,0.51
2010-07-19,21096,14.0,13.52,1.255,0.0,Kitchen & Dining,0.85,0.51
2010-07-26,21096,0.0,0.0,1.255,0.0,Kitchen & Dining,0.85,0.51
2010-08-02,21096,0.0,0.0,1.255,0.0,Kitchen & Dining,0.85,0.51
2010-08-09,21096,7008.0,911.0400000000001,0.13,1.0,Kitchen & Dining,0.85,0.51
2010-08-16,21096,0.0,0.0,0.13,0.0,Kitchen & Dining,0.85,0.51
2010-08-23,21096,0.0,0.0,0.13,0.0,Kitchen & Dining,0.85,0.51
2010-08-30,21096,4.0,3.4,0.85,0.0,Kitchen & Dining,0.85,0.51
2010-09-06,21096,3.0,2.55,0.85,0.0,Kitchen & Dining,0.85,0.51
2010-09-13,21096,0.0,0.0,0.85,0.0,Kitchen & Dining,0.85,0.51
2010-09-20,21096,3.0,2.55,0.85,0.0,Kitchen & Dining,0.85,0.51
2010-09-27,21096,7008.0,911.0400000000001,0.13,1.0,Kitchen & Dining,0.85,0.51
2010-10-04,21096,2.0,3.32,1.66,0.0,Kitchen & Dining,0.85,0.51
2010-10-11,21096,1.0,0.85,0.85,0.0,Kitchen & Dining,0.85,0.51
2010-10-18,21096,0.0,0.0,0.85,0.0,Kitchen & Dining,0.85,0.51
2010-10-25,21096,0.0,0.0,0.85,0.0,Kitchen & Dining,0.85,0.51
2010-11-01,21096,0.0,0.0,0.85,0.0,Kitchen & Dining,0.85,0.51
2010-11-08,21096,0.0,0.0,0.85,0.0,Kitchen & Dining,0.85,0.51
2010-11-15,21096,0.0,0.0,0.85,0.0,Kitchen & Dining,0.85,0.51
2010-11-22,21096,0.0,0.0,0.85,0.0,Kitchen & Dining,0.85,0.51
2010-11-29,21096,0.0,0.0,0.85,0.0,Kitchen & Dining,0.85,0.51
2010-12-06,21096,0.0,0.0,0.85,0.0,Kitchen & Dining,0.85,0.51
2010-12-13,21096,0.0,0.0,0.85,0.0,Kitchen & Dining,0.85,0.51
2010-12-20,21096,0.0,0.0,0.85,0.0,Kitchen & Dining,0.85,0.51
2011-01-03,21096,12.0,10.2,0.85,0.0,Kitchen & Dining,0.85,0.51
2011-01-10,21096,5.0,8.299999999999999,1.66,0.0,Kitchen & Dining,0.85,0.51
2011-01-17,21096,12.0,10.2,0.85,0.0,Kitchen & Dining,0.85,0.51
2011-01-24,21096,0.0,0.0,0.85,0.0,Kitchen & Dining,0.85,0.51
2011-01-31,21096,0.0,0.0,0.85,0.0,Kitchen & Dining,0.85,0.51
2011-02-07,21096,0.0,0.0,0.85,0.0,Kitchen & Dining,0.85,0.51
2011-02-14,21096,0.0,0.0,0.85,0.0,Kitchen & Dining,0.85,0.51
2011-02-21,21096,0.0,0.0,0.85,0.0,Kitchen & Dining,0.85,0.51
2011-02-28,21096,30.0,25.479999999999997,0.845,0.0,Kitchen & Dining,0.85,0.51
2011-03-07,21096,5.0,4.1499999999999995,0.83,0.0,Kitchen & Dining,0.85,0.51
2011-03-14,21096,12.0,10.2,0.85,0.0,Kitchen & Dining,0.85,0.51
2011-03-21,21096,1.0,0.83,0.83,0.0,Kitchen & Dining,0.85,0.51
2011-03-28,21096,200.0,79.38,0.5433333333333333,2.0,Kitchen & Dining,0.85,0.51
2011-04-04,21096,24.0,9.36,0.38999999999999996,3.0,Kitchen & Dining,0.85,0.51
2011-04-11,21096,36.0,14.04,0.39,1.0,Kitchen & Dining,0.85,0.51
2011-04-18,21096,110.0,45.099999999999994,0.5122222222222222,3.0,Kitchen & Dining,0.85,0.51
2011-04-25,21096,66.0,25.74,0.38999999999999996,3.0,Kitchen & Dining,0.85,0.51
2011-05-02,21096,12.0,4.68,0.39,1.0,Kitchen & Dining,0.85,0.51
2011-05-09,21096,242.0,94.38000000000001,0.38999999999999996,3.0,Kitchen & Dining,0.85,0.51
2011-05-16,21096,51.0,25.17,0.5549999999999999,3.0,Kitchen & Dining,0.85,0.51
2011-05-23,21096,26.0,11.02,0.6833333333333332,1.0,Kitchen & Dining,0.85,0.51
2011-05-30,21096,5.0,4.1499999999999995,0.83,0.0,Kitchen & Dining,0.85,0.51
2011-06-06,21096,20.0,7.8,0.39,2.0,Kitchen & Dining,0.85,0.51
2011-06-13,21096,4.0,2.44,0.61,1.0,Kitchen & Dining,0.85,0.51
2011-06-20,21096,9.0,3.95,0.5,2.0,Kitchen & Dining,0.85,0.51
2011-06-27,21096,0.0,0.0,0.5,0.0,Kitchen & Dining,0.85,0.51
2011-07-04,21096,62.0,25.060000000000002,0.5549999999999999,3.0,Kitchen & Dining,0.85,0.51
2011-07-11,21096,6.0,3.22,0.72,1.0,Kitchen & Dining,0.85,0.51
2011-07-18,21096,9.0,4.390000000000001,0.5366666666666666,2.0,Kitchen & Dining,0.85,0.51
2011-07-25,21096,119.0,52.57,0.5396,4.0,Kitchen & Dining,0.85,0.51
2011-08-01,21096,1.0,0.83,0.83,0.0,Kitchen & Dining,0.85,0.51
2011-08-08,21096,22.0,12.979999999999999,0.61,1.0,Kitchen & Dining,0.85,0.51
2011-08-15,21096,47.0,31.97,0.7,1.0,Kitchen & Dining,0.85,0.51
2011-08-22,21096,26.0,10.14,0.39,2.0,Kitchen & Dining,0.85,0.51
2011-08-29,21096,25.0,12.39,0.5366666666666666,2.0,Kitchen & Dining,0.85,0.51
2011-09-05,21096,0.0,0.0,0.5366666666666666,0.0,Kitchen & Dining,0.85,0.51
2011-09-12,21096,12.0,4.68,0.39,1.0,Kitchen & Dining,0.85,0.51
2011-09-19,21096,6.0,3.75,0.625,1.0,Kitchen & Dining,0.85,0.51
2011-09-26,21096,10.0,3.9000000000000004,0.38999999999999996,3.0,Kitchen & Dining,0.85,0.51
2011-10-03,21096,0.0,0.0,0.38999999999999996,0.0,Kitchen & Dining,0.85,0.51
2011-10-10,21096,0.0,0.0,0.38999999999999996,0.0,Kitchen & Dining,0.85,0.51
2011-10-17,21096,3.0,1.6099999999999999,0.61,1.0,Kitchen & Dining,0.85,0.51
2011-10-24,21096,0.0,0.0,0.61,0.0,Kitchen & Dining,0.85,0.51
2011-10-31,21096,1.0,0.83,0.83,0.0,Kitchen & Dining,0.85,0.51
2011-11-07,21096,0.0,0.0,0.83,0.0,Kitchen & Dining,0.85,0.51
2011-11-14,21096,26.0,14.54,0.5366666666666666,2.0,Kitchen & Dining,0.85,0.51
2011-11-21,21096,0.0,0.0,0.5366666666666666,0.0,Kitchen & Dining,0.85,0.51
2011-11-28,21096,0.0,0.0,0.5366666666666666,0.0,Kitchen & Dining,0.85,0.51
2011-12-05,21096,2.0,1.66,0.83,0.0,Kitchen & Dining,0.85,0.51
