data/processed/weekly_panel.csv
week_start,sku_id,units_sold,revenue,avg_price,promo_days,category,list_price,unit_cost
2009-11-30,21099,25.0,17.3,1.175,1.0,Kitchen & Dining,1.3569999999999993,0.81
2009-12-07,21099,1.0,1.7,1.7,0.0,Kitchen & Dining,1.3569999999999993,0.81
2009-12-14,21099,1.0,0.65,0.65,1.0,Kitchen & Dining,1.3569999999999993,0.81
2009-12-21,21099,0.0,0.0,0.65,0.0,Kitchen & Dining,1.3569999999999993,0.81
2010-01-04,21099,1.0,0.65,0.65,1.0,Kitchen & Dining,1.3569999999999993,0.81
2010-01-11,21099,1.0,0.65,0.65,1.0,Kitchen & Dining,1.3569999999999993,0.81
2010-01-18,21099,25.0,17.26,0.9866666666666667,2.0,Kitchen & Dining,1.3569999999999993,0.81
2010-01-25,21099,5.0,6.279999999999999,1.155,1.0,Kitchen & Dining,1.3569999999999993,0.81
2010-02-01,21099,2.0,1.3,0.65,1.0,Kitchen & Dining,1.3569999999999993,0.81
2010-02-08,21099,36.0,23.400000000000002,0.65,2.0,Kitchen & Dining,1.3569999999999993,0.81
2010-02-15,21099,96.0,62.400000000000006,0.65,1.0,Kitchen & Dining,1.3569999999999993,0.81
2010-02-22,21099,14.0,9.100000000000001,0.65,2.0,Kitchen & Dining,1.3569999999999993,0.81
2010-03-01,21099,21.0,13.650000000000002,0.65,3.0,Kitchen & Dining,1.3569999999999993,0.81
2010-03-08,21099,24.0,15.600000000000001,0.65,2.0,Kitchen & Dining,1.3569999999999993,0.81
2010-03-15,21099,12960.0,1296.0,0.1,1.0,Kitchen & Dining,1.3569999999999993,0.81
2010-03-22,21099,0.0,0.0,0.1,0.0,Kitchen & Dining,1.3569999999999993,0.81
2010-03-29,21099,4.0,2.6,0.65,1.0,Kitchen & Dining,1.3569999999999993,0.81
2010-04-05,21099,13.0,8.450000000000001,0.65,2.0,Kitchen & Dining,1.3569999999999993,0.81
2010-04-12,21099,0.0,0.0,0.65,0.0,Kitchen & Dining,1.3569999999999993,0.81
2010-04-19,21099,17.0,11.05,0.65,2.0,Kitchen & Dining,1.3569999999999993,0.81
2010-04-26,21099,0.0,0.0,0.65,0.0,Kitchen & Dining,1.3569999999999993,0.81
2010-05-03,21099,44.0,28.6,0.65,2.0,Kitchen & Dining,1.3569999999999993,0.81
2010-05-10,21099,0.0,0.0,0.65,0.0,Kitchen & Dining,1.3569999999999993,0.81
2010-05-17,21099,0.0,0.0,0.65,0.0,Kitchen & Dining,1.3569999999999993,0.81
2010-05-24,21099,0.0,0.0,0.65,0.0,Kitchen & Dining,1.3569999999999993,0.81
2010-05-31,21099,0.0,0.0,0.65,0.0,Kitchen & Dining,1.3569999999999993,0.81
2010-06-07,21099,0.0,0.0,0.65,0.0,Kitchen & Dining,1.3569999999999993,0.81
2010-06-14,21099,0.0,0.0,0.65,0.0,Kitchen & Dining,1.3569999999999993,0.81
2010-06-21,21099,0.0,0.0,0.65,0.0,Kitchen & Dining,1.3569999999999993,0.81
2010-06-28,21099,0.0,0.0,0.65,0.0,Kitchen & Dining,1.3569999999999993,0.81
2010-07-05,21099,0.0,0.0,0.65,0.0,Kitchen & Dining,1.3569999999999993,0.81
2010-07-12,21099,0.0,0.0,0.65,0.0,Kitchen & Dining,1.3569999999999993,0.81
2010-07-19,21099,0.0,0.0,0.65,0.0,Kitchen & Dining,1.3569999999999993,0.81
2010-07-26,21099,0.0,0.0,0.65,0.0,Kitchen & Dining,1.3569999999999993,0.81
2010-08-02,21099,0.0,0.0,0.65,0.0,Kitchen & Dining,1.3569999999999993,0.81
2010-08-09,21099,0.0,0.0,0.65,0.0,Kitchen & Dining,1.3569999999999993,0.81
2010-08-16,21099,0.0,0.0,0.65,0.0,Kitchen & Dining,1.3569999999999993,0.81
2010-08-23,21099,0.0,0.0,0.65,0.0,Kitchen & Dining,1.3569999999999993,0.81
2010-08-30,21099,0.0,0.0,0.65,0.0,Kitchen & Dining,1.3569999999999993,0.81
2010-09-06,21099,0.0,0.0,0.65,0.0,Kitchen & Dining,1.3569999999999993,0.81
2010-09-13,21099,0.0,0.0,0.65,0.0,Kitchen & Dining,1.3569999999999993,0.81
2010-09-20,21099,0.0,0.0,0.65,0.0,Kitchen & Dining,1.3569999999999993,0.81
2010-09-27,21099,0.0,0.0,0.65,0.0,Kitchen & Dining,1.3569999999999993,0.81
2010-10-04,21099,0.0,0.0,0.65,0.0,Kitchen & Dining,1.3569999999999993,0.81
2010-10-11,21099,0.0,0.0,0.65,0.0,Kitchen & Dining,1.3569999999999993,0.81
2010-10-18,21099,0.0,0.0,0.65,0.0,Kitchen & Dining,1.3569999999999993,0.81
2010-10-25,21099,0.0,0.0,0.65,0.0,Kitchen & Dining,1.3569999999999993,0.81
2010-11-01,21099,0.0,0.0,0.65,0.0,Kitchen & Dining,1.3569999999999993,0.81
2010-11-08,21099,0.0,0.0,0.65,0.0,Kitchen & Dining,1.3569999999999993,0.81
2010-11-15,21099,0.0,0.0,0.65,0.0,Kitchen & Dining,1.3569999999999993,0.81
2010-11-22,21099,0.0,0.0,0.65,0.0,Kitchen & Dining,1.3569999999999993,0.81
2010-11-29,21099,0.0,0.0,0.65,0.0,Kitchen & Dining,1.3569999999999993,0.81
2010-12-06,21099,0.0,0.0,0.65,0.0,Kitchen & Dining,1.3569999999999993,0.81
2010-12-13,21099,0.0,0.0,0.65,0.0,Kitchen & Dining,1.3569999999999993,0.81
2010-12-20,21099,0.0,0.0,0.65,0.0,Kitchen & Dining,1.3569999999999993,0.81
2011-01-03,21099,0.0,0.0,0.65,0.0,Kitchen & Dining,1.3569999999999993,0.81
2011-01-10,21099,0.0,0.0,0.65,0.0,Kitchen & Dining,1.3569999999999993,0.81
2011-01-17,21099,0.0,0.0,0.65,0.0,Kitchen & Dining,1.3569999999999993,0.81
2011-01-24,21099,0.0,0.0,0.65,0.0,Kitchen & Dining,1.3569999999999993,0.81
2011-01-31,21099,0.0,0.0,0.65,0.0,Kitchen & Dining,1.3569999999999993,0.81
2011-02-07,21099,0.0,0.0,0.65,0.0,Kitchen & Dining,1.3569999999999993,0.81
2011-02-14,21099,0.0,0.0,0.65,0.0,Kitchen & Dining,1.3569999999999993,0.81
2011-02-21,21099,0.0,0.0,0.65,0.0,Kitchen & Dining,1.3569999999999993,0.81
2011-02-28,21099,0.0,0.0,0.65,0.0,Kitchen & Dining,1.3569999999999993,0.81
2011-03-07,21099,0.0,0.0,0.65,0.0,Kitchen & Dining,1.3569999999999993,0.81
2011-03-14,21099,0.0,0.0,0.65,0.0,Kitchen & Dining,1.3569999999999993,0.81
2011-03-21,21099,0.0,0.0,0.65,0.0,Kitchen & Dining,1.3569999999999993,0.81
2011-03-28,21099,0.0,0.0,0.65,0.0,Kitchen & Dining,1.3569999999999993,0.81
2011-04-04,21099,0.0,0.0,0.65,0.0,Kitchen & Dining,1.3569999999999993,0.81
2011-04-11,21099,0.0,0.0,0.65,0.0,Kitchen & Dining,1.3569999999999993,0.81
2011-04-18,21099,0.0,0.0,0.65,0.0,Kitchen & Dining,1.3569999999999993,0.81
2011-04-25,21099,0.0,0.0,0.65,0.0,Kitchen & Dining,1.3569999999999993,0.81
2011-05-02,21099,0.0,0.0,0.65,0.0,Kitchen & Dining,1.3569999999999993,0.81
2011-05-09,21099,0.0,0.0,0.65,0.0,Kitchen & Dining,1.3569999999999993,0.81
2011-05-16,21099,0.0,0.0,0.65,0.0,Kitchen & Dining,1.3569999999999993,0.81
2011-05-23,21099,0.0,0.0,0.65,0.0,Kitchen & Dining,1.3569999999999993,0.81
2011-05-30,21099,0.0,0.0,0.65,0.0,Kitchen & Dining,1.3569999999999993,0.81
2011-06-06,21099,0.0,0.0,0.65,0.0,Kitchen & Dining,1.3569999999999993,0.81
2011-06-13,21099,0.0,0.0,0.65,0.0,Kitchen & Dining,1.3569999999999993,0.81
2011-06-20,21099,0.0,0.0,0.65,0.0,Kitchen & Dining,1.3569999999999993,0.81
2011-06-27,21099,0.0,0.0,0.65,0.0,Kitchen & Dining,1.3569999999999993,0.81
2011-07-04,21099,0.0,0.0,0.65,0.0,Kitchen & Dining,1.3569999999999993,0.81
2011-07-11,21099,0.0,0.0,0.65,0.0,Kitchen & Dining,1.3569999999999993,0.81
2011-07-18,21099,0.0,0.0,0.65,0.0,Kitchen & Dining,1.3569999999999993,0.81
2011-07-25,21099,0.0,0.0,0.65,0.0,Kitchen & Dining,1.3569999999999993,0.81
2011-08-01,21099,0.0,0.0,0.65,0.0,Kitchen & Dining,1.3569999999999993,0.81
2011-08-08,21099,0.0,0.0,0.65,0.0,Kitchen & Dining,1.3569999999999993,0.81
2011-08-15,21099,0.0,0.0,0.65,0.0,Kitchen & Dining,1.3569999999999993,0.81
2011-08-22,21099,0.0,0.0,0.65,0.0,Kitchen & Dining,1.3569999999999993,0.81
2011-08-29,21099,0.0,0.0,0.65,0.0,Kitchen & Dining,1.3569999999999993,0.81
2011-09-05,21099,0.0,0.0,0.65,0.0,Kitchen & Dining,1.3569999999999993,0.81
2011-09-12,21099,0.0,0.0,0.65,0.0,Kitchen & Dining,1.3569999999999993,0.81
2011-09-19,21099,0.0,0.0,0.65,0.0,Kitchen & Dining,1.3569999999999993,0.81
2011-09-26,21099,0.0,0.0,0.65,0.0,Kitchen & Dining,1.3569999999999993,0.81
2011-10-03,21099,0.0,0.0,0.65,0.0,Kitchen & Dining,1.3569999999999993,0.81
2011-10-10,21099,0.0,0.0,0.65,0.0,Kitchen & Dining,1.3569999999999993,0.81
2011-10-17,21099,0.0,0.0,0.65,0.0,Kitchen & Dining,1.3569999999999993,0.81
2011-10-24,21099,0.0,0.0,0.65,0.0,Kitchen & Dining,1.3569999999999993,0.81
2011-10-31,21099,0.0,0.0,0.65,0.0,Kitchen & Dining,1.3569999999999993,0.81
2011-11-07,21099,0.0,0.0,0.65,0.0,Kitchen & Dining,1.3569999999999993,0.81
2011-11-14,21099,0.0,0.0,0.65,0.0,Kitchen & Dining,1.3569999999999993,0.81
2011-11-21,21099,0.0,0.0,0.65,0.0,Kitchen & Dining,1.3569999999999993,0.81
2011-11-28,21099,0.0,0.0,0.65,0.0,Kitchen & Dining,1.3569999999999993,0.81
2011-12-05,21099,0.0,0.0,0.65,0.0,Kitchen & Dining,1.3569999999999993,0.81
2009-11-30,21108,133.0,415.13,3.496111111111111,6.0,Kitchen & Dining,5.06,3.04
2009-12-07,21108,124.0,350.97,3.440972222222222,5.0,Kitchen & Dining,5.06,3.04
2009-12-14,21108,152.0,424.99,3.5438888888888886,5.0,Kitchen & Dining,5.06,3.04
2009-12-21,21108,15.0,74.92999999999999,4.296666666666667,1.0,Kitchen & Dining,5.06,3.04
2010-01-04,21108,55.0,140.25,2.55,4.0,Kitchen & Dining,5.06,3.04
2010-01-11,21108,21.0,61.08,3.8049999999999997,1.0,Kitchen & Dining,5.06,3.04
2010-01-18,21108,6.0,27.79,4.636666666666667,1.0,Kitchen & Dining,5.06,3.04
2010-01-25,21108,99.0,211.95,2.325,2.0,Kitchen & Dining,5.06,3.04
2010-02-01,21108,31.0,89.09,3.8049999999999997,3.0,Kitchen & Dining,5.06,3.04
2010-02-08,21108,55.0,142.76,3.3866666666666667,2.0,Kitchen & Dining,5.06,3.04
2010-02-15,21108,2.0,7.609999999999999,3.8049999999999997,1.0,Kitchen & Dining,5.06,3.04
2010-02-22,21108,4.0,20.24,5.06,0.0,Kitchen & Dining,5.06,3.04
2010-03-01,21108,69.0,168.25,3.4349999999999996,4.0,Kitchen & Dining,5.06,3.04
2010-03-08,21108,35.0,109.33,4.223333333333333,3.0,Kitchen & Dining,5.06,3.04
2010-03-15,21108,29.0,78.97,3.8049999999999997,2.0,Kitchen & Dining,5.06,3.04
2010-03-22,21108,48.0,124.91,3.0519999999999996,4.0,Kitchen & Dining,5.06,3.04
2010-03-29,21108,18.0,45.9,2.55,1.0,Kitchen & Dining,5.06,3.04
2010-04-05,21108,31.0,89.09,4.223333333333333,1.0,Kitchen & Dining,5.06,3.04
2010-04-12,21108,63.0,160.64999999999998,2.55,4.0,Kitchen & Dining,5.06,3.04
2010-04-19,21108,40.0,112.03999999999999,3.1774999999999998,3.0,Kitchen & Dining,5.06,3.04
2010-04-26,21108,18.0,45.9,2.55,2.0,Kitchen & Dining,5.06,3.04
2010-05-03,21108,23.0,71.19999999999999,4.432499999999999,1.0,Kitchen & Dining,5.06,3.04
2010-05-10,21108,6.0,27.849999999999998,4.223333333333333,1.0,Kitchen & Dining,5.06,3.04
2010-05-17,21108,55.0,142.76,2.9683333333333333,3.0,Kitchen & Dining,5.06,3.04
2010-05-24,21108,58.0,155.43,3.282083333333333,4.0,Kitchen & Dining,5.06,3.04
2010-05-31,21108,15.0,53.309999999999995,4.223333333333333,1.0,Kitchen & Dining,5.06,3.04
2010-06-07,21108,44.0,119.73,3.2527999999999997,4.0,Kitchen & Dining,5.06,3.04
2010-06-14,21108,12.0,38.129999999999995,3.8049999999999997,1.0,Kitchen & Dining,5.06,3.04
2010-06-21,21108,47.0,124.86999999999999,3.303,4.0,Kitchen & Dining,5.06,3.04
2010-06-28,21108,20.0,56.019999999999996,3.1774999999999998,2.0,Kitchen & Dining,5.06,3.04
2010-07-05,21108,27.0,68.85,2.55,3.0,Kitchen & Dining,5.06,3.04
2010-07-12,21108,119.0,308.47,3.0519999999999996,5.0,Kitchen & Dining,5.06,3.04
2010-07-19,21108,10.0,28.009999999999998,3.8049999999999997,1.0,Kitchen & Dining,5.06,3.04
2010-07-26,21108,36.0,91.8,2.55,3.0,Kitchen & Dining,5.06,3.04
2010-08-02,21108,38.0,96.89999999999999,2.55,3.0,Kitchen & Dining,5.06,3.04
2010-08-09,21108,77.0,208.9,3.6705357142857142,3.0,Kitchen & Dining,5.06,3.04
2010-08-16,21108,34.0,101.75999999999999,3.8049999999999997,3.0,Kitchen & Dining,5.06,3.04
2010-08-23,21108,65.0,150.51999999999998,3.6925,2.0,Kitchen & Dining,5.06,3.04
2010-08-30,21108,21.0,61.08,4.223333333333333,2.0,Kitchen & Dining,5.06,3.04
2010-09-06,21108,28.0,73.91,3.1774999999999998,2.0,Kitchen & Dining,5.06,3.04
2010-09-13,21108,231.0,519.0600000000001,3.464,4.0,Kitchen & Dining,5.06,3.04
2010-09-20,21108,47.0,147.45999999999998,3.7004166666666665,3.0,Kitchen & Dining,5.06,3.04
2010-09-27,21108,66.0,175.82999999999998,3.1077777777777773,5.0,Kitchen & Dining,5.06,3.04
2010-10-04,21108,31.0,89.08999999999999,3.8049999999999997,2.0,Kitchen & Dining,5.06,3.04
2010-10-11,21108,124.0,305.99,2.8815,5.0,Kitchen & Dining,5.06,3.04
2010-10-18,21108,37.0,96.85999999999999,3.3866666666666667,2.0,Kitchen & Dining,5.06,3.04
2010-10-25,21108,60.0,170.57,3.7352777777777777,4.0,Kitchen & Dining,5.06,3.04
2010-11-01,21108,114.0,305.76,3.0519999999999996,5.0,Kitchen & Dining,5.06,3.04
2010-11-08,21108,85.0,209.04999999999998,3.258,5.0,Kitchen & Dining,5.06,3.04
2010-11-15,21108,64.0,185.79,3.8049999999999997,4.0,Kitchen & Dining,5.06,3.04
2010-11-22,21108,72.0,228.77999999999997,4.055999999999999,4.0,Kitchen & Dining,5.06,3.04
2010-11-29,21108,60.0,235.82999999999996,4.1187499999999995,2.0,Kitchen & Dining,5.06,3.04
2010-12-06,21108,79.0,286.78999999999996,4.390666666666666,3.0,Kitchen & Dining,5.06,3.04
2010-12-13,21108,52.0,150.17,3.595833333333333,3.0,Kitchen & Dining,5.06,3.04
2010-12-20,21108,11.0,33.07,3.8049999999999997,1.0,Kitchen & Dining,5.06,3.04
2011-01-03,21108,29.0,78.97,2.9683333333333333,2.0,Kitchen & Dining,5.06,3.04
2011-01-10,21108,3141.0,6608.25,2.4749999999999996,2.0,Kitchen & Dining,5.06,3.04
2011-01-17,21108,9.0,22.95,2.55,1.0,Kitchen & Dining,5.06,3.04
2011-01-24,21108,22.0,65.74,3.755,2.0,Kitchen & Dining,5.06,3.04
2011-01-31,21108,46.0,99.46,3.5300000000000002,1.0,Kitchen & Dining,5.06,3.04
2011-02-07,21108,32.0,86.42,3.353333333333333,2.0,Kitchen & Dining,5.06,3.04
2011-02-14,21108,2.0,9.92,4.96,0.0,Kitchen & Dining,5.06,3.04
2011-02-21,21108,10.0,27.91,3.755,1.0,Kitchen & Dining,5.06,3.04
2011-02-28,21108,46.0,119.71,3.032,4.0,Kitchen & Dining,5.06,3.04
2011-03-07,21108,20.0,55.81999999999999,3.353333333333333,2.0,Kitchen & Dining,5.06,3.04
2011-03-14,21108,10.0,27.91,3.755,1.0,Kitchen & Dining,5.06,3.04
2011-03-21,21108,37.0,103.99,3.5541666666666663,3.0,Kitchen & Dining,5.06,3.04
2011-03-28,21108,10.0,25.5,2.55,2.0,Kitchen & Dining,5.06,3.04
2011-04-04,21108,0.0,0.0,2.55,0.0,Kitchen & Dining,5.06,3.04
2011-04-11,21108,9.0,22.95,2.55,1.0,Kitchen & Dining,5.06,3.04
2011-04-18,21108,3132.0,6585.3,2.4375,2.0,Kitchen & Dining,5.06,3.04
2011-04-25,21108,3.0,14.879999999999999,4.96,0.0,Kitchen & Dining,5.06,3.04
2011-05-02,21108,0.0,0.0,4.96,0.0,Kitchen & Dining,5.06,3.04
2011-05-09,21108,0.0,0.0,4.96,0.0,Kitchen & Dining,5.06,3.04
2011-05-16,21108,10.0,25.5,2.55,2.0,Kitchen & Dining,5.06,3.04
2011-05-23,21108,1.0,4.96,4.96,0.0,Kitchen & Dining,5.06,3.04
2011-05-30,21108,1.0,4.96,4.96,0.0,Kitchen & Dining,5.06,3.04
2011-06-06,21108,7.0,34.72,4.96,0.0,Kitchen & Dining,5.06,3.04
2011-06-13,21108,0.0,0.0,4.96,0.0,Kitchen & Dining,5.06,3.04
2011-06-20,21108,10.0,27.91,3.755,1.0,Kitchen & Dining,5.06,3.04
2011-06-27,21108,12.0,37.83,3.755,1.0,Kitchen & Dining,5.06,3.04
2011-07-04,21108,18.0,45.9,2.55,1.0,Kitchen & Dining,5.06,3.04
2011-07-11,21108,9.0,22.95,2.55,1.0,Kitchen & Dining,5.06,3.04
2011-07-18,21108,5.0,15.16,3.755,1.0,Kitchen & Dining,5.06,3.04
2011-07-25,21108,13.0,40.379999999999995,3.353333333333333,2.0,Kitchen & Dining,5.06,3.04
2011-08-01,21108,19.0,50.86,3.353333333333333,2.0,Kitchen & Dining,5.06,3.04
2011-08-08,21108,4.0,19.84,4.96,0.0,Kitchen & Dining,5.06,3.04
2011-08-15,21108,18.0,45.9,2.55,2.0,Kitchen & Dining,5.06,3.04
2011-08-22,21108,9.0,22.95,2.55,1.0,Kitchen & Dining,5.06,3.04
2011-08-29,21108,18.0,45.9,2.55,2.0,Kitchen & Dining,5.06,3.04
2011-09-05,21108,10.0,27.91,3.755,1.0,Kitchen & Dining,5.06,3.04
2011-09-12,21108,9.0,22.95,2.55,1.0,Kitchen & Dining,5.06,3.04
2011-09-19,21108,6.0,22.53,4.156666666666666,1.0,Kitchen & Dining,5.06,3.04
2011-09-26,21108,38.0,101.72,3.353333333333333,2.0,Kitchen & Dining,5.06,3.04
2011-10-03,21108,40.0,67.45,1.6444444444444446,3.0,Kitchen & Dining,5.06,3.04
2011-10-10,21108,136.0,111.61,1.1375,6.0,Kitchen & Dining,5.06,3.04
2011-10-17,21108,262.0,206.98000000000002,0.79,6.0,Kitchen & Dining,5.06,3.04
2011-10-24,21108,253.0,204.04000000000002,1.1375,6.0,Kitchen & Dining,5.06,3.04
2011-10-31,21108,198.0,156.42000000000002,0.79,5.0,Kitchen & Dining,5.06,3.04
2011-11-07,21108,940.0,759.2800000000001,0.9885714285714285,6.0,Kitchen & Dining,5.06,3.04
2011-11-14,21108,673.0,556.69,1.1672857142857145,6.0,Kitchen & Dining,5.06,3.04
2011-11-21,21108,389.0,351.02,1.2685,5.0,Kitchen & Dining,5.06,3.04
2011-11-28,21108,227.0,262.46000000000004,2.1136666666666666,4.0,Kitchen & Dining,5.06,3.04
2011-12-05,21108,153.0,133.38,1.8325,4.0,Kitchen & Dining,5.06,3.04
