data/processed/weekly_panel.csv
week_start,sku_id,units_sold,revenue,avg_price,promo_days,category,list_price,unit_cost
2009-11-30,21121,132.0,166.32,1.36,0.0,Lighting,1.25,0.75
2009-12-07,21121,81.0,106.53,1.558,0.0,Lighting,1.25,0.75
2009-12-14,21121,182.0,234.1,1.58,0.0,Lighting,1.25,0.75
2009-12-21,21121,1.0,1.25,1.25,0.0,Lighting,1.25,0.75
2010-01-04,21121,56.0,70.0,1.25,0.0,Lighting,1.25,0.75
2010-01-11,21121,181.0,228.89,1.338,0.0,Lighting,1.25,0.75
2010-01-18,21121,114.0,142.5,1.25,0.0,Lighting,1.25,0.75
2010-01-25,21121,704.0,770.5600000000001,1.2424,0.0,Lighting,1.25,0.75
2010-02-01,21121,43.0,61.31,1.565,0.0,Lighting,1.25,0.75
2010-02-08,21121,135.0,168.75,1.25,0.0,Lighting,1.25,0.75
2010-02-15,21121,81.0,106.28999999999999,1.565,0.0,Lighting,1.25,0.75
2010-02-22,21121,113.0,143.77,1.6280000000000001,0.0,Lighting,1.25,0.75
2010-03-01,21121,165.0,208.76999999999998,1.4264,0.0,Lighting,1.25,0.75
2010-03-08,21121,72.0,96.78,1.483,0.0,Lighting,1.25,0.75
2010-03-15,21121,217.0,266.69,1.2405000000000002,0.0,Lighting,1.25,0.75
2010-03-22,21121,197.0,247.51,1.32,0.0,Lighting,1.25,0.75
2010-03-29,21121,63.0,78.75,1.25,0.0,Lighting,1.25,0.75
2010-04-05,21121,169.0,211.25,1.25,0.0,Lighting,1.25,0.75
2010-04-12,21121,57.0,71.25,1.25,0.0,Lighting,1.25,0.75
2010-04-19,21121,140.0,174.7,1.5983333333333332,1.0,Lighting,1.25,0.75
2010-04-26,21121,117.0,147.51,1.4075,0.0,Lighting,1.25,0.75
2010-05-03,21121,708.0,775.5600000000001,1.214375,0.0,Lighting,1.25,0.75
2010-05-10,21121,53.0,67.50999999999999,1.565,0.0,Lighting,1.25,0.75
2010-05-17,21121,243.0,306.27,1.5650000000000002,0.0,Lighting,1.25,0.75
2010-05-24,21121,196.0,248.78,1.355,0.0,Lighting,1.25,0.75
2010-05-31,21121,370.0,411.56,1.3391666666666666,0.0,Lighting,1.25,0.75
2010-06-07,21121,111.0,142.53,1.46,0.0,Lighting,1.25,0.75
2010-06-14,21121,126.0,158.76,1.4075,0.0,Lighting,1.25,0.75
2010-06-21,21121,63.0,78.75,1.25,0.0,Lighting,1.25,0.75
2010-06-28,21121,131.0,163.75,1.25,0.0,Lighting,1.25,0.75
2010-07-05,21121,30.0,37.5,1.25,0.0,Lighting,1.25,0.75
2010-07-12,21121,67.0,83.75,1.25,0.0,Lighting,1.25,0.75
2010-07-19,21121,9.0,11.25,1.25,0.0,Lighting,1.25,0.75
2010-07-26,21121,111.0,140.01,1.4075,0.0,Lighting,1.25,0.75
2010-08-02,21121,56.0,70.0,1.25,0.0,Lighting,1.25,0.75
2010-08-09,21121,32.0,42.519999999999996,1.3025,0.0,Lighting,1.25,0.75
2010-08-16,21121,364.0,455.0,1.25,0.0,Lighting,1.25,0.75
2010-08-23,21121,51.0,63.75,1.25,0.0,Lighting,1.25,0.75
2010-08-30,21121,54.0,67.5,1.25,0.0,Lighting,1.25,0.75
2010-09-06,21121,137.0,173.76999999999998,1.46,0.0,Lighting,1.25,0.75
2010-09-13,21121,256.0,322.52,1.425,0.0,Lighting,1.25,0.75
2010-09-20,21121,134.0,167.5,1.25,0.0,Lighting,1.25,0.75
2010-09-27,21121,264.0,330.0,1.25,0.0,Lighting,1.25,0.75
2010-10-04,21121,115.0,145.01,1.376,0.0,Lighting,1.25,0.75
2010-10-11,21121,341.0,426.25,1.25,0.0,Lighting,1.25,0.75
2010-10-18,21121,87.0,108.75,1.25,0.0,Lighting,1.25,0.75
2010-10-25,21121,133.0,167.51,1.3549999999999998,0.0,Lighting,1.25,0.75
2010-11-01,21121,188.0,235.0,1.25,0.0,Lighting,1.25,0.75
2010-11-08,21121,97.0,121.25,1.25,0.0,Lighting,1.25,0.75
2010-11-15,21121,250.0,312.5,1.25,0.0,Lighting,1.25,0.75
2010-11-22,21121,233.0,291.25,1.25,0.0,Lighting,1.25,0.75
2010-11-29,21121,950.0,1032.16,1.2602777777777778,0.0,Lighting,1.25,0.75
2010-12-06,21121,128.0,163.78,1.46,0.0,Lighting,1.25,0.75
2010-12-13,21121,9.0,13.77,1.88,0.0,Lighting,1.25,0.75
2010-12-20,21121,25.0,32.51,1.88,0.0,Lighting,1.25,0.75
2011-01-03,21121,58.0,72.5,1.25,0.0,Lighting,1.25,0.75
2011-01-10,21121,137.0,172.51,1.313,0.0,Lighting,1.25,0.75
2011-01-17,21121,367.0,405.24,1.35375,1.0,Lighting,1.25,0.75
2011-01-24,21121,85.0,106.25,1.25,0.0,Lighting,1.25,0.75
2011-01-31,21121,172.0,215.0,1.25,0.0,Lighting,1.25,0.75
2011-02-07,21121,75.0,94.96000000000001,1.40125,0.0,Lighting,1.25,0.75
2011-02-14,21121,77.0,97.46000000000001,1.371,0.0,Lighting,1.25,0.75
2011-02-21,21121,151.0,192.38,1.4180555555555554,0.0,Lighting,1.25,0.75
2011-02-28,21121,103.0,132.38,1.5525,0.0,Lighting,1.25,0.75
2011-03-07,21121,110.0,139.92000000000002,1.5020833333333332,0.0,Lighting,1.25,0.75
2011-03-14,21121,110.0,139.92000000000002,1.492,0.0,Lighting,1.25,0.75
2011-03-21,21121,135.0,169.96,1.371,0.0,Lighting,1.25,0.75
2011-03-28,21121,10.0,13.71,1.6533333333333333,0.0,Lighting,1.25,0.75
2011-04-04,21121,83.0,104.96000000000001,1.492,0.0,Lighting,1.25,0.75
2011-04-11,21121,75.0,93.75,1.25,0.0,Lighting,1.25,0.75
2011-04-18,21121,57.0,73.67,1.5525,0.0,Lighting,1.25,0.75
2011-04-25,21121,2.0,2.5,1.25,0.0,Lighting,1.25,0.75
2011-05-02,21121,42.0,53.71,1.40125,0.0,Lighting,1.25,0.75
2011-05-09,21121,157.0,196.25,1.25,0.0,Lighting,1.25,0.75
2011-05-16,21121,68.0,88.63,1.6936666666666667,0.0,Lighting,1.25,0.75
2011-05-23,21121,82.0,102.5,1.25,0.0,Lighting,1.25,0.75
2011-05-30,21121,57.0,71.25,1.25,0.0,Lighting,1.25,0.75
2011-06-06,21121,176.0,220.0,1.25,0.0,Lighting,1.25,0.75
2011-06-13,21121,438.0,492.78000000000003,1.231,0.0,Lighting,1.25,0.75
2011-06-20,21121,405.0,451.53000000000003,1.2341666666666666,0.0,Lighting,1.25,0.75
2011-06-27,21121,290.0,307.78000000000003,1.155,1.0,Lighting,1.25,0.75
2011-07-04,21121,10.0,13.71,1.6533333333333333,0.0,Lighting,1.25,0.75
2011-07-11,21121,72.0,90.0,1.25,0.0,Lighting,1.25,0.75
2011-07-18,21121,78.0,97.5,1.25,0.0,Lighting,1.25,0.75
2011-07-25,21121,145.0,181.25,1.25,0.0,Lighting,1.25,0.75
2011-08-01,21121,63.0,81.17,1.40125,0.0,Lighting,1.25,0.75
2011-08-08,21121,105.0,140.93,1.5726666666666667,0.0,Lighting,1.25,0.75
2011-08-15,21121,125.0,156.25,1.25,0.0,Lighting,1.25,0.75
2011-08-22,21121,144.0,180.0,1.25,0.0,Lighting,1.25,0.75
2011-08-29,21121,123.0,157.38,1.5525,0.0,Lighting,1.25,0.75
2011-09-05,21121,181.0,227.46,1.325625,0.0,Lighting,1.25,0.75
2011-09-12,21121,22.0,27.5,1.25,0.0,Lighting,1.25,0.75
2011-09-19,21121,123.0,154.96,1.5525,0.0,Lighting,1.25,0.75
2011-09-26,21121,110.0,138.71,1.3306666666666667,0.0,Lighting,1.25,0.75
2011-10-03,21121,28.0,36.21,1.5525,0.0,Lighting,1.25,0.75
2011-10-10,21121,153.0,191.25,1.25,0.0,Lighting,1.25,0.75
2011-10-17,21121,490.0,558.99,1.4437499999999999,0.0,Lighting,1.25,0.75
2011-10-24,21121,47.0,59.96,1.3306666666666667,0.0,Lighting,1.25,0.75
2011-10-31,21121,63.0,78.75,1.25,0.0,Lighting,1.25,0.75
2011-11-07,21121,60.0,75.0,1.25,0.0,Lighting,1.25,0.75
2011-11-14,21121,156.0,196.21,1.4516666666666669,0.0,Lighting,1.25,0.75
2011-11-21,21121,114.0,142.5,1.25,0.0,Lighting,1.25,0.75
2011-11-28,21121,37.0,46.25,1.25,0.0,Lighting,1.25,0.75
2011-12-05,21121,102.0,127.5,1.25,0.0,Lighting,1.25,0.75
2009-11-30,21122,72.0,91.32,1.294,0.0,Lighting,1.25,0.75
2009-12-07,21122,84.0,108.96000000000001,1.525,0.0,Lighting,1.25,0.75
2009-12-14,21122,98.0,122.5,1.25,0.0,Lighting,1.25,0.75
2009-12-21,21122,0.0,0.0,1.25,0.0,Lighting,1.25,0.75
2010-01-04,21122,64.0,80.0,1.25,0.0,Lighting,1.25,0.75
2010-01-11,21122,130.0,162.5,1.25,0.0,Lighting,1.25,0.75
2010-01-18,21122,107.0,133.75,1.25,0.0,Lighting,1.25,0.75
2010-01-25,21122,407.0,454.03000000000003,1.2183333333333335,1.0,Lighting,1.25,0.75
2010-02-01,21122,22.0,27.5,1.25,0.0,Lighting,1.25,0.75
2010-02-08,21122,58.0,72.5,1.25,0.0,Lighting,1.25,0.75
2010-02-15,21122,142.0,180.01999999999998,1.334,0.0,Lighting,1.25,0.75
2010-02-22,21122,189.0,236.25,1.25,0.0,Lighting,1.25,0.75
2010-03-01,21122,166.0,211.28,1.313,0.0,Lighting,1.25,0.75
2010-03-08,21122,67.0,85.00999999999999,1.502,0.0,Lighting,1.25,0.75
2010-03-15,21122,111.0,135.45,1.3633333333333333,0.0,Lighting,1.25,0.75
2010-03-22,21122,213.0,266.25,1.25,0.0,Lighting,1.25,0.75
2010-03-29,21122,156.0,195.0,1.25,0.0,Lighting,1.25,0.75
2010-04-05,21122,154.0,193.76,1.4075,0.0,Lighting,1.25,0.75
2010-04-12,21122,58.0,72.5,1.25,0.0,Lighting,1.25,0.75
2010-04-19,21122,82.0,99.2,1.4283333333333335,1.0,Lighting,1.25,0.75
2010-04-26,21122,162.0,203.76,1.502,0.0,Lighting,1.25,0.75
2010-05-03,21122,686.0,748.0600000000001,1.2183333333333333,0.0,Lighting,1.25,0.75
2010-05-10,21122,80.0,100.0,1.25,0.0,Lighting,1.25,0.75
2010-05-17,21122,112.0,140.0,1.25,0.0,Lighting,1.25,0.75
2010-05-24,21122,131.0,166.26999999999998,1.439,0.0,Lighting,1.25,0.75
2010-05-31,21122,36.0,45.0,1.25,0.0,Lighting,1.25,0.75
2010-06-07,21122,168.0,209.22,1.4319444444444445,0.0,Lighting,1.25,0.75
2010-06-14,21122,82.0,102.5,1.25,0.0,Lighting,1.25,0.75
2010-06-21,21122,87.0,111.27,1.313,0.0,Lighting,1.25,0.75
2010-06-28,21122,136.0,166.7,1.3035,0.0,Lighting,1.25,0.75
2010-07-05,21122,78.0,98.75999999999999,1.3287499999999999,0.0,Lighting,1.25,0.75
2010-07-12,21122,74.0,92.5,1.25,0.0,Lighting,1.25,0.75
2010-07-19,21122,114.0,145.02,1.46,0.0,Lighting,1.25,0.75
2010-07-26,21122,65.0,81.25,1.25,0.0,Lighting,1.25,0.75
2010-08-02,21122,86.0,107.5,1.25,0.0,Lighting,1.25,0.75
2010-08-09,21122,50.0,62.5,1.25,0.0,Lighting,1.25,0.75
2010-08-16,21122,434.0,487.78000000000003,1.2120000000000002,1.0,Lighting,1.25,0.75
2010-08-23,21122,48.0,60.0,1.25,0.0,Lighting,1.25,0.75
2010-08-30,21122,63.0,82.53,1.439,0.0,Lighting,1.25,0.75
2010-09-06,21122,147.0,183.75,1.25,0.0,Lighting,1.25,0.75
2010-09-13,21122,180.0,225.0,1.25,0.0,Lighting,1.25,0.75
2010-09-20,21122,77.0,97.50999999999999,1.39,0.0,Lighting,1.25,0.75
2010-09-27,21122,144.0,180.0,1.25,0.0,Lighting,1.25,0.75
2010-10-04,21122,192.0,240.0,1.25,0.0,Lighting,1.25,0.75
2010-10-11,21122,271.0,338.75,1.25,0.0,Lighting,1.25,0.75
2010-10-18,21122,71.0,90.00999999999999,1.376,0.0,Lighting,1.25,0.75
2010-10-25,21122,85.0,106.25,1.25,0.0,Lighting,1.25,0.75
2010-11-01,21122,83.0,105.00999999999999,1.355,0.0,Lighting,1.25,0.75
2010-11-08,21122,53.0,68.77,1.334,0.0,Lighting,1.25,0.75
2010-11-15,21122,125.0,157.51,1.46,0.0,Lighting,1.25,0.75
2010-11-22,21122,68.0,85.0,1.25,0.0,Lighting,1.25,0.75
2010-11-29,21122,610.0,653.0600000000001,1.2183333333333333,0.0,Lighting,1.25,0.75
2010-12-06,21122,123.0,155.01,1.46,0.0,Lighting,1.25,0.75
2010-12-13,21122,51.0,66.27,1.565,0.0,Lighting,1.25,0.75
2010-12-20,21122,24.0,30.0,1.25,0.0,Lighting,1.25,0.75
2011-01-03,21122,0.0,0.0,1.25,0.0,Lighting,1.25,0.75
2011-01-10,21122,94.0,123.75,1.6637499999999998,0.0,Lighting,1.25,0.75
2011-01-17,21122,18.0,23.71,1.6533333333333333,0.0,Lighting,1.25,0.75
2011-01-24,21122,141.0,176.25,1.25,0.0,Lighting,1.25,0.75
2011-01-31,21122,98.0,122.5,1.25,0.0,Lighting,1.25,0.75
2011-02-07,21122,9.0,11.25,1.25,0.0,Lighting,1.25,0.75
2011-02-14,21122,6.0,9.92,1.6533333333333333,0.0,Lighting,1.25,0.75
2011-02-21,21122,416.0,467.70000000000005,1.4022222222222223,0.0,Lighting,1.25,0.75
2011-02-28,21122,97.0,121.25,1.25,0.0,Lighting,1.25,0.75
2011-03-07,21122,36.0,46.21,1.4516666666666669,0.0,Lighting,1.25,0.75
2011-03-14,21122,132.0,168.63,1.4315,0.0,Lighting,1.25,0.75
2011-03-21,21122,107.0,133.75,1.25,0.0,Lighting,1.25,0.75
2011-03-28,21122,34.0,44.92,1.7037499999999999,0.0,Lighting,1.25,0.75
2011-04-04,21122,107.0,133.75,1.25,0.0,Lighting,1.25,0.75
2011-04-11,21122,99.0,123.75,1.25,0.0,Lighting,1.25,0.75
2011-04-18,21122,79.0,99.96000000000001,1.4516666666666669,0.0,Lighting,1.25,0.75
2011-04-25,21122,51.0,63.75,1.25,0.0,Lighting,1.25,0.75
2011-05-02,21122,87.0,111.17,1.613,0.0,Lighting,1.25,0.75
2011-05-09,21122,60.0,77.42,1.6533333333333333,0.0,Lighting,1.25,0.75
2011-05-16,21122,92.0,116.21000000000001,1.371,0.0,Lighting,1.25,0.75
2011-05-23,21122,58.0,73.71000000000001,1.6533333333333333,0.0,Lighting,1.25,0.75
2011-05-30,21122,58.0,73.71000000000001,1.4516666666666669,0.0,Lighting,1.25,0.75
2011-06-06,21122,107.0,134.96,1.492,0.0,Lighting,1.25,0.75
2011-06-13,21122,469.0,531.53,1.231,0.0,Lighting,1.25,0.75
2011-06-20,21122,176.0,220.0,1.25,0.0,Lighting,1.25,0.75
2011-06-27,21122,34.0,43.71,1.492,0.0,Lighting,1.25,0.75
2011-07-04,21122,35.0,44.96,1.325625,0.0,Lighting,1.25,0.75
2011-07-11,21122,97.0,121.25,1.25,0.0,Lighting,1.25,0.75
2011-07-18,21122,114.0,143.71,1.371,0.0,Lighting,1.25,0.75
2011-07-25,21122,97.0,121.25,1.25,0.0,Lighting,1.25,0.75
2011-08-01,21122,108.0,137.42000000000002,1.492,0.0,Lighting,1.25,0.75
2011-08-08,21122,385.0,426.53000000000003,1.2120000000000002,1.0,Lighting,1.25,0.75
2011-08-15,21122,105.0,131.25,1.25,0.0,Lighting,1.25,0.75
2011-08-22,21122,98.0,124.92,1.40125,0.0,Lighting,1.25,0.75
2011-08-29,21122,57.0,72.46000000000001,1.5525,0.0,Lighting,1.25,0.75
2011-09-05,21122,48.0,60.0,1.25,0.0,Lighting,1.25,0.75
2011-09-12,21122,62.0,77.5,1.25,0.0,Lighting,1.25,0.75
2011-09-19,21122,75.0,93.75,1.25,0.0,Lighting,1.25,0.75
2011-09-26,21122,62.0,78.71000000000001,1.3508333333333333,0.0,Lighting,1.25,0.75
2011-10-03,21122,84.0,105.0,1.25,0.0,Lighting,1.25,0.75
2011-10-10,21122,150.0,188.71,1.3105,0.0,Lighting,1.25,0.75
2011-10-17,21122,175.0,218.75,1.25,0.0,Lighting,1.25,0.75
2011-10-24,21122,5.0,7.46,1.6533333333333333,0.0,Lighting,1.25,0.75
2011-10-31,21122,28.0,35.0,1.25,0.0,Lighting,1.25,0.75
2011-11-07,21122,76.0,95.0,1.25,0.0,Lighting,1.25,0.75
2011-11-14,21122,59.0,74.96000000000001,1.492,0.0,Lighting,1.25,0.75
2011-11-21,21122,116.0,145.0,1.25,0.0,Lighting,1.25,0.75
2011-11-28,21122,24.0,30.0,1.25,0.0,Lighting,1.25,0.75
2011-12-05,21122,108.0,137.42000000000002,1.40125,0.0,Lighting,1.25,0.75
