data/processed/weekly_panel.csv
week_start,sku_id,units_sold,revenue,avg_price,promo_days,category,list_price,unit_cost
2009-11-30,21137,114.0,401.0,4.973333333333334,3.0,Home Decor,7.46,4.48
2009-12-07,21137,319.0,1144.96,4.045,5.0,Home Decor,7.46,4.48
2009-12-14,21137,232.0,820.45,5.309166666666667,2.0,Home Decor,7.46,4.48
2009-12-21,21137,4.0,15.0,3.75,1.0,Home Decor,7.46,4.48
2010-01-04,21137,18.0,67.5,3.75,3.0,Home Decor,7.46,4.48
2010-01-11,21137,61.0,215.34,4.920000000000001,2.0,Home Decor,7.46,4.48
2010-01-18,21137,64.0,238.2,5.595000000000001,1.0,Home Decor,7.46,4.48
2010-01-25,21137,59.0,212.61,3.66,4.0,Home Decor,7.46,4.48
2010-02-01,21137,231.0,788.49,3.53,3.0,Home Decor,7.46,4.48
2010-02-08,21137,24.0,90.0,3.75,2.0,Home Decor,7.46,4.48
2010-02-15,21137,73.0,251.7,5.505,1.0,Home Decor,7.46,4.48
2010-02-22,21137,176.0,599.52,3.48,4.0,Home Decor,7.46,4.48
2010-03-01,21137,100.0,340.44,3.4500000000000006,3.0,Home Decor,7.46,4.48
2010-03-08,21137,33.0,118.98,5.595000000000001,1.0,Home Decor,7.46,4.48
2010-03-15,21137,56.0,196.59,4.275,3.0,Home Decor,7.46,4.48
2010-03-22,21137,75.0,267.84000000000003,4.6725,3.0,Home Decor,7.46,4.48
2010-03-29,21137,104.0,364.08,3.615,4.0,Home Decor,7.46,4.48
2010-04-05,21137,100.0,340.44,3.5700000000000003,2.0,Home Decor,7.46,4.48
2010-04-12,21137,0.0,0.0,3.5700000000000003,0.0,Home Decor,7.46,4.48
2010-04-19,21137,8.0,45.480000000000004,6.330000000000001,1.0,Home Decor,7.46,4.48
2010-04-26,21137,346.0,1176.54,3.5700000000000003,2.0,Home Decor,7.46,4.48
2010-05-03,21137,132.0,451.8,3.54,4.0,Home Decor,7.46,4.48
2010-05-10,21137,29.0,103.98,4.92,2.0,Home Decor,7.46,4.48
2010-05-17,21137,80.0,274.08,3.5700000000000003,3.0,Home Decor,7.46,4.48
2010-05-24,21137,35.0,122.61,3.6300000000000003,3.0,Home Decor,7.46,4.48
2010-05-31,21137,55.0,197.61,3.66,4.0,Home Decor,7.46,4.48
2010-06-07,21137,210.0,745.47,4.9785,3.0,Home Decor,7.46,4.48
2010-06-14,21137,160.0,552.03,3.993,5.0,Home Decor,7.46,4.48
2010-06-21,21137,56.0,212.07,4.155,3.0,Home Decor,7.46,4.48
2010-06-28,21137,49.0,175.11,3.6300000000000003,3.0,Home Decor,7.46,4.48
2010-07-05,21137,144.0,488.15999999999997,3.39,2.0,Home Decor,7.46,4.48
2010-07-12,21137,76.0,259.08,3.5100000000000002,3.0,Home Decor,7.46,4.48
2010-07-19,21137,32.0,111.36,3.5700000000000003,2.0,Home Decor,7.46,4.48
2010-07-26,21137,388.0,1316.76,3.435,4.0,Home Decor,7.46,4.48
2010-08-02,21137,35.0,122.61,3.66,4.0,Home Decor,7.46,4.48
2010-08-09,21137,25.0,85.11,3.5700000000000003,2.0,Home Decor,7.46,4.48
2010-08-16,21137,72.0,244.07999999999998,3.39,2.0,Home Decor,7.46,4.48
2010-08-23,21137,48.0,162.72,3.39,1.0,Home Decor,7.46,4.48
2010-08-30,21137,15.0,63.99,5.6850000000000005,1.0,Home Decor,7.46,4.48
2010-09-06,21137,128.0,461.82000000000005,3.936,5.0,Home Decor,7.46,4.48
2010-09-13,21137,28.0,96.36,3.5700000000000003,2.0,Home Decor,7.46,4.48
2010-09-20,21137,173.0,600.78,4.09875,4.0,Home Decor,7.46,4.48
2010-09-27,21137,40.0,141.36,3.69,3.0,Home Decor,7.46,4.48
2010-10-04,21137,638.0,2185.14,3.579,4.0,Home Decor,7.46,4.48
2010-10-11,21137,401.0,1373.25,3.901875,4.0,Home Decor,7.46,4.48
2010-10-18,21137,310.0,1067.46,3.6420000000000003,5.0,Home Decor,7.46,4.48
2010-10-25,21137,182.0,625.89,4.0125,4.0,Home Decor,7.46,4.48
2010-11-01,21137,13.0,48.75,3.75,3.0,Home Decor,7.46,4.48
2010-11-08,21137,928.0,3155.5499999999997,3.8280000000000003,5.0,Home Decor,7.46,4.48
2010-11-15,21137,191.0,659.64,3.9075,4.0,Home Decor,7.46,4.48
2010-11-22,21137,190.0,659.76,4.2749999999999995,5.0,Home Decor,7.46,4.48
2010-11-29,21137,665.0,2256.15,3.498,5.0,Home Decor,7.46,4.48
2010-12-06,21137,577.0,1980.5099999999998,4.765,5.0,Home Decor,7.46,4.48
2010-12-13,21137,575.0,1961.3999999999999,3.957,5.0,Home Decor,7.46,4.48
2010-12-20,21137,55.0,192.84,4.92,2.0,Home Decor,7.46,4.48
2011-01-03,21137,177.0,603.27,3.5100000000000002,3.0,Home Decor,7.46,4.48
2011-01-10,21137,20.0,75.0,3.75,2.0,Home Decor,7.46,4.48
2011-01-17,21137,24.0,104.84,4.368333333333333,3.0,Home Decor,7.46,4.48
2011-01-24,21137,3.0,11.25,3.75,1.0,Home Decor,7.46,4.48
2011-01-31,21137,592.0,2012.64,3.582,5.0,Home Decor,7.46,4.48
2011-02-07,21137,0.0,0.0,3.582,0.0,Home Decor,7.46,4.48
2011-02-14,21137,40.0,141.36,3.6300000000000003,3.0,Home Decor,7.46,4.48
2011-02-21,21137,69.0,245.18,4.308333333333334,3.0,Home Decor,7.46,4.48
2011-02-28,21137,0.0,0.0,4.308333333333334,0.0,Home Decor,7.46,4.48
2011-03-07,21137,6.0,22.5,3.75,1.0,Home Decor,7.46,4.48
2011-03-14,21137,120.0,415.44,3.5700000000000003,5.0,Home Decor,7.46,4.48
2011-03-21,21137,117.0,449.93,3.9391666666666665,4.0,Home Decor,7.46,4.48
2011-03-28,21137,50.0,201.12,4.42,4.0,Home Decor,7.46,4.48
2011-04-04,21137,11.0,41.25,3.75,2.0,Home Decor,7.46,4.48
2011-04-11,21137,84.0,289.08,3.4800000000000004,2.0,Home Decor,7.46,4.48
2011-04-18,21137,110.0,386.58000000000004,3.714,2.0,Home Decor,7.46,4.48
2011-04-25,21137,38.0,133.86,3.69,3.0,Home Decor,7.46,4.48
2011-05-02,21137,395.0,1350.43,4.5649999999999995,3.0,Home Decor,7.46,4.48
2011-05-09,21137,81.0,286.47,3.6420000000000003,5.0,Home Decor,7.46,4.48
2011-05-16,21137,36.0,126.36,3.66,2.0,Home Decor,7.46,4.48
2011-05-23,21137,0.0,0.0,3.66,0.0,Home Decor,7.46,4.48
2011-05-30,21137,504.0,1708.56,3.39,2.0,Home Decor,7.46,4.48
2011-06-06,21137,18.0,71.21000000000001,4.162222222222223,3.0,Home Decor,7.46,4.48
2011-06-13,21137,865.0,2952.4800000000005,4.7878750000000005,3.0,Home Decor,7.46,4.48
2011-06-20,21137,131.0,464.11,4.072222222222222,3.0,Home Decor,7.46,4.48
2011-06-27,21137,236.0,807.24,3.53,3.0,Home Decor,7.46,4.48
2011-07-04,21137,90.0,331.35,4.049,5.0,Home Decor,7.46,4.48
2011-07-11,21137,100.0,340.44,3.5100000000000002,3.0,Home Decor,7.46,4.48
2011-07-18,21137,254.0,869.81,3.8641666666666667,4.0,Home Decor,7.46,4.48
2011-07-25,21137,116.0,404.15,3.8941666666666666,4.0,Home Decor,7.46,4.48
2011-08-01,21137,0.0,0.0,3.8941666666666666,0.0,Home Decor,7.46,4.48
2011-08-08,21137,73.0,247.82999999999998,3.4800000000000004,2.0,Home Decor,7.46,4.48
2011-08-15,21137,270.0,917.46,3.5340000000000003,5.0,Home Decor,7.46,4.48
2011-08-22,21137,20.0,75.0,3.75,3.0,Home Decor,7.46,4.48
2011-08-29,21137,176.0,614.36,4.806666666666667,2.0,Home Decor,7.46,4.48
2011-09-05,21137,104.0,355.44,3.63,2.0,Home Decor,7.46,4.48
2011-09-12,21137,210.0,733.22,4.5725,3.0,Home Decor,7.46,4.48
2011-09-19,21137,38.0,144.99,4.042222222222223,3.0,Home Decor,7.46,4.48
2011-09-26,21137,202.0,715.5699999999999,4.038833333333334,5.0,Home Decor,7.46,4.48
2011-10-03,21137,305.0,1063.55,3.894166666666667,4.0,Home Decor,7.46,4.48
2011-10-10,21137,25.0,119.72,4.21375,4.0,Home Decor,7.46,4.48
2011-10-17,21137,184.0,638.1600000000001,3.678,5.0,Home Decor,7.46,4.48
2011-10-24,21137,95.0,334.03999999999996,4.384,4.0,Home Decor,7.46,4.48
2011-10-31,21137,433.0,1481.19,3.6300000000000003,6.0,Home Decor,7.46,4.48
2011-11-07,21137,857.0,2952.55,4.861666666666667,5.0,Home Decor,7.46,4.48
2011-11-14,21137,259.0,955.29,4.446000000000001,6.0,Home Decor,7.46,4.48
2011-11-21,21137,580.0,2071.47,5.255833333333334,6.0,Home Decor,7.46,4.48
2011-11-28,21137,183.0,735.8,5.082266666666667,4.0,Home Decor,7.46,4.48
2011-12-05,21137,1506.0,5337.29,4.708316666666667,5.0,Home Decor,7.46,4.48
2009-11-30,21166,57.0,132.29999999999998,2.373,5.0,Home Decor,4.13,2.48
2009-12-07,21166,2.0,8.6,4.3,0.0,Home Decor,4.13,2.48
2009-12-14,21166,16.0,40.6,3.908333333333333,1.0,Home Decor,4.13,2.48
2009-12-21,21166,3.0,12.899999999999999,4.3,0.0,Home Decor,4.13,2.48
2010-01-04,21166,0.0,0.0,4.3,0.0,Home Decor,4.13,2.48
2010-01-11,21166,7.0,29.83,4.24375,0.0,Home Decor,4.13,2.48
2010-01-18,21166,3.0,12.629999999999999,4.21,0.0,Home Decor,4.13,2.48
2010-01-25,21166,23.0,44.85,1.95,2.0,Home Decor,4.13,2.48
2010-02-01,21166,871.0,1500.1699999999998,2.216944444444444,6.0,Home Decor,4.13,2.48
2010-02-08,21166,46.0,91.96,2.0755555555555554,6.0,Home Decor,4.13,2.48
2010-02-15,21166,258.0,474.7,2.0949999999999998,6.0,Home Decor,4.13,2.48
2010-02-22,21166,555.0,972.19,2.0502777777777776,6.0,Home Decor,4.13,2.48
2010-03-01,21166,890.0,1388.6599999999999,2.1374999999999997,6.0,Home Decor,4.13,2.48
2010-03-08,21166,136.0,254.11999999999998,2.4664,4.0,Home Decor,4.13,2.48
2010-03-15,21166,444.0,785.38,2.071527777777778,6.0,Home Decor,4.13,2.48
2010-03-22,21166,115.0,211.76999999999998,1.9283333333333335,6.0,Home Decor,4.13,2.48
2010-03-29,21166,64.0,127.06,2.515,3.0,Home Decor,4.13,2.48
2010-04-05,21166,48.0,93.60000000000001,1.95,4.0,Home Decor,4.13,2.48
2010-04-12,21166,677.0,1170.3899999999999,1.898,6.0,Home Decor,4.13,2.48
2010-04-19,21166,125.0,236.71,2.2416666666666663,5.0,Home Decor,4.13,2.48
2010-04-26,21166,261.0,429.75,1.895,5.0,Home Decor,4.13,2.48
2010-05-03,21166,147.0,276.43,1.9884,5.0,Home Decor,4.13,2.48
2010-05-10,21166,133.0,246.87,1.9337499999999999,4.0,Home Decor,4.13,2.48
2010-05-17,21166,27.0,52.65,1.95,6.0,Home Decor,4.13,2.48
2010-05-24,21166,56.0,109.19999999999999,1.95,6.0,Home Decor,4.13,2.48
2010-05-31,21166,90.0,163.01999999999998,1.937,4.0,Home Decor,4.13,2.48
2010-06-07,21166,39.0,76.05,1.95,4.0,Home Decor,4.13,2.48
2010-06-14,21166,78.0,152.1,1.95,5.0,Home Decor,4.13,2.48
2010-06-21,21166,12.0,23.4,1.95,4.0,Home Decor,4.13,2.48
2010-06-28,21166,27.0,52.65,1.95,4.0,Home Decor,4.13,2.48
2010-07-05,21166,70.0,136.5,1.95,4.0,Home Decor,4.13,2.48
2010-07-12,21166,25.0,48.75,1.95,2.0,Home Decor,4.13,2.48
2010-07-19,21166,1.0,1.95,1.95,1.0,Home Decor,4.13,2.48
2010-07-26,21166,0.0,0.0,1.95,0.0,Home Decor,4.13,2.48
2010-08-02,21166,0.0,0.0,1.95,0.0,Home Decor,4.13,2.48
2010-08-09,21166,0.0,0.0,1.95,0.0,Home Decor,4.13,2.48
2010-08-16,21166,653.0,1136.0700000000002,1.9066666666666665,4.0,Home Decor,4.13,2.48
2010-08-23,21166,471.0,831.09,1.898,6.0,Home Decor,4.13,2.48
2010-08-30,21166,259.0,472.13,2.454266666666667,4.0,Home Decor,4.13,2.48
2010-09-06,21166,74.0,146.56,2.1006666666666667,5.0,Home Decor,4.13,2.48
2010-09-13,21166,327.0,592.25,2.1703333333333332,6.0,Home Decor,4.13,2.48
2010-09-20,21166,263.0,475.09000000000003,2.273282828282828,6.0,Home Decor,4.13,2.48
2010-09-27,21166,182.0,357.86,2.0704761904761906,6.0,Home Decor,4.13,2.48
2010-10-04,21166,157.0,324.23,2.427111111111111,6.0,Home Decor,4.13,2.48
2010-10-11,21166,178.0,325.26,1.9293650793650794,6.0,Home Decor,4.13,2.48
2010-10-18,21166,213.0,394.91,2.059365079365079,6.0,Home Decor,4.13,2.48
2010-10-25,21166,116.0,242.88,2.5608333333333335,5.0,Home Decor,4.13,2.48
2010-11-01,21166,250.0,469.32,2.1125925925925926,6.0,Home Decor,4.13,2.48
2010-11-08,21166,204.0,381.34,2.301388888888889,5.0,Home Decor,4.13,2.48
2010-11-15,21166,468.0,858.0600000000001,2.201693121693122,6.0,Home Decor,4.13,2.48
2010-11-22,21166,391.0,720.39,2.4387222222222222,6.0,Home Decor,4.13,2.48
2010-11-29,21166,142.0,280.24,2.5391666666666666,5.0,Home Decor,4.13,2.48
2010-12-06,21166,241.0,472.11,2.5719166666666666,6.0,Home Decor,4.13,2.48
2010-12-13,21166,285.0,491.83000000000004,2.5829999999999997,5.0,Home Decor,4.13,2.48
2010-12-20,21166,36.0,81.5,2.703333333333333,2.0,Home Decor,4.13,2.48
2011-01-03,21166,151.0,271.75,2.1870000000000003,4.0,Home Decor,4.13,2.48
2011-01-10,21166,82.0,182.04,2.5106666666666664,5.0,Home Decor,4.13,2.48
2011-01-17,21166,91.0,184.59,2.2510000000000003,5.0,Home Decor,4.13,2.48
2011-01-24,21166,65.0,126.75,1.95,5.0,Home Decor,4.13,2.48
2011-01-31,21166,85.0,157.89000000000001,2.1784444444444446,6.0,Home Decor,4.13,2.48
2011-02-07,21166,63.0,139.24,2.8316666666666666,4.0,Home Decor,4.13,2.48
2011-02-14,21166,86.0,180.93,2.1825,5.0,Home Decor,4.13,2.48
2011-02-21,21166,202.0,386.82,2.222916666666667,6.0,Home Decor,4.13,2.48
2011-02-28,21166,104.0,218.37,2.2508333333333335,6.0,Home Decor,4.13,2.48
2011-03-07,21166,260.0,498.69000000000005,2.1997222222222224,6.0,Home Decor,4.13,2.48
2011-03-14,21166,244.0,482.6000000000001,2.488611111111111,6.0,Home Decor,4.13,2.48
2011-03-21,21166,124.0,253.03000000000003,2.273829365079365,6.0,Home Decor,4.13,2.48
2011-03-28,21166,118.0,251.59,2.3281150793650793,6.0,Home Decor,4.13,2.48
2011-04-04,21166,221.0,430.6600000000001,2.345666666666667,5.0,Home Decor,4.13,2.48
2011-04-11,21166,382.0,726.0500000000001,2.0921944444444445,6.0,Home Decor,4.13,2.48
2011-04-18,21166,44.0,97.67,2.370416666666667,4.0,Home Decor,4.13,2.48
2011-04-25,21166,104.0,207.33,2.2316666666666665,4.0,Home Decor,4.13,2.48
2011-05-02,21166,249.0,490.95000000000005,2.293071428571429,5.0,Home Decor,4.13,2.48
2011-05-09,21166,320.0,564.32,2.02,6.0,Home Decor,4.13,2.48
2011-05-16,21166,300.0,592.9300000000001,2.2431666666666668,6.0,Home Decor,4.13,2.48
2011-05-23,21166,117.0,234.37,2.2431666666666668,6.0,Home Decor,4.13,2.48
2011-05-30,21166,83.0,189.04,2.9,3.0,Home Decor,4.13,2.48
2011-06-06,21166,127.0,274.41,2.7063888888888887,5.0,Home Decor,4.13,2.48
2011-06-13,21166,285.0,541.7,2.5797222222222222,5.0,Home Decor,4.13,2.48
2011-06-20,21166,61.0,130.98,2.3875,5.0,Home Decor,4.13,2.48
2011-06-27,21166,116.0,221.03,2.3440000000000003,5.0,Home Decor,4.13,2.48
2011-07-04,21166,246.0,468.78000000000003,3.56,2.0,Home Decor,4.13,2.48
2011-07-11,21166,194.0,467.14,3.26,1.0,Home Decor,4.13,2.48
2011-07-18,21166,2.0,8.26,4.13,0.0,Home Decor,4.13,2.48
2011-07-25,21166,0.0,0.0,4.13,0.0,Home Decor,4.13,2.48
2011-08-01,21166,1.0,4.13,4.13,0.0,Home Decor,4.13,2.48
2011-08-08,21166,0.0,0.0,4.13,0.0,Home Decor,4.13,2.48
2011-08-15,21166,0.0,0.0,4.13,0.0,Home Decor,4.13,2.48
2011-08-22,21166,0.0,0.0,4.13,0.0,Home Decor,4.13,2.48
2011-08-29,21166,25.0,52.0,2.08,1.0,Home Decor,4.13,2.48
2011-09-05,21166,744.0,1415.0400000000002,2.012916666666667,6.0,Home Decor,4.13,2.48
2011-09-12,21166,259.0,513.8000000000001,2.430277777777778,6.0,Home Decor,4.13,2.48
2011-09-19,21166,591.0,1355.21,2.4304166666666664,6.0,Home Decor,4.13,2.48
2011-09-26,21166,457.0,873.2800000000001,2.0480555555555555,6.0,Home Decor,4.13,2.48
2011-10-03,21166,310.0,550.63,2.136041666666667,6.0,Home Decor,4.13,2.48
2011-10-10,21166,180.0,371.56,2.260138888888889,6.0,Home Decor,4.13,2.48
2011-10-17,21166,77.0,160.16,2.08,4.0,Home Decor,4.13,2.48
2011-10-24,21166,308.0,655.67,2.4225,6.0,Home Decor,4.13,2.48
2011-10-31,21166,408.0,873.2900000000001,2.1350277777777777,6.0,Home Decor,4.13,2.48
2011-11-07,21166,70.0,155.85,3.05375,3.0,Home Decor,4.13,2.48
2011-11-14,21166,192.0,460.79999999999995,2.4,1.0,Home Decor,4.13,2.48
2011-11-21,21166,12.0,24.96,2.08,1.0,Home Decor,4.13,2.48
2011-11-28,21166,1115.0,2417.11,2.3513888888888888,6.0,Home Decor,4.13,2.48
2011-12-05,21166,441.0,864.6,2.882190476190476,4.0,Home Decor,4.13,2.48
