data/processed/weekly_panel.csv
week_start,sku_id,units_sold,revenue,avg_price,promo_days,category,list_price,unit_cost
2009-11-30,21175,147.0,332.90000000000003,2.631666666666667,5.0,Home Decor,4.21,2.53
2009-12-07,21175,207.0,446.90000000000003,2.5264285714285712,6.0,Home Decor,4.21,2.53
2009-12-14,21175,199.0,466.30000000000007,2.484126984126984,6.0,Home Decor,4.21,2.53
2009-12-21,21175,439.0,708.34,3.296,2.0,Home Decor,4.21,2.53
2010-01-04,21175,114.0,227.4,2.075,5.0,Home Decor,4.21,2.53
2010-01-11,21175,72.0,152.13000000000002,2.5835,4.0,Home Decor,4.21,2.53
2010-01-18,21175,89.0,193.23000000000002,2.510277777777778,5.0,Home Decor,4.21,2.53
2010-01-25,21175,154.0,317.73,2.3533333333333335,6.0,Home Decor,4.21,2.53
2010-02-01,21175,98.0,197.13000000000002,2.4547222222222222,6.0,Home Decor,4.21,2.53
2010-02-08,21175,68.0,151.24,2.8033333333333332,4.0,Home Decor,4.21,2.53
2010-02-15,21175,208.0,405.02000000000004,2.313527777777778,6.0,Home Decor,4.21,2.53
2010-02-22,21175,207.0,414.9200000000001,2.435,5.0,Home Decor,4.21,2.53
2010-03-01,21175,641.0,1049.74,2.3383333333333334,6.0,Home Decor,4.21,2.53
2010-03-08,21175,234.0,470.17,2.7571238095238093,5.0,Home Decor,4.21,2.53
2010-03-15,21175,393.0,747.9100000000001,2.1375694444444444,6.0,Home Decor,4.21,2.53
2010-03-22,21175,120.0,252.66000000000003,2.805944444444444,5.0,Home Decor,4.21,2.53
2010-03-29,21175,77.0,163.81,2.2758333333333334,4.0,Home Decor,4.21,2.53
2010-04-05,21175,69.0,147.01000000000002,2.2055,5.0,Home Decor,4.21,2.53
2010-04-12,21175,181.0,368.1000000000001,2.0861111111111112,6.0,Home Decor,4.21,2.53
2010-04-19,21175,238.0,497.51000000000005,2.269702380952381,6.0,Home Decor,4.21,2.53
2010-04-26,21175,438.0,749.07,2.3951984126984125,5.0,Home Decor,4.21,2.53
2010-05-03,21175,130.0,263.11,2.263333333333333,4.0,Home Decor,4.21,2.53
2010-05-10,21175,182.0,370.20000000000005,2.0583333333333336,6.0,Home Decor,4.21,2.53
2010-05-17,21175,116.0,249.04000000000002,2.4119444444444444,6.0,Home Decor,4.21,2.53
2010-05-24,21175,270.0,546.33,2.3993611111111113,6.0,Home Decor,4.21,2.53
2010-05-31,21175,76.0,170.15,3.004285714285714,4.0,Home Decor,4.21,2.53
2010-06-07,21175,90.0,181.22,2.3533333333333335,6.0,Home Decor,4.21,2.53
2010-06-14,21175,235.0,460.83000000000004,2.3325,6.0,Home Decor,4.21,2.53
2010-06-21,21175,22.0,52.53000000000001,2.8912500000000003,3.0,Home Decor,4.21,2.53
2010-06-28,21175,44.0,93.01,2.193,4.0,Home Decor,4.21,2.53
2010-07-05,21175,2.0,4.2,2.1,1.0,Home Decor,4.21,2.53
2010-07-12,21175,0.0,0.0,2.1,0.0,Home Decor,4.21,2.53
2010-07-19,21175,0.0,0.0,2.1,0.0,Home Decor,4.21,2.53
2010-07-26,21175,0.0,0.0,2.1,0.0,Home Decor,4.21,2.53
2010-08-02,21175,0.0,0.0,2.1,0.0,Home Decor,4.21,2.53
2010-08-09,21175,0.0,0.0,2.1,0.0,Home Decor,4.21,2.53
2010-08-16,21175,239.0,477.9000000000001,2.0708333333333333,6.0,Home Decor,4.21,2.53
2010-08-23,21175,487.0,928.8100000000002,2.206984126984127,6.0,Home Decor,4.21,2.53
2010-08-30,21175,176.0,360.37000000000006,2.6376666666666666,4.0,Home Decor,4.21,2.53
2010-09-06,21175,60.0,126.00000000000001,2.1,5.0,Home Decor,4.21,2.53
2010-09-13,21175,156.0,317.71000000000004,2.200625,4.0,Home Decor,4.21,2.53
2010-09-20,21175,187.0,382.81,2.2335238095238097,5.0,Home Decor,4.21,2.53
2010-09-27,21175,156.0,333.93000000000006,2.357888888888889,6.0,Home Decor,4.21,2.53
2010-10-04,21175,142.0,300.31000000000006,2.1586111111111115,6.0,Home Decor,4.21,2.53
2010-10-11,21175,221.0,442.21000000000004,2.140092592592593,6.0,Home Decor,4.21,2.53
2010-10-18,21175,125.0,266.72,2.2758333333333334,6.0,Home Decor,4.21,2.53
2010-10-25,21175,126.0,274.53000000000003,2.37375,6.0,Home Decor,4.21,2.53
2010-11-01,21175,234.0,475.84000000000003,2.654333333333333,4.0,Home Decor,4.21,2.53
2010-11-08,21175,194.0,408.06000000000006,2.5371111111111113,6.0,Home Decor,4.21,2.53
2010-11-15,21175,157.0,348.69000000000005,2.4780416666666665,6.0,Home Decor,4.21,2.53
2010-11-22,21175,200.0,418.55000000000007,2.430959523809524,5.0,Home Decor,4.21,2.53
2010-11-29,21175,85.0,199.60000000000002,2.6191269841269844,5.0,Home Decor,4.21,2.53
2010-12-06,21175,212.0,497.95000000000005,2.7941230158730157,6.0,Home Decor,4.21,2.53
2010-12-13,21175,70.0,170.21,2.6275,5.0,Home Decor,4.21,2.53
2010-12-20,21175,46.0,102.93,2.9791666666666665,2.0,Home Decor,4.21,2.53
2011-01-03,21175,182.0,358.20000000000005,2.0702380952380954,4.0,Home Decor,4.21,2.53
2011-01-10,21175,2127.0,3977.5000000000005,2.1020833333333333,6.0,Home Decor,4.21,2.53
2011-01-17,21175,18.0,56.07,3.0022222222222226,3.0,Home Decor,4.21,2.53
2011-01-24,21175,82.0,176.26000000000002,2.303,4.0,Home Decor,4.21,2.53
2011-01-31,21175,39.0,95.64999999999999,2.859,4.0,Home Decor,4.21,2.53
2011-02-07,21175,107.0,257.52,2.8801666666666668,5.0,Home Decor,4.21,2.53
2011-02-14,21175,78.0,201.31,2.6704999999999997,4.0,Home Decor,4.21,2.53
2011-02-21,21175,83.0,218.88,2.811083333333333,6.0,Home Decor,4.21,2.53
2011-02-28,21175,36.0,96.61999999999999,3.085555555555555,5.0,Home Decor,4.21,2.53
2011-03-07,21175,101.0,234.99,2.4716666666666662,6.0,Home Decor,4.21,2.53
2011-03-14,21175,211.0,502.56999999999994,2.6879666666666666,5.0,Home Decor,4.21,2.53
2011-03-21,21175,137.0,329.2,2.7377777777777776,6.0,Home Decor,4.21,2.53
2011-03-28,21175,100.0,259.82,2.750833333333333,6.0,Home Decor,4.21,2.53
2011-04-04,21175,82.0,209.1,2.55,6.0,Home Decor,4.21,2.53
2011-04-11,21175,281.0,671.4300000000001,2.538809523809524,6.0,Home Decor,4.21,2.53
2011-04-18,21175,2098.0,3612.1600000000003,2.754625,4.0,Home Decor,4.21,2.53
2011-04-25,21175,27.0,68.85,2.55,3.0,Home Decor,4.21,2.53
2011-05-02,21175,132.0,339.01,2.6704999999999997,5.0,Home Decor,4.21,2.53
2011-05-09,21175,159.0,382.89,2.5186666666666664,5.0,Home Decor,4.21,2.53
2011-05-16,21175,179.0,456.45,2.55,6.0,Home Decor,4.21,2.53
2011-05-23,21175,77.0,196.35,2.55,6.0,Home Decor,4.21,2.53
2011-05-30,21175,105.0,270.15999999999997,3.032,4.0,Home Decor,4.21,2.53
2011-06-06,21175,80.0,204.0,2.55,6.0,Home Decor,4.21,2.53
2011-06-13,21175,98.0,254.71999999999997,2.630333333333333,6.0,Home Decor,4.21,2.53
2011-06-20,21175,124.0,303.28,3.1933333333333334,5.0,Home Decor,4.21,2.53
2011-06-27,21175,89.0,236.58999999999997,2.9114999999999998,5.0,Home Decor,4.21,2.53
2011-07-04,21175,119.0,288.12,2.925555555555555,5.0,Home Decor,4.21,2.53
2011-07-11,21175,294.0,666.6899999999999,2.938611111111111,6.0,Home Decor,4.21,2.53
2011-07-18,21175,291.0,668.73,2.4481666666666664,5.0,Home Decor,4.21,2.53
2011-07-25,21175,70.0,178.5,2.55,6.0,Home Decor,4.21,2.53
2011-08-01,21175,160.0,410.40999999999997,2.630333333333333,6.0,Home Decor,4.21,2.53
2011-08-08,21175,229.0,548.47,2.679861111111111,6.0,Home Decor,4.21,2.53
2011-08-15,21175,61.0,155.54999999999998,2.55,5.0,Home Decor,4.21,2.53
2011-08-22,21175,12.0,30.599999999999998,2.55,1.0,Home Decor,4.21,2.53
2011-08-29,21175,16.0,43.21,3.755,1.0,Home Decor,4.21,2.53
2011-09-05,21175,336.0,791.53,2.642111111111111,6.0,Home Decor,4.21,2.53
2011-09-12,21175,166.0,405.56,2.7247222222222223,6.0,Home Decor,4.21,2.53
2011-09-19,21175,354.0,933.0999999999999,3.2424999999999997,5.0,Home Decor,4.21,2.53
2011-09-26,21175,146.0,374.71,2.6504166666666666,6.0,Home Decor,4.21,2.53
2011-10-03,21175,323.0,567.84,3.042,4.0,Home Decor,4.21,2.53
2011-10-10,21175,302.0,707.24,2.948425925925926,5.0,Home Decor,4.21,2.53
2011-10-17,21175,68.0,185.45,3.1525,4.0,Home Decor,4.21,2.53
2011-10-24,21175,221.0,568.43,2.9588055555555552,6.0,Home Decor,4.21,2.53
2011-10-31,21175,335.0,864.8599999999999,2.830666666666667,6.0,Home Decor,4.21,2.53
2011-11-07,21175,266.0,634.77,2.7216984126984123,6.0,Home Decor,4.21,2.53
2011-11-14,21175,342.0,882.22,3.019083333333333,6.0,Home Decor,4.21,2.53
2011-11-21,21175,337.0,914.66,3.226111111111111,5.0,Home Decor,4.21,2.53
2011-11-28,21175,390.0,925.9499999999998,2.8936011904761902,6.0,Home Decor,4.21,2.53
2011-12-05,21175,173.0,452.33,3.226,4.0,Home Decor,4.21,2.53
2009-11-30,21181,238.0,539.4000000000001,2.381111111111111,6.0,Home Decor,4.13,2.48
2009-12-07,21181,336.0,692.8000000000001,2.2983333333333333,6.0,Home Decor,4.13,2.48
2009-12-14,21181,331.0,748.1,2.594351851851852,6.0,Home Decor,4.13,2.48
2009-12-21,21181,339.0,634.5000000000001,3.075,1.0,Home Decor,4.13,2.48
2010-01-04,21181,212.0,409.20000000000005,2.0548611111111112,6.0,Home Decor,4.13,2.48
2010-01-11,21181,98.0,204.44000000000003,2.777833333333333,4.0,Home Decor,4.13,2.48
2010-01-18,21181,116.0,237.93,2.4894444444444446,6.0,Home Decor,4.13,2.48
2010-01-25,21181,154.0,313.51000000000005,2.1564444444444444,6.0,Home Decor,4.13,2.48
2010-02-01,21181,358.0,678.9100000000001,2.1929166666666666,6.0,Home Decor,4.13,2.48
2010-02-08,21181,93.0,195.3,2.1,5.0,Home Decor,4.13,2.48
2010-02-15,21181,192.0,393.31000000000006,2.1775,6.0,Home Decor,4.13,2.48
2010-02-22,21181,172.0,361.20000000000005,2.1,6.0,Home Decor,4.13,2.48
2010-03-01,21181,830.0,1476.15,2.2209285714285714,6.0,Home Decor,4.13,2.48
2010-03-08,21181,323.0,640.8500000000001,2.3945833333333333,6.0,Home Decor,4.13,2.48
2010-03-15,21181,588.0,1129.8,2.027777777777778,6.0,Home Decor,4.13,2.48
2010-03-22,21181,239.0,482.12,2.135952380952381,6.0,Home Decor,4.13,2.48
2010-03-29,21181,85.0,182.72000000000003,2.2758333333333334,4.0,Home Decor,4.13,2.48
2010-04-05,21181,119.0,240.01000000000002,2.224,5.0,Home Decor,4.13,2.48
2010-04-12,21181,780.0,1506.0000000000002,2.076851851851852,6.0,Home Decor,4.13,2.48
2010-04-19,21181,203.0,428.7900000000001,2.394305555555556,6.0,Home Decor,4.13,2.48
2010-04-26,21181,435.0,754.77,2.110357142857143,4.0,Home Decor,4.13,2.48
2010-05-03,21181,2.0,8.42,4.21,0.0,Home Decor,4.13,2.48
2010-05-10,21181,0.0,0.0,4.21,0.0,Home Decor,4.13,2.48
2010-05-17,21181,0.0,0.0,4.21,0.0,Home Decor,4.13,2.48
2010-05-24,21181,0.0,0.0,4.21,0.0,Home Decor,4.13,2.48
2010-05-31,21181,0.0,0.0,4.21,0.0,Home Decor,4.13,2.48
2010-06-07,21181,0.0,0.0,4.21,0.0,Home Decor,4.13,2.48
2010-06-14,21181,0.0,0.0,4.21,0.0,Home Decor,4.13,2.48
2010-06-21,21181,0.0,0.0,4.21,0.0,Home Decor,4.13,2.48
2010-06-28,21181,0.0,0.0,4.21,0.0,Home Decor,4.13,2.48
2010-07-05,21181,0.0,0.0,4.21,0.0,Home Decor,4.13,2.48
2010-07-12,21181,0.0,0.0,4.21,0.0,Home Decor,4.13,2.48
2010-07-19,21181,0.0,0.0,4.21,0.0,Home Decor,4.13,2.48
2010-07-26,21181,0.0,0.0,4.21,0.0,Home Decor,4.13,2.48
2010-08-02,21181,0.0,0.0,4.21,0.0,Home Decor,4.13,2.48
2010-08-09,21181,0.0,0.0,4.21,0.0,Home Decor,4.13,2.48
2010-08-16,21181,767.0,1475.7,2.0326839826839826,6.0,Home Decor,4.13,2.48
2010-08-23,21181,684.0,1340.4,2.0617559523809526,6.0,Home Decor,4.13,2.48
2010-08-30,21181,467.0,935.47,2.3425357142857144,5.0,Home Decor,4.13,2.48
2010-09-06,21181,297.0,603.9200000000001,2.1636111111111114,6.0,Home Decor,4.13,2.48
2010-09-13,21181,427.0,828.9200000000001,2.3220833333333335,6.0,Home Decor,4.13,2.48
2010-09-20,21181,281.0,572.4300000000001,2.394277777777778,6.0,Home Decor,4.13,2.48
2010-09-27,21181,399.0,824.45,2.281903846153846,6.0,Home Decor,4.13,2.48
2010-10-04,21181,375.0,786.0500000000001,2.253693121693122,6.0,Home Decor,4.13,2.48
2010-10-11,21181,409.0,801.0100000000001,2.1308888888888893,5.0,Home Decor,4.13,2.48
2010-10-18,21181,172.0,365.42,2.25825,6.0,Home Decor,4.13,2.48
2010-10-25,21181,268.0,573.39,2.4558564814814816,6.0,Home Decor,4.13,2.48
2010-11-01,21181,318.0,671.23,2.519324074074074,6.0,Home Decor,4.13,2.48
2010-11-08,21181,342.0,711.08,2.4342974386724388,6.0,Home Decor,4.13,2.48
2010-11-15,21181,598.0,1221.1200000000001,2.3303015873015873,6.0,Home Decor,4.13,2.48
2010-11-22,21181,233.0,548.38,2.6865297619047617,6.0,Home Decor,4.13,2.48
2010-11-29,21181,252.0,555.1800000000001,2.6756203703703707,6.0,Home Decor,4.13,2.48
2010-12-06,21181,417.0,909.33,2.753943223443224,5.0,Home Decor,4.13,2.48
2010-12-13,21181,643.0,1191.29,2.5692496392496396,6.0,Home Decor,4.13,2.48
2010-12-20,21181,49.0,126.10000000000001,3.330416666666667,2.0,Home Decor,4.13,2.48
2011-01-03,21181,260.0,502.22,2.1723333333333334,5.0,Home Decor,4.13,2.48
2011-01-10,21181,125.0,287.13,2.6004166666666664,6.0,Home Decor,4.13,2.48
2011-01-17,21181,114.0,235.52000000000004,2.699444444444445,5.0,Home Decor,4.13,2.48
2011-01-24,21181,96.0,213.78000000000003,2.4890833333333333,5.0,Home Decor,4.13,2.48
2011-01-31,21181,236.0,458.66999999999996,2.7003333333333335,5.0,Home Decor,4.13,2.48
2011-02-07,21181,86.0,190.75,2.6356944444444443,5.0,Home Decor,4.13,2.48
2011-02-14,21181,200.0,411.27000000000004,2.3878333333333335,5.0,Home Decor,4.13,2.48
2011-02-21,21181,175.0,354.02,2.33875,6.0,Home Decor,4.13,2.48
2011-02-28,21181,238.0,489.83000000000004,2.174166666666667,6.0,Home Decor,4.13,2.48
2011-03-07,21181,341.0,684.34,2.622152777777778,5.0,Home Decor,4.13,2.48
2011-03-14,21181,258.0,541.98,2.4504722222222224,6.0,Home Decor,4.13,2.48
2011-03-21,21181,450.0,819.42,2.2409722222222226,6.0,Home Decor,4.13,2.48
2011-03-28,21181,146.0,316.75,2.6582500000000002,6.0,Home Decor,4.13,2.48
2011-04-04,21181,252.0,493.20000000000005,2.0895833333333336,6.0,Home Decor,4.13,2.48
2011-04-11,21181,388.0,786.9200000000001,2.2321031746031745,6.0,Home Decor,4.13,2.48
2011-04-18,21181,207.0,424.73,2.1925714285714286,4.0,Home Decor,4.13,2.48
2011-04-25,21181,159.0,320.93000000000006,2.1904166666666667,4.0,Home Decor,4.13,2.48
2011-05-02,21181,315.0,625.5,2.0716666666666668,5.0,Home Decor,4.13,2.48
2011-05-09,21181,310.0,623.3000000000001,2.3658405483405485,6.0,Home Decor,4.13,2.48
2011-05-16,21181,305.0,566.2800000000001,2.7203333333333335,4.0,Home Decor,4.13,2.48
2011-05-23,21181,1.0,2.1,2.1,1.0,Home Decor,4.13,2.48
2011-05-30,21181,0.0,0.0,2.1,0.0,Home Decor,4.13,2.48
2011-06-06,21181,0.0,0.0,2.1,0.0,Home Decor,4.13,2.48
2011-06-13,21181,0.0,0.0,2.1,0.0,Home Decor,4.13,2.48
2011-06-20,21181,0.0,0.0,2.1,0.0,Home Decor,4.13,2.48
2011-06-27,21181,0.0,0.0,2.1,0.0,Home Decor,4.13,2.48
2011-07-04,21181,0.0,0.0,2.1,0.0,Home Decor,4.13,2.48
2011-07-11,21181,192.0,458.88,2.39,1.0,Home Decor,4.13,2.48
2011-07-18,21181,0.0,0.0,2.39,0.0,Home Decor,4.13,2.48
2011-07-25,21181,0.0,0.0,2.39,0.0,Home Decor,4.13,2.48
2011-08-01,21181,1.0,2.1,2.1,1.0,Home Decor,4.13,2.48
2011-08-08,21181,0.0,0.0,2.1,0.0,Home Decor,4.13,2.48
2011-08-15,21181,0.0,0.0,2.1,0.0,Home Decor,4.13,2.48
2011-08-22,21181,0.0,0.0,2.1,0.0,Home Decor,4.13,2.48
2011-08-29,21181,39.0,81.9,2.1,1.0,Home Decor,4.13,2.48
2011-09-05,21181,1398.0,2773.4300000000003,2.0966137566137566,6.0,Home Decor,4.13,2.48
2011-09-12,21181,495.0,954.5300000000001,2.1030833333333336,6.0,Home Decor,4.13,2.48
2011-09-19,21181,236.0,515.61,2.3094444444444444,6.0,Home Decor,4.13,2.48
2011-09-26,21181,373.0,743.4200000000001,2.202361111111111,6.0,Home Decor,4.13,2.48
2011-10-03,21181,576.0,1047.3200000000002,2.2963809523809524,6.0,Home Decor,4.13,2.48
2011-10-10,21181,329.0,687.2000000000002,2.376736111111111,6.0,Home Decor,4.13,2.48
2011-10-17,21181,135.0,305.83000000000004,2.4045,6.0,Home Decor,4.13,2.48
2011-10-24,21181,908.0,2014.0100000000002,2.271736111111111,6.0,Home Decor,4.13,2.48
2011-10-31,21181,47.0,107.47,3.6739999999999995,1.0,Home Decor,4.13,2.48
2011-11-07,21181,12.0,49.56,4.13,0.0,Home Decor,4.13,2.48
2011-11-14,21181,201.0,497.96999999999997,3.7840000000000003,1.0,Home Decor,4.13,2.48
2011-11-21,21181,41.0,118.58000000000001,3.724,1.0,Home Decor,4.13,2.48
2011-11-28,21181,936.0,2009.6000000000001,2.25036531986532,6.0,Home Decor,4.13,2.48
2011-12-05,21181,510.0,1101.99,2.4276388888888887,5.0,Home Decor,4.13,2.48
