data/processed/weekly_panel.csv
week_start,sku_id,units_sold,revenue,avg_price,promo_days,category,list_price,unit_cost
2009-11-30,21210,196.0,296.91999999999996,1.7982857142857145,4.0,Stationery & Gift,2.98,1.79
2009-12-07,21210,107.0,172.64,1.9800000000000002,5.0,Stationery & Gift,2.98,1.79
2009-12-14,21210,83.0,136.25,2.1390000000000002,4.0,Stationery & Gift,2.98,1.79
2009-12-21,21210,6.0,18.24,3.04,0.0,Stationery & Gift,2.98,1.79
2010-01-04,21210,24.0,34.8,1.45,2.0,Stationery & Gift,2.98,1.79
2010-01-11,21210,95.0,147.10999999999999,1.8415,4.0,Stationery & Gift,2.98,1.79
2010-01-18,21210,105.0,166.01999999999998,1.9344999999999999,6.0,Stationery & Gift,2.98,1.79
2010-01-25,21210,424.0,580.9899999999999,1.5931944444444444,6.0,Stationery & Gift,2.98,1.79
2010-02-01,21210,36.0,55.26,1.96,3.0,Stationery & Gift,2.98,1.79
2010-02-08,21210,139.0,204.61,1.5775,6.0,Stationery & Gift,2.98,1.79
2010-02-15,21210,368.0,515.93,1.8199999999999998,3.0,Stationery & Gift,2.98,1.79
2010-02-22,21210,233.0,326.3,1.9858333333333331,5.0,Stationery & Gift,2.98,1.79
2010-03-01,21210,238.0,328.96,1.6949999999999998,5.0,Stationery & Gift,2.98,1.79
2010-03-08,21210,93.0,130.5,2.2463888888888888,4.0,Stationery & Gift,2.98,1.79
2010-03-15,21210,111.0,171.66,2.062,5.0,Stationery & Gift,2.98,1.79
2010-03-22,21210,105.0,155.31,1.654,5.0,Stationery & Gift,2.98,1.79
2010-03-29,21210,40.0,62.58999999999999,2.40625,1.0,Stationery & Gift,2.98,1.79
2010-04-05,21210,85.0,124.77999999999999,1.6412499999999999,4.0,Stationery & Gift,2.98,1.79
2010-04-12,21210,518.0,712.7,1.44,5.0,Stationery & Gift,2.98,1.79
2010-04-19,21210,153.0,231.03,1.909,4.0,Stationery & Gift,2.98,1.79
2010-04-26,21210,173.0,236.23999999999998,1.7308333333333332,6.0,Stationery & Gift,2.98,1.79
2010-05-03,21210,110.0,162.55999999999997,1.6131999999999997,5.0,Stationery & Gift,2.98,1.79
2010-05-10,21210,94.0,140.89,1.6029999999999998,5.0,Stationery & Gift,2.98,1.79
2010-05-17,21210,111.0,170.13,1.79,6.0,Stationery & Gift,2.98,1.79
2010-05-24,21210,317.0,428.9,1.8186111111111112,5.0,Stationery & Gift,2.98,1.79
2010-05-31,21210,169.0,231.96999999999997,1.8689999999999998,4.0,Stationery & Gift,2.98,1.79
2010-06-07,21210,206.0,301.75999999999993,1.51375,6.0,Stationery & Gift,2.98,1.79
2010-06-14,21210,227.0,314.54,1.6916666666666669,5.0,Stationery & Gift,2.98,1.79
2010-06-21,21210,205.0,291.82,1.7493333333333332,5.0,Stationery & Gift,2.98,1.79
2010-06-28,21210,481.0,660.5799999999999,1.4915277777777778,6.0,Stationery & Gift,2.98,1.79
2010-07-05,21210,220.0,304.39,1.8379999999999999,4.0,Stationery & Gift,2.98,1.79
2010-07-12,21210,309.0,409.65,1.3900000000000001,5.0,Stationery & Gift,2.98,1.79
2010-07-19,21210,174.0,237.69,1.6406666666666667,5.0,Stationery & Gift,2.98,1.79
2010-07-26,21210,103.0,149.35,1.45,4.0,Stationery & Gift,2.98,1.79
2010-08-02,21210,36.0,52.199999999999996,1.45,4.0,Stationery & Gift,2.98,1.79
2010-08-09,21210,121.0,186.5,1.7517500000000001,5.0,Stationery & Gift,2.98,1.79
2010-08-16,21210,413.0,544.31,1.6561999999999997,5.0,Stationery & Gift,2.98,1.79
2010-08-23,21210,76.0,114.78999999999999,1.909,4.0,Stationery & Gift,2.98,1.79
2010-08-30,21210,98.0,153.14999999999998,1.7758333333333334,3.0,Stationery & Gift,2.98,1.79
2010-09-06,21210,182.0,285.32,1.5775,6.0,Stationery & Gift,2.98,1.79
2010-09-13,21210,118.0,172.63,1.51375,6.0,Stationery & Gift,2.98,1.79
2010-09-20,21210,201.0,293.83,1.569,5.0,Stationery & Gift,2.98,1.79
2010-09-27,21210,219.0,325.36999999999995,1.7758333333333332,6.0,Stationery & Gift,2.98,1.79
2010-10-04,21210,443.0,642.35,1.45,6.0,Stationery & Gift,2.98,1.79
2010-10-11,21210,148.0,221.57,1.9543333333333333,5.0,Stationery & Gift,2.98,1.79
2010-10-18,21210,181.0,271.79999999999995,1.9118333333333333,5.0,Stationery & Gift,2.98,1.79
2010-10-25,21210,93.0,141.82,1.8395833333333333,6.0,Stationery & Gift,2.98,1.79
2010-11-01,21210,135.0,201.87,1.522857142857143,6.0,Stationery & Gift,2.98,1.79
2010-11-08,21210,83.0,151.8,2.3141666666666665,5.0,Stationery & Gift,2.98,1.79
2010-11-15,21210,290.0,413.71,1.995125,6.0,Stationery & Gift,2.98,1.79
2010-11-22,21210,156.0,234.7,1.6677619047619048,6.0,Stationery & Gift,2.98,1.79
2010-11-29,21210,342.0,469.40999999999997,1.7460185185185184,6.0,Stationery & Gift,2.98,1.79
2010-12-06,21210,126.0,231.48999999999998,2.158333333333333,4.0,Stationery & Gift,2.98,1.79
2010-12-13,21210,357.0,525.3,1.705,6.0,Stationery & Gift,2.98,1.79
2010-12-20,21210,12.0,17.4,1.45,1.0,Stationery & Gift,2.98,1.79
2011-01-03,21210,41.0,59.449999999999996,1.45,5.0,Stationery & Gift,2.98,1.79
2011-01-10,21210,203.0,278.15,1.6300000000000001,5.0,Stationery & Gift,2.98,1.79
2011-01-17,21210,59.0,87.02,1.597,5.0,Stationery & Gift,2.98,1.79
2011-01-24,21210,98.0,148.17,1.6568749999999999,4.0,Stationery & Gift,2.98,1.79
2011-01-31,21210,45.0,67.55,1.9100000000000001,4.0,Stationery & Gift,2.98,1.79
2011-02-07,21210,114.0,155.94,2.475,3.0,Stationery & Gift,2.98,1.79
2011-02-14,21210,269.0,365.71,2.031,4.0,Stationery & Gift,2.98,1.79
2011-02-21,21210,326.0,416.57,1.441875,4.0,Stationery & Gift,2.98,1.79
2011-02-28,21210,176.0,240.41,1.6375000000000002,6.0,Stationery & Gift,2.98,1.79
2011-03-07,21210,254.0,332.84,1.7145833333333333,4.0,Stationery & Gift,2.98,1.79
2011-03-14,21210,71.0,109.02,1.9036666666666666,4.0,Stationery & Gift,2.98,1.79
2011-03-21,21210,143.0,208.82,1.597,5.0,Stationery & Gift,2.98,1.79
2011-03-28,21210,109.0,164.11999999999998,2.0210416666666666,4.0,Stationery & Gift,2.98,1.79
2011-04-04,21210,97.0,125.32,1.7175,2.0,Stationery & Gift,2.98,1.79
2011-04-11,21210,0.0,0.0,1.7175,0.0,Stationery & Gift,2.98,1.79
2011-04-18,21210,0.0,0.0,1.7175,0.0,Stationery & Gift,2.98,1.79
2011-04-25,21210,0.0,0.0,1.7175,0.0,Stationery & Gift,2.98,1.79
2011-05-02,21210,0.0,0.0,1.7175,0.0,Stationery & Gift,2.98,1.79
2011-05-09,21210,0.0,0.0,1.7175,0.0,Stationery & Gift,2.98,1.79
2011-05-16,21210,1.0,3.75,3.75,0.0,Stationery & Gift,2.98,1.79
2011-05-23,21210,0.0,0.0,3.75,0.0,Stationery & Gift,2.98,1.79
2011-05-30,21210,0.0,0.0,3.75,0.0,Stationery & Gift,2.98,1.79
2011-06-06,21210,66.0,97.16999999999999,1.7440000000000002,4.0,Stationery & Gift,2.98,1.79
2011-06-13,21210,249.0,328.53,1.8704166666666666,5.0,Stationery & Gift,2.98,1.79
2011-06-20,21210,109.0,159.51999999999998,1.5234999999999999,5.0,Stationery & Gift,2.98,1.79
2011-06-27,21210,1.0,2.92,2.92,0.0,Stationery & Gift,2.98,1.79
2011-07-04,21210,102.0,150.84,1.7766666666666666,5.0,Stationery & Gift,2.98,1.79
2011-07-11,21210,40.0,58.0,1.45,4.0,Stationery & Gift,2.98,1.79
2011-07-18,21210,123.0,180.64999999999998,1.6800000000000002,5.0,Stationery & Gift,2.98,1.79
2011-07-25,21210,195.0,267.96,1.5346666666666668,5.0,Stationery & Gift,2.98,1.79
2011-08-01,21210,184.0,247.6,1.4166666666666667,6.0,Stationery & Gift,2.98,1.79
2011-08-08,21210,41.0,63.22,2.2039999999999997,3.0,Stationery & Gift,2.98,1.79
2011-08-15,21210,77.0,111.64999999999999,1.45,4.0,Stationery & Gift,2.98,1.79
2011-08-22,21210,90.0,130.5,1.45,4.0,Stationery & Gift,2.98,1.79
2011-08-29,21210,21.0,39.459999999999994,2.3925,2.0,Stationery & Gift,2.98,1.79
2011-09-05,21210,62.0,93.66999999999999,1.827,4.0,Stationery & Gift,2.98,1.79
2011-09-12,21210,291.0,446.41999999999996,1.6594444444444445,5.0,Stationery & Gift,2.98,1.79
2011-09-19,21210,154.0,230.01,1.7396666666666667,6.0,Stationery & Gift,2.98,1.79
2011-09-26,21210,69.0,102.99,1.75625,4.0,Stationery & Gift,2.98,1.79
2011-10-03,21210,77.0,113.11999999999999,1.597,5.0,Stationery & Gift,2.98,1.79
2011-10-10,21210,94.0,137.76999999999998,1.5234999999999999,5.0,Stationery & Gift,2.98,1.79
2011-10-17,21210,214.0,314.07,1.7641666666666669,3.0,Stationery & Gift,2.98,1.79
2011-10-24,21210,39.0,58.019999999999996,1.5234999999999999,5.0,Stationery & Gift,2.98,1.79
2011-10-31,21210,55.0,82.69,1.7439999999999998,4.0,Stationery & Gift,2.98,1.79
2011-11-07,21210,191.0,283.65999999999997,1.832,5.0,Stationery & Gift,2.98,1.79
2011-11-14,21210,142.0,210.31,1.6949999999999998,5.0,Stationery & Gift,2.98,1.79
2011-11-21,21210,307.0,448.09,1.548,5.0,Stationery & Gift,2.98,1.79
2011-11-28,21210,174.0,244.22,2.254833333333333,3.0,Stationery & Gift,2.98,1.79
2011-12-05,21210,57.0,96.9,2.511041666666667,2.0,Stationery & Gift,2.98,1.79
2009-11-30,21212,1528.0,824.5000000000001,0.5970000000000001,6.0,Kitchen & Dining,1.28,0.77
2009-12-07,21212,1121.0,590.15,0.6727777777777778,6.0,Kitchen & Dining,1.28,0.77
2009-12-14,21212,1591.0,813.25,0.6801767676767677,6.0,Kitchen & Dining,1.28,0.77
2009-12-21,21212,764.0,339.34999999999997,0.9377777777777778,2.0,Kitchen & Dining,1.28,0.77
2010-01-04,21212,771.0,361.65,0.5435000000000001,4.0,Kitchen & Dining,1.28,0.77
2010-01-11,21212,505.0,271.61,0.8732777777777777,4.0,Kitchen & Dining,1.28,0.77
2010-01-18,21212,1203.0,618.54,0.695034632034632,6.0,Kitchen & Dining,1.28,0.77
2010-01-25,21212,1445.0,728.4300000000001,0.6713888888888889,6.0,Kitchen & Dining,1.28,0.77
2010-02-01,21212,972.0,463.1700000000001,0.7051666666666666,6.0,Kitchen & Dining,1.28,0.77
2010-02-08,21212,905.0,445.15000000000003,0.7220992063492063,6.0,Kitchen & Dining,1.28,0.77
2010-02-15,21212,881.0,462.11,0.6510416666666667,6.0,Kitchen & Dining,1.28,0.77
2010-02-22,21212,1507.0,692.63,0.7264027777777778,5.0,Kitchen & Dining,1.28,0.77
2010-03-01,21212,1314.0,614.54,0.6364267676767678,6.0,Kitchen & Dining,1.28,0.77
2010-03-08,21212,689.0,366.0,0.7634821428571429,6.0,Kitchen & Dining,1.28,0.77
2010-03-15,21212,1301.0,626.22,0.652172619047619,6.0,Kitchen & Dining,1.28,0.77
2010-03-22,21212,880.0,442.31,0.6248304473304473,6.0,Kitchen & Dining,1.28,0.77
2010-03-29,21212,559.0,396.63,0.7309166666666667,4.0,Kitchen & Dining,1.28,0.77
2010-04-05,21212,1724.0,764.9599999999999,0.5855714285714286,5.0,Kitchen & Dining,1.28,0.77
2010-04-12,21212,1300.0,621.4,0.5175000000000001,6.0,Kitchen & Dining,1.28,0.77
2010-04-19,21212,791.0,444.27000000000004,0.7039722222222222,6.0,Kitchen & Dining,1.28,0.77
2010-04-26,21212,1472.0,724.03,0.6301587301587303,6.0,Kitchen & Dining,1.28,0.77
2010-05-03,21212,958.0,469.61,0.632901443001443,5.0,Kitchen & Dining,1.28,0.77
2010-05-10,21212,911.0,457.17,0.6570714285714286,6.0,Kitchen & Dining,1.28,0.77
2010-05-17,21212,939.0,494.74,0.6417513227513229,6.0,Kitchen & Dining,1.28,0.77
2010-05-24,21212,1495.0,710.75,0.6378472222222223,6.0,Kitchen & Dining,1.28,0.77
2010-05-31,21212,836.0,407.62,0.6970000000000001,5.0,Kitchen & Dining,1.28,0.77
2010-06-07,21212,1456.0,726.05,0.5993518518518519,6.0,Kitchen & Dining,1.28,0.77
2010-06-14,21212,717.0,355.58,0.6600740740740741,6.0,Kitchen & Dining,1.28,0.77
2010-06-21,21212,483.0,324.24,0.8762320261437909,5.0,Kitchen & Dining,1.28,0.77
2010-06-28,21212,1497.0,725.48,0.5698611111111112,6.0,Kitchen & Dining,1.28,0.77
2010-07-05,21212,1137.0,536.86,0.6335555555555555,6.0,Kitchen & Dining,1.28,0.77
2010-07-12,21212,847.0,441.22,0.6476666666666667,6.0,Kitchen & Dining,1.28,0.77
2010-07-19,21212,1481.0,770.6700000000001,0.6381746031746033,6.0,Kitchen & Dining,1.28,0.77
2010-07-26,21212,795.0,426.76,0.6072222222222222,6.0,Kitchen & Dining,1.28,0.77
2010-08-02,21212,329.0,175.44,0.6065,6.0,Kitchen & Dining,1.28,0.77
2010-08-09,21212,1899.0,1292.1299999999999,0.732265873015873,6.0,Kitchen & Dining,1.28,0.77
2010-08-16,21212,1857.0,870.4599999999999,0.5820634920634921,6.0,Kitchen & Dining,1.28,0.77
2010-08-23,21212,397.0,224.19000000000003,0.7460571428571429,5.0,Kitchen & Dining,1.28,0.77
2010-08-30,21212,1097.0,752.03,0.7905,5.0,Kitchen & Dining,1.28,0.77
2010-09-06,21212,687.0,367.36,0.6369166666666667,6.0,Kitchen & Dining,1.28,0.77
2010-09-13,21212,1006.0,506.03,0.6440555555555556,6.0,Kitchen & Dining,1.28,0.77
2010-09-20,21212,1040.0,585.32,0.6289186507936508,6.0,Kitchen & Dining,1.28,0.77
2010-09-27,21212,1296.0,711.46,0.6240379990379991,6.0,Kitchen & Dining,1.28,0.77
2010-10-04,21212,2731.0,1269.57,0.5924179292929294,6.0,Kitchen & Dining,1.28,0.77
2010-10-11,21212,1561.0,855.1800000000001,0.6620925925925927,6.0,Kitchen & Dining,1.28,0.77
2010-10-18,21212,1358.0,692.48,0.710462962962963,5.0,Kitchen & Dining,1.28,0.77
2010-10-25,21212,613.0,399.59000000000003,0.6731646825396825,6.0,Kitchen & Dining,1.28,0.77
2010-11-01,21212,1095.0,551.53,0.6317669552669553,6.0,Kitchen & Dining,1.28,0.77
2010-11-08,21212,890.0,682.0300000000001,0.7202301587301587,6.0,Kitchen & Dining,1.28,0.77
2010-11-15,21212,1686.0,969.3100000000001,0.7141504329004329,6.0,Kitchen & Dining,1.28,0.77
2010-11-22,21212,1307.0,706.98,0.7270734126984127,6.0,Kitchen & Dining,1.28,0.77
2010-11-29,21212,1839.0,1115.29,0.686878787878788,6.0,Kitchen & Dining,1.28,0.77
2010-12-06,21212,1104.0,945.1999999999999,0.7664722222222222,6.0,Kitchen & Dining,1.28,0.77
2010-12-13,21212,664.0,535.0799999999999,0.8414999999999999,4.0,Kitchen & Dining,1.28,0.77
2010-12-20,21212,1363.0,595.97,0.777375,4.0,Kitchen & Dining,1.28,0.77
2011-01-03,21212,324.0,162.6,0.5435000000000001,5.0,Kitchen & Dining,1.28,0.77
2011-01-10,21212,618.0,300.40999999999997,0.8044428571428572,5.0,Kitchen & Dining,1.28,0.77
2011-01-17,21212,1753.0,766.0699999999999,0.9431666666666666,3.0,Kitchen & Dining,1.28,0.77
2011-01-24,21212,555.0,346.14,0.8675119047619049,5.0,Kitchen & Dining,1.28,0.77
2011-01-31,21212,558.0,332.66,0.6735833333333334,5.0,Kitchen & Dining,1.28,0.77
2011-02-07,21212,347.0,213.24,0.8276388888888889,5.0,Kitchen & Dining,1.28,0.77
2011-02-14,21212,526.0,283.59000000000003,0.7015000000000001,6.0,Kitchen & Dining,1.28,0.77
2011-02-21,21212,718.0,385.56000000000006,0.7258611111111112,6.0,Kitchen & Dining,1.28,0.77
2011-02-28,21212,689.0,351.95,0.5879166666666668,6.0,Kitchen & Dining,1.28,0.77
2011-03-07,21212,813.0,483.54,0.759861111111111,6.0,Kitchen & Dining,1.28,0.77
2011-03-14,21212,1303.0,698.98,0.7470714285714286,6.0,Kitchen & Dining,1.28,0.77
2011-03-21,21212,527.0,305.73,0.6750555555555556,6.0,Kitchen & Dining,1.28,0.77
2011-03-28,21212,785.0,534.93,0.6941792929292929,6.0,Kitchen & Dining,1.28,0.77
2011-04-04,21212,667.0,453.94,0.6809280303030304,6.0,Kitchen & Dining,1.28,0.77
2011-04-11,21212,598.0,425.29,0.709375,5.0,Kitchen & Dining,1.28,0.77
2011-04-18,21212,1421.0,674.59,0.7710357142857144,4.0,Kitchen & Dining,1.28,0.77
2011-04-25,21212,315.0,211.24,0.6807575757575758,4.0,Kitchen & Dining,1.28,0.77
2011-05-02,21212,787.0,431.54,0.6830909090909091,5.0,Kitchen & Dining,1.28,0.77
2011-05-09,21212,1647.0,862.68,0.7451805555555556,6.0,Kitchen & Dining,1.28,0.77
2011-05-16,21212,598.0,338.92,0.7613888888888889,5.0,Kitchen & Dining,1.28,0.77
2011-05-23,21212,360.0,284.12000000000006,0.6787777777777778,6.0,Kitchen & Dining,1.28,0.77
2011-05-30,21212,229.0,159.09,0.8714999999999999,4.0,Kitchen & Dining,1.28,0.77
2011-06-06,21212,619.0,408.44,0.722904761904762,6.0,Kitchen & Dining,1.28,0.77
2011-06-13,21212,856.0,456.27,0.6955277777777779,6.0,Kitchen & Dining,1.28,0.77
2011-06-20,21212,181.0,121.28000000000002,0.7803333333333333,4.0,Kitchen & Dining,1.28,0.77
2011-06-27,21212,123.0,114.11999999999999,0.716388888888889,5.0,Kitchen & Dining,1.28,0.77
2011-07-04,21212,1109.0,593.93,0.7809126984126985,5.0,Kitchen & Dining,1.28,0.77
2011-07-11,21212,253.0,169.49,0.68,6.0,Kitchen & Dining,1.28,0.77
2011-07-18,21212,335.0,256.6,0.7570833333333334,6.0,Kitchen & Dining,1.28,0.77
2011-07-25,21212,1083.0,567.08,0.6373333333333334,6.0,Kitchen & Dining,1.28,0.77
2011-08-01,21212,445.0,238.73000000000002,0.7048333333333333,5.0,Kitchen & Dining,1.28,0.77
2011-08-08,21212,335.0,224.74,0.8125,5.0,Kitchen & Dining,1.28,0.77
2011-08-15,21212,1650.0,771.73,0.8794444444444446,5.0,Kitchen & Dining,1.28,0.77
2011-08-22,21212,507.0,307.62,0.6593333333333334,6.0,Kitchen & Dining,1.28,0.77
2011-08-29,21212,458.0,268.35,0.7726,4.0,Kitchen & Dining,1.28,0.77
2011-09-05,21212,712.0,381.39,0.7522222222222222,5.0,Kitchen & Dining,1.28,0.77
2011-09-12,21212,955.0,478.10999999999996,0.8534444444444444,3.0,Kitchen & Dining,1.28,0.77
2011-09-19,21212,1028.0,555.25,0.7312083333333335,6.0,Kitchen & Dining,1.28,0.77
2011-09-26,21212,359.0,227.66000000000003,0.7352777777777778,6.0,Kitchen & Dining,1.28,0.77
2011-10-03,21212,477.0,328.57000000000005,0.7901262626262627,5.0,Kitchen & Dining,1.28,0.77
2011-10-10,21212,499.0,321.49,0.7526851851851851,6.0,Kitchen & Dining,1.28,0.77
2011-10-17,21212,503.0,261.19,0.8150000000000001,4.0,Kitchen & Dining,1.28,0.77
2011-10-24,21212,521.0,258.15,0.5719444444444445,6.0,Kitchen & Dining,1.28,0.77
2011-10-31,21212,1041.0,514.1,0.6803750000000001,6.0,Kitchen & Dining,1.28,0.77
2011-11-07,21212,362.0,267.61,0.8468730158730159,5.0,Kitchen & Dining,1.28,0.77
2011-11-14,21212,588.0,397.08000000000004,0.790265873015873,6.0,Kitchen & Dining,1.28,0.77
2011-11-21,21212,341.0,316.55,0.9144259259259259,4.0,Kitchen & Dining,1.28,0.77
2011-11-28,21212,546.0,458.38,1.1828055555555557,5.0,Kitchen & Dining,1.28,0.77
2011-12-05,21212,266.0,294.15,1.1840333333333333,3.0,Kitchen & Dining,1.28,0.77
