data/processed/weekly_panel.csv
week_start,sku_id,units_sold,revenue,avg_price,promo_days,category,list_price,unit_cost
2009-11-30,21213,333.0,191.4,0.7166666666666668,6.0,Kitchen & Dining,1.28,0.77
2009-12-07,21213,195.0,111.75000000000001,0.8000000000000002,5.0,Kitchen & Dining,1.28,0.77
2009-12-14,21213,385.0,214.15,0.8465,4.0,Kitchen & Dining,1.28,0.77
2009-12-21,21213,485.0,205.85,1.0283333333333333,1.0,Kitchen & Dining,1.28,0.77
2010-01-04,21213,207.0,98.25,0.5337500000000001,4.0,Kitchen & Dining,1.28,0.77
2010-01-11,21213,428.0,210.08,0.8038888888888889,5.0,Kitchen & Dining,1.28,0.77
2010-01-18,21213,568.0,249.57999999999998,0.6980000000000001,5.0,Kitchen & Dining,1.28,0.77
2010-01-25,21213,462.0,229.47,0.6540833333333333,6.0,Kitchen & Dining,1.28,0.77
2010-02-01,21213,177.0,84.67,0.7520833333333334,4.0,Kitchen & Dining,1.28,0.77
2010-02-08,21213,487.0,234.77,0.7038888888888889,5.0,Kitchen & Dining,1.28,0.77
2010-02-15,21213,337.0,163.31,0.6343333333333334,5.0,Kitchen & Dining,1.28,0.77
2010-02-22,21213,165.0,94.4,0.8541666666666666,4.0,Kitchen & Dining,1.28,0.77
2010-03-01,21213,893.0,393.47999999999996,0.5455,5.0,Kitchen & Dining,1.28,0.77
2010-03-08,21213,260.0,128.86,0.6873333333333334,4.0,Kitchen & Dining,1.28,0.77
2010-03-15,21213,782.0,343.96000000000004,0.6343055555555556,6.0,Kitchen & Dining,1.28,0.77
2010-03-22,21213,175.0,97.71000000000001,0.6716666666666667,6.0,Kitchen & Dining,1.28,0.77
2010-03-29,21213,263.0,129.78,0.589125,4.0,Kitchen & Dining,1.28,0.77
2010-04-05,21213,756.0,336.65,0.6371666666666667,4.0,Kitchen & Dining,1.28,0.77
2010-04-12,21213,579.0,302.84999999999997,0.5337500000000001,4.0,Kitchen & Dining,1.28,0.77
2010-04-19,21213,246.0,137.49,0.6108333333333335,5.0,Kitchen & Dining,1.28,0.77
2010-04-26,21213,354.0,195.43,0.5804166666666667,6.0,Kitchen & Dining,1.28,0.77
2010-05-03,21213,261.0,129.41,0.625,4.0,Kitchen & Dining,1.28,0.77
2010-05-10,21213,317.0,160.21,0.6459722222222223,6.0,Kitchen & Dining,1.28,0.77
2010-05-17,21213,577.0,272.01,0.5945833333333334,6.0,Kitchen & Dining,1.28,0.77
2010-05-24,21213,717.0,323.81,0.5689444444444445,6.0,Kitchen & Dining,1.28,0.77
2010-05-31,21213,47.0,34.61,0.8906666666666666,3.0,Kitchen & Dining,1.28,0.77
2010-06-07,21213,405.0,198.12,0.7825000000000001,5.0,Kitchen & Dining,1.28,0.77
2010-06-14,21213,378.0,194.49,0.6651666666666667,5.0,Kitchen & Dining,1.28,0.77
2010-06-21,21213,232.0,143.78,0.7831666666666667,4.0,Kitchen & Dining,1.28,0.77
2010-06-28,21213,628.0,294.53000000000003,0.5528333333333334,5.0,Kitchen & Dining,1.28,0.77
2010-07-05,21213,307.0,145.68,0.815625,3.0,Kitchen & Dining,1.28,0.77
2010-07-12,21213,103.0,56.65,0.55,3.0,Kitchen & Dining,1.28,0.77
2010-07-19,21213,439.0,241.45000000000002,0.55,5.0,Kitchen & Dining,1.28,0.77
2010-07-26,21213,568.0,284.85,0.5775396825396826,6.0,Kitchen & Dining,1.28,0.77
2010-08-02,21213,101.0,55.550000000000004,0.55,4.0,Kitchen & Dining,1.28,0.77
2010-08-09,21213,1254.0,735.1800000000001,0.8164285714285715,3.0,Kitchen & Dining,1.28,0.77
2010-08-16,21213,1179.0,532.41,0.5816666666666667,6.0,Kitchen & Dining,1.28,0.77
2010-08-23,21213,134.0,73.7,0.55,6.0,Kitchen & Dining,1.28,0.77
2010-08-30,21213,581.0,342.92,0.758125,4.0,Kitchen & Dining,1.28,0.77
2010-09-06,21213,147.0,82.31,0.6148888888888889,6.0,Kitchen & Dining,1.28,0.77
2010-09-13,21213,1118.0,506.43,0.5627777777777778,6.0,Kitchen & Dining,1.28,0.77
2010-09-20,21213,626.0,350.17,0.6052460317460318,6.0,Kitchen & Dining,1.28,0.77
2010-09-27,21213,284.0,205.06,0.7425,5.0,Kitchen & Dining,1.28,0.77
2010-10-04,21213,1823.0,864.42,0.654888888888889,6.0,Kitchen & Dining,1.28,0.77
2010-10-11,21213,550.0,364.0,0.598125,6.0,Kitchen & Dining,1.28,0.77
2010-10-18,21213,658.0,392.16,0.9159920634920634,5.0,Kitchen & Dining,1.28,0.77
2010-10-25,21213,654.0,391.01,0.945,3.0,Kitchen & Dining,1.28,0.77
2010-11-01,21213,724.0,339.45,0.625,6.0,Kitchen & Dining,1.28,0.77
2010-11-08,21213,209.0,203.19,0.8611388888888888,5.0,Kitchen & Dining,1.28,0.77
2010-11-15,21213,865.0,470.28,0.7562083333333334,6.0,Kitchen & Dining,1.28,0.77
2010-11-22,21213,619.0,363.3,0.819,5.0,Kitchen & Dining,1.28,0.77
2010-11-29,21213,185.0,193.88,1.1275,3.0,Kitchen & Dining,1.28,0.77
2010-12-06,21213,238.0,258.4,1.036388888888889,3.0,Kitchen & Dining,1.28,0.77
2010-12-13,21213,275.0,200.31,0.7926666666666666,4.0,Kitchen & Dining,1.28,0.77
2010-12-20,21213,705.0,313.52,0.9112499999999999,3.0,Kitchen & Dining,1.28,0.77
2011-01-03,21213,127.0,69.85000000000001,0.55,4.0,Kitchen & Dining,1.28,0.77
2011-01-10,21213,132.0,57.73,0.625,4.0,Kitchen & Dining,1.28,0.77
2011-01-17,21213,223.0,109.28,0.7055555555555556,5.0,Kitchen & Dining,1.28,0.77
2011-01-24,21213,184.0,90.06,1.053,2.0,Kitchen & Dining,1.28,0.77
2011-01-31,21213,243.0,153.59,0.8650952380952381,4.0,Kitchen & Dining,1.28,0.77
2011-02-07,21213,38.0,35.370000000000005,1.149,2.0,Kitchen & Dining,1.28,0.77
2011-02-14,21213,179.0,121.14000000000001,0.7558666666666667,5.0,Kitchen & Dining,1.28,0.77
2011-02-21,21213,184.0,97.84,0.9960000000000001,3.0,Kitchen & Dining,1.28,0.77
2011-02-28,21213,316.0,142.6,0.5153333333333333,5.0,Kitchen & Dining,1.28,0.77
2011-03-07,21213,128.0,99.47,1.009,3.0,Kitchen & Dining,1.28,0.77
2011-03-14,21213,340.0,201.47,0.9195,3.0,Kitchen & Dining,1.28,0.77
2011-03-21,21213,208.0,124.98000000000002,0.6523333333333333,5.0,Kitchen & Dining,1.28,0.77
2011-03-28,21213,444.0,243.6,0.708,5.0,Kitchen & Dining,1.28,0.77
2011-04-04,21213,184.0,114.71000000000001,0.7686666666666666,4.0,Kitchen & Dining,1.28,0.77
2011-04-11,21213,363.0,183.75,0.9195,4.0,Kitchen & Dining,1.28,0.77
2011-04-18,21213,1023.0,429.93,0.7975555555555555,3.0,Kitchen & Dining,1.28,0.77
2011-04-25,21213,152.0,77.18,0.74,2.0,Kitchen & Dining,1.28,0.77
2011-05-02,21213,361.0,200.36,0.6474666666666666,5.0,Kitchen & Dining,1.28,0.77
2011-05-09,21213,176.0,133.39000000000001,0.7376388888888888,6.0,Kitchen & Dining,1.28,0.77
2011-05-16,21213,82.0,54.28,0.805,2.0,Kitchen & Dining,1.28,0.77
2011-05-23,21213,146.0,116.89000000000001,0.808,4.0,Kitchen & Dining,1.28,0.77
2011-05-30,21213,255.0,142.18,0.6726666666666666,4.0,Kitchen & Dining,1.28,0.77
2011-06-06,21213,178.0,145.07000000000002,0.8579166666666667,5.0,Kitchen & Dining,1.28,0.77
2011-06-13,21213,503.0,270.63,0.81,5.0,Kitchen & Dining,1.28,0.77
2011-06-20,21213,235.0,117.85000000000001,0.8405555555555555,4.0,Kitchen & Dining,1.28,0.77
2011-06-27,21213,101.0,56.25000000000001,0.6083333333333334,4.0,Kitchen & Dining,1.28,0.77
2011-07-04,21213,537.0,226.14999999999998,0.7033333333333334,5.0,Kitchen & Dining,1.28,0.77
2011-07-11,21213,206.0,99.1,0.6983333333333334,5.0,Kitchen & Dining,1.28,0.77
2011-07-18,21213,160.0,90.10000000000001,0.6472222222222223,6.0,Kitchen & Dining,1.28,0.77
2011-07-25,21213,231.0,127.75,0.6666666666666666,5.0,Kitchen & Dining,1.28,0.77
2011-08-01,21213,241.0,117.65,0.645,3.0,Kitchen & Dining,1.28,0.77
2011-08-08,21213,88.0,49.1,0.59375,4.0,Kitchen & Dining,1.28,0.77
2011-08-15,21213,852.0,369.78000000000003,0.841,4.0,Kitchen & Dining,1.28,0.77
2011-08-22,21213,231.0,156.12,0.89,5.0,Kitchen & Dining,1.28,0.77
2011-08-29,21213,219.0,126.45,0.8645833333333334,3.0,Kitchen & Dining,1.28,0.77
2011-09-05,21213,799.0,393.76,0.7961706349206349,6.0,Kitchen & Dining,1.28,0.77
2011-09-12,21213,865.0,395.09,0.7646666666666667,5.0,Kitchen & Dining,1.28,0.77
2011-09-19,21213,419.0,221.81000000000003,0.8438333333333334,5.0,Kitchen & Dining,1.28,0.77
2011-09-26,21213,242.0,138.26000000000002,0.7275,5.0,Kitchen & Dining,1.28,0.77
2011-10-03,21213,274.0,186.66000000000003,0.84175,4.0,Kitchen & Dining,1.28,0.77
2011-10-10,21213,173.0,105.73,0.7801388888888888,5.0,Kitchen & Dining,1.28,0.77
2011-10-17,21213,384.0,218.86,0.7489285714285714,5.0,Kitchen & Dining,1.28,0.77
2011-10-24,21213,505.0,304.26,0.7948611111111111,6.0,Kitchen & Dining,1.28,0.77
2011-10-31,21213,227.0,165.33,0.7635,5.0,Kitchen & Dining,1.28,0.77
2011-11-07,21213,117.0,88.44000000000001,0.8136111111111112,5.0,Kitchen & Dining,1.28,0.77
2011-11-14,21213,163.0,146.44,0.8445833333333334,5.0,Kitchen & Dining,1.28,0.77
2011-11-21,21213,64.0,38.13,0.6720833333333334,4.0,Kitchen & Dining,1.28,0.77
2011-11-28,21213,210.0,103.4,0.6558333333333334,6.0,Kitchen & Dining,1.28,0.77
2011-12-05,21213,106.0,61.800000000000004,0.8300000000000001,3.0,Kitchen & Dining,1.28,0.77
2009-11-30,21231,624.0,826.0799999999999,1.3599285714285714,6.0,Home Decor,2.51,1.51
2009-12-07,21231,158.0,313.65999999999997,2.169285714285714,2.0,Home Decor,2.51,1.51
2009-12-14,21231,54.0,121.61999999999999,2.042,1.0,Home Decor,2.51,1.51
2009-12-21,21231,1.0,2.57,2.57,0.0,Home Decor,2.51,1.51
2010-01-04,21231,9.0,11.25,1.25,2.0,Home Decor,2.51,1.51
2010-01-11,21231,0.0,0.0,1.25,0.0,Home Decor,2.51,1.51
2010-01-18,21231,0.0,0.0,1.25,0.0,Home Decor,2.51,1.51
2010-01-25,21231,0.0,0.0,1.25,0.0,Home Decor,2.51,1.51
2010-02-01,21231,0.0,0.0,1.25,0.0,Home Decor,2.51,1.51
2010-02-08,21231,0.0,0.0,1.25,0.0,Home Decor,2.51,1.51
2010-02-15,21231,0.0,0.0,1.25,0.0,Home Decor,2.51,1.51
2010-02-22,21231,0.0,0.0,1.25,0.0,Home Decor,2.51,1.51
2010-03-01,21231,0.0,0.0,1.25,0.0,Home Decor,2.51,1.51
2010-03-08,21231,29.0,35.230000000000004,1.4283333333333332,2.0,Home Decor,2.51,1.51
2010-03-15,21231,612.0,701.82,1.4440833333333334,6.0,Home Decor,2.51,1.51
2010-03-22,21231,543.0,622.95,1.3673333333333335,6.0,Home Decor,2.51,1.51
2010-03-29,21231,199.0,244.13,1.590875,4.0,Home Decor,2.51,1.51
2010-04-05,21231,305.0,351.55000000000007,1.5123333333333333,4.0,Home Decor,2.51,1.51
2010-04-12,21231,195.0,230.07,1.2394444444444443,6.0,Home Decor,2.51,1.51
2010-04-19,21231,378.0,463.02,1.5687499999999999,6.0,Home Decor,2.51,1.51
2010-04-26,21231,275.0,355.09,1.4775,6.0,Home Decor,2.51,1.51
2010-05-03,21231,290.0,354.03999999999996,1.6607777777777777,5.0,Home Decor,2.51,1.51
2010-05-10,21231,582.0,676.74,1.502111111111111,6.0,Home Decor,2.51,1.51
2010-05-17,21231,158.0,207.57999999999998,1.425,6.0,Home Decor,2.51,1.51
2010-05-24,21231,320.0,389.02,1.5535833333333333,6.0,Home Decor,2.51,1.51
2010-05-31,21231,114.0,153.83999999999997,1.8043999999999998,4.0,Home Decor,2.51,1.51
2010-06-07,21231,257.0,327.55,1.3549999999999998,6.0,Home Decor,2.51,1.51
2010-06-14,21231,402.0,469.02000000000004,1.4552962962962963,6.0,Home Decor,2.51,1.51
2010-06-21,21231,302.0,372.64,1.6286666666666667,5.0,Home Decor,2.51,1.51
2010-06-28,21231,351.0,404.01,1.4303000000000001,5.0,Home Decor,2.51,1.51
2010-07-05,21231,234.0,306.36,1.4903333333333333,6.0,Home Decor,2.51,1.51
2010-07-12,21231,511.0,590.33,1.3311666666666666,6.0,Home Decor,2.51,1.51
2010-07-19,21231,206.0,262.54,1.4337499999999999,6.0,Home Decor,2.51,1.51
2010-07-26,21231,274.0,333.86,1.3234444444444444,6.0,Home Decor,2.51,1.51
2010-08-02,21231,208.0,247.57999999999998,1.3482142857142856,4.0,Home Decor,2.51,1.51
2010-08-09,21231,246.0,305.16,1.7234772727272727,4.0,Home Decor,2.51,1.51
2010-08-16,21231,285.0,348.87,1.4029761904761904,6.0,Home Decor,2.51,1.51
2010-08-23,21231,306.0,375.12,1.2867222222222223,6.0,Home Decor,2.51,1.51
2010-08-30,21231,176.0,212.62,1.561,4.0,Home Decor,2.51,1.51
2010-09-06,21231,336.0,402.72,1.371142857142857,6.0,Home Decor,2.51,1.51
2010-09-13,21231,216.0,262.62,1.58125,4.0,Home Decor,2.51,1.51
2010-09-20,21231,405.0,520.29,1.55215,5.0,Home Decor,2.51,1.51
2010-09-27,21231,398.0,521.8000000000001,1.4722910052910052,6.0,Home Decor,2.51,1.51
2010-10-04,21231,283.0,360.04999999999995,1.31125,6.0,Home Decor,2.51,1.51
2010-10-11,21231,421.0,495.29,1.4149666666666667,5.0,Home Decor,2.51,1.51
2010-10-18,21231,291.0,358.89,1.4239166666666667,6.0,Home Decor,2.51,1.51
2010-10-25,21231,555.0,681.0899999999999,1.406288888888889,5.0,Home Decor,2.51,1.51
2010-11-01,21231,555.0,661.53,1.4971843434343433,5.0,Home Decor,2.51,1.51
2010-11-08,21231,507.0,581.73,1.4804444444444445,6.0,Home Decor,2.51,1.51
2010-11-15,21231,246.0,335.22,1.564,6.0,Home Decor,2.51,1.51
2010-11-22,21231,420.0,540.48,1.5452962962962964,6.0,Home Decor,2.51,1.51
2010-11-29,21231,231.0,312.87,1.5376666666666665,6.0,Home Decor,2.51,1.51
2010-12-06,21231,328.0,435.56,1.7529166666666667,5.0,Home Decor,2.51,1.51
2010-12-13,21231,241.0,319.07,1.5320833333333332,6.0,Home Decor,2.51,1.51
2010-12-20,21231,32.0,45.04,2.0374999999999996,1.0,Home Decor,2.51,1.51
2011-01-03,21231,127.0,147.59,1.7066666666666666,3.0,Home Decor,2.51,1.51
2011-01-10,21231,49.0,67.55,1.418,3.0,Home Decor,2.51,1.51
2011-01-17,21231,401.0,440.11,1.6949444444444444,4.0,Home Decor,2.51,1.51
2011-01-24,21231,58.0,74.92,1.4113333333333333,5.0,Home Decor,2.51,1.51
2011-01-31,21231,132.0,152.53,1.3097916666666667,4.0,Home Decor,2.51,1.51
2011-02-07,21231,44.0,67.1,1.8247499999999999,3.0,Home Decor,2.51,1.51
2011-02-14,21231,110.0,144.76,1.4516666666666667,5.0,Home Decor,2.51,1.51
2011-02-21,21231,212.0,256.16,1.3714666666666666,5.0,Home Decor,2.51,1.51
2011-02-28,21231,95.0,122.38,1.5726666666666667,4.0,Home Decor,2.51,1.51
2011-03-07,21231,31.0,42.379999999999995,1.8549999999999998,2.0,Home Decor,2.51,1.51
2011-03-14,21231,74.0,94.92,1.492,4.0,Home Decor,2.51,1.51
2011-03-21,21231,63.0,82.38,1.5525,5.0,Home Decor,2.51,1.51
2011-03-28,21231,101.0,127.46000000000001,1.3306666666666667,5.0,Home Decor,2.51,1.51
2011-04-04,21231,44.0,57.42,1.5726666666666667,4.0,Home Decor,2.51,1.51
2011-04-11,21231,124.0,155.0,1.25,5.0,Home Decor,2.51,1.51
2011-04-18,21231,92.0,124.68,1.492,3.0,Home Decor,2.51,1.51
2011-04-25,21231,182.0,200.14000000000001,1.2183333333333335,3.0,Home Decor,2.51,1.51
2011-05-02,21231,249.0,288.73,1.609,5.0,Home Decor,2.51,1.51
2011-05-09,21231,134.0,158.66000000000003,1.4793333333333334,4.0,Home Decor,2.51,1.51
2011-05-16,21231,139.0,174.96,1.4516666666666669,5.0,Home Decor,2.51,1.51
2011-05-23,21231,53.0,67.46000000000001,1.40125,4.0,Home Decor,2.51,1.51
2011-05-30,21231,48.0,64.84,1.6533333333333333,3.0,Home Decor,2.51,1.51
2011-06-06,21231,76.0,109.52,1.3508333333333333,6.0,Home Decor,2.51,1.51
2011-06-13,21231,98.0,135.44,1.95875,2.0,Home Decor,2.51,1.51
2011-06-20,21231,23.0,45.69,1.734,3.0,Home Decor,2.51,1.51
2011-06-27,21231,86.0,95.03,1.6216666666666668,2.0,Home Decor,2.51,1.51
2011-07-04,21231,27.0,33.75,1.25,3.0,Home Decor,2.51,1.51
2011-07-11,21231,69.0,89.88,1.734,3.0,Home Decor,2.51,1.51
2011-07-18,21231,38.0,49.92,1.7037499999999999,3.0,Home Decor,2.51,1.51
2011-07-25,21231,36.0,49.84,1.7877777777777777,2.0,Home Decor,2.51,1.51
2011-08-01,21231,75.0,96.17,1.492,5.0,Home Decor,2.51,1.51
2011-08-08,21231,225.0,246.26,1.771875,3.0,Home Decor,2.51,1.51
2011-08-15,21231,28.0,35.0,1.25,3.0,Home Decor,2.51,1.51
2011-08-22,21231,32.0,40.0,1.25,4.0,Home Decor,2.51,1.51
2011-08-29,21231,45.0,62.300000000000004,1.6533333333333333,4.0,Home Decor,2.51,1.51
2011-09-05,21231,61.0,76.25,1.25,4.0,Home Decor,2.51,1.51
2011-09-12,21231,161.0,191.20000000000002,1.4022222222222223,6.0,Home Decor,2.51,1.51
2011-09-19,21231,214.0,261.92,1.4985317460317462,5.0,Home Decor,2.51,1.51
2011-09-26,21231,33.0,44.879999999999995,1.734,3.0,Home Decor,2.51,1.51
2011-10-03,21231,95.0,118.38000000000001,2.059,2.0,Home Decor,2.51,1.51
2011-10-10,21231,137.0,183.35000000000002,1.6130000000000002,4.0,Home Decor,2.51,1.51
2011-10-17,21231,182.0,212.24,1.4308333333333334,4.0,Home Decor,2.51,1.51
2011-10-24,21231,153.0,187.25,1.4022222222222223,6.0,Home Decor,2.51,1.51
2011-10-31,21231,155.0,193.38,1.6746666666666665,4.0,Home Decor,2.51,1.51
2011-11-07,21231,103.0,140.85,1.5088055555555557,6.0,Home Decor,2.51,1.51
2011-11-14,21231,98.0,145.49,1.6869444444444444,5.0,Home Decor,2.51,1.51
2011-11-21,21231,239.0,306.85,1.593222222222222,6.0,Home Decor,2.51,1.51
2011-11-28,21231,189.0,247.98000000000002,1.6296,5.0,Home Decor,2.51,1.51
2011-12-05,21231,119.0,167.74,1.7304166666666667,3.0,Home Decor,2.51,1.51
