data/processed/weekly_panel.csv
week_start,sku_id,units_sold,revenue,avg_price,promo_days,category,list_price,unit_cost
2009-11-30,21232,976.0,1232.12,1.3391595441595443,6.0,Bags & Storage,2.51,1.51
2009-12-07,21232,1035.0,1345.47,1.3754554334554336,6.0,Bags & Storage,2.51,1.51
2009-12-14,21232,1324.0,1709.88,1.434117549117549,6.0,Bags & Storage,2.51,1.51
2009-12-21,21232,23.0,59.11,2.57,0.0,Bags & Storage,2.51,1.51
2010-01-04,21232,737.0,808.77,1.147962962962963,6.0,Bags & Storage,2.51,1.51
2010-01-11,21232,462.0,622.5600000000001,1.7052777777777777,6.0,Bags & Storage,2.51,1.51
2010-01-18,21232,477.0,589.23,1.6079761904761902,5.0,Bags & Storage,2.51,1.51
2010-01-25,21232,448.0,519.14,1.5870833333333334,6.0,Bags & Storage,2.51,1.51
2010-02-01,21232,377.0,499.33,1.5420833333333333,5.0,Bags & Storage,2.51,1.51
2010-02-08,21232,348.0,433.92,1.433148148148148,6.0,Bags & Storage,2.51,1.51
2010-02-15,21232,171.0,237.69,1.484,6.0,Bags & Storage,2.51,1.51
2010-02-22,21232,566.0,681.76,1.5369722222222222,6.0,Bags & Storage,2.51,1.51
2010-03-01,21232,796.0,938.1800000000001,1.3897619047619048,6.0,Bags & Storage,2.51,1.51
2010-03-08,21232,397.0,500.81,1.5950694444444444,6.0,Bags & Storage,2.51,1.51
2010-03-15,21232,597.0,692.97,1.4705509259259257,6.0,Bags & Storage,2.51,1.51
2010-03-22,21232,320.0,401.44,1.4485833333333333,6.0,Bags & Storage,2.51,1.51
2010-03-29,21232,295.0,370.42999999999995,1.4182142857142856,4.0,Bags & Storage,2.51,1.51
2010-04-05,21232,213.0,292.89,1.4074,5.0,Bags & Storage,2.51,1.51
2010-04-12,21232,216.0,254.04000000000002,1.231,5.0,Bags & Storage,2.51,1.51
2010-04-19,21232,489.0,593.37,1.5474574314574314,6.0,Bags & Storage,2.51,1.51
2010-04-26,21232,442.0,574.1,1.4545833333333331,6.0,Bags & Storage,2.51,1.51
2010-05-03,21232,658.0,765.62,1.5574999999999999,5.0,Bags & Storage,2.51,1.51
2010-05-10,21232,711.0,831.8700000000001,1.455648148148148,6.0,Bags & Storage,2.51,1.51
2010-05-17,21232,288.0,360.18,1.4536666666666667,6.0,Bags & Storage,2.51,1.51
2010-05-24,21232,575.0,717.25,1.4703333333333333,6.0,Bags & Storage,2.51,1.51
2010-05-31,21232,184.0,247.64,1.6364,5.0,Bags & Storage,2.51,1.51
2010-06-07,21232,537.0,668.9100000000001,1.4164814814814815,6.0,Bags & Storage,2.51,1.51
2010-06-14,21232,620.0,711.82,1.481888888888889,6.0,Bags & Storage,2.51,1.51
2010-06-21,21232,425.0,520.27,1.4795595238095238,6.0,Bags & Storage,2.51,1.51
2010-06-28,21232,538.0,637.76,1.4014444444444445,5.0,Bags & Storage,2.51,1.51
2010-07-05,21232,454.0,551.48,1.4567678571428573,6.0,Bags & Storage,2.51,1.51
2010-07-12,21232,724.0,850.46,1.3964761904761904,6.0,Bags & Storage,2.51,1.51
2010-07-19,21232,443.0,531.4300000000001,1.3285353535353537,6.0,Bags & Storage,2.51,1.51
2010-07-26,21232,446.0,524.02,1.3627500000000001,6.0,Bags & Storage,2.51,1.51
2010-08-02,21232,231.0,283.89,1.3276666666666668,5.0,Bags & Storage,2.51,1.51
2010-08-09,21232,475.0,706.52,1.6420454545454544,5.0,Bags & Storage,2.51,1.51
2010-08-16,21232,438.0,552.72,1.4119761904761905,6.0,Bags & Storage,2.51,1.51
2010-08-23,21232,355.0,436.37,1.4049761904761906,6.0,Bags & Storage,2.51,1.51
2010-08-30,21232,312.0,479.1700000000001,1.5083571428571427,5.0,Bags & Storage,2.51,1.51
2010-09-06,21232,395.0,493.93,1.4005416666666666,6.0,Bags & Storage,2.51,1.51
2010-09-13,21232,403.0,481.43,1.3938333333333333,6.0,Bags & Storage,2.51,1.51
2010-09-20,21232,466.0,690.87,1.4904848484848483,6.0,Bags & Storage,2.51,1.51
2010-09-27,21232,445.0,702.6,1.4957828282828283,6.0,Bags & Storage,2.51,1.51
2010-10-04,21232,1026.0,1327.57,1.6937777777777778,5.0,Bags & Storage,2.51,1.51
2010-10-11,21232,410.0,618.1800000000001,1.4615873015873015,6.0,Bags & Storage,2.51,1.51
2010-10-18,21232,451.0,645.37,1.552472222222222,5.0,Bags & Storage,2.51,1.51
2010-10-25,21232,583.0,749.3199999999999,1.502,6.0,Bags & Storage,2.51,1.51
2010-11-01,21232,616.0,734.9,1.4613425925925927,5.0,Bags & Storage,2.51,1.51
2010-11-08,21232,1010.0,1247.2800000000002,1.4613446969696968,6.0,Bags & Storage,2.51,1.51
2010-11-15,21232,431.0,555.31,1.4760416666666665,6.0,Bags & Storage,2.51,1.51
2010-11-22,21232,548.0,684.28,1.4085277777777776,6.0,Bags & Storage,2.51,1.51
2010-11-29,21232,962.0,1363.26,1.5062083333333334,6.0,Bags & Storage,2.51,1.51
2010-12-06,21232,413.0,646.78,1.8628055555555554,5.0,Bags & Storage,2.51,1.51
2010-12-13,21232,364.0,508.13,1.5761388888888888,6.0,Bags & Storage,2.51,1.51
2010-12-20,21232,47.0,62.53,2.0374999999999996,1.0,Bags & Storage,2.51,1.51
2011-01-03,21232,140.0,163.84,1.5765,4.0,Bags & Storage,2.51,1.51
2011-01-10,21232,40.0,60.08,1.74,3.0,Bags & Storage,2.51,1.51
2011-01-17,21232,160.0,191.16000000000003,1.5530833333333334,4.0,Bags & Storage,2.51,1.51
2011-01-24,21232,158.0,192.26000000000002,1.959733333333333,4.0,Bags & Storage,2.51,1.51
2011-01-31,21232,286.0,388.63,1.9361333333333335,3.0,Bags & Storage,2.51,1.51
2011-02-07,21232,113.0,231.32,1.7715,4.0,Bags & Storage,2.51,1.51
2011-02-14,21232,146.0,232.15,1.5413333333333334,5.0,Bags & Storage,2.51,1.51
2011-02-21,21232,439.0,547.35,1.52375,5.0,Bags & Storage,2.51,1.51
2011-02-28,21232,306.0,353.97,1.4439166666666667,6.0,Bags & Storage,2.51,1.51
2011-03-07,21232,316.0,483.5,1.6075396825396826,6.0,Bags & Storage,2.51,1.51
2011-03-14,21232,146.0,184.92,1.492,4.0,Bags & Storage,2.51,1.51
2011-03-21,21232,347.0,395.13000000000005,1.3425,5.0,Bags & Storage,2.51,1.51
2011-03-28,21232,272.0,331.51,1.518111111111111,6.0,Bags & Storage,2.51,1.51
2011-04-04,21232,200.0,222.64000000000001,1.2309999999999999,4.0,Bags & Storage,2.51,1.51
2011-04-11,21232,178.0,240.86,1.4948000000000001,4.0,Bags & Storage,2.51,1.51
2011-04-18,21232,139.0,206.42,1.7138333333333333,3.0,Bags & Storage,2.51,1.51
2011-04-25,21232,214.0,271.12,1.79775,2.0,Bags & Storage,2.51,1.51
2011-05-02,21232,262.0,335.36,1.6480059523809525,4.0,Bags & Storage,2.51,1.51
2011-05-09,21232,136.0,246.62,1.9477,3.0,Bags & Storage,2.51,1.51
2011-05-16,21232,329.0,412.96000000000004,1.5054761904761904,6.0,Bags & Storage,2.51,1.51
2011-05-23,21232,126.0,216.21,1.5006666666666666,5.0,Bags & Storage,2.51,1.51
2011-05-30,21232,114.0,139.4,1.7916666666666667,2.0,Bags & Storage,2.51,1.51
2011-06-06,21232,195.0,269.56,1.5061666666666669,5.0,Bags & Storage,2.51,1.51
2011-06-13,21232,86.0,207.18,2.1316666666666664,3.0,Bags & Storage,2.51,1.51
2011-06-20,21232,181.0,246.08999999999997,1.4545833333333331,6.0,Bags & Storage,2.51,1.51
2011-06-27,21232,104.0,214.57,1.7580555555555557,5.0,Bags & Storage,2.51,1.51
2011-07-04,21232,89.0,129.54000000000002,1.8054666666666666,3.0,Bags & Storage,2.51,1.51
2011-07-11,21232,158.0,197.64000000000001,1.6035,4.0,Bags & Storage,2.51,1.51
2011-07-18,21232,177.0,214.69,1.7285714285714284,4.0,Bags & Storage,2.51,1.51
2011-07-25,21232,95.0,122.38,1.613,3.0,Bags & Storage,2.51,1.51
2011-08-01,21232,141.0,163.92000000000002,1.4401666666666668,5.0,Bags & Storage,2.51,1.51
2011-08-08,21232,119.0,185.17000000000002,1.995277777777778,4.0,Bags & Storage,2.51,1.51
2011-08-15,21232,112.0,148.16,1.7396,4.0,Bags & Storage,2.51,1.51
2011-08-22,21232,149.0,231.13,1.5356,4.0,Bags & Storage,2.51,1.51
2011-08-29,21232,74.0,135.17000000000002,2.0625,1.0,Bags & Storage,2.51,1.51
2011-09-05,21232,287.0,398.26,1.6783333333333335,5.0,Bags & Storage,2.51,1.51
2011-09-12,21232,217.0,315.69,1.75775,6.0,Bags & Storage,2.51,1.51
2011-09-19,21232,207.0,305.27000000000004,1.6884920634920635,5.0,Bags & Storage,2.51,1.51
2011-09-26,21232,214.0,328.78000000000003,1.7506507936507936,5.0,Bags & Storage,2.51,1.51
2011-10-03,21232,139.0,240.54999999999998,1.925138888888889,4.0,Bags & Storage,2.51,1.51
2011-10-10,21232,490.0,559.9000000000001,1.5040333333333336,5.0,Bags & Storage,2.51,1.51
2011-10-17,21232,259.0,316.58000000000004,1.543111111111111,5.0,Bags & Storage,2.51,1.51
2011-10-24,21232,137.0,168.46,1.5870833333333334,5.0,Bags & Storage,2.51,1.51
2011-10-31,21232,237.0,316.45,1.6141666666666665,5.0,Bags & Storage,2.51,1.51
2011-11-07,21232,150.0,255.26,1.7178666666666664,5.0,Bags & Storage,2.51,1.51
2011-11-14,21232,768.0,900.1700000000001,1.640174603174603,6.0,Bags & Storage,2.51,1.51
2011-11-21,21232,225.0,365.95,1.760888888888889,5.0,Bags & Storage,2.51,1.51
2011-11-28,21232,463.0,628.15,1.7486507936507936,6.0,Bags & Storage,2.51,1.51
2011-12-05,21232,264.0,442.16,2.0995999999999997,3.0,Bags & Storage,2.51,1.51
2009-11-30,21326,172.0,137.0,0.7374999999999999,6.0,Kitchen & Dining,1.63,0.98
2009-12-07,21326,337.0,219.05000000000004,0.65,6.0,Kitchen & Dining,1.63,0.98
2009-12-14,21326,239.0,146.20000000000002,0.9041666666666667,5.0,Kitchen & Dining,1.63,0.98
2009-12-21,21326,12.0,7.800000000000001,0.65,1.0,Kitchen & Dining,1.63,0.98
2010-01-04,21326,156.0,87.0,0.6000000000000001,2.0,Kitchen & Dining,1.63,0.98
2010-01-11,21326,120.0,78.0,0.65,4.0,Kitchen & Dining,1.63,0.98
2010-01-18,21326,113.0,86.58,0.9193333333333333,4.0,Kitchen & Dining,1.63,0.98
2010-01-25,21326,189.0,108.45,0.6375000000000001,4.0,Kitchen & Dining,1.63,0.98
2010-02-01,21326,90.0,58.5,0.65,4.0,Kitchen & Dining,1.63,0.98
2010-02-08,21326,80.0,54.02,0.9025,3.0,Kitchen & Dining,1.63,0.98
2010-02-15,21326,51.0,36.18000000000001,0.9025000000000001,2.0,Kitchen & Dining,1.63,0.98
2010-02-22,21326,15.0,9.75,0.65,2.0,Kitchen & Dining,1.63,0.98
2010-03-01,21326,24.0,15.600000000000001,0.65,2.0,Kitchen & Dining,1.63,0.98
2010-03-08,21326,168.0,93.6,0.5833333333333334,3.0,Kitchen & Dining,1.63,0.98
2010-03-15,21326,302.0,177.92000000000002,0.89,3.0,Kitchen & Dining,1.63,0.98
2010-03-22,21326,36.0,23.400000000000002,0.65,2.0,Kitchen & Dining,1.63,0.98
2010-03-29,21326,25.0,17.26,0.9866666666666667,1.0,Kitchen & Dining,1.63,0.98
2010-04-05,21326,73.0,48.46,0.9866666666666667,2.0,Kitchen & Dining,1.63,0.98
2010-04-12,21326,144.0,79.2,0.55,1.0,Kitchen & Dining,1.63,0.98
2010-04-19,21326,129.0,91.74000000000001,1.2505555555555554,2.0,Kitchen & Dining,1.63,0.98
2010-04-26,21326,121.0,89.76,0.953,4.0,Kitchen & Dining,1.63,0.98
2010-05-03,21326,0.0,0.0,0.953,0.0,Kitchen & Dining,1.63,0.98
2010-05-10,21326,67.0,50.62,1.3233333333333333,1.0,Kitchen & Dining,1.63,0.98
2010-05-17,21326,42.0,27.3,0.65,2.0,Kitchen & Dining,1.63,0.98
2010-05-24,21326,327.0,221.38,0.6647619047619048,3.0,Kitchen & Dining,1.63,0.98
2010-05-31,21326,36.0,23.400000000000002,0.65,2.0,Kitchen & Dining,1.63,0.98
2010-06-07,21326,55.0,35.75,0.65,2.0,Kitchen & Dining,1.63,0.98
2010-06-14,21326,0.0,0.0,0.65,0.0,Kitchen & Dining,1.63,0.98
2010-06-21,21326,162.0,105.30000000000001,0.65,4.0,Kitchen & Dining,1.63,0.98
2010-06-28,21326,72.0,46.800000000000004,0.65,3.0,Kitchen & Dining,1.63,0.98
2010-07-05,21326,15.0,11.770000000000001,1.155,1.0,Kitchen & Dining,1.63,0.98
2010-07-12,21326,121.0,79.66000000000001,0.8183333333333334,3.0,Kitchen & Dining,1.63,0.98
2010-07-19,21326,111.0,89.32,0.9025,3.0,Kitchen & Dining,1.63,0.98
2010-07-26,21326,454.0,275.2,0.7147222222222221,3.0,Kitchen & Dining,1.63,0.98
2010-08-02,21326,36.0,23.400000000000002,0.65,2.0,Kitchen & Dining,1.63,0.98
2010-08-09,21326,204.0,118.2,0.6166666666666667,3.0,Kitchen & Dining,1.63,0.98
2010-08-16,21326,216.0,126.0,0.625,2.0,Kitchen & Dining,1.63,0.98
2010-08-23,21326,103.0,74.02,1.02875,3.0,Kitchen & Dining,1.63,0.98
2010-08-30,21326,90.0,58.50000000000001,0.65,4.0,Kitchen & Dining,1.63,0.98
2010-09-06,21326,84.0,54.60000000000001,0.65,5.0,Kitchen & Dining,1.63,0.98
2010-09-13,21326,129.0,92.94000000000001,1.0337999999999998,4.0,Kitchen & Dining,1.63,0.98
2010-09-20,21326,64.0,41.6,0.65,3.0,Kitchen & Dining,1.63,0.98
2010-09-27,21326,328.0,202.84000000000003,0.7073333333333334,5.0,Kitchen & Dining,1.63,0.98
2010-10-04,21326,90.0,63.550000000000004,0.7173333333333334,5.0,Kitchen & Dining,1.63,0.98
2010-10-11,21326,134.0,101.24000000000001,0.953,4.0,Kitchen & Dining,1.63,0.98
2010-10-18,21326,139.0,93.38000000000001,0.7622222222222222,3.0,Kitchen & Dining,1.63,0.98
2010-10-25,21326,39.0,28.380000000000003,1.155,1.0,Kitchen & Dining,1.63,0.98
2010-11-01,21326,178.0,117.72000000000001,0.852,4.0,Kitchen & Dining,1.63,0.98
2010-11-08,21326,180.0,118.01,0.7173333333333334,5.0,Kitchen & Dining,1.63,0.98
2010-11-15,21326,289.0,200.72,1.0681944444444444,4.0,Kitchen & Dining,1.63,0.98
2010-11-22,21326,826.0,556.32,0.7937500000000001,6.0,Kitchen & Dining,1.63,0.98
2010-11-29,21326,342.0,207.9,0.645,5.0,Kitchen & Dining,1.63,0.98
2010-12-06,21326,436.0,276.32000000000005,0.7580555555555556,6.0,Kitchen & Dining,1.63,0.98
2010-12-13,21326,274.0,178.10000000000002,0.65,5.0,Kitchen & Dining,1.63,0.98
2010-12-20,21326,2.0,3.32,1.66,0.0,Kitchen & Dining,1.63,0.98
2011-01-03,21326,109.0,70.85000000000001,0.65,4.0,Kitchen & Dining,1.63,0.98
2011-01-10,21326,61.0,40.63,0.8460000000000001,4.0,Kitchen & Dining,1.63,0.98
2011-01-17,21326,42.0,56.7,1.14,1.0,Kitchen & Dining,1.63,0.98
2011-01-24,21326,218.0,148.86,0.87,3.0,Kitchen & Dining,1.63,0.98
2011-01-31,21326,221.0,151.79000000000002,0.924,4.0,Kitchen & Dining,1.63,0.98
2011-02-07,21326,470.0,273.62,1.198,2.0,Kitchen & Dining,1.63,0.98
2011-02-14,21326,385.0,286.51000000000005,0.895,6.0,Kitchen & Dining,1.63,0.98
2011-02-21,21326,353.0,217.31,1.0219999999999998,3.0,Kitchen & Dining,1.63,0.98
2011-02-28,21326,301.0,167.83,0.7633333333333333,3.0,Kitchen & Dining,1.63,0.98
2011-03-07,21326,14.0,10.080000000000002,1.14,1.0,Kitchen & Dining,1.63,0.98
2011-03-14,21326,36.0,23.400000000000002,0.65,2.0,Kitchen & Dining,1.63,0.98
2011-03-21,21326,42.0,56.7,1.14,1.0,Kitchen & Dining,1.63,0.98
2011-03-28,21326,24.0,15.600000000000001,0.65,1.0,Kitchen & Dining,1.63,0.98
2011-04-04,21326,237.0,168.75,0.8405555555555555,3.0,Kitchen & Dining,1.63,0.98
2011-04-11,21326,216.0,126.00000000000001,0.6300000000000001,5.0,Kitchen & Dining,1.63,0.98
2011-04-18,21326,40.0,29.92,0.8133333333333332,2.0,Kitchen & Dining,1.63,0.98
2011-04-25,21326,50.0,30.86,0.9433333333333334,2.0,Kitchen & Dining,1.63,0.98
2011-05-02,21326,235.0,139.33,0.7233333333333334,4.0,Kitchen & Dining,1.63,0.98
2011-05-09,21326,145.0,94.25,0.65,3.0,Kitchen & Dining,1.63,0.98
2011-05-16,21326,156.0,113.16000000000001,0.9766666666666666,2.0,Kitchen & Dining,1.63,0.98
2011-05-23,21326,217.0,127.63000000000001,0.96,2.0,Kitchen & Dining,1.63,0.98
2011-05-30,21326,136.0,92.32000000000001,0.8133333333333334,3.0,Kitchen & Dining,1.63,0.98
2011-06-06,21326,300.0,214.9,0.7086666666666667,3.0,Kitchen & Dining,1.63,0.98
2011-06-13,21326,161.0,95.15,0.845,2.0,Kitchen & Dining,1.63,0.98
2011-06-20,21326,230.0,147.62,0.8022222222222223,3.0,Kitchen & Dining,1.63,0.98
2011-06-27,21326,80.0,52.98,0.7725,4.0,Kitchen & Dining,1.63,0.98
2011-07-04,21326,132.0,85.80000000000001,0.65,3.0,Kitchen & Dining,1.63,0.98
2011-07-11,21326,168.0,93.60000000000001,0.6000000000000001,2.0,Kitchen & Dining,1.63,0.98
2011-07-18,21326,48.0,31.200000000000003,0.65,2.0,Kitchen & Dining,1.63,0.98
2011-07-25,21326,182.0,116.64,1.005,2.0,Kitchen & Dining,1.63,0.98
2011-08-01,21326,191.0,134.93,0.7316666666666667,4.0,Kitchen & Dining,1.63,0.98
2011-08-08,21326,46.0,51.46,1.14,1.0,Kitchen & Dining,1.63,0.98
2011-08-15,21326,85.0,56.230000000000004,0.895,3.0,Kitchen & Dining,1.63,0.98
2011-08-22,21326,87.0,56.550000000000004,0.65,3.0,Kitchen & Dining,1.63,0.98
2011-08-29,21326,328.0,214.48000000000002,0.9013333333333333,4.0,Kitchen & Dining,1.63,0.98
2011-09-05,21326,520.0,345.76,0.806,3.0,Kitchen & Dining,1.63,0.98
2011-09-12,21326,239.0,189.64999999999998,0.8949999999999999,3.0,Kitchen & Dining,1.63,0.98
2011-09-19,21326,352.0,215.68,1.1544999999999999,3.0,Kitchen & Dining,1.63,0.98
2011-09-26,21326,540.0,307.8,0.6125,4.0,Kitchen & Dining,1.63,0.98
2011-10-03,21326,48.0,31.200000000000003,0.65,3.0,Kitchen & Dining,1.63,0.98
2011-10-10,21326,192.0,124.80000000000001,0.65,5.0,Kitchen & Dining,1.63,0.98
2011-10-17,21326,80.0,54.940000000000005,0.8460000000000001,4.0,Kitchen & Dining,1.63,0.98
2011-10-24,21326,65.0,44.21,0.895,3.0,Kitchen & Dining,1.63,0.98
2011-10-31,21326,272.0,170.24,0.8486111111111111,5.0,Kitchen & Dining,1.63,0.98
2011-11-07,21326,128.0,99.86,0.9113333333333333,4.0,Kitchen & Dining,1.63,0.98
2011-11-14,21326,280.0,169.56,0.8077777777777778,5.0,Kitchen & Dining,1.63,0.98
2011-11-21,21326,339.0,231.13,0.7725,6.0,Kitchen & Dining,1.63,0.98
2011-11-28,21326,332.0,217.76,0.758888888888889,6.0,Kitchen & Dining,1.63,0.98
2011-12-05,21326,396.0,228.60000000000002,0.6125,4.0,Kitchen & Dining,1.63,0.98
