data/processed/weekly_panel.csv
week_start,sku_id,units_sold,revenue,avg_price,promo_days,category,list_price,unit_cost
2009-11-30,21495,100.0,42.0,0.42,0.0,Stationery & Gift,0.42,0.25
2009-12-07,21495,125.0,52.5,0.42,0.0,Stationery & Gift,0.42,0.25
2009-12-14,21495,125.0,52.5,0.42,0.0,Stationery & Gift,0.42,0.25
2009-12-21,21495,25.0,10.5,0.42,0.0,Stationery & Gift,0.42,0.25
2010-01-04,21495,150.0,63.0,0.42,0.0,Stationery & Gift,0.42,0.25
2010-01-11,21495,50.0,21.0,0.42,0.0,Stationery & Gift,0.42,0.25
2010-01-18,21495,100.0,42.0,0.42,0.0,Stationery & Gift,0.42,0.25
2010-01-25,21495,100.0,42.0,0.42,0.0,Stationery & Gift,0.42,0.25
2010-02-01,21495,150.0,63.0,0.42,0.0,Stationery & Gift,0.42,0.25
2010-02-08,21495,25.0,10.5,0.42,0.0,Stationery & Gift,0.42,0.25
2010-02-15,21495,200.0,84.0,0.42,0.0,Stationery & Gift,0.42,0.25
2010-02-22,21495,150.0,63.0,0.42,0.0,Stationery & Gift,0.42,0.25
2010-03-01,21495,200.0,84.0,0.42,0.0,Stationery & Gift,0.42,0.25
2010-03-08,21495,175.0,71.5,0.41200000000000003,0.0,Stationery & Gift,0.42,0.25
2010-03-15,21495,100.0,42.0,0.42,0.0,Stationery & Gift,0.42,0.25
2010-03-22,21495,275.0,115.5,0.42000000000000004,0.0,Stationery & Gift,0.42,0.25
2010-03-29,21495,175.0,73.5,0.42,0.0,Stationery & Gift,0.42,0.25
2010-04-05,21495,100.0,42.0,0.42,0.0,Stationery & Gift,0.42,0.25
2010-04-12,21495,125.0,52.5,0.42,0.0,Stationery & Gift,0.42,0.25
2010-04-19,21495,75.0,31.5,0.42,0.0,Stationery & Gift,0.42,0.25
2010-04-26,21495,250.0,105.0,0.42000000000000004,0.0,Stationery & Gift,0.42,0.25
2010-05-03,21495,50.0,21.0,0.42,0.0,Stationery & Gift,0.42,0.25
2010-05-10,21495,300.0,126.0,0.42,0.0,Stationery & Gift,0.42,0.25
2010-05-17,21495,25.0,10.5,0.42,0.0,Stationery & Gift,0.42,0.25
2010-05-24,21495,275.0,113.5,0.41200000000000003,0.0,Stationery & Gift,0.42,0.25
2010-05-31,21495,25.0,10.5,0.42,0.0,Stationery & Gift,0.42,0.25
2010-06-07,21495,225.0,94.5,0.42000000000000004,0.0,Stationery & Gift,0.42,0.25
2010-06-14,21495,75.0,31.5,0.42,0.0,Stationery & Gift,0.42,0.25
2010-06-21,21495,75.0,31.5,0.42,0.0,Stationery & Gift,0.42,0.25
2010-06-28,21495,75.0,31.5,0.42,0.0,Stationery & Gift,0.42,0.25
2010-07-05,21495,75.0,31.5,0.42,0.0,Stationery & Gift,0.42,0.25
2010-07-12,21495,100.0,42.0,0.42,0.0,Stationery & Gift,0.42,0.25
2010-07-19,21495,100.0,42.0,0.42,0.0,Stationery & Gift,0.42,0.25
2010-07-26,21495,75.0,31.5,0.42,0.0,Stationery & Gift,0.42,0.25
2010-08-02,21495,75.0,31.5,0.42,0.0,Stationery & Gift,0.42,0.25
2010-08-09,21495,25.0,10.5,0.42,0.0,Stationery & Gift,0.42,0.25
2010-08-16,21495,150.0,63.0,0.42,0.0,Stationery & Gift,0.42,0.25
2010-08-23,21495,100.0,42.0,0.42,0.0,Stationery & Gift,0.42,0.25
2010-08-30,21495,25.0,10.5,0.42,0.0,Stationery & Gift,0.42,0.25
2010-09-06,21495,100.0,42.0,0.42,0.0,Stationery & Gift,0.42,0.25
2010-09-13,21495,275.0,99.5,0.4066666666666667,0.0,Stationery & Gift,0.42,0.25
2010-09-20,21495,75.0,31.5,0.42,0.0,Stationery & Gift,0.42,0.25
2010-09-27,21495,225.0,94.5,0.42000000000000004,0.0,Stationery & Gift,0.42,0.25
2010-10-04,21495,200.0,84.0,0.42,0.0,Stationery & Gift,0.42,0.25
2010-10-11,21495,75.0,31.5,0.42,0.0,Stationery & Gift,0.42,0.25
2010-10-18,21495,275.0,115.5,0.42,0.0,Stationery & Gift,0.42,0.25
2010-10-25,21495,175.0,73.5,0.42000000000000004,0.0,Stationery & Gift,0.42,0.25
2010-11-01,21495,40.0,16.8,0.42,0.0,Stationery & Gift,0.42,0.25
2010-11-08,21495,75.0,31.5,0.42,0.0,Stationery & Gift,0.42,0.25
2010-11-15,21495,175.0,73.5,0.42,0.0,Stationery & Gift,0.42,0.25
2010-11-22,21495,325.0,120.5,0.404,1.0,Stationery & Gift,0.42,0.25
2010-11-29,21495,50.0,21.0,0.42,0.0,Stationery & Gift,0.42,0.25
2010-12-06,21495,25.0,10.5,0.42,0.0,Stationery & Gift,0.42,0.25
2010-12-13,21495,125.0,52.5,0.42,0.0,Stationery & Gift,0.42,0.25
2010-12-20,21495,0.0,0.0,0.42,0.0,Stationery & Gift,0.42,0.25
2011-01-03,21495,175.0,73.5,0.42,0.0,Stationery & Gift,0.42,0.25
2011-01-10,21495,100.0,42.0,0.42,0.0,Stationery & Gift,0.42,0.25
2011-01-17,21495,25.0,10.5,0.42,0.0,Stationery & Gift,0.42,0.25
2011-01-24,21495,25.0,10.5,0.42,0.0,Stationery & Gift,0.42,0.25
2011-01-31,21495,75.0,31.5,0.42,0.0,Stationery & Gift,0.42,0.25
2011-02-07,21495,125.0,52.5,0.42,0.0,Stationery & Gift,0.42,0.25
2011-02-14,21495,150.0,63.0,0.42,0.0,Stationery & Gift,0.42,0.25
2011-02-21,21495,100.0,42.0,0.42,0.0,Stationery & Gift,0.42,0.25
2011-02-28,21495,100.0,42.0,0.42,0.0,Stationery & Gift,0.42,0.25
2011-03-07,21495,100.0,42.0,0.42,0.0,Stationery & Gift,0.42,0.25
2011-03-14,21495,50.0,21.0,0.42,0.0,Stationery & Gift,0.42,0.25
2011-03-21,21495,100.0,42.0,0.42,0.0,Stationery & Gift,0.42,0.25
2011-03-28,21495,25.0,10.5,0.42,0.0,Stationery & Gift,0.42,0.25
2011-04-04,21495,100.0,42.0,0.42,0.0,Stationery & Gift,0.42,0.25
2011-04-11,21495,25.0,10.5,0.42,0.0,Stationery & Gift,0.42,0.25
2011-04-18,21495,0.0,0.0,0.42,0.0,Stationery & Gift,0.42,0.25
2011-04-25,21495,50.0,21.0,0.42,0.0,Stationery & Gift,0.42,0.25
2011-05-02,21495,75.0,31.5,0.42,0.0,Stationery & Gift,0.42,0.25
2011-05-09,21495,25.0,10.5,0.42,0.0,Stationery & Gift,0.42,0.25
2011-05-16,21495,50.0,21.0,0.42,0.0,Stationery & Gift,0.42,0.25
2011-05-23,21495,100.0,42.0,0.42,0.0,Stationery & Gift,0.42,0.25
2011-05-30,21495,50.0,21.0,0.42,0.0,Stationery & Gift,0.42,0.25
2011-06-06,21495,350.0,127.0,0.3933333333333333,1.0,Stationery & Gift,0.42,0.25
2011-06-13,21495,200.0,84.0,0.42,0.0,Stationery & Gift,0.42,0.25
2011-06-20,21495,50.0,21.0,0.42,0.0,Stationery & Gift,0.42,0.25
2011-06-27,21495,25.0,10.5,0.42,0.0,Stationery & Gift,0.42,0.25
2011-07-04,21495,150.0,63.0,0.42,0.0,Stationery & Gift,0.42,0.25
2011-07-11,21495,175.0,73.5,0.42,0.0,Stationery & Gift,0.42,0.25
2011-07-18,21495,200.0,84.0,0.42,0.0,Stationery & Gift,0.42,0.25
2011-07-25,21495,125.0,52.5,0.42,0.0,Stationery & Gift,0.42,0.25
2011-08-01,21495,0.0,0.0,0.42,0.0,Stationery & Gift,0.42,0.25
2011-08-08,21495,25.0,10.5,0.42,0.0,Stationery & Gift,0.42,0.25
2011-08-15,21495,125.0,52.5,0.42,0.0,Stationery & Gift,0.42,0.25
2011-08-22,21495,100.0,42.0,0.42,0.0,Stationery & Gift,0.42,0.25
2011-08-29,21495,50.0,21.0,0.42,0.0,Stationery & Gift,0.42,0.25
2011-09-05,21495,75.0,31.5,0.42,0.0,Stationery & Gift,0.42,0.25
2011-09-12,21495,25.0,10.5,0.42,0.0,Stationery & Gift,0.42,0.25
2011-09-19,21495,350.0,147.0,0.42,0.0,Stationery & Gift,0.42,0.25
2011-09-26,21495,50.0,21.0,0.42,0.0,Stationery & Gift,0.42,0.25
2011-10-03,21495,75.0,31.5,0.42,0.0,Stationery & Gift,0.42,0.25
2011-10-10,21495,50.0,21.0,0.42,0.0,Stationery & Gift,0.42,0.25
2011-10-17,21495,250.0,93.0,0.405,0.0,Stationery & Gift,0.42,0.25
2011-10-24,21495,325.0,124.5,0.41333333333333333,0.0,Stationery & Gift,0.42,0.25
2011-10-31,21495,250.0,93.0,0.39,1.0,Stationery & Gift,0.42,0.25
2011-11-07,21495,250.0,105.0,0.42,0.0,Stationery & Gift,0.42,0.25
2011-11-14,21495,250.0,93.0,0.405,0.0,Stationery & Gift,0.42,0.25
2011-11-21,21495,250.0,93.0,0.39999999999999997,1.0,Stationery & Gift,0.42,0.25
2011-11-28,21495,100.0,42.0,0.42,0.0,Stationery & Gift,0.42,0.25
2011-12-05,21495,125.0,52.5,0.42,0.0,Stationery & Gift,0.42,0.25
2009-11-30,21497,75.0,31.5,0.42,0.0,Stationery & Gift,0.42,0.25
2009-12-07,21497,50.0,21.0,0.42,0.0,Stationery & Gift,0.42,0.25
2009-12-14,21497,125.0,52.5,0.42,0.0,Stationery & Gift,0.42,0.25
2009-12-21,21497,0.0,0.0,0.42,0.0,Stationery & Gift,0.42,0.25
2010-01-04,21497,175.0,73.5,0.42,0.0,Stationery & Gift,0.42,0.25
2010-01-11,21497,100.0,42.0,0.42,0.0,Stationery & Gift,0.42,0.25
2010-01-18,21497,750.0,267.0,0.41,0.0,Stationery & Gift,0.42,0.25
2010-01-25,21497,100.0,42.0,0.42,0.0,Stationery & Gift,0.42,0.25
2010-02-01,21497,50.0,21.0,0.42,0.0,Stationery & Gift,0.42,0.25
2010-02-08,21497,75.0,31.5,0.42,0.0,Stationery & Gift,0.42,0.25
2010-02-15,21497,200.0,84.0,0.42,0.0,Stationery & Gift,0.42,0.25
2010-02-22,21497,75.0,31.5,0.42,0.0,Stationery & Gift,0.42,0.25
2010-03-01,21497,275.0,115.5,0.42,0.0,Stationery & Gift,0.42,0.25
2010-03-08,21497,175.0,73.5,0.42,0.0,Stationery & Gift,0.42,0.25
2010-03-15,21497,200.0,82.0,0.41,0.0,Stationery & Gift,0.42,0.25
2010-03-22,21497,225.0,94.5,0.42,0.0,Stationery & Gift,0.42,0.25
2010-03-29,21497,0.0,0.0,0.42,0.0,Stationery & Gift,0.42,0.25
2010-04-05,21497,75.0,31.5,0.42,0.0,Stationery & Gift,0.42,0.25
2010-04-12,21497,50.0,21.0,0.42,0.0,Stationery & Gift,0.42,0.25
2010-04-19,21497,175.0,71.5,0.4,1.0,Stationery & Gift,0.42,0.25
2010-04-26,21497,600.0,220.0,0.41333333333333333,0.0,Stationery & Gift,0.42,0.25
2010-05-03,21497,100.0,42.0,0.42,0.0,Stationery & Gift,0.42,0.25
2010-05-10,21497,250.0,105.0,0.42,0.0,Stationery & Gift,0.42,0.25
2010-05-17,21497,50.0,21.0,0.42,0.0,Stationery & Gift,0.42,0.25
2010-05-24,21497,150.0,63.0,0.42,0.0,Stationery & Gift,0.42,0.25
2010-05-31,21497,100.0,42.0,0.42,0.0,Stationery & Gift,0.42,0.25
2010-06-07,21497,275.0,99.5,0.4066666666666666,0.0,Stationery & Gift,0.42,0.25
2010-06-14,21497,250.0,105.0,0.42,0.0,Stationery & Gift,0.42,0.25
2010-06-21,21497,25.0,10.5,0.42,0.0,Stationery & Gift,0.42,0.25
2010-06-28,21497,100.0,40.0,0.4066666666666666,0.0,Stationery & Gift,0.42,0.25
2010-07-05,21497,125.0,52.5,0.42,0.0,Stationery & Gift,0.42,0.25
2010-07-12,21497,200.0,84.0,0.42,0.0,Stationery & Gift,0.42,0.25
2010-07-19,21497,275.0,115.5,0.42,0.0,Stationery & Gift,0.42,0.25
2010-07-26,21497,100.0,42.0,0.42,0.0,Stationery & Gift,0.42,0.25
2010-08-02,21497,125.0,52.5,0.42,0.0,Stationery & Gift,0.42,0.25
2010-08-09,21497,125.0,52.5,0.42,0.0,Stationery & Gift,0.42,0.25
2010-08-16,21497,675.0,235.50000000000003,0.4,1.0,Stationery & Gift,0.42,0.25
2010-08-23,21497,50.0,21.0,0.42,0.0,Stationery & Gift,0.42,0.25
2010-08-30,21497,50.0,21.0,0.42,0.0,Stationery & Gift,0.42,0.25
2010-09-06,21497,125.0,52.5,0.42,0.0,Stationery & Gift,0.42,0.25
2010-09-13,21497,225.0,94.5,0.42000000000000004,0.0,Stationery & Gift,0.42,0.25
2010-09-20,21497,100.0,42.0,0.42,0.0,Stationery & Gift,0.42,0.25
2010-09-27,21497,200.0,84.0,0.42,0.0,Stationery & Gift,0.42,0.25
2010-10-04,21497,175.0,73.5,0.42,0.0,Stationery & Gift,0.42,0.25
2010-10-11,21497,175.0,73.5,0.42000000000000004,0.0,Stationery & Gift,0.42,0.25
2010-10-18,21497,575.0,201.5,0.3844444444444444,1.0,Stationery & Gift,0.42,0.25
2010-10-25,21497,125.0,52.5,0.42,0.0,Stationery & Gift,0.42,0.25
2010-11-01,21497,100.0,42.0,0.42,0.0,Stationery & Gift,0.42,0.25
2010-11-08,21497,175.0,73.5,0.42,0.0,Stationery & Gift,0.42,0.25
2010-11-15,21497,200.0,84.0,0.42,0.0,Stationery & Gift,0.42,0.25
2010-11-22,21497,150.0,63.0,0.42,0.0,Stationery & Gift,0.42,0.25
2010-11-29,21497,100.0,42.0,0.42,0.0,Stationery & Gift,0.42,0.25
2010-12-06,21497,25.0,10.5,0.42,0.0,Stationery & Gift,0.42,0.25
2010-12-13,21497,0.0,0.0,0.42,0.0,Stationery & Gift,0.42,0.25
2010-12-20,21497,0.0,0.0,0.42,0.0,Stationery & Gift,0.42,0.25
2011-01-03,21497,150.0,63.0,0.42,0.0,Stationery & Gift,0.42,0.25
2011-01-10,21497,75.0,31.5,0.42,0.0,Stationery & Gift,0.42,0.25
2011-01-17,21497,25.0,10.5,0.42,0.0,Stationery & Gift,0.42,0.25
2011-01-24,21497,25.0,10.5,0.42,0.0,Stationery & Gift,0.42,0.25
2011-01-31,21497,100.0,42.0,0.42,0.0,Stationery & Gift,0.42,0.25
2011-02-07,21497,75.0,31.5,0.42,0.0,Stationery & Gift,0.42,0.25
2011-02-14,21497,75.0,31.5,0.42,0.0,Stationery & Gift,0.42,0.25
2011-02-21,21497,125.0,52.5,0.42,0.0,Stationery & Gift,0.42,0.25
2011-02-28,21497,50.0,21.0,0.42,0.0,Stationery & Gift,0.42,0.25
2011-03-07,21497,175.0,73.5,0.42,0.0,Stationery & Gift,0.42,0.25
2011-03-14,21497,50.0,21.0,0.42,0.0,Stationery & Gift,0.42,0.25
2011-03-21,21497,150.0,63.0,0.42,0.0,Stationery & Gift,0.42,0.25
2011-03-28,21497,100.0,42.0,0.42,0.0,Stationery & Gift,0.42,0.25
2011-04-04,21497,125.0,52.5,0.42,0.0,Stationery & Gift,0.42,0.25
2011-04-11,21497,500.0,186.0,0.404,1.0,Stationery & Gift,0.42,0.25
2011-04-18,21497,75.0,31.5,0.42,0.0,Stationery & Gift,0.42,0.25
2011-04-25,21497,75.0,31.5,0.42,0.0,Stationery & Gift,0.42,0.25
2011-05-02,21497,125.0,52.5,0.42,0.0,Stationery & Gift,0.42,0.25
2011-05-09,21497,150.0,63.0,0.42,0.0,Stationery & Gift,0.42,0.25
2011-05-16,21497,150.0,63.0,0.42,0.0,Stationery & Gift,0.42,0.25
2011-05-23,21497,75.0,31.5,0.42,0.0,Stationery & Gift,0.42,0.25
2011-05-30,21497,50.0,21.0,0.42,0.0,Stationery & Gift,0.42,0.25
2011-06-06,21497,50.0,21.0,0.42,0.0,Stationery & Gift,0.42,0.25
2011-06-13,21497,125.0,52.5,0.42,0.0,Stationery & Gift,0.42,0.25
2011-06-20,21497,75.0,31.5,0.42,0.0,Stationery & Gift,0.42,0.25
2011-06-27,21497,50.0,21.0,0.42,0.0,Stationery & Gift,0.42,0.25
2011-07-04,21497,150.0,63.0,0.42,0.0,Stationery & Gift,0.42,0.25
2011-07-11,21497,150.0,63.0,0.42,0.0,Stationery & Gift,0.42,0.25
2011-07-18,21497,175.0,73.5,0.42,0.0,Stationery & Gift,0.42,0.25
2011-07-25,21497,100.0,42.0,0.42,0.0,Stationery & Gift,0.42,0.25
2011-08-01,21497,225.0,94.5,0.42000000000000004,0.0,Stationery & Gift,0.42,0.25
2011-08-08,21497,125.0,52.5,0.42,0.0,Stationery & Gift,0.42,0.25
2011-08-15,21497,150.0,63.0,0.42000000000000004,0.0,Stationery & Gift,0.42,0.25
2011-08-22,21497,50.0,21.0,0.42,0.0,Stationery & Gift,0.42,0.25
2011-08-29,21497,1000.0,340.0,0.34,1.0,Stationery & Gift,0.42,0.25
2011-09-05,21497,200.0,84.0,0.42000000000000004,0.0,Stationery & Gift,0.42,0.25
2011-09-12,21497,25.0,10.5,0.42,0.0,Stationery & Gift,0.42,0.25
2011-09-19,21497,275.0,115.5,0.42000000000000004,0.0,Stationery & Gift,0.42,0.25
2011-09-26,21497,125.0,52.5,0.42,0.0,Stationery & Gift,0.42,0.25
2011-10-03,21497,750.0,279.0,0.415,0.0,Stationery & Gift,0.42,0.25
2011-10-10,21497,475.0,181.5,0.40800000000000003,1.0,Stationery & Gift,0.42,0.25
2011-10-17,21497,125.0,52.5,0.42,0.0,Stationery & Gift,0.42,0.25
2011-10-24,21497,150.0,63.0,0.42,0.0,Stationery & Gift,0.42,0.25
2011-10-31,21497,450.0,177.0,0.41,1.0,Stationery & Gift,0.42,0.25
2011-11-07,21497,275.0,115.5,0.42000000000000004,0.0,Stationery & Gift,0.42,0.25
2011-11-14,21497,100.0,42.0,0.42,0.0,Stationery & Gift,0.42,0.25
2011-11-21,21497,100.0,42.0,0.42,0.0,Stationery & Gift,0.42,0.25
2011-11-28,21497,175.0,73.5,0.42,0.0,Stationery & Gift,0.42,0.25
2011-12-05,21497,325.0,124.5,0.40499999999999997,1.0,Stationery & Gift,0.42,0.25
