data/processed/weekly_panel.csv
week_start,sku_id,units_sold,revenue,avg_price,promo_days,category,list_price,unit_cost
2009-11-30,21498,325.0,136.5,0.42000000000000004,0.0,Stationery & Gift,0.42,0.25
2009-12-07,21498,525.0,204.5,0.4168,0.0,Stationery & Gift,0.42,0.25
2009-12-14,21498,200.0,84.0,0.42000000000000004,0.0,Stationery & Gift,0.42,0.25
2009-12-21,21498,100.0,42.0,0.42,0.0,Stationery & Gift,0.42,0.25
2010-01-04,21498,325.0,136.5,0.42,0.0,Stationery & Gift,0.42,0.25
2010-01-11,21498,200.0,84.0,0.42000000000000004,0.0,Stationery & Gift,0.42,0.25
2010-01-18,21498,175.0,73.5,0.42000000000000004,0.0,Stationery & Gift,0.42,0.25
2010-01-25,21498,400.0,152.0,0.41333333333333333,0.0,Stationery & Gift,0.42,0.25
2010-02-01,21498,475.0,199.5,0.42000000000000004,0.0,Stationery & Gift,0.42,0.25
2010-02-08,21498,175.0,73.5,0.42,0.0,Stationery & Gift,0.42,0.25
2010-02-15,21498,450.0,173.0,0.41333333333333333,0.0,Stationery & Gift,0.42,0.25
2010-02-22,21498,250.0,105.0,0.42000000000000004,0.0,Stationery & Gift,0.42,0.25
2010-03-01,21498,250.0,105.0,0.42000000000000004,0.0,Stationery & Gift,0.42,0.25
2010-03-08,21498,250.0,105.0,0.42000000000000004,0.0,Stationery & Gift,0.42,0.25
2010-03-15,21498,175.0,73.5,0.42,0.0,Stationery & Gift,0.42,0.25
2010-03-22,21498,250.0,105.0,0.42000000000000004,0.0,Stationery & Gift,0.42,0.25
2010-03-29,21498,125.0,52.5,0.42,0.0,Stationery & Gift,0.42,0.25
2010-04-05,21498,450.0,165.0,0.41200000000000003,0.0,Stationery & Gift,0.42,0.25
2010-04-12,21498,125.0,52.5,0.42,0.0,Stationery & Gift,0.42,0.25
2010-04-19,21498,375.0,157.5,0.42,0.0,Stationery & Gift,0.42,0.25
2010-04-26,21498,400.0,168.0,0.42,0.0,Stationery & Gift,0.42,0.25
2010-05-03,21498,50.0,21.0,0.42,0.0,Stationery & Gift,0.42,0.25
2010-05-10,21498,175.0,73.5,0.42,0.0,Stationery & Gift,0.42,0.25
2010-05-17,21498,225.0,94.5,0.42,0.0,Stationery & Gift,0.42,0.25
2010-05-24,21498,250.0,105.0,0.42,0.0,Stationery & Gift,0.42,0.25
2010-05-31,21498,175.0,73.5,0.42,0.0,Stationery & Gift,0.42,0.25
2010-06-07,21498,225.0,94.5,0.42,0.0,Stationery & Gift,0.42,0.25
2010-06-14,21498,450.0,173.0,0.41600000000000004,0.0,Stationery & Gift,0.42,0.25
2010-06-21,21498,150.0,63.0,0.42,0.0,Stationery & Gift,0.42,0.25
2010-06-28,21498,300.0,122.0,0.4136,0.0,Stationery & Gift,0.42,0.25
2010-07-05,21498,775.0,277.5,0.404,1.0,Stationery & Gift,0.42,0.25
2010-07-12,21498,425.0,174.5,0.41333333333333333,0.0,Stationery & Gift,0.42,0.25
2010-07-19,21498,600.0,236.0,0.41200000000000003,0.0,Stationery & Gift,0.42,0.25
2010-07-26,21498,150.0,63.0,0.42000000000000004,0.0,Stationery & Gift,0.42,0.25
2010-08-02,21498,400.0,152.0,0.4,1.0,Stationery & Gift,0.42,0.25
2010-08-09,21498,225.0,94.5,0.42000000000000004,0.0,Stationery & Gift,0.42,0.25
2010-08-16,21498,225.0,94.5,0.42,0.0,Stationery & Gift,0.42,0.25
2010-08-23,21498,25.0,10.5,0.42,0.0,Stationery & Gift,0.42,0.25
2010-08-30,21498,125.0,52.5,0.42,0.0,Stationery & Gift,0.42,0.25
2010-09-06,21498,700.0,262.0,0.4066666666666666,0.0,Stationery & Gift,0.42,0.25
2010-09-13,21498,375.0,157.5,0.42,0.0,Stationery & Gift,0.42,0.25
2010-09-20,21498,300.0,126.0,0.42,0.0,Stationery & Gift,0.42,0.25
2010-09-27,21498,225.0,94.5,0.42000000000000004,0.0,Stationery & Gift,0.42,0.25
2010-10-04,21498,500.0,210.0,0.42,0.0,Stationery & Gift,0.42,0.25
2010-10-11,21498,525.0,220.5,0.42000000000000004,0.0,Stationery & Gift,0.42,0.25
2010-10-18,21498,375.0,145.5,0.41200000000000003,0.0,Stationery & Gift,0.42,0.25
2010-10-25,21498,375.0,157.5,0.42,0.0,Stationery & Gift,0.42,0.25
2010-11-01,21498,100.0,42.0,0.42,0.0,Stationery & Gift,0.42,0.25
2010-11-08,21498,500.0,198.0,0.4155555555555555,0.0,Stationery & Gift,0.42,0.25
2010-11-15,21498,425.0,178.5,0.42,0.0,Stationery & Gift,0.42,0.25
2010-11-22,21498,550.0,215.0,0.4155555555555555,0.0,Stationery & Gift,0.42,0.25
2010-11-29,21498,600.0,216.0,0.3986666666666666,1.0,Stationery & Gift,0.42,0.25
2010-12-06,21498,125.0,52.5,0.42,0.0,Stationery & Gift,0.42,0.25
2010-12-13,21498,100.0,42.0,0.42,0.0,Stationery & Gift,0.42,0.25
2010-12-20,21498,0.0,0.0,0.42,0.0,Stationery & Gift,0.42,0.25
2011-01-03,21498,200.0,84.0,0.42000000000000004,0.0,Stationery & Gift,0.42,0.25
2011-01-10,21498,200.0,84.0,0.42000000000000004,0.0,Stationery & Gift,0.42,0.25
2011-01-17,21498,175.0,73.5,0.42,0.0,Stationery & Gift,0.42,0.25
2011-01-24,21498,275.0,115.5,0.42000000000000004,0.0,Stationery & Gift,0.42,0.25
2011-01-31,21498,175.0,73.5,0.42,0.0,Stationery & Gift,0.42,0.25
2011-02-07,21498,100.0,42.0,0.42,0.0,Stationery & Gift,0.42,0.25
2011-02-14,21498,116.0,48.72,0.42,0.0,Stationery & Gift,0.42,0.25
2011-02-21,21498,200.0,84.0,0.42000000000000004,0.0,Stationery & Gift,0.42,0.25
2011-02-28,21498,425.0,154.5,0.41200000000000003,0.0,Stationery & Gift,0.42,0.25
2011-03-07,21498,75.0,31.5,0.42,0.0,Stationery & Gift,0.42,0.25
2011-03-14,21498,60.0,25.2,0.42,0.0,Stationery & Gift,0.42,0.25
2011-03-21,21498,75.0,31.5,0.42,0.0,Stationery & Gift,0.42,0.25
2011-03-28,21498,175.0,71.5,0.41,0.0,Stationery & Gift,0.42,0.25
2011-04-04,21498,175.0,73.5,0.42,0.0,Stationery & Gift,0.42,0.25
2011-04-11,21498,150.0,63.0,0.42,0.0,Stationery & Gift,0.42,0.25
2011-04-18,21498,25.0,10.5,0.42,0.0,Stationery & Gift,0.42,0.25
2011-04-25,21498,50.0,21.0,0.42,0.0,Stationery & Gift,0.42,0.25
2011-05-02,21498,775.0,277.5,0.404,1.0,Stationery & Gift,0.42,0.25
2011-05-09,21498,100.0,42.0,0.42,0.0,Stationery & Gift,0.42,0.25
2011-05-16,21498,100.0,42.0,0.42,0.0,Stationery & Gift,0.42,0.25
2011-05-23,21498,225.0,94.5,0.42,0.0,Stationery & Gift,0.42,0.25
2011-05-30,21498,200.0,84.0,0.42,0.0,Stationery & Gift,0.42,0.25
2011-06-06,21498,225.0,94.5,0.42,0.0,Stationery & Gift,0.42,0.25
2011-06-13,21498,175.0,73.5,0.42,0.0,Stationery & Gift,0.42,0.25
2011-06-20,21498,325.0,136.5,0.42000000000000004,0.0,Stationery & Gift,0.42,0.25
2011-06-27,21498,150.0,63.0,0.42000000000000004,0.0,Stationery & Gift,0.42,0.25
2011-07-04,21498,175.0,73.5,0.42,0.0,Stationery & Gift,0.42,0.25
2011-07-11,21498,250.0,105.0,0.42,0.0,Stationery & Gift,0.42,0.25
2011-07-18,21498,300.0,126.0,0.42,0.0,Stationery & Gift,0.42,0.25
2011-07-25,21498,175.0,73.5,0.42000000000000004,0.0,Stationery & Gift,0.42,0.25
2011-08-01,21498,225.0,88.5,0.4066666666666667,0.0,Stationery & Gift,0.42,0.25
2011-08-08,21498,175.0,73.5,0.42,0.0,Stationery & Gift,0.42,0.25
2011-08-15,21498,100.0,42.0,0.42,0.0,Stationery & Gift,0.42,0.25
2011-08-22,21498,100.0,42.0,0.42,0.0,Stationery & Gift,0.42,0.25
2011-08-29,21498,50.0,21.0,0.42,0.0,Stationery & Gift,0.42,0.25
2011-09-05,21498,275.0,115.5,0.42000000000000004,0.0,Stationery & Gift,0.42,0.25
2011-09-12,21498,150.0,63.0,0.42,0.0,Stationery & Gift,0.42,0.25
2011-09-19,21498,350.0,147.0,0.42000000000000004,0.0,Stationery & Gift,0.42,0.25
2011-09-26,21498,300.0,123.0,0.415,0.0,Stationery & Gift,0.42,0.25
2011-10-03,21498,150.0,63.0,0.42000000000000004,0.0,Stationery & Gift,0.42,0.25
2011-10-10,21498,250.0,105.0,0.42,0.0,Stationery & Gift,0.42,0.25
2011-10-17,21498,100.0,42.0,0.42,0.0,Stationery & Gift,0.42,0.25
2011-10-24,21498,325.0,136.5,0.42000000000000004,0.0,Stationery & Gift,0.42,0.25
2011-10-31,21498,350.0,144.0,0.4175,0.0,Stationery & Gift,0.42,0.25
2011-11-07,21498,200.0,84.0,0.42,0.0,Stationery & Gift,0.42,0.25
2011-11-14,21498,275.0,115.5,0.42000000000000004,0.0,Stationery & Gift,0.42,0.25
2011-11-21,21498,275.0,115.5,0.42,0.0,Stationery & Gift,0.42,0.25
2011-11-28,21498,275.0,112.5,0.41600000000000004,0.0,Stationery & Gift,0.42,0.25
2011-12-05,21498,250.0,105.0,0.42,0.0,Stationery & Gift,0.42,0.25
2009-11-30,21499,300.0,126.0,0.42000000000000004,0.0,Stationery & Gift,0.42,0.25
2009-12-07,21499,300.0,110.0,0.41111111111111115,0.0,Stationery & Gift,0.42,0.25
2009-12-14,21499,50.0,21.0,0.42,0.0,Stationery & Gift,0.42,0.25
2009-12-21,21499,50.0,21.0,0.42,0.0,Stationery & Gift,0.42,0.25
2010-01-04,21499,75.0,31.5,0.42,0.0,Stationery & Gift,0.42,0.25
2010-01-11,21499,125.0,52.5,0.42,0.0,Stationery & Gift,0.42,0.25
2010-01-18,21499,125.0,52.5,0.42,0.0,Stationery & Gift,0.42,0.25
2010-01-25,21499,125.0,52.5,0.42,0.0,Stationery & Gift,0.42,0.25
2010-02-01,21499,100.0,42.0,0.42,0.0,Stationery & Gift,0.42,0.25
2010-02-08,21499,75.0,31.5,0.42,0.0,Stationery & Gift,0.42,0.25
2010-02-15,21499,125.0,52.5,0.42,0.0,Stationery & Gift,0.42,0.25
2010-02-22,21499,100.0,42.0,0.42,0.0,Stationery & Gift,0.42,0.25
2010-03-01,21499,100.0,42.0,0.42,0.0,Stationery & Gift,0.42,0.25
2010-03-08,21499,175.0,73.5,0.42000000000000004,0.0,Stationery & Gift,0.42,0.25
2010-03-15,21499,100.0,42.0,0.42,0.0,Stationery & Gift,0.42,0.25
2010-03-22,21499,175.0,73.5,0.42,0.0,Stationery & Gift,0.42,0.25
2010-03-29,21499,50.0,21.0,0.42,0.0,Stationery & Gift,0.42,0.25
2010-04-05,21499,350.0,131.0,0.4066666666666667,0.0,Stationery & Gift,0.42,0.25
2010-04-12,21499,150.0,63.0,0.42,0.0,Stationery & Gift,0.42,0.25
2010-04-19,21499,150.0,63.0,0.42000000000000004,0.0,Stationery & Gift,0.42,0.25
2010-04-26,21499,150.0,63.0,0.42,0.0,Stationery & Gift,0.42,0.25
2010-05-03,21499,0.0,0.0,0.42,0.0,Stationery & Gift,0.42,0.25
2010-05-10,21499,0.0,0.0,0.42,0.0,Stationery & Gift,0.42,0.25
2010-05-17,21499,0.0,0.0,0.42,0.0,Stationery & Gift,0.42,0.25
2010-05-24,21499,100.0,42.0,0.42,0.0,Stationery & Gift,0.42,0.25
2010-05-31,21499,75.0,31.5,0.42,0.0,Stationery & Gift,0.42,0.25
2010-06-07,21499,150.0,63.0,0.42,0.0,Stationery & Gift,0.42,0.25
2010-06-14,21499,400.0,152.0,0.41333333333333333,0.0,Stationery & Gift,0.42,0.25
2010-06-21,21499,75.0,31.5,0.42,0.0,Stationery & Gift,0.42,0.25
2010-06-28,21499,125.0,52.5,0.42,0.0,Stationery & Gift,0.42,0.25
2010-07-05,21499,350.0,131.0,0.404,1.0,Stationery & Gift,0.42,0.25
2010-07-12,21499,200.0,84.0,0.42000000000000004,0.0,Stationery & Gift,0.42,0.25
2010-07-19,21499,400.0,152.0,0.404,1.0,Stationery & Gift,0.42,0.25
2010-07-26,21499,50.0,21.0,0.42,0.0,Stationery & Gift,0.42,0.25
2010-08-02,21499,150.0,63.0,0.42,0.0,Stationery & Gift,0.42,0.25
2010-08-09,21499,125.0,52.5,0.42,0.0,Stationery & Gift,0.42,0.25
2010-08-16,21499,50.0,21.0,0.42,0.0,Stationery & Gift,0.42,0.25
2010-08-23,21499,75.0,31.5,0.42,0.0,Stationery & Gift,0.42,0.25
2010-08-30,21499,125.0,52.5,0.42,0.0,Stationery & Gift,0.42,0.25
2010-09-06,21499,225.0,78.5,0.38,1.0,Stationery & Gift,0.42,0.25
2010-09-13,21499,475.0,183.5,0.41200000000000003,0.0,Stationery & Gift,0.42,0.25
2010-09-20,21499,100.0,42.0,0.42,0.0,Stationery & Gift,0.42,0.25
2010-09-27,21499,175.0,73.5,0.42,0.0,Stationery & Gift,0.42,0.25
2010-10-04,21499,275.0,115.5,0.42000000000000004,0.0,Stationery & Gift,0.42,0.25
2010-10-11,21499,225.0,94.5,0.42,0.0,Stationery & Gift,0.42,0.25
2010-10-18,21499,275.0,99.5,0.4,1.0,Stationery & Gift,0.42,0.25
2010-10-25,21499,75.0,31.5,0.42,0.0,Stationery & Gift,0.42,0.25
2010-11-01,21499,100.0,42.0,0.42,0.0,Stationery & Gift,0.42,0.25
2010-11-08,21499,300.0,108.0,0.4022222222222222,1.0,Stationery & Gift,0.42,0.25
2010-11-15,21499,150.0,63.0,0.42,0.0,Stationery & Gift,0.42,0.25
2010-11-22,21499,125.0,52.5,0.42,0.0,Stationery & Gift,0.42,0.25
2010-11-29,21499,525.0,184.5,0.38666666666666666,2.0,Stationery & Gift,0.42,0.25
2010-12-06,21499,150.0,63.0,0.42,0.0,Stationery & Gift,0.42,0.25
2010-12-13,21499,25.0,10.5,0.42,0.0,Stationery & Gift,0.42,0.25
2010-12-20,21499,0.0,0.0,0.42,0.0,Stationery & Gift,0.42,0.25
2011-01-03,21499,125.0,52.5,0.42,0.0,Stationery & Gift,0.42,0.25
2011-01-10,21499,100.0,42.0,0.42,0.0,Stationery & Gift,0.42,0.25
2011-01-17,21499,125.0,52.5,0.42,0.0,Stationery & Gift,0.42,0.25
2011-01-24,21499,25.0,10.5,0.42,0.0,Stationery & Gift,0.42,0.25
2011-01-31,21499,150.0,63.0,0.42,0.0,Stationery & Gift,0.42,0.25
2011-02-07,21499,50.0,21.0,0.42,0.0,Stationery & Gift,0.42,0.25
2011-02-14,21499,25.0,10.5,0.42,0.0,Stationery & Gift,0.42,0.25
2011-02-21,21499,100.0,42.0,0.42,0.0,Stationery & Gift,0.42,0.25
2011-02-28,21499,350.0,131.0,0.41,0.0,Stationery & Gift,0.42,0.25
2011-03-07,21499,50.0,21.0,0.42,0.0,Stationery & Gift,0.42,0.25
2011-03-14,21499,0.0,0.0,0.42,0.0,Stationery & Gift,0.42,0.25
2011-03-21,21499,300.0,110.0,0.4,0.0,Stationery & Gift,0.42,0.25
2011-03-28,21499,75.0,31.5,0.42,0.0,Stationery & Gift,0.42,0.25
2011-04-04,21499,50.0,21.0,0.42,0.0,Stationery & Gift,0.42,0.25
2011-04-11,21499,175.0,73.5,0.42000000000000004,0.0,Stationery & Gift,0.42,0.25
2011-04-18,21499,0.0,0.0,0.42000000000000004,0.0,Stationery & Gift,0.42,0.25
2011-04-25,21499,75.0,31.5,0.42,0.0,Stationery & Gift,0.42,0.25
2011-05-02,21499,127.0,53.34,0.42000000000000004,0.0,Stationery & Gift,0.42,0.25
2011-05-09,21499,275.0,99.5,0.3933333333333333,1.0,Stationery & Gift,0.42,0.25
2011-05-16,21499,100.0,42.0,0.42,0.0,Stationery & Gift,0.42,0.25
2011-05-23,21499,25.0,10.5,0.42,0.0,Stationery & Gift,0.42,0.25
2011-05-30,21499,100.0,42.0,0.42,0.0,Stationery & Gift,0.42,0.25
2011-06-06,21499,175.0,73.5,0.42,0.0,Stationery & Gift,0.42,0.25
2011-06-13,21499,200.0,84.0,0.42000000000000004,0.0,Stationery & Gift,0.42,0.25
2011-06-20,21499,275.0,115.5,0.42000000000000004,0.0,Stationery & Gift,0.42,0.25
2011-06-27,21499,75.0,31.5,0.42,0.0,Stationery & Gift,0.42,0.25
2011-07-04,21499,225.0,94.5,0.42,0.0,Stationery & Gift,0.42,0.25
2011-07-11,21499,175.0,73.5,0.42,0.0,Stationery & Gift,0.42,0.25
2011-07-18,21499,150.0,63.0,0.42000000000000004,0.0,Stationery & Gift,0.42,0.25
2011-07-25,21499,100.0,42.0,0.42,0.0,Stationery & Gift,0.42,0.25
2011-08-01,21499,175.0,65.5,0.3933333333333333,1.0,Stationery & Gift,0.42,0.25
2011-08-08,21499,200.0,84.0,0.42000000000000004,0.0,Stationery & Gift,0.42,0.25
2011-08-15,21499,75.0,31.5,0.42,0.0,Stationery & Gift,0.42,0.25
2011-08-22,21499,75.0,31.5,0.42,0.0,Stationery & Gift,0.42,0.25
2011-08-29,21499,25.0,10.5,0.42,0.0,Stationery & Gift,0.42,0.25
2011-09-05,21499,125.0,52.5,0.42,0.0,Stationery & Gift,0.42,0.25
2011-09-12,21499,0.0,0.0,0.42,0.0,Stationery & Gift,0.42,0.25
2011-09-19,21499,300.0,126.0,0.42000000000000004,0.0,Stationery & Gift,0.42,0.25
2011-09-26,21499,350.0,139.5,0.41625,0.0,Stationery & Gift,0.42,0.25
2011-10-03,21499,25.0,10.5,0.42,0.0,Stationery & Gift,0.42,0.25
2011-10-10,21499,200.0,84.0,0.42,0.0,Stationery & Gift,0.42,0.25
2011-10-17,21499,75.0,31.5,0.42,0.0,Stationery & Gift,0.42,0.25
2011-10-24,21499,125.0,52.5,0.42,0.0,Stationery & Gift,0.42,0.25
2011-10-31,21499,200.0,79.5,0.415,0.0,Stationery & Gift,0.42,0.25
2011-11-07,21499,150.0,63.0,0.42,0.0,Stationery & Gift,0.42,0.25
2011-11-14,21499,300.0,114.0,0.4125,0.0,Stationery & Gift,0.42,0.25
2011-11-21,21499,125.0,52.5,0.42,0.0,Stationery & Gift,0.42,0.25
2011-11-28,21499,100.0,42.0,0.42,0.0,Stationery & Gift,0.42,0.25
2011-12-05,21499,50.0,21.0,0.42,0.0,Stationery & Gift,0.42,0.25
