data/processed/weekly_panel.csv
week_start,sku_id,units_sold,revenue,avg_price,promo_days,category,list_price,unit_cost
2009-11-30,21500,350.0,139.0,0.41466666666666663,0.0,Stationery & Gift,0.42,0.25
2009-12-07,21500,375.0,141.5,0.41466666666666663,0.0,Stationery & Gift,0.42,0.25
2009-12-14,21500,75.0,31.5,0.42,0.0,Stationery & Gift,0.42,0.25
2009-12-21,21500,25.0,10.5,0.42,0.0,Stationery & Gift,0.42,0.25
2010-01-04,21500,50.0,21.0,0.42,0.0,Stationery & Gift,0.42,0.25
2010-01-11,21500,200.0,84.0,0.42,0.0,Stationery & Gift,0.42,0.25
2010-01-18,21500,125.0,52.5,0.42,0.0,Stationery & Gift,0.42,0.25
2010-01-25,21500,125.0,52.5,0.42,0.0,Stationery & Gift,0.42,0.25
2010-02-01,21500,350.0,131.0,0.415,0.0,Stationery & Gift,0.42,0.25
2010-02-08,21500,375.0,133.5,0.4,1.0,Stationery & Gift,0.42,0.25
2010-02-15,21500,325.0,136.5,0.42000000000000004,0.0,Stationery & Gift,0.42,0.25
2010-02-22,21500,0.0,0.0,0.42000000000000004,0.0,Stationery & Gift,0.42,0.25
2010-03-01,21500,200.0,84.0,0.42,0.0,Stationery & Gift,0.42,0.25
2010-03-08,21500,175.0,73.5,0.42000000000000004,0.0,Stationery & Gift,0.42,0.25
2010-03-15,21500,200.0,84.0,0.42,0.0,Stationery & Gift,0.42,0.25
2010-03-22,21500,175.0,73.5,0.42,0.0,Stationery & Gift,0.42,0.25
2010-03-29,21500,25.0,10.5,0.42,0.0,Stationery & Gift,0.42,0.25
2010-04-05,21500,475.0,175.5,0.41,0.0,Stationery & Gift,0.42,0.25
2010-04-12,21500,150.0,63.0,0.42,0.0,Stationery & Gift,0.42,0.25
2010-04-19,21500,250.0,105.0,0.42,0.0,Stationery & Gift,0.42,0.25
2010-04-26,21500,250.0,105.0,0.42,0.0,Stationery & Gift,0.42,0.25
2010-05-03,21500,100.0,42.0,0.42,0.0,Stationery & Gift,0.42,0.25
2010-05-10,21500,50.0,21.0,0.42,0.0,Stationery & Gift,0.42,0.25
2010-05-17,21500,150.0,63.0,0.42,0.0,Stationery & Gift,0.42,0.25
2010-05-24,21500,275.0,113.5,0.41200000000000003,0.0,Stationery & Gift,0.42,0.25
2010-05-31,21500,225.0,94.5,0.42,0.0,Stationery & Gift,0.42,0.25
2010-06-07,21500,150.0,63.0,0.42,0.0,Stationery & Gift,0.42,0.25
2010-06-14,21500,250.0,97.0,0.404,1.0,Stationery & Gift,0.42,0.25
2010-06-21,21500,50.0,21.0,0.42,0.0,Stationery & Gift,0.42,0.25
2010-06-28,21500,125.0,52.5,0.42,0.0,Stationery & Gift,0.42,0.25
2010-07-05,21500,325.0,120.5,0.4,1.0,Stationery & Gift,0.42,0.25
2010-07-12,21500,100.0,42.0,0.42,0.0,Stationery & Gift,0.42,0.25
2010-07-19,21500,200.0,78.0,0.4,1.0,Stationery & Gift,0.42,0.25
2010-07-26,21500,200.0,84.0,0.42,0.0,Stationery & Gift,0.42,0.25
2010-08-02,21500,200.0,78.0,0.41200000000000003,0.0,Stationery & Gift,0.42,0.25
2010-08-09,21500,100.0,42.0,0.42,0.0,Stationery & Gift,0.42,0.25
2010-08-16,21500,100.0,42.0,0.42,0.0,Stationery & Gift,0.42,0.25
2010-08-23,21500,25.0,10.5,0.42,0.0,Stationery & Gift,0.42,0.25
2010-08-30,21500,325.0,120.5,0.4,1.0,Stationery & Gift,0.42,0.25
2010-09-06,21500,200.0,84.0,0.42,0.0,Stationery & Gift,0.42,0.25
2010-09-13,21500,125.0,52.5,0.42,0.0,Stationery & Gift,0.42,0.25
2010-09-20,21500,150.0,63.0,0.42,0.0,Stationery & Gift,0.42,0.25
2010-09-27,21500,275.0,115.5,0.42000000000000004,0.0,Stationery & Gift,0.42,0.25
2010-10-04,21500,250.0,105.0,0.42000000000000004,0.0,Stationery & Gift,0.42,0.25
2010-10-11,21500,300.0,126.0,0.42,0.0,Stationery & Gift,0.42,0.25
2010-10-18,21500,350.0,131.0,0.41200000000000003,0.0,Stationery & Gift,0.42,0.25
2010-10-25,21500,25.0,10.5,0.42,0.0,Stationery & Gift,0.42,0.25
2010-11-01,21500,75.0,31.5,0.42,0.0,Stationery & Gift,0.42,0.25
2010-11-08,21500,125.0,44.5,0.38,1.0,Stationery & Gift,0.42,0.25
2010-11-15,21500,100.0,42.0,0.42,0.0,Stationery & Gift,0.42,0.25
2010-11-22,21500,125.0,52.5,0.42000000000000004,0.0,Stationery & Gift,0.42,0.25
2010-11-29,21500,400.0,146.0,0.39666666666666667,0.0,Stationery & Gift,0.42,0.25
2010-12-06,21500,100.0,42.0,0.42,0.0,Stationery & Gift,0.42,0.25
2010-12-13,21500,25.0,10.5,0.42,0.0,Stationery & Gift,0.42,0.25
2010-12-20,21500,0.0,0.0,0.42,0.0,Stationery & Gift,0.42,0.25
2011-01-03,21500,175.0,73.5,0.42,0.0,Stationery & Gift,0.42,0.25
2011-01-10,21500,75.0,31.5,0.42,0.0,Stationery & Gift,0.42,0.25
2011-01-17,21500,50.0,21.0,0.42,0.0,Stationery & Gift,0.42,0.25
2011-01-24,21500,150.0,63.0,0.42,0.0,Stationery & Gift,0.42,0.25
2011-01-31,21500,75.0,31.5,0.42,0.0,Stationery & Gift,0.42,0.25
2011-02-07,21500,100.0,42.0,0.42,0.0,Stationery & Gift,0.42,0.25
2011-02-14,21500,50.0,21.0,0.42,0.0,Stationery & Gift,0.42,0.25
2011-02-21,21500,100.0,42.0,0.42,0.0,Stationery & Gift,0.42,0.25
2011-02-28,21500,475.0,179.5,0.41333333333333333,0.0,Stationery & Gift,0.42,0.25
2011-03-07,21500,75.0,31.5,0.42,0.0,Stationery & Gift,0.42,0.25
2011-03-14,21500,150.0,59.0,0.404,1.0,Stationery & Gift,0.42,0.25
2011-03-21,21500,225.0,84.5,0.4,0.0,Stationery & Gift,0.42,0.25
2011-03-28,21500,75.0,31.5,0.42,0.0,Stationery & Gift,0.42,0.25
2011-04-04,21500,50.0,21.0,0.42,0.0,Stationery & Gift,0.42,0.25
2011-04-11,21500,150.0,63.0,0.42000000000000004,0.0,Stationery & Gift,0.42,0.25
2011-04-18,21500,0.0,0.0,0.42000000000000004,0.0,Stationery & Gift,0.42,0.25
2011-04-25,21500,50.0,21.0,0.42,0.0,Stationery & Gift,0.42,0.25
2011-05-02,21500,150.0,63.0,0.42,0.0,Stationery & Gift,0.42,0.25
2011-05-09,21500,275.0,99.5,0.3933333333333333,1.0,Stationery & Gift,0.42,0.25
2011-05-16,21500,25.0,10.5,0.42,0.0,Stationery & Gift,0.42,0.25
2011-05-23,21500,25.0,10.5,0.42,0.0,Stationery & Gift,0.42,0.25
2011-05-30,21500,75.0,31.5,0.42,0.0,Stationery & Gift,0.42,0.25
2011-06-06,21500,150.0,63.0,0.42,0.0,Stationery & Gift,0.42,0.25
2011-06-13,21500,100.0,42.0,0.42,0.0,Stationery & Gift,0.42,0.25
2011-06-20,21500,125.0,52.5,0.42,0.0,Stationery & Gift,0.42,0.25
2011-06-27,21500,50.0,21.0,0.42,0.0,Stationery & Gift,0.42,0.25
2011-07-04,21500,175.0,73.5,0.42,0.0,Stationery & Gift,0.42,0.25
2011-07-11,21500,125.0,52.5,0.42,0.0,Stationery & Gift,0.42,0.25
2011-07-18,21500,100.0,42.0,0.42,0.0,Stationery & Gift,0.42,0.25
2011-07-25,21500,100.0,42.0,0.42,0.0,Stationery & Gift,0.42,0.25
2011-08-01,21500,200.0,78.0,0.4066666666666667,0.0,Stationery & Gift,0.42,0.25
2011-08-08,21500,200.0,84.0,0.42000000000000004,0.0,Stationery & Gift,0.42,0.25
2011-08-15,21500,100.0,42.0,0.42,0.0,Stationery & Gift,0.42,0.25
2011-08-22,21500,150.0,63.0,0.42,0.0,Stationery & Gift,0.42,0.25
2011-08-29,21500,25.0,10.5,0.42,0.0,Stationery & Gift,0.42,0.25
2011-09-05,21500,125.0,52.5,0.42,0.0,Stationery & Gift,0.42,0.25
2011-09-12,21500,50.0,21.0,0.42,0.0,Stationery & Gift,0.42,0.25
2011-09-19,21500,325.0,136.5,0.42000000000000004,0.0,Stationery & Gift,0.42,0.25
2011-09-26,21500,225.0,94.5,0.42,0.0,Stationery & Gift,0.42,0.25
2011-10-03,21500,100.0,39.0,0.39999999999999997,1.0,Stationery & Gift,0.42,0.25
2011-10-10,21500,75.0,31.5,0.42,0.0,Stationery & Gift,0.42,0.25
2011-10-17,21500,175.0,73.5,0.42,0.0,Stationery & Gift,0.42,0.25
2011-10-24,21500,50.0,21.0,0.42,0.0,Stationery & Gift,0.42,0.25
2011-10-31,21500,200.0,81.0,0.414,0.0,Stationery & Gift,0.42,0.25
2011-11-07,21500,50.0,21.0,0.42,0.0,Stationery & Gift,0.42,0.25
2011-11-14,21500,150.0,63.0,0.42,0.0,Stationery & Gift,0.42,0.25
2011-11-21,21500,100.0,42.0,0.42,0.0,Stationery & Gift,0.42,0.25
2011-11-28,21500,275.0,109.5,0.414,0.0,Stationery & Gift,0.42,0.25
2011-12-05,21500,25.0,10.5,0.42,0.0,Stationery & Gift,0.42,0.25
2009-11-30,21703,203.0,74.15,0.46833333333333327,2.0,Bags & Storage,0.83,0.5
2009-12-07,21703,62.0,32.19,0.6591666666666667,3.0,Bags & Storage,0.83,0.5
2009-12-14,21703,17.0,12.47,0.7958333333333333,1.0,Bags & Storage,0.83,0.5
2009-12-21,21703,10.0,7.89,0.625,1.0,Bags & Storage,0.83,0.5
2010-01-04,21703,0.0,0.0,0.625,0.0,Bags & Storage,0.83,0.5
2010-01-11,21703,13.0,5.46,0.42,2.0,Bags & Storage,0.83,0.5
2010-01-18,21703,10.0,4.2,0.42,1.0,Bags & Storage,0.83,0.5
2010-01-25,21703,24.0,10.08,0.42,1.0,Bags & Storage,0.83,0.5
2010-02-01,21703,12.0,5.04,0.42,1.0,Bags & Storage,0.83,0.5
2010-02-08,21703,115.0,42.93,0.54,2.0,Bags & Storage,0.83,0.5
2010-02-15,21703,36.0,15.120000000000001,0.42,2.0,Bags & Storage,0.83,0.5
2010-02-22,21703,12.0,5.04,0.42,1.0,Bags & Storage,0.83,0.5
2010-03-01,21703,41.0,19.17,0.485,2.0,Bags & Storage,0.83,0.5
2010-03-08,21703,14.0,5.88,0.42,2.0,Bags & Storage,0.83,0.5
2010-03-15,21703,13.0,5.85,0.615,1.0,Bags & Storage,0.83,0.5
2010-03-22,21703,64.0,26.88,0.42,3.0,Bags & Storage,0.83,0.5
2010-03-29,21703,4.0,1.68,0.42,1.0,Bags & Storage,0.83,0.5
2010-04-05,21703,102.0,39.42,0.6975,1.0,Bags & Storage,0.83,0.5
2010-04-12,21703,132.0,55.44,0.42,4.0,Bags & Storage,0.83,0.5
2010-04-19,21703,52.0,23.4,0.5499999999999999,3.0,Bags & Storage,0.83,0.5
2010-04-26,21703,43.0,18.060000000000002,0.42,3.0,Bags & Storage,0.83,0.5
2010-05-03,21703,31.0,16.53,0.5499999999999999,2.0,Bags & Storage,0.83,0.5
2010-05-10,21703,210.0,77.85000000000001,0.495,3.0,Bags & Storage,0.83,0.5
2010-05-17,21703,22.0,9.24,0.42,3.0,Bags & Storage,0.83,0.5
2010-05-24,21703,60.0,25.2,0.42,3.0,Bags & Storage,0.83,0.5
2010-05-31,21703,38.0,15.96,0.42,2.0,Bags & Storage,0.83,0.5
2010-06-07,21703,146.0,61.32,0.42000000000000004,5.0,Bags & Storage,0.83,0.5
2010-06-14,21703,121.0,51.21,0.446,5.0,Bags & Storage,0.83,0.5
2010-06-21,21703,106.0,40.71,0.6075,2.0,Bags & Storage,0.83,0.5
2010-06-28,21703,170.0,65.64,0.39999999999999997,3.0,Bags & Storage,0.83,0.5
2010-07-05,21703,116.0,42.96,0.41,3.0,Bags & Storage,0.83,0.5
2010-07-12,21703,243.0,96.69,0.48599999999999993,4.0,Bags & Storage,0.83,0.5
2010-07-19,21703,59.0,24.78,0.42,4.0,Bags & Storage,0.83,0.5
2010-07-26,21703,7.0,2.94,0.42,2.0,Bags & Storage,0.83,0.5
2010-08-02,21703,229.0,96.60999999999999,0.5275,3.0,Bags & Storage,0.83,0.5
2010-08-09,21703,329.0,123.05000000000001,0.49749999999999994,3.0,Bags & Storage,0.83,0.5
2010-08-16,21703,119.0,45.51,0.4716666666666667,3.0,Bags & Storage,0.83,0.5
2010-08-23,21703,179.0,71.14,0.5533333333333333,2.0,Bags & Storage,0.83,0.5
2010-08-30,21703,38.0,16.39,0.47375,2.0,Bags & Storage,0.83,0.5
2010-09-06,21703,122.0,57.26,0.58125,3.0,Bags & Storage,0.83,0.5
2010-09-13,21703,83.0,34.86,0.42,4.0,Bags & Storage,0.83,0.5
2010-09-20,21703,120.0,51.69,0.506,4.0,Bags & Storage,0.83,0.5
2010-09-27,21703,96.0,40.32,0.42,3.0,Bags & Storage,0.83,0.5
2010-10-04,21703,142.0,60.93,0.58125,3.0,Bags & Storage,0.83,0.5
2010-10-11,21703,307.0,121.74,0.415,6.0,Bags & Storage,0.83,0.5
2010-10-18,21703,280.0,107.37,0.5155000000000001,4.0,Bags & Storage,0.83,0.5
2010-10-25,21703,89.0,38.67,0.4558333333333333,4.0,Bags & Storage,0.83,0.5
2010-11-01,21703,164.0,66.13000000000001,0.5354166666666667,5.0,Bags & Storage,0.83,0.5
2010-11-08,21703,246.0,95.67,0.587,5.0,Bags & Storage,0.83,0.5
2010-11-15,21703,159.0,71.94,0.5155555555555555,5.0,Bags & Storage,0.83,0.5
2010-11-22,21703,74.0,33.66,0.5155555555555555,5.0,Bags & Storage,0.83,0.5
2010-11-29,21703,310.0,130.63,0.46299999999999997,5.0,Bags & Storage,0.83,0.5
2010-12-06,21703,14.0,10.18,0.7066666666666667,1.0,Bags & Storage,0.83,0.5
2010-12-13,21703,147.0,58.99,0.49399999999999994,4.0,Bags & Storage,0.83,0.5
2010-12-20,21703,14.0,6.74,0.635,1.0,Bags & Storage,0.83,0.5
2011-01-03,21703,28.0,11.76,0.42,2.0,Bags & Storage,0.83,0.5
2011-01-10,21703,13.0,5.89,0.635,1.0,Bags & Storage,0.83,0.5
2011-01-17,21703,11.0,4.62,0.42,2.0,Bags & Storage,0.83,0.5
2011-01-24,21703,25.0,10.5,0.42,3.0,Bags & Storage,0.83,0.5
2011-01-31,21703,264.0,110.88,0.42,2.0,Bags & Storage,0.83,0.5
2011-02-07,21703,25.0,10.91,0.5566666666666666,2.0,Bags & Storage,0.83,0.5
2011-02-14,21703,91.0,38.22,0.42,3.0,Bags & Storage,0.83,0.5
2011-02-21,21703,16.0,6.72,0.42,2.0,Bags & Storage,0.83,0.5
2011-02-28,21703,19.0,8.39,0.5566666666666666,2.0,Bags & Storage,0.83,0.5
2011-03-07,21703,211.0,82.86,0.40499999999999997,4.0,Bags & Storage,0.83,0.5
2011-03-14,21703,14.0,5.88,0.42,2.0,Bags & Storage,0.83,0.5
2011-03-21,21703,42.0,17.64,0.42,3.0,Bags & Storage,0.83,0.5
2011-03-28,21703,216.0,84.96000000000001,0.39999999999999997,3.0,Bags & Storage,0.83,0.5
2011-04-04,21703,96.0,40.32,0.42,2.0,Bags & Storage,0.83,0.5
2011-04-11,21703,253.0,106.25999999999999,0.42000000000000004,5.0,Bags & Storage,0.83,0.5
2011-04-18,21703,682.0,290.53999999999996,0.47125,4.0,Bags & Storage,0.83,0.5
2011-04-25,21703,12.0,5.04,0.42,1.0,Bags & Storage,0.83,0.5
2011-05-02,21703,124.0,53.72,0.57375,3.0,Bags & Storage,0.83,0.5
2011-05-09,21703,91.0,38.22,0.42,6.0,Bags & Storage,0.83,0.5
2011-05-16,21703,168.0,70.56,0.42,4.0,Bags & Storage,0.83,0.5
2011-05-23,21703,180.0,75.6,0.42,3.0,Bags & Storage,0.83,0.5
2011-05-30,21703,4.0,2.5,0.625,1.0,Bags & Storage,0.83,0.5
2011-06-06,21703,62.0,26.040000000000003,0.42,3.0,Bags & Storage,0.83,0.5
2011-06-13,21703,88.0,36.96,0.42,3.0,Bags & Storage,0.83,0.5
2011-06-20,21703,459.0,143.82,0.385,3.0,Bags & Storage,0.83,0.5
2011-06-27,21703,83.0,34.86,0.42,3.0,Bags & Storage,0.83,0.5
2011-07-04,21703,1121.0,342.04,0.446,5.0,Bags & Storage,0.83,0.5
2011-07-11,21703,41.0,17.22,0.42,4.0,Bags & Storage,0.83,0.5
2011-07-18,21703,86.0,36.94,0.5225,4.0,Bags & Storage,0.83,0.5
2011-07-25,21703,37.0,15.95,0.4883333333333333,3.0,Bags & Storage,0.83,0.5
2011-08-01,21703,284.0,119.28,0.42,2.0,Bags & Storage,0.83,0.5
2011-08-08,21703,36.0,15.120000000000001,0.42,3.0,Bags & Storage,0.83,0.5
2011-08-15,21703,12.0,5.04,0.42,1.0,Bags & Storage,0.83,0.5
2011-08-22,21703,171.0,66.06,0.415,4.0,Bags & Storage,0.83,0.5
2011-08-29,21703,480.0,201.6,0.42,1.0,Bags & Storage,0.83,0.5
2011-09-05,21703,906.0,253.38000000000002,0.4633333333333334,3.0,Bags & Storage,0.83,0.5
2011-09-12,21703,67.0,28.959999999999997,0.5293333333333333,4.0,Bags & Storage,0.83,0.5
2011-09-19,21703,38.0,16.78,0.5566666666666666,2.0,Bags & Storage,0.83,0.5
2011-09-26,21703,138.0,57.96,0.42000000000000004,5.0,Bags & Storage,0.83,0.5
2011-10-03,21703,38.0,15.96,0.42,3.0,Bags & Storage,0.83,0.5
2011-10-10,21703,158.0,62.650000000000006,0.5663333333333334,4.0,Bags & Storage,0.83,0.5
2011-10-17,21703,180.0,76.83,0.4883333333333333,5.0,Bags & Storage,0.83,0.5
2011-10-24,21703,57.0,27.63,0.625,1.0,Bags & Storage,0.83,0.5
2011-10-31,21703,976.0,282.37,0.4686111111111111,6.0,Bags & Storage,0.83,0.5
2011-11-07,21703,183.0,75.61,0.5816,4.0,Bags & Storage,0.83,0.5
2011-11-14,21703,117.0,55.7,0.59425,3.0,Bags & Storage,0.83,0.5
2011-11-21,21703,418.0,180.89,0.5635,4.0,Bags & Storage,0.83,0.5
2011-11-28,21703,97.0,44.84,0.5566666666666666,6.0,Bags & Storage,0.83,0.5
2011-12-05,21703,90.0,43.129999999999995,0.6168,4.0,Bags & Storage,0.83,0.5
