data/processed/weekly_panel.csv
week_start,sku_id,units_sold,revenue,avg_price,promo_days,category,list_price,unit_cost
2009-11-30,21704,127.0,113.88999999999999,1.1633333333333333,5.0,Bags & Storage,1.66,1.0
2009-12-07,21704,154.0,124.08999999999999,0.9808333333333333,6.0,Bags & Storage,1.66,1.0
2009-12-14,21704,39.0,44.199999999999996,1.275,3.0,Bags & Storage,1.66,1.0
2009-12-21,21704,2.0,3.4,1.7,0.0,Bags & Storage,1.66,1.0
2010-01-04,21704,12.0,10.2,0.85,1.0,Bags & Storage,1.66,1.0
2010-01-11,21704,9.0,12.75,1.1333333333333333,2.0,Bags & Storage,1.66,1.0
2010-01-18,21704,13.0,11.86,1.255,1.0,Bags & Storage,1.66,1.0
2010-01-25,21704,7.0,6.76,1.255,1.0,Bags & Storage,1.66,1.0
2010-02-01,21704,102.0,77.33999999999999,0.8066666666666666,3.0,Bags & Storage,1.66,1.0
2010-02-08,21704,1.0,1.66,1.66,0.0,Bags & Storage,1.66,1.0
2010-02-15,21704,120.0,92.63999999999999,0.8175,4.0,Bags & Storage,1.66,1.0
2010-02-22,21704,89.0,75.64999999999999,0.85,5.0,Bags & Storage,1.66,1.0
2010-03-01,21704,43.0,38.17,0.985,3.0,Bags & Storage,1.66,1.0
2010-03-08,21704,58.0,55.839999999999996,1.2289999999999999,3.0,Bags & Storage,1.66,1.0
2010-03-15,21704,26.0,31.819999999999997,1.255,1.0,Bags & Storage,1.66,1.0
2010-03-22,21704,141.0,110.49,0.8391666666666666,4.0,Bags & Storage,1.66,1.0
2010-03-29,21704,18.0,16.11,1.0525,2.0,Bags & Storage,1.66,1.0
2010-04-05,21704,242.0,177.61999999999998,0.8066666666666666,3.0,Bags & Storage,1.66,1.0
2010-04-12,21704,72.0,61.2,0.85,3.0,Bags & Storage,1.66,1.0
2010-04-19,21704,16.0,13.6,0.85,1.0,Bags & Storage,1.66,1.0
2010-04-26,21704,738.0,533.7,0.7922222222222222,3.0,Bags & Storage,1.66,1.0
2010-05-03,21704,12.0,10.2,0.85,1.0,Bags & Storage,1.66,1.0
2010-05-10,21704,131.0,101.99,0.8174999999999999,2.0,Bags & Storage,1.66,1.0
2010-05-17,21704,270.0,226.52999999999997,1.03625,3.0,Bags & Storage,1.66,1.0
2010-05-24,21704,318.0,232.85999999999999,0.8066666666666666,3.0,Bags & Storage,1.66,1.0
2010-05-31,21704,80.0,74.47999999999999,1.1537499999999998,3.0,Bags & Storage,1.66,1.0
2010-06-07,21704,223.0,170.82999999999998,0.837,5.0,Bags & Storage,1.66,1.0
2010-06-14,21704,24.0,20.4,0.85,1.0,Bags & Storage,1.66,1.0
2010-06-21,21704,28.0,23.799999999999997,0.85,2.0,Bags & Storage,1.66,1.0
2010-06-28,21704,1012.0,740.14,0.9676666666666667,3.0,Bags & Storage,1.66,1.0
2010-07-05,21704,108.0,82.44,0.8174999999999999,2.0,Bags & Storage,1.66,1.0
2010-07-12,21704,504.0,372.23999999999995,0.8109999999999999,5.0,Bags & Storage,1.66,1.0
2010-07-19,21704,193.0,153.43,0.9633333333333333,3.0,Bags & Storage,1.66,1.0
2010-07-26,21704,69.0,58.65,0.85,5.0,Bags & Storage,1.66,1.0
2010-08-02,21704,758.0,550.6999999999999,0.837,5.0,Bags & Storage,1.66,1.0
2010-08-09,21704,110.0,84.13999999999999,0.8240000000000001,5.0,Bags & Storage,1.66,1.0
2010-08-16,21704,232.0,178.47999999999996,0.8391666666666666,4.0,Bags & Storage,1.66,1.0
2010-08-23,21704,70.0,59.5,0.85,2.0,Bags & Storage,1.66,1.0
2010-08-30,21704,697.0,508.2099999999999,0.8109999999999999,5.0,Bags & Storage,1.66,1.0
2010-09-06,21704,179.0,143.6,1.1113333333333333,2.0,Bags & Storage,1.66,1.0
2010-09-13,21704,160.0,126.64,0.8413333333333334,5.0,Bags & Storage,1.66,1.0
2010-09-20,21704,216.0,164.88,0.8175,4.0,Bags & Storage,1.66,1.0
2010-09-27,21704,117.0,99.45,0.85,4.0,Bags & Storage,1.66,1.0
2010-10-04,21704,1416.0,1044.48,0.8391666666666666,4.0,Bags & Storage,1.66,1.0
2010-10-11,21704,234.0,180.17999999999998,0.8391666666666666,4.0,Bags & Storage,1.66,1.0
2010-10-18,21704,131.0,114.59,1.012,5.0,Bags & Storage,1.66,1.0
2010-10-25,21704,196.0,169.83999999999997,0.9849999999999999,4.0,Bags & Storage,1.66,1.0
2010-11-01,21704,2110.0,1532.23,0.9773333333333334,4.0,Bags & Storage,1.66,1.0
2010-11-08,21704,104.0,90.83,1.0525,4.0,Bags & Storage,1.66,1.0
2010-11-15,21704,115.0,98.55999999999999,0.985,5.0,Bags & Storage,1.66,1.0
2010-11-22,21704,96.0,89.69999999999999,1.0525,5.0,Bags & Storage,1.66,1.0
2010-11-29,21704,105.0,94.91999999999999,1.1199999999999999,4.0,Bags & Storage,1.66,1.0
2010-12-06,21704,339.0,265.2899999999999,1.2441666666666666,4.0,Bags & Storage,1.66,1.0
2010-12-13,21704,53.0,47.48,1.1199999999999999,3.0,Bags & Storage,1.66,1.0
2010-12-20,21704,8.0,6.8,0.85,1.0,Bags & Storage,1.66,1.0
2011-01-03,21704,0.0,0.0,0.85,0.0,Bags & Storage,1.66,1.0
2011-01-10,21704,84.0,62.03999999999999,0.7849999999999999,1.0,Bags & Storage,1.66,1.0
2011-01-17,21704,15.0,12.75,0.85,3.0,Bags & Storage,1.66,1.0
2011-01-24,21704,28.0,23.8,0.85,3.0,Bags & Storage,1.66,1.0
2011-01-31,21704,0.0,0.0,0.85,0.0,Bags & Storage,1.66,1.0
2011-02-07,21704,0.0,0.0,0.85,0.0,Bags & Storage,1.66,1.0
2011-02-14,21704,2.0,1.7,0.85,1.0,Bags & Storage,1.66,1.0
2011-02-21,21704,327.0,249.86999999999998,0.8355555555555556,3.0,Bags & Storage,1.66,1.0
2011-02-28,21704,12.0,10.2,0.85,1.0,Bags & Storage,1.66,1.0
2011-03-07,21704,0.0,0.0,0.85,0.0,Bags & Storage,1.66,1.0
2011-03-14,21704,219.0,167.43,0.7849999999999999,2.0,Bags & Storage,1.66,1.0
2011-03-21,21704,24.0,20.4,0.85,2.0,Bags & Storage,1.66,1.0
2011-03-28,21704,96.0,72.24,0.7849999999999999,1.0,Bags & Storage,1.66,1.0
2011-04-04,21704,36.0,30.599999999999998,0.85,2.0,Bags & Storage,1.66,1.0
2011-04-11,21704,591.0,427.46999999999997,0.785,3.0,Bags & Storage,1.66,1.0
2011-04-18,21704,14.0,13.459999999999997,1.3699999999999999,1.0,Bags & Storage,1.66,1.0
2011-04-25,21704,12.0,10.2,0.85,1.0,Bags & Storage,1.66,1.0
2011-05-02,21704,12.0,10.2,0.85,1.0,Bags & Storage,1.66,1.0
2011-05-09,21704,123.0,95.97,1.036875,3.0,Bags & Storage,1.66,1.0
2011-05-16,21704,89.0,66.28999999999999,0.8066666666666666,3.0,Bags & Storage,1.66,1.0
2011-05-23,21704,12.0,10.2,0.85,1.0,Bags & Storage,1.66,1.0
2011-05-30,21704,216.0,155.51999999999998,0.72,1.0,Bags & Storage,1.66,1.0
2011-06-06,21704,37.0,31.45,0.85,2.0,Bags & Storage,1.66,1.0
2011-06-13,21704,0.0,0.0,0.85,0.0,Bags & Storage,1.66,1.0
2011-06-20,21704,103.0,78.97,1.0955555555555556,2.0,Bags & Storage,1.66,1.0
2011-06-27,21704,90.0,70.25999999999999,1.1099999999999999,3.0,Bags & Storage,1.66,1.0
2011-07-04,21704,51.0,44.13,1.045,2.0,Bags & Storage,1.66,1.0
2011-07-11,21704,229.0,166.57,0.7849999999999999,2.0,Bags & Storage,1.66,1.0
2011-07-18,21704,120.0,92.64,0.8283333333333334,2.0,Bags & Storage,1.66,1.0
2011-07-25,21704,86.0,65.3,1.0125,2.0,Bags & Storage,1.66,1.0
2011-08-01,21704,109.0,83.28999999999999,0.8175,4.0,Bags & Storage,1.66,1.0
2011-08-08,21704,97.0,73.08999999999999,0.8283333333333334,2.0,Bags & Storage,1.66,1.0
2011-08-15,21704,0.0,0.0,0.8283333333333334,0.0,Bags & Storage,1.66,1.0
2011-08-22,21704,99.0,74.78999999999999,0.8066666666666666,1.0,Bags & Storage,1.66,1.0
2011-08-29,21704,24.0,20.4,0.85,2.0,Bags & Storage,1.66,1.0
2011-09-05,21704,192.0,144.48,0.7979999999999999,5.0,Bags & Storage,1.66,1.0
2011-09-12,21704,76.0,64.6,0.85,4.0,Bags & Storage,1.66,1.0
2011-09-19,21704,92.0,69.62,0.9583333333333334,3.0,Bags & Storage,1.66,1.0
2011-09-26,21704,24.0,20.4,0.85,2.0,Bags & Storage,1.66,1.0
2011-10-03,21704,26.0,22.099999999999998,0.85,3.0,Bags & Storage,1.66,1.0
2011-10-10,21704,125.0,100.00999999999999,1.071,4.0,Bags & Storage,1.66,1.0
2011-10-17,21704,184.0,156.39999999999998,0.85,5.0,Bags & Storage,1.66,1.0
2011-10-24,21704,232.0,178.48,0.83375,4.0,Bags & Storage,1.66,1.0
2011-10-31,21704,127.0,110.28999999999999,1.11,4.0,Bags & Storage,1.66,1.0
2011-11-07,21704,302.0,233.29999999999998,0.9951666666666666,5.0,Bags & Storage,1.66,1.0
2011-11-14,21704,221.0,187.07,1.0807499999999999,6.0,Bags & Storage,1.66,1.0
2011-11-21,21704,53.0,54.41,1.292,4.0,Bags & Storage,1.66,1.0
2011-11-28,21704,76.0,78.64,1.1533333333333333,6.0,Bags & Storage,1.66,1.0
2011-12-05,21704,41.0,42.65,1.3245,3.0,Bags & Storage,1.66,1.0
2009-11-30,21731,128.0,223.66,2.145857142857143,4.0,Lighting,3.43,2.06
2009-12-07,21731,589.0,928.4899999999999,1.9519444444444443,6.0,Lighting,3.43,2.06
2009-12-14,21731,783.0,1201.55,2.0551428571428567,6.0,Lighting,3.43,2.06
2009-12-21,21731,58.0,113.49999999999999,2.54,1.0,Lighting,3.43,2.06
2010-01-04,21731,314.0,518.0999999999999,1.65,4.0,Lighting,3.43,2.06
2010-01-11,21731,177.0,314.7,2.5974999999999997,3.0,Lighting,3.43,2.06
2010-01-18,21731,72.0,118.8,1.65,2.0,Lighting,3.43,2.06
2010-01-25,21731,0.0,0.0,1.65,0.0,Lighting,3.43,2.06
2010-02-01,21731,226.0,344.15999999999997,2.113,4.0,Lighting,3.43,2.06
2010-02-08,21731,370.0,583.41,1.7582857142857145,5.0,Lighting,3.43,2.06
2010-02-15,21731,788.0,1181.85,2.203333333333333,3.0,Lighting,3.43,2.06
2010-02-22,21731,238.0,369.03,1.9238888888888888,5.0,Lighting,3.43,2.06
2010-03-01,21731,197.0,328.46999999999997,1.7069999999999999,6.0,Lighting,3.43,2.06
2010-03-08,21731,1200.0,1790.3699999999997,1.9503888888888887,6.0,Lighting,3.43,2.06
2010-03-15,21731,185.0,286.71,2.320666666666667,4.0,Lighting,3.43,2.06
2010-03-22,21731,115.0,189.74999999999997,1.6499999999999997,6.0,Lighting,3.43,2.06
2010-03-29,21731,86.0,224.45999999999998,2.7354999999999996,3.0,Lighting,3.43,2.06
2010-04-05,21731,179.0,295.34999999999997,1.65,5.0,Lighting,3.43,2.06
2010-04-12,21731,81.0,133.64999999999998,1.65,4.0,Lighting,3.43,2.06
2010-04-19,21731,190.0,334.02,2.182,5.0,Lighting,3.43,2.06
2010-04-26,21731,259.0,468.38999999999993,1.8352499999999996,6.0,Lighting,3.43,2.06
2010-05-03,21731,249.0,388.89,2.314375,3.0,Lighting,3.43,2.06
2010-05-10,21731,849.0,1259.4,2.2475,5.0,Lighting,3.43,2.06
2010-05-17,21731,236.0,365.72999999999996,2.1083333333333334,5.0,Lighting,3.43,2.06
2010-05-24,21731,94.0,168.77999999999997,2.3909999999999996,4.0,Lighting,3.43,2.06
2010-05-31,21731,128.0,219.74999999999997,2.163,5.0,Lighting,3.43,2.06
2010-06-07,21731,155.0,257.46,1.7212499999999997,6.0,Lighting,3.43,2.06
2010-06-14,21731,42.0,69.29999999999998,1.65,4.0,Lighting,3.43,2.06
2010-06-21,21731,210.0,326.25,2.243125,4.0,Lighting,3.43,2.06
2010-06-28,21731,380.0,577.9499999999999,2.100625,4.0,Lighting,3.43,2.06
2010-07-05,21731,36.0,59.39999999999999,1.65,2.0,Lighting,3.43,2.06
2010-07-12,21731,79.0,138.89999999999998,2.163,4.0,Lighting,3.43,2.06
2010-07-19,21731,71.0,129.11999999999998,2.505,4.0,Lighting,3.43,2.06
2010-07-26,21731,142.0,244.55999999999997,1.8779999999999997,5.0,Lighting,3.43,2.06
2010-08-02,21731,44.0,77.72999999999999,2.1487499999999997,4.0,Lighting,3.43,2.06
2010-08-09,21731,407.0,724.03,2.105,3.0,Lighting,3.43,2.06
2010-08-16,21731,49.0,89.39999999999999,1.9919999999999998,5.0,Lighting,3.43,2.06
2010-08-23,21731,284.0,442.02,2.086,4.0,Lighting,3.43,2.06
2010-08-30,21731,601.0,1027.08,1.9694666666666667,5.0,Lighting,3.43,2.06
2010-09-06,21731,140.0,232.70999999999995,1.9349999999999998,5.0,Lighting,3.43,2.06
2010-09-13,21731,248.0,380.4,1.6299999999999997,5.0,Lighting,3.43,2.06
2010-09-20,21731,437.0,837.3399999999999,1.95,5.0,Lighting,3.43,2.06
2010-09-27,21731,456.0,804.1999999999999,2.0841666666666665,6.0,Lighting,3.43,2.06
2010-10-04,21731,118.0,286.87,2.234,5.0,Lighting,3.43,2.06
2010-10-11,21731,792.0,1247.26,2.020289682539682,6.0,Lighting,3.43,2.06
2010-10-18,21731,98.0,241.96999999999997,2.457222222222222,4.0,Lighting,3.43,2.06
2010-10-25,21731,151.0,336.19999999999993,2.125857142857143,5.0,Lighting,3.43,2.06
2010-11-01,21731,534.0,830.3399999999999,1.889833333333333,6.0,Lighting,3.43,2.06
2010-11-08,21731,394.0,655.49,2.100214285714286,6.0,Lighting,3.43,2.06
2010-11-15,21731,502.0,850.53,1.8518749999999997,6.0,Lighting,3.43,2.06
2010-11-22,21731,527.0,829.05,1.832281746031746,6.0,Lighting,3.43,2.06
2010-11-29,21731,813.0,1180.8899999999999,1.85825,6.0,Lighting,3.43,2.06
2010-12-06,21731,251.0,467.15999999999997,2.3226,5.0,Lighting,3.43,2.06
2010-12-13,21731,644.0,901.1099999999999,1.7702777777777776,6.0,Lighting,3.43,2.06
2010-12-20,21731,333.0,505.53000000000003,2.7566666666666664,2.0,Lighting,3.43,2.06
2011-01-03,21731,137.0,227.75999999999996,1.7354999999999998,4.0,Lighting,3.43,2.06
2011-01-10,21731,377.0,601.7099999999999,2.6275555555555554,3.0,Lighting,3.43,2.06
2011-01-17,21731,123.0,232.58999999999997,2.818222222222222,3.0,Lighting,3.43,2.06
2011-01-24,21731,130.0,237.61999999999998,2.469733333333333,5.0,Lighting,3.43,2.06
2011-01-31,21731,106.0,219.5,2.42,4.0,Lighting,3.43,2.06
2011-02-07,21731,70.0,170.74,3.0375,2.0,Lighting,3.43,2.06
2011-02-14,21731,443.0,766.5899999999999,2.107222222222222,6.0,Lighting,3.43,2.06
2011-02-21,21731,391.0,612.27,2.2177777777777776,5.0,Lighting,3.43,2.06
2011-02-28,21731,85.0,155.01,2.2194444444444446,5.0,Lighting,3.43,2.06
2011-03-07,21731,171.0,392.75,2.323888888888889,5.0,Lighting,3.43,2.06
2011-03-14,21731,122.0,274.82,2.1649999999999996,6.0,Lighting,3.43,2.06
2011-03-21,21731,106.0,243.26,2.11,4.0,Lighting,3.43,2.06
2011-03-28,21731,71.0,169.14999999999998,3.4153333333333338,1.0,Lighting,3.43,2.06
2011-04-04,21731,140.0,244.11999999999998,2.224,5.0,Lighting,3.43,2.06
2011-04-11,21731,239.0,415.15,2.03,5.0,Lighting,3.43,2.06
2011-04-18,21731,24.0,59.28,3.107777777777778,1.0,Lighting,3.43,2.06
2011-04-25,21731,65.0,141.08999999999997,2.5425,3.0,Lighting,3.43,2.06
2011-05-02,21731,46.0,92.29999999999998,2.9619999999999997,1.0,Lighting,3.43,2.06
2011-05-09,21731,186.0,407.7,2.7678431372549017,2.0,Lighting,3.43,2.06
2011-05-16,21731,548.0,857.3999999999999,2.4608333333333334,4.0,Lighting,3.43,2.06
2011-05-23,21731,332.0,528.84,1.981111111111111,5.0,Lighting,3.43,2.06
2011-05-30,21731,165.0,250.01,2.0433333333333334,3.0,Lighting,3.43,2.06
2011-06-06,21731,96.0,166.6,1.7811999999999997,5.0,Lighting,3.43,2.06
2011-06-13,21731,203.0,312.71,2.2711111111111113,4.0,Lighting,3.43,2.06
2011-06-20,21731,80.0,140.2,2.426266666666667,4.0,Lighting,3.43,2.06
2011-06-27,21731,183.0,278.06999999999994,2.1633333333333336,2.0,Lighting,3.43,2.06
2011-07-04,21731,155.0,272.15,2.229206349206349,5.0,Lighting,3.43,2.06
2011-07-11,21731,48.0,94.03999999999999,2.7466666666666666,2.0,Lighting,3.43,2.06
2011-07-18,21731,144.0,264.84,2.875142857142857,2.0,Lighting,3.43,2.06
2011-07-25,21731,174.0,304.34,2.6327777777777777,4.0,Lighting,3.43,2.06
2011-08-01,21731,668.0,990.2799999999999,1.7425,4.0,Lighting,3.43,2.06
